
> Configure project :
WARNING: This project is configured to use the official obfuscation mappings provided by Mojang. These mapping fall under their associated license, you should be fully aware of this license. For the latest license text, refer below, or the reference copy here: https://github.com/MinecraftForge/MCPConfig/blob/master/Mojang.md, You can hide this warning by running the `hideOfficialWarningUntilChanged` task
WARNING: (c) 2020 Microsoft Corporation. These mappings are provided "as-is" and you bear the risk of using them. You may copy and use the mappings for development purposes, but you may not redistribute the mappings complete and unmodified. Microsoft makes no warranties, express or implied, with respect to the mappings provided here.  Use and modification of this document or the source code (in any form) of Minecraft: Java Edition is governed by the Minecraft End User License Agreement available at https://account.mojang.com/documents/minecraft_eula.
{"fileName":"Blaze3D.java","id":"sourceFile"}
{"fileName":"DontObfuscate.java","id":"sourceFile"}
{"fileName":"FieldsAreNonnullByDefault.java","id":"sourceFile"}
{"fileName":"MethodsReturnNonnullByDefault.java","id":"sourceFile"}
{"fileName":"Channel.java","id":"sourceFile"}
{"fileName":"Library.java","id":"sourceFile"}
{"fileName":"Library.java","id":"sourceFile"}
{"fileName":"Library.java","id":"sourceFile"}
{"fileName":"Library.java","id":"sourceFile"}
{"fileName":"Library.java","id":"sourceFile"}
{"fileName":"Listener.java","id":"sourceFile"}
{"fileName":"ListenerTransform.java","id":"sourceFile"}
{"fileName":"OggAudioStream.java","id":"sourceFile"}
{"fileName":"OggAudioStream.java","id":"sourceFile"}
{"fileName":"OpenAlUtil.java","id":"sourceFile"}
{"fileName":"SoundBuffer.java","id":"sourceFile"}
{"fileName":"package-info.java","id":"sourceFile"}
{"fileName":"GlyphInfo.java","id":"sourceFile"}
{"fileName":"GlyphInfo.java","id":"sourceFile"}
{"fileName":"GlyphProvider.java","id":"sourceFile"}
{"fileName":"SheetGlyphInfo.java","id":"sourceFile"}
{"fileName":"SpaceProvider.java","id":"sourceFile"}
{"fileName":"SpaceProvider.java","id":"sourceFile"}
{"fileName":"TrueTypeGlyphProvider.java","id":"sourceFile"}
{"fileName":"TrueTypeGlyphProvider.java","id":"sourceFile"}
{"fileName":"TrueTypeGlyphProvider.java","id":"sourceFile"}
{"fileName":"package-info.java","id":"sourceFile"}
{"fileName":"package-info.java","id":"sourceFile"}
{"fileName":"MainTarget.java","id":"sourceFile"}
{"fileName":"MainTarget.java","id":"sourceFile"}
{"fileName":"MainTarget.java","id":"sourceFile"}
{"fileName":"RenderCall.java","id":"sourceFile"}
{"fileName":"RenderPipeline.java","id":"sourceFile"}
{"fileName":"RenderTarget.java","id":"sourceFile"}
{"fileName":"TextureTarget.java","id":"sourceFile"}
{"fileName":"package-info.java","id":"sourceFile"}
{"fileName":"ClipboardManager.java","id":"sourceFile"}
{"fileName":"DebugMemoryUntracker.java","id":"sourceFile"}
{"fileName":"DisplayData.java","id":"sourceFile"}
{"fileName":"GLX.java","id":"sourceFile"}
{"fileName":"GlConst.java","id":"sourceFile"}
{"fileName":"GlDebug.java","id":"sourceFile"}
{"fileName":"GlDebug.java","id":"sourceFile"}
{"fileName":"GlStateManager.java","id":"sourceFile"}
{"fileName":"GlStateManager.java","id":"sourceFile"}
{"fileName":"GlStateManager.java","id":"sourceFile"}
{"fileName":"GlStateManager.java","id":"sourceFile"}
{"fileName":"GlStateManager.java","id":"sourceFile"}
{"fileName":"GlStateManager.java","id":"sourceFile"}
{"fileName":"GlStateManager.java","id":"sourceFile"}
{"fileName":"GlStateManager.java","id":"sourceFile"}
{"fileName":"GlStateManager.java","id":"sourceFile"}
{"fileName":"GlStateManager.java","id":"sourceFile"}
{"fileName":"GlStateManager.java","id":"sourceFile"}
{"fileName":"GlStateManager.java","id":"sourceFile"}
{"fileName":"GlStateManager.java","id":"sourceFile"}
{"fileName":"GlStateManager.java","id":"sourceFile"}
{"fileName":"GlStateManager.java","id":"sourceFile"}
{"fileName":"GlStateManager.java","id":"sourceFile"}
{"fileName":"GlUtil.java","id":"sourceFile"}
{"fileName":"IconSet.java","id":"sourceFile"}
{"fileName":"InputConstants.java","id":"sourceFile"}
{"fileName":"InputConstants.java","id":"sourceFile"}
{"fileName":"InputConstants.java","id":"sourceFile"}
{"fileName":"Lighting.java","id":"sourceFile"}
{"fileName":"MacosUtil.java","id":"sourceFile"}
{"fileName":"MemoryTracker.java","id":"sourceFile"}
{"fileName":"Monitor.java","id":"sourceFile"}
{"fileName":"MonitorCreator.java","id":"sourceFile"}
{"fileName":"NativeImage.java","id":"sourceFile"}
{"fileName":"NativeImage.java","id":"sourceFile"}
{"fileName":"NativeImage.java","id":"sourceFile"}
{"fileName":"NativeImage.java","id":"sourceFile"}
{"fileName":"ScreenManager.java","id":"sourceFile"}
{"fileName":"TextureUtil.java","id":"sourceFile"}
{"fileName":"VideoMode.java","id":"sourceFile"}
{"fileName":"Window.java","id":"sourceFile"}
{"fileName":"Window.java","id":"sourceFile"}
{"fileName":"WindowEventHandler.java","id":"sourceFile"}
{"fileName":"package-info.java","id":"sourceFile"}
{"fileName":"GlslPreprocessor.java","id":"sourceFile"}
{"fileName":"GlslPreprocessor.java","id":"sourceFile"}
{"fileName":"package-info.java","id":"sourceFile"}
{"fileName":"AbstractUniform.java","id":"sourceFile"}
{"fileName":"BlendMode.java","id":"sourceFile"}
{"fileName":"Effect.java","id":"sourceFile"}
{"fileName":"EffectProgram.java","id":"sourceFile"}
{"fileName":"EffectProgram.java","id":"sourceFile"}
{"fileName":"FogShape.java","id":"sourceFile"}
{"fileName":"Program.java","id":"sourceFile"}
{"fileName":"Program.java","id":"sourceFile"}
{"fileName":"ProgramManager.java","id":"sourceFile"}
{"fileName":"Shader.java","id":"sourceFile"}
{"fileName":"Uniform.java","id":"sourceFile"}
{"fileName":"package-info.java","id":"sourceFile"}
{"fileName":"RenderSystem.java","id":"sourceFile"}
{"fileName":"RenderSystem.java","id":"sourceFile"}
{"fileName":"RenderSystem.java","id":"sourceFile"}
{"fileName":"RenderSystem.java","id":"sourceFile"}
{"fileName":"TimerQuery.java","id":"sourceFile"}
{"fileName":"TimerQuery.java","id":"sourceFile"}
{"fileName":"TimerQuery.java","id":"sourceFile"}
{"fileName":"package-info.java","id":"sourceFile"}
{"fileName":"BufferBuilder.java","id":"sourceFile"}
{"fileName":"BufferBuilder.java","id":"sourceFile"}
{"fileName":"BufferBuilder.java","id":"sourceFile"}
{"fileName":"BufferBuilder.java","id":"sourceFile"}
{"fileName":"BufferBuilder.java","id":"sourceFile"}
{"fileName":"BufferUploader.java","id":"sourceFile"}
{"fileName":"BufferVertexConsumer.java","id":"sourceFile"}
{"fileName":"DefaultVertexFormat.java","id":"sourceFile"}
{"fileName":"DefaultedVertexConsumer.java","id":"sourceFile"}
{"fileName":"PoseStack.java","id":"sourceFile"}
{"fileName":"PoseStack.java","id":"sourceFile"}
{"fileName":"SheetedDecalTextureGenerator.java","id":"sourceFile"}
{"fileName":"Tesselator.java","id":"sourceFile"}
{"fileName":"VertexBuffer.java","id":"sourceFile"}
{"fileName":"VertexBuffer.java","id":"sourceFile"}
{"fileName":"VertexConsumer.java","id":"sourceFile"}
{"fileName":"VertexFormat.java","id":"sourceFile"}
{"fileName":"VertexFormat.java","id":"sourceFile"}
{"fileName":"VertexFormat.java","id":"sourceFile"}
{"fileName":"VertexFormat.java","id":"sourceFile"}
{"fileName":"VertexFormatElement.java","id":"sourceFile"}
{"fileName":"VertexFormatElement.java","id":"sourceFile"}
{"fileName":"VertexFormatElement.java","id":"sourceFile"}
{"fileName":"VertexFormatElement.java","id":"sourceFile"}
{"fileName":"VertexFormatElement.java","id":"sourceFile"}
{"fileName":"VertexMultiConsumer.java","id":"sourceFile"}
{"fileName":"VertexMultiConsumer.java","id":"sourceFile"}
{"fileName":"VertexMultiConsumer.java","id":"sourceFile"}
{"fileName":"VertexSorting.java","id":"sourceFile"}
{"fileName":"VertexSorting.java","id":"sourceFile"}
{"fileName":"package-info.java","id":"sourceFile"}
{"fileName":"Axis.java","id":"sourceFile"}
{"fileName":"Constants.java","id":"sourceFile"}
{"fileName":"Divisor.java","id":"sourceFile"}
{"fileName":"FieldsAreNonnullByDefault.java","id":"sourceFile"}
{"fileName":"GivensParameters.java","id":"sourceFile"}
{"fileName":"MatrixUtil.java","id":"sourceFile"}
{"fileName":"MethodsReturnNonnullByDefault.java","id":"sourceFile"}
{"fileName":"OctahedralGroup.java","id":"sourceFile"}
{"fileName":"OctahedralGroup.java","id":"sourceFile"}
{"fileName":"SymmetricGroup3.java","id":"sourceFile"}
{"fileName":"Transformation.java","id":"sourceFile"}
{"fileName":"package-info.java","id":"sourceFile"}
{"fileName":"RealmsAvailability.java","id":"sourceFile"}
{"fileName":"RealmsAvailability.java","id":"sourceFile"}
{"fileName":"RealmsAvailability.java","id":"sourceFile"}
{"fileName":"RealmsAvailability.java","id":"sourceFile"}
{"fileName":"RealmsMainScreen.java","id":"sourceFile"}
{"fileName":"RealmsMainScreen.java","id":"sourceFile"}
{"fileName":"RealmsMainScreen.java","id":"sourceFile"}
{"fileName":"RealmsMainScreen.java","id":"sourceFile"}
{"fileName":"RealmsMainScreen.java","id":"sourceFile"}
{"fileName":"RealmsMainScreen.java","id":"sourceFile"}
{"fileName":"RealmsMainScreen.java","id":"sourceFile"}
{"fileName":"RealmsMainScreen.java","id":"sourceFile"}
{"fileName":"RealmsMainScreen.java","id":"sourceFile"}
{"fileName":"RealmsMainScreen.java","id":"sourceFile"}
{"fileName":"RealmsMainScreen.java","id":"sourceFile"}
{"fileName":"RealmsMainScreen.java","id":"sourceFile"}
{"fileName":"RealmsMainScreen.java","id":"sourceFile"}
{"fileName":"RealmsMainScreen.java","id":"sourceFile"}
{"fileName":"RealmsMainScreen.java","id":"sourceFile"}
{"fileName":"Unit.java","id":"sourceFile"}
{"fileName":"FileDownload.java","id":"sourceFile"}
{"fileName":"FileDownload.java","id":"sourceFile"}
{"fileName":"FileDownload.java","id":"sourceFile"}
{"fileName":"FileDownload.java","id":"sourceFile"}
{"fileName":"FileUpload.java","id":"sourceFile"}
{"fileName":"FileUpload.java","id":"sourceFile"}
{"fileName":"Ping.java","id":"sourceFile"}
{"fileName":"Ping.java","id":"sourceFile"}
{"fileName":"RealmsClient.java","id":"sourceFile"}
{"fileName":"RealmsClient.java","id":"sourceFile"}
{"fileName":"RealmsClient.java","id":"sourceFile"}
{"fileName":"RealmsClientConfig.java","id":"sourceFile"}
{"fileName":"RealmsError.java","id":"sourceFile"}
{"fileName":"RealmsError.java","id":"sourceFile"}
{"fileName":"RealmsError.java","id":"sourceFile"}
{"fileName":"RealmsError.java","id":"sourceFile"}
{"fileName":"RealmsError.java","id":"sourceFile"}
{"fileName":"Request.java","id":"sourceFile"}
{"fileName":"Request.java","id":"sourceFile"}
{"fileName":"Request.java","id":"sourceFile"}
{"fileName":"Request.java","id":"sourceFile"}
{"fileName":"Request.java","id":"sourceFile"}
{"fileName":"UploadStatus.java","id":"sourceFile"}
{"fileName":"package-info.java","id":"sourceFile"}
{"fileName":"Backup.java","id":"sourceFile"}
{"fileName":"BackupList.java","id":"sourceFile"}
{"fileName":"GuardedSerializer.java","id":"sourceFile"}
{"fileName":"Ops.java","id":"sourceFile"}
{"fileName":"PendingInvite.java","id":"sourceFile"}
{"fileName":"PendingInvitesList.java","id":"sourceFile"}
{"fileName":"PingResult.java","id":"sourceFile"}
{"fileName":"PlayerInfo.java","id":"sourceFile"}
{"fileName":"RealmsDescriptionDto.java","id":"sourceFile"}
{"fileName":"RealmsNews.java","id":"sourceFile"}
{"fileName":"RealmsNotification.java","id":"sourceFile"}
{"fileName":"RealmsNotification.java","id":"sourceFile"}
{"fileName":"RealmsNotification.java","id":"sourceFile"}
{"fileName":"RealmsNotification.java","id":"sourceFile"}
{"fileName":"RealmsServer.java","id":"sourceFile"}
{"fileName":"RealmsServer.java","id":"sourceFile"}
{"fileName":"RealmsServer.java","id":"sourceFile"}
{"fileName":"RealmsServer.java","id":"sourceFile"}
{"fileName":"RealmsServer.java","id":"sourceFile"}
{"fileName":"RealmsServerAddress.java","id":"sourceFile"}
{"fileName":"RealmsServerList.java","id":"sourceFile"}
{"fileName":"RealmsServerPing.java","id":"sourceFile"}
{"fileName":"RealmsServerPlayerList.java","id":"sourceFile"}
{"fileName":"RealmsServerPlayerLists.java","id":"sourceFile"}
{"fileName":"RealmsText.java","id":"sourceFile"}
{"fileName":"RealmsWorldOptions.java","id":"sourceFile"}
{"fileName":"RealmsWorldResetDto.java","id":"sourceFile"}
{"fileName":"ReflectionBasedSerialization.java","id":"sourceFile"}
{"fileName":"RegionPingResult.java","id":"sourceFile"}
{"fileName":"ServerActivity.java","id":"sourceFile"}
{"fileName":"ServerActivityList.java","id":"sourceFile"}
{"fileName":"Subscription.java","id":"sourceFile"}
{"fileName":"Subscription.java","id":"sourceFile"}
{"fileName":"UploadInfo.java","id":"sourceFile"}
{"fileName":"ValueObject.java","id":"sourceFile"}
{"fileName":"WorldDownload.java","id":"sourceFile"}
{"fileName":"WorldTemplate.java","id":"sourceFile"}
{"fileName":"WorldTemplate.java","id":"sourceFile"}
{"fileName":"WorldTemplatePaginatedList.java","id":"sourceFile"}
{"fileName":"package-info.java","id":"sourceFile"}
{"fileName":"RealmsDefaultUncaughtExceptionHandler.java","id":"sourceFile"}
{"fileName":"RealmsHttpException.java","id":"sourceFile"}
{"fileName":"RealmsServiceException.java","id":"sourceFile"}
{"fileName":"RetryCallException.java","id":"sourceFile"}
{"fileName":"package-info.java","id":"sourceFile"}
{"fileName":"RealmsDataFetcher.java","id":"sourceFile"}
{"fileName":"RealmsDataFetcher.java","id":"sourceFile"}
{"fileName":"RealmsNewsManager.java","id":"sourceFile"}
{"fileName":"RealmsServerList.java","id":"sourceFile"}
{"fileName":"RealmsWorldSlotButton.java","id":"sourceFile"}
{"fileName":"RealmsWorldSlotButton.java","id":"sourceFile"}
{"fileName":"RealmsWorldSlotButton.java","id":"sourceFile"}
{"fileName":"RealmsWorldSlotButton.java","id":"sourceFile"}
{"fileName":"RowButton.java","id":"sourceFile"}
{"fileName":"package-info.java","id":"sourceFile"}
{"fileName":"RealmsBackupInfoScreen.java","id":"sourceFile"}
{"fileName":"RealmsBackupInfoScreen.java","id":"sourceFile"}
{"fileName":"RealmsBackupInfoScreen.java","id":"sourceFile"}
{"fileName":"RealmsBackupScreen.java","id":"sourceFile"}
{"fileName":"RealmsBackupScreen.java","id":"sourceFile"}
{"fileName":"RealmsBackupScreen.java","id":"sourceFile"}
{"fileName":"RealmsBackupScreen.java","id":"sourceFile"}
{"fileName":"RealmsBrokenWorldScreen.java","id":"sourceFile"}
{"fileName":"RealmsClientOutdatedScreen.java","id":"sourceFile"}
{"fileName":"RealmsConfigureWorldScreen.java","id":"sourceFile"}
{"fileName":"RealmsConfigureWorldScreen.java","id":"sourceFile"}
{"fileName":"RealmsConfirmScreen.java","id":"sourceFile"}
{"fileName":"RealmsCreateRealmScreen.java","id":"sourceFile"}
{"fileName":"RealmsDownloadLatestWorldScreen.java","id":"sourceFile"}
{"fileName":"RealmsDownloadLatestWorldScreen.java","id":"sourceFile"}
{"fileName":"RealmsGenericErrorScreen.java","id":"sourceFile"}
{"fileName":"RealmsGenericErrorScreen.java","id":"sourceFile"}
{"fileName":"RealmsInviteScreen.java","id":"sourceFile"}
{"fileName":"RealmsLongConfirmationScreen.java","id":"sourceFile"}
{"fileName":"RealmsLongConfirmationScreen.java","id":"sourceFile"}
{"fileName":"RealmsLongRunningMcoTaskScreen.java","id":"sourceFile"}
{"fileName":"RealmsLongRunningMcoTickTaskScreen.java","id":"sourceFile"}
{"fileName":"RealmsNotificationsScreen.java","id":"sourceFile"}
{"fileName":"RealmsNotificationsScreen.java","id":"sourceFile"}
{"fileName":"RealmsNotificationsScreen.java","id":"sourceFile"}
{"fileName":"RealmsNotificationsScreen.java","id":"sourceFile"}
{"fileName":"RealmsParentalConsentScreen.java","id":"sourceFile"}
{"fileName":"RealmsPendingInvitesScreen.java","id":"sourceFile"}
{"fileName":"RealmsPendingInvitesScreen.java","id":"sourceFile"}
{"fileName":"RealmsPendingInvitesScreen.java","id":"sourceFile"}
{"fileName":"RealmsPendingInvitesScreen.java","id":"sourceFile"}
{"fileName":"RealmsPendingInvitesScreen.java","id":"sourceFile"}
{"fileName":"RealmsPlayerScreen.java","id":"sourceFile"}
{"fileName":"RealmsPlayerScreen.java","id":"sourceFile"}
{"fileName":"RealmsPlayerScreen.java","id":"sourceFile"}
{"fileName":"RealmsPopupScreen.java","id":"sourceFile"}
{"fileName":"RealmsResetNormalWorldScreen.java","id":"sourceFile"}
{"fileName":"RealmsResetWorldScreen.java","id":"sourceFile"}
{"fileName":"RealmsResetWorldScreen.java","id":"sourceFile"}
{"fileName":"RealmsResetWorldScreen.java","id":"sourceFile"}
{"fileName":"RealmsSelectFileToUploadScreen.java","id":"sourceFile"}
{"fileName":"RealmsSelectFileToUploadScreen.java","id":"sourceFile"}
{"fileName":"RealmsSelectFileToUploadScreen.java","id":"sourceFile"}
{"fileName":"RealmsSelectWorldTemplateScreen.java","id":"sourceFile"}
{"fileName":"RealmsSelectWorldTemplateScreen.java","id":"sourceFile"}
{"fileName":"RealmsSelectWorldTemplateScreen.java","id":"sourceFile"}
{"fileName":"RealmsSelectWorldTemplateScreen.java","id":"sourceFile"}
{"fileName":"RealmsSettingsScreen.java","id":"sourceFile"}
{"fileName":"RealmsSlotOptionsScreen.java","id":"sourceFile"}
{"fileName":"RealmsSlotOptionsScreen.java","id":"sourceFile"}
{"fileName":"RealmsSubscriptionInfoScreen.java","id":"sourceFile"}
{"fileName":"RealmsSubscriptionInfoScreen.java","id":"sourceFile"}
{"fileName":"RealmsTermsScreen.java","id":"sourceFile"}
{"fileName":"RealmsUploadScreen.java","id":"sourceFile"}
{"fileName":"UploadResult.java","id":"sourceFile"}
{"fileName":"UploadResult.java","id":"sourceFile"}
{"fileName":"package-info.java","id":"sourceFile"}
{"fileName":"DataFetcher.java","id":"sourceFile"}
{"fileName":"DataFetcher.java","id":"sourceFile"}
{"fileName":"DataFetcher.java","id":"sourceFile"}
{"fileName":"DataFetcher.java","id":"sourceFile"}
{"fileName":"DataFetcher.java","id":"sourceFile"}
{"fileName":"DataFetcher.java","id":"sourceFile"}
{"fileName":"RepeatedDelayStrategy.java","id":"sourceFile"}
{"fileName":"RepeatedDelayStrategy.java","id":"sourceFile"}
{"fileName":"RepeatedDelayStrategy.java","id":"sourceFile"}
{"fileName":"package-info.java","id":"sourceFile"}
{"fileName":"package-info.java","id":"sourceFile"}
{"fileName":"JsonUtils.java","id":"sourceFile"}
{"fileName":"LevelType.java","id":"sourceFile"}
{"fileName":"RealmsPersistence.java","id":"sourceFile"}
{"fileName":"RealmsPersistence.java","id":"sourceFile"}
{"fileName":"RealmsTextureManager.java","id":"sourceFile"}
{"fileName":"RealmsTextureManager.java","id":"sourceFile"}
{"fileName":"RealmsUtil.java","id":"sourceFile"}
{"fileName":"TextRenderingUtils.java","id":"sourceFile"}
{"fileName":"TextRenderingUtils.java","id":"sourceFile"}
{"fileName":"TextRenderingUtils.java","id":"sourceFile"}
{"fileName":"UploadTokenCache.java","id":"sourceFile"}
{"fileName":"WorldGenerationInfo.java","id":"sourceFile"}
{"fileName":"package-info.java","id":"sourceFile"}
{"fileName":"CloseServerTask.java","id":"sourceFile"}
{"fileName":"ConnectTask.java","id":"sourceFile"}
{"fileName":"CreateSnapshotRealmTask.java","id":"sourceFile"}
{"fileName":"DownloadTask.java","id":"sourceFile"}
{"fileName":"GetServerDetailsTask.java","id":"sourceFile"}
{"fileName":"LongRunningTask.java","id":"sourceFile"}
{"fileName":"OpenServerTask.java","id":"sourceFile"}
{"fileName":"ResettingGeneratedWorldTask.java","id":"sourceFile"}
{"fileName":"ResettingTemplateWorldTask.java","id":"sourceFile"}
{"fileName":"ResettingWorldTask.java","id":"sourceFile"}
{"fileName":"RestoreTask.java","id":"sourceFile"}
{"fileName":"SwitchMinigameTask.java","id":"sourceFile"}
{"fileName":"SwitchSlotTask.java","id":"sourceFile"}
{"fileName":"WorldCreationTask.java","id":"sourceFile"}
{"fileName":"package-info.java","id":"sourceFile"}
{"fileName":"BlockUtil.java","id":"sourceFile"}
{"fileName":"BlockUtil.java","id":"sourceFile"}
{"fileName":"BlockUtil.java","id":"sourceFile"}
{"fileName":"CharPredicate.java","id":"sourceFile"}
{"fileName":"ChatFormatting.java","id":"sourceFile"}
{"fileName":"CrashReport.java","id":"sourceFile"}
{"fileName":"CrashReportCategory.java","id":"sourceFile"}
{"fileName":"CrashReportCategory.java","id":"sourceFile"}
{"fileName":"CrashReportDetail.java","id":"sourceFile"}
{"fileName":"DefaultUncaughtExceptionHandler.java","id":"sourceFile"}
{"fileName":"DefaultUncaughtExceptionHandlerWithName.java","id":"sourceFile"}
{"fileName":"DetectedVersion.java","id":"sourceFile"}
{"fileName":"FieldsAreNonnullByDefault.java","id":"sourceFile"}
{"fileName":"FileUtil.java","id":"sourceFile"}
{"fileName":"MethodsReturnNonnullByDefault.java","id":"sourceFile"}
{"fileName":"Optionull.java","id":"sourceFile"}
{"fileName":"ReportedException.java","id":"sourceFile"}
{"fileName":"ResourceLocationException.java","id":"sourceFile"}
{"fileName":"SharedConstants.java","id":"sourceFile"}
{"fileName":"SystemReport.java","id":"sourceFile"}
{"fileName":"Util.java","id":"sourceFile"}
{"fileName":"Util.java","id":"sourceFile"}
{"fileName":"Util.java","id":"sourceFile"}
{"fileName":"Util.java","id":"sourceFile"}
{"fileName":"Util.java","id":"sourceFile"}
{"fileName":"Util.java","id":"sourceFile"}
{"fileName":"Util.java","id":"sourceFile"}
{"fileName":"Util.java","id":"sourceFile"}
{"fileName":"Util.java","id":"sourceFile"}
{"fileName":"Util.java","id":"sourceFile"}
{"fileName":"Util.java","id":"sourceFile"}
{"fileName":"Util.java","id":"sourceFile"}
{"fileName":"Util.java","id":"sourceFile"}
{"fileName":"WorldVersion.java","id":"sourceFile"}
{"fileName":"Advancement.java","id":"sourceFile"}
{"fileName":"Advancement.java","id":"sourceFile"}
{"fileName":"AdvancementHolder.java","id":"sourceFile"}
{"fileName":"AdvancementNode.java","id":"sourceFile"}
{"fileName":"AdvancementProgress.java","id":"sourceFile"}
{"fileName":"AdvancementRequirements.java","id":"sourceFile"}
{"fileName":"AdvancementRequirements.java","id":"sourceFile"}
{"fileName":"AdvancementRewards.java","id":"sourceFile"}
{"fileName":"AdvancementRewards.java","id":"sourceFile"}
{"fileName":"AdvancementTree.java","id":"sourceFile"}
{"fileName":"AdvancementTree.java","id":"sourceFile"}
{"fileName":"AdvancementType.java","id":"sourceFile"}
{"fileName":"CriteriaTriggers.java","id":"sourceFile"}
{"fileName":"Criterion.java","id":"sourceFile"}
{"fileName":"CriterionProgress.java","id":"sourceFile"}
{"fileName":"CriterionTrigger.java","id":"sourceFile"}
{"fileName":"CriterionTrigger.java","id":"sourceFile"}
{"fileName":"CriterionTriggerInstance.java","id":"sourceFile"}
{"fileName":"DisplayInfo.java","id":"sourceFile"}
{"fileName":"TreeNodePosition.java","id":"sourceFile"}
{"fileName":"BeeNestDestroyedTrigger.java","id":"sourceFile"}
{"fileName":"BeeNestDestroyedTrigger.java","id":"sourceFile"}
{"fileName":"BlockPredicate.java","id":"sourceFile"}
{"fileName":"BlockPredicate.java","id":"sourceFile"}
{"fileName":"BredAnimalsTrigger.java","id":"sourceFile"}
{"fileName":"BredAnimalsTrigger.java","id":"sourceFile"}
{"fileName":"BrewedPotionTrigger.java","id":"sourceFile"}
{"fileName":"BrewedPotionTrigger.java","id":"sourceFile"}
{"fileName":"ChangeDimensionTrigger.java","id":"sourceFile"}
{"fileName":"ChangeDimensionTrigger.java","id":"sourceFile"}
{"fileName":"ChanneledLightningTrigger.java","id":"sourceFile"}
{"fileName":"ChanneledLightningTrigger.java","id":"sourceFile"}
{"fileName":"ConstructBeaconTrigger.java","id":"sourceFile"}
{"fileName":"ConstructBeaconTrigger.java","id":"sourceFile"}
{"fileName":"ConsumeItemTrigger.java","id":"sourceFile"}
{"fileName":"ConsumeItemTrigger.java","id":"sourceFile"}
{"fileName":"ContextAwarePredicate.java","id":"sourceFile"}
{"fileName":"CriterionValidator.java","id":"sourceFile"}
{"fileName":"CuredZombieVillagerTrigger.java","id":"sourceFile"}
{"fileName":"CuredZombieVillagerTrigger.java","id":"sourceFile"}
{"fileName":"DamagePredicate.java","id":"sourceFile"}
{"fileName":"DamagePredicate.java","id":"sourceFile"}
{"fileName":"DamageSourcePredicate.java","id":"sourceFile"}
{"fileName":"DamageSourcePredicate.java","id":"sourceFile"}
{"fileName":"DistancePredicate.java","id":"sourceFile"}
{"fileName":"DistanceTrigger.java","id":"sourceFile"}
{"fileName":"DistanceTrigger.java","id":"sourceFile"}
{"fileName":"EffectsChangedTrigger.java","id":"sourceFile"}
{"fileName":"EffectsChangedTrigger.java","id":"sourceFile"}
{"fileName":"EnchantedItemTrigger.java","id":"sourceFile"}
{"fileName":"EnchantedItemTrigger.java","id":"sourceFile"}
{"fileName":"EnchantmentPredicate.java","id":"sourceFile"}
{"fileName":"EnterBlockTrigger.java","id":"sourceFile"}
{"fileName":"EnterBlockTrigger.java","id":"sourceFile"}
{"fileName":"EntityEquipmentPredicate.java","id":"sourceFile"}
{"fileName":"EntityEquipmentPredicate.java","id":"sourceFile"}
{"fileName":"EntityFlagsPredicate.java","id":"sourceFile"}
{"fileName":"EntityFlagsPredicate.java","id":"sourceFile"}
{"fileName":"EntityHurtPlayerTrigger.java","id":"sourceFile"}
{"fileName":"EntityHurtPlayerTrigger.java","id":"sourceFile"}
{"fileName":"EntityPredicate.java","id":"sourceFile"}
{"fileName":"EntityPredicate.java","id":"sourceFile"}
{"fileName":"EntitySubPredicate.java","id":"sourceFile"}
{"fileName":"EntitySubPredicate.java","id":"sourceFile"}
{"fileName":"EntitySubPredicate.java","id":"sourceFile"}
{"fileName":"EntitySubPredicate.java","id":"sourceFile"}
{"fileName":"EntityTypePredicate.java","id":"sourceFile"}
{"fileName":"EntityVariantPredicate.java","id":"sourceFile"}
{"fileName":"EntityVariantPredicate.java","id":"sourceFile"}
{"fileName":"FilledBucketTrigger.java","id":"sourceFile"}
{"fileName":"FilledBucketTrigger.java","id":"sourceFile"}
{"fileName":"FishingHookPredicate.java","id":"sourceFile"}
{"fileName":"FishingRodHookedTrigger.java","id":"sourceFile"}
{"fileName":"FishingRodHookedTrigger.java","id":"sourceFile"}
{"fileName":"FluidPredicate.java","id":"sourceFile"}
{"fileName":"FluidPredicate.java","id":"sourceFile"}
{"fileName":"ImpossibleTrigger.java","id":"sourceFile"}
{"fileName":"ImpossibleTrigger.java","id":"sourceFile"}
{"fileName":"InventoryChangeTrigger.java","id":"sourceFile"}
{"fileName":"InventoryChangeTrigger.java","id":"sourceFile"}
{"fileName":"InventoryChangeTrigger.java","id":"sourceFile"}
{"fileName":"ItemDurabilityTrigger.java","id":"sourceFile"}
{"fileName":"ItemDurabilityTrigger.java","id":"sourceFile"}
{"fileName":"ItemPredicate.java","id":"sourceFile"}
{"fileName":"ItemPredicate.java","id":"sourceFile"}
{"fileName":"ItemUsedOnLocationTrigger.java","id":"sourceFile"}
{"fileName":"ItemUsedOnLocationTrigger.java","id":"sourceFile"}
{"fileName":"KilledByCrossbowTrigger.java","id":"sourceFile"}
{"fileName":"KilledByCrossbowTrigger.java","id":"sourceFile"}
{"fileName":"KilledTrigger.java","id":"sourceFile"}
{"fileName":"KilledTrigger.java","id":"sourceFile"}
{"fileName":"LevitationTrigger.java","id":"sourceFile"}
{"fileName":"LevitationTrigger.java","id":"sourceFile"}
{"fileName":"LightPredicate.java","id":"sourceFile"}
{"fileName":"LightPredicate.java","id":"sourceFile"}
{"fileName":"LightningBoltPredicate.java","id":"sourceFile"}
{"fileName":"LightningStrikeTrigger.java","id":"sourceFile"}
{"fileName":"LightningStrikeTrigger.java","id":"sourceFile"}
{"fileName":"LocationPredicate.java","id":"sourceFile"}
{"fileName":"LocationPredicate.java","id":"sourceFile"}
{"fileName":"LocationPredicate.java","id":"sourceFile"}
{"fileName":"LootTableTrigger.java","id":"sourceFile"}
{"fileName":"LootTableTrigger.java","id":"sourceFile"}
{"fileName":"MinMaxBounds.java","id":"sourceFile"}
{"fileName":"MinMaxBounds.java","id":"sourceFile"}
{"fileName":"MinMaxBounds.java","id":"sourceFile"}
{"fileName":"MinMaxBounds.java","id":"sourceFile"}
{"fileName":"MinMaxBounds.java","id":"sourceFile"}
{"fileName":"MobEffectsPredicate.java","id":"sourceFile"}
{"fileName":"MobEffectsPredicate.java","id":"sourceFile"}
{"fileName":"MobEffectsPredicate.java","id":"sourceFile"}
{"fileName":"NbtPredicate.java","id":"sourceFile"}
{"fileName":"PickedUpItemTrigger.java","id":"sourceFile"}
{"fileName":"PickedUpItemTrigger.java","id":"sourceFile"}
{"fileName":"PlayerHurtEntityTrigger.java","id":"sourceFile"}
{"fileName":"PlayerHurtEntityTrigger.java","id":"sourceFile"}
{"fileName":"PlayerInteractTrigger.java","id":"sourceFile"}
{"fileName":"PlayerInteractTrigger.java","id":"sourceFile"}
{"fileName":"PlayerPredicate.java","id":"sourceFile"}
{"fileName":"PlayerPredicate.java","id":"sourceFile"}
{"fileName":"PlayerPredicate.java","id":"sourceFile"}
{"fileName":"PlayerPredicate.java","id":"sourceFile"}
{"fileName":"PlayerPredicate.java","id":"sourceFile"}
{"fileName":"PlayerPredicate.java","id":"sourceFile"}
{"fileName":"PlayerTrigger.java","id":"sourceFile"}
{"fileName":"PlayerTrigger.java","id":"sourceFile"}
{"fileName":"RecipeCraftedTrigger.java","id":"sourceFile"}
{"fileName":"RecipeCraftedTrigger.java","id":"sourceFile"}
{"fileName":"RecipeUnlockedTrigger.java","id":"sourceFile"}
{"fileName":"RecipeUnlockedTrigger.java","id":"sourceFile"}
{"fileName":"ShotCrossbowTrigger.java","id":"sourceFile"}
{"fileName":"ShotCrossbowTrigger.java","id":"sourceFile"}
{"fileName":"SimpleCriterionTrigger.java","id":"sourceFile"}
{"fileName":"SimpleCriterionTrigger.java","id":"sourceFile"}
{"fileName":"SlideDownBlockTrigger.java","id":"sourceFile"}
{"fileName":"SlideDownBlockTrigger.java","id":"sourceFile"}
{"fileName":"SlimePredicate.java","id":"sourceFile"}
{"fileName":"StartRidingTrigger.java","id":"sourceFile"}
{"fileName":"StartRidingTrigger.java","id":"sourceFile"}
{"fileName":"StatePropertiesPredicate.java","id":"sourceFile"}
{"fileName":"StatePropertiesPredicate.java","id":"sourceFile"}
{"fileName":"StatePropertiesPredicate.java","id":"sourceFile"}
{"fileName":"StatePropertiesPredicate.java","id":"sourceFile"}
{"fileName":"StatePropertiesPredicate.java","id":"sourceFile"}
{"fileName":"StatePropertiesPredicate.java","id":"sourceFile"}
{"fileName":"SummonedEntityTrigger.java","id":"sourceFile"}
{"fileName":"SummonedEntityTrigger.java","id":"sourceFile"}
{"fileName":"TagPredicate.java","id":"sourceFile"}
{"fileName":"TameAnimalTrigger.java","id":"sourceFile"}
{"fileName":"TameAnimalTrigger.java","id":"sourceFile"}
{"fileName":"TargetBlockTrigger.java","id":"sourceFile"}
{"fileName":"TargetBlockTrigger.java","id":"sourceFile"}
{"fileName":"TradeTrigger.java","id":"sourceFile"}
{"fileName":"TradeTrigger.java","id":"sourceFile"}
{"fileName":"UsedEnderEyeTrigger.java","id":"sourceFile"}
{"fileName":"UsedEnderEyeTrigger.java","id":"sourceFile"}
{"fileName":"UsedTotemTrigger.java","id":"sourceFile"}
{"fileName":"UsedTotemTrigger.java","id":"sourceFile"}
{"fileName":"UsingItemTrigger.java","id":"sourceFile"}
{"fileName":"UsingItemTrigger.java","id":"sourceFile"}
{"fileName":"WrappedMinMaxBounds.java","id":"sourceFile"}
{"fileName":"package-info.java","id":"sourceFile"}
{"fileName":"package-info.java","id":"sourceFile"}
{"fileName":"AttackIndicatorStatus.java","id":"sourceFile"}
{"fileName":"Camera.java","id":"sourceFile"}
{"fileName":"Camera.java","id":"sourceFile"}
{"fileName":"CameraType.java","id":"sourceFile"}
{"fileName":"ClientBrandRetriever.java","id":"sourceFile"}
{"fileName":"ClientRecipeBook.java","id":"sourceFile"}
{"fileName":"ClientRecipeBook.java","id":"sourceFile"}
{"fileName":"CloudStatus.java","id":"sourceFile"}
{"fileName":"CommandHistory.java","id":"sourceFile"}
{"fileName":"ComponentCollector.java","id":"sourceFile"}
{"fileName":"DebugQueryHandler.java","id":"sourceFile"}
{"fileName":"GameNarrator.java","id":"sourceFile"}
{"fileName":"GameNarrator.java","id":"sourceFile"}
{"fileName":"GraphicsStatus.java","id":"sourceFile"}
{"fileName":"GraphicsStatus.java","id":"sourceFile"}
{"fileName":"GuiMessage.java","id":"sourceFile"}
{"fileName":"GuiMessage.java","id":"sourceFile"}
{"fileName":"GuiMessageTag.java","id":"sourceFile"}
{"fileName":"GuiMessageTag.java","id":"sourceFile"}
{"fileName":"HotbarManager.java","id":"sourceFile"}
{"fileName":"InputType.java","id":"sourceFile"}
{"fileName":"KeyMapping.java","id":"sourceFile"}
{"fileName":"KeyboardHandler.java","id":"sourceFile"}
{"fileName":"KeyboardHandler.java","id":"sourceFile"}
{"fileName":"Minecraft.java","id":"sourceFile"}
{"fileName":"Minecraft.java","id":"sourceFile"}
{"fileName":"Minecraft.java","id":"sourceFile"}
{"fileName":"Minecraft.java","id":"sourceFile"}
{"fileName":"Minecraft.java","id":"sourceFile"}
{"fileName":"Minecraft.java","id":"sourceFile"}
{"fileName":"Minecraft.java","id":"sourceFile"}
{"fileName":"Minecraft.java","id":"sourceFile"}
{"fileName":"MouseHandler.java","id":"sourceFile"}
{"fileName":"NarratorStatus.java","id":"sourceFile"}
{"fileName":"OptionInstance.java","id":"sourceFile"}
{"fileName":"OptionInstance.java","id":"sourceFile"}
{"fileName":"OptionInstance.java","id":"sourceFile"}
{"fileName":"OptionInstance.java","id":"sourceFile"}
{"fileName":"OptionInstance.java","id":"sourceFile"}
{"fileName":"OptionInstance.java","id":"sourceFile"}
{"fileName":"OptionInstance.java","id":"sourceFile"}
{"fileName":"OptionInstance.java","id":"sourceFile"}
{"fileName":"OptionInstance.java","id":"sourceFile"}
{"fileName":"OptionInstance.java","id":"sourceFile"}
{"fileName":"OptionInstance.java","id":"sourceFile"}
{"fileName":"OptionInstance.java","id":"sourceFile"}
{"fileName":"OptionInstance.java","id":"sourceFile"}
{"fileName":"OptionInstance.java","id":"sourceFile"}
{"fileName":"OptionInstance.java","id":"sourceFile"}
{"fileName":"OptionInstance.java","id":"sourceFile"}
{"fileName":"OptionInstance.java","id":"sourceFile"}
{"fileName":"OptionInstance.java","id":"sourceFile"}
{"fileName":"Options.java","id":"sourceFile"}
{"fileName":"Options.java","id":"sourceFile"}
{"fileName":"Options.java","id":"sourceFile"}
{"fileName":"Options.java","id":"sourceFile"}
{"fileName":"Options.java","id":"sourceFile"}
{"fileName":"Options.java","id":"sourceFile"}
{"fileName":"ParticleStatus.java","id":"sourceFile"}
{"fileName":"PeriodicNotificationManager.java","id":"sourceFile"}
{"fileName":"PeriodicNotificationManager.java","id":"sourceFile"}
{"fileName":"PeriodicNotificationManager.java","id":"sourceFile"}
{"fileName":"PrioritizeChunkUpdates.java","id":"sourceFile"}
{"fileName":"Realms32BitWarningStatus.java","id":"sourceFile"}
{"fileName":"RecipeBookCategories.java","id":"sourceFile"}
{"fileName":"RecipeBookCategories.java","id":"sourceFile"}
{"fileName":"ResourceLoadStateTracker.java","id":"sourceFile"}
{"fileName":"ResourceLoadStateTracker.java","id":"sourceFile"}
{"fileName":"ResourceLoadStateTracker.java","id":"sourceFile"}
{"fileName":"ResourceLoadStateTracker.java","id":"sourceFile"}
{"fileName":"Screenshot.java","id":"sourceFile"}
{"fileName":"StringSplitter.java","id":"sourceFile"}
{"fileName":"StringSplitter.java","id":"sourceFile"}
{"fileName":"StringSplitter.java","id":"sourceFile"}
{"fileName":"StringSplitter.java","id":"sourceFile"}
{"fileName":"StringSplitter.java","id":"sourceFile"}
{"fileName":"StringSplitter.java","id":"sourceFile"}
{"fileName":"StringSplitter.java","id":"sourceFile"}
{"fileName":"StringSplitter.java","id":"sourceFile"}
{"fileName":"Timer.java","id":"sourceFile"}
{"fileName":"ToggleKeyMapping.java","id":"sourceFile"}
{"fileName":"User.java","id":"sourceFile"}
{"fileName":"User.java","id":"sourceFile"}
{"fileName":"AnimationChannel.java","id":"sourceFile"}
{"fileName":"AnimationChannel.java","id":"sourceFile"}
{"fileName":"AnimationChannel.java","id":"sourceFile"}
{"fileName":"AnimationChannel.java","id":"sourceFile"}
{"fileName":"AnimationChannel.java","id":"sourceFile"}
{"fileName":"AnimationDefinition.java","id":"sourceFile"}
{"fileName":"AnimationDefinition.java","id":"sourceFile"}
{"fileName":"Keyframe.java","id":"sourceFile"}
{"fileName":"KeyframeAnimations.java","id":"sourceFile"}
{"fileName":"BatAnimation.java","id":"sourceFile"}
{"fileName":"BreezeAnimation.java","id":"sourceFile"}
{"fileName":"CamelAnimation.java","id":"sourceFile"}
{"fileName":"FrogAnimation.java","id":"sourceFile"}
{"fileName":"SnifferAnimation.java","id":"sourceFile"}
{"fileName":"WardenAnimation.java","id":"sourceFile"}
{"fileName":"package-info.java","id":"sourceFile"}
{"fileName":"package-info.java","id":"sourceFile"}
{"fileName":"BlockColor.java","id":"sourceFile"}
{"fileName":"BlockColors.java","id":"sourceFile"}
{"fileName":"BlockTintCache.java","id":"sourceFile"}
{"fileName":"BlockTintCache.java","id":"sourceFile"}
{"fileName":"BlockTintCache.java","id":"sourceFile"}
{"fileName":"package-info.java","id":"sourceFile"}
{"fileName":"ItemColor.java","id":"sourceFile"}
{"fileName":"ItemColors.java","id":"sourceFile"}
{"fileName":"package-info.java","id":"sourceFile"}
{"fileName":"ComponentPath.java","id":"sourceFile"}
{"fileName":"ComponentPath.java","id":"sourceFile"}
{"fileName":"ComponentPath.java","id":"sourceFile"}
{"fileName":"Font.java","id":"sourceFile"}
{"fileName":"Font.java","id":"sourceFile"}
{"fileName":"Font.java","id":"sourceFile"}
{"fileName":"Gui.java","id":"sourceFile"}
{"fileName":"Gui.java","id":"sourceFile"}
{"fileName":"Gui.java","id":"sourceFile"}
{"fileName":"GuiGraphics.java","id":"sourceFile"}
{"fileName":"GuiGraphics.java","id":"sourceFile"}
{"fileName":"GuiSpriteManager.java","id":"sourceFile"}
{"fileName":"MapRenderer.java","id":"sourceFile"}
{"fileName":"MapRenderer.java","id":"sourceFile"}
{"fileName":"AbstractButton.java","id":"sourceFile"}
{"fileName":"AbstractContainerWidget.java","id":"sourceFile"}
{"fileName":"AbstractOptionSliderButton.java","id":"sourceFile"}
{"fileName":"AbstractScrollWidget.java","id":"sourceFile"}
{"fileName":"AbstractSelectionList.java","id":"sourceFile"}
{"fileName":"AbstractSelectionList.java","id":"sourceFile"}
{"fileName":"AbstractSelectionList.java","id":"sourceFile"}
{"fileName":"AbstractSelectionList.java","id":"sourceFile"}
{"fileName":"AbstractSliderButton.java","id":"sourceFile"}
{"fileName":"AbstractStringWidget.java","id":"sourceFile"}
{"fileName":"AbstractWidget.java","id":"sourceFile"}
{"fileName":"BossHealthOverlay.java","id":"sourceFile"}
{"fileName":"BossHealthOverlay.java","id":"sourceFile"}
{"fileName":"Button.java","id":"sourceFile"}
{"fileName":"Button.java","id":"sourceFile"}
{"fileName":"Button.java","id":"sourceFile"}
{"fileName":"Button.java","id":"sourceFile"}
{"fileName":"ChatComponent.java","id":"sourceFile"}
{"fileName":"ChatComponent.java","id":"sourceFile"}
{"fileName":"Checkbox.java","id":"sourceFile"}
{"fileName":"Checkbox.java","id":"sourceFile"}
{"fileName":"Checkbox.java","id":"sourceFile"}
{"fileName":"CommandSuggestions.java","id":"sourceFile"}
{"fileName":"CommandSuggestions.java","id":"sourceFile"}
{"fileName":"CommonButtons.java","id":"sourceFile"}
{"fileName":"ComponentRenderUtils.java","id":"sourceFile"}
{"fileName":"ContainerObjectSelectionList.java","id":"sourceFile"}
{"fileName":"ContainerObjectSelectionList.java","id":"sourceFile"}
{"fileName":"ContainerObjectSelectionList.java","id":"sourceFile"}
{"fileName":"CycleButton.java","id":"sourceFile"}
{"fileName":"CycleButton.java","id":"sourceFile"}
{"fileName":"CycleButton.java","id":"sourceFile"}
{"fileName":"CycleButton.java","id":"sourceFile"}
{"fileName":"CycleButton.java","id":"sourceFile"}
{"fileName":"CycleButton.java","id":"sourceFile"}
{"fileName":"DebugScreenOverlay.java","id":"sourceFile"}
{"fileName":"DebugScreenOverlay.java","id":"sourceFile"}
{"fileName":"DebugScreenOverlay.java","id":"sourceFile"}
{"fileName":"EditBox.java","id":"sourceFile"}
{"fileName":"FittingMultiLineTextWidget.java","id":"sourceFile"}
{"fileName":"FocusableTextWidget.java","id":"sourceFile"}
{"fileName":"ImageButton.java","id":"sourceFile"}
{"fileName":"ImageWidget.java","id":"sourceFile"}
{"fileName":"ImageWidget.java","id":"sourceFile"}
{"fileName":"ImageWidget.java","id":"sourceFile"}
{"fileName":"LerpingBossEvent.java","id":"sourceFile"}
{"fileName":"LoadingDotsWidget.java","id":"sourceFile"}
{"fileName":"LockIconButton.java","id":"sourceFile"}
{"fileName":"LockIconButton.java","id":"sourceFile"}
{"fileName":"LogoRenderer.java","id":"sourceFile"}
{"fileName":"MultiLineEditBox.java","id":"sourceFile"}
{"fileName":"MultiLineLabel.java","id":"sourceFile"}
{"fileName":"MultiLineLabel.java","id":"sourceFile"}
{"fileName":"MultiLineLabel.java","id":"sourceFile"}
{"fileName":"MultiLineLabel.java","id":"sourceFile"}
{"fileName":"MultiLineTextWidget.java","id":"sourceFile"}
{"fileName":"MultiLineTextWidget.java","id":"sourceFile"}
{"fileName":"MultilineTextField.java","id":"sourceFile"}
{"fileName":"MultilineTextField.java","id":"sourceFile"}
{"fileName":"MultilineTextField.java","id":"sourceFile"}
{"fileName":"ObjectSelectionList.java","id":"sourceFile"}
{"fileName":"ObjectSelectionList.java","id":"sourceFile"}
{"fileName":"OptionsList.java","id":"sourceFile"}
{"fileName":"OptionsList.java","id":"sourceFile"}
{"fileName":"PlainTextButton.java","id":"sourceFile"}
{"fileName":"PlayerFaceRenderer.java","id":"sourceFile"}
{"fileName":"PlayerSkinWidget.java","id":"sourceFile"}
{"fileName":"PlayerSkinWidget.java","id":"sourceFile"}
{"fileName":"PlayerTabOverlay.java","id":"sourceFile"}
{"fileName":"PlayerTabOverlay.java","id":"sourceFile"}
{"fileName":"PlayerTabOverlay.java","id":"sourceFile"}
{"fileName":"PopupScreen.java","id":"sourceFile"}
{"fileName":"PopupScreen.java","id":"sourceFile"}
{"fileName":"PopupScreen.java","id":"sourceFile"}
{"fileName":"Renderable.java","id":"sourceFile"}
{"fileName":"SplashRenderer.java","id":"sourceFile"}
{"fileName":"SpriteIconButton.java","id":"sourceFile"}
{"fileName":"SpriteIconButton.java","id":"sourceFile"}
{"fileName":"SpriteIconButton.java","id":"sourceFile"}
{"fileName":"SpriteIconButton.java","id":"sourceFile"}
{"fileName":"StateSwitchingButton.java","id":"sourceFile"}
{"fileName":"StringWidget.java","id":"sourceFile"}
{"fileName":"SubtitleOverlay.java","id":"sourceFile"}
{"fileName":"SubtitleOverlay.java","id":"sourceFile"}
{"fileName":"TabButton.java","id":"sourceFile"}
{"fileName":"TabOrderedElement.java","id":"sourceFile"}
{"fileName":"Tooltip.java","id":"sourceFile"}
{"fileName":"Whence.java","id":"sourceFile"}
{"fileName":"WidgetSprites.java","id":"sourceFile"}
{"fileName":"AbstractDebugChart.java","id":"sourceFile"}
{"fileName":"BandwidthDebugChart.java","id":"sourceFile"}
{"fileName":"FpsDebugChart.java","id":"sourceFile"}
{"fileName":"PingDebugChart.java","id":"sourceFile"}
{"fileName":"TpsDebugChart.java","id":"sourceFile"}
{"fileName":"AbstractContainerEventHandler.java","id":"sourceFile"}
{"fileName":"ContainerEventHandler.java","id":"sourceFile"}
{"fileName":"GuiEventListener.java","id":"sourceFile"}
{"fileName":"package-info.java","id":"sourceFile"}
{"fileName":"package-info.java","id":"sourceFile"}
{"fileName":"SpectatorGui.java","id":"sourceFile"}
{"fileName":"package-info.java","id":"sourceFile"}
{"fileName":"GridLayoutTab.java","id":"sourceFile"}
{"fileName":"Tab.java","id":"sourceFile"}
{"fileName":"TabManager.java","id":"sourceFile"}
{"fileName":"TabNavigationBar.java","id":"sourceFile"}
{"fileName":"TabNavigationBar.java","id":"sourceFile"}
{"fileName":"package-info.java","id":"sourceFile"}
{"fileName":"AdvancementToast.java","id":"sourceFile"}
{"fileName":"RecipeToast.java","id":"sourceFile"}
{"fileName":"SystemToast.java","id":"sourceFile"}
{"fileName":"SystemToast.java","id":"sourceFile"}
{"fileName":"Toast.java","id":"sourceFile"}
{"fileName":"Toast.java","id":"sourceFile"}
{"fileName":"ToastComponent.java","id":"sourceFile"}
{"fileName":"ToastComponent.java","id":"sourceFile"}
{"fileName":"TutorialToast.java","id":"sourceFile"}
{"fileName":"TutorialToast.java","id":"sourceFile"}
{"fileName":"package-info.java","id":"sourceFile"}
{"fileName":"AllMissingGlyphProvider.java","id":"sourceFile"}
{"fileName":"CodepointMap.java","id":"sourceFile"}
{"fileName":"CodepointMap.java","id":"sourceFile"}
{"fileName":"FontManager.java","id":"sourceFile"}
{"fileName":"FontManager.java","id":"sourceFile"}
{"fileName":"FontManager.java","id":"sourceFile"}
{"fileName":"FontManager.java","id":"sourceFile"}
{"fileName":"FontManager.java","id":"sourceFile"}
{"fileName":"FontManager.java","id":"sourceFile"}
{"fileName":"FontSet.java","id":"sourceFile"}
{"fileName":"FontSet.java","id":"sourceFile"}
{"fileName":"FontTexture.java","id":"sourceFile"}
{"fileName":"FontTexture.java","id":"sourceFile"}
{"fileName":"GlyphRenderTypes.java","id":"sourceFile"}
{"fileName":"GlyphRenderTypes.java","id":"sourceFile"}
{"fileName":"TextFieldHelper.java","id":"sourceFile"}
{"fileName":"TextFieldHelper.java","id":"sourceFile"}
{"fileName":"TextFieldHelper.java","id":"sourceFile"}
{"fileName":"BakedGlyph.java","id":"sourceFile"}
{"fileName":"BakedGlyph.java","id":"sourceFile"}
{"fileName":"EmptyGlyph.java","id":"sourceFile"}
{"fileName":"SpecialGlyphs.java","id":"sourceFile"}
{"fileName":"SpecialGlyphs.java","id":"sourceFile"}
{"fileName":"SpecialGlyphs.java","id":"sourceFile"}
{"fileName":"package-info.java","id":"sourceFile"}
{"fileName":"package-info.java","id":"sourceFile"}
{"fileName":"BitmapProvider.java","id":"sourceFile"}
{"fileName":"BitmapProvider.java","id":"sourceFile"}
{"fileName":"BitmapProvider.java","id":"sourceFile"}
{"fileName":"BitmapProvider.java","id":"sourceFile"}
{"fileName":"GlyphProviderDefinition.java","id":"sourceFile"}
{"fileName":"GlyphProviderDefinition.java","id":"sourceFile"}
{"fileName":"GlyphProviderDefinition.java","id":"sourceFile"}
{"fileName":"GlyphProviderType.java","id":"sourceFile"}
{"fileName":"ProviderReferenceDefinition.java","id":"sourceFile"}
{"fileName":"TrueTypeGlyphProviderDefinition.java","id":"sourceFile"}
{"fileName":"TrueTypeGlyphProviderDefinition.java","id":"sourceFile"}
{"fileName":"UnihexProvider.java","id":"sourceFile"}
{"fileName":"UnihexProvider.java","id":"sourceFile"}
{"fileName":"UnihexProvider.java","id":"sourceFile"}
{"fileName":"UnihexProvider.java","id":"sourceFile"}
{"fileName":"UnihexProvider.java","id":"sourceFile"}
{"fileName":"UnihexProvider.java","id":"sourceFile"}
{"fileName":"UnihexProvider.java","id":"sourceFile"}
{"fileName":"UnihexProvider.java","id":"sourceFile"}
{"fileName":"UnihexProvider.java","id":"sourceFile"}
{"fileName":"UnihexProvider.java","id":"sourceFile"}
{"fileName":"UnihexProvider.java","id":"sourceFile"}
{"fileName":"package-info.java","id":"sourceFile"}
{"fileName":"AbstractLayout.java","id":"sourceFile"}
{"fileName":"AbstractLayout.java","id":"sourceFile"}
{"fileName":"CommonLayouts.java","id":"sourceFile"}
{"fileName":"EqualSpacingLayout.java","id":"sourceFile"}
{"fileName":"EqualSpacingLayout.java","id":"sourceFile"}
{"fileName":"EqualSpacingLayout.java","id":"sourceFile"}
{"fileName":"EqualSpacingLayout.java","id":"sourceFile"}
{"fileName":"FrameLayout.java","id":"sourceFile"}
{"fileName":"FrameLayout.java","id":"sourceFile"}
{"fileName":"GridLayout.java","id":"sourceFile"}
{"fileName":"GridLayout.java","id":"sourceFile"}
{"fileName":"GridLayout.java","id":"sourceFile"}
{"fileName":"HeaderAndFooterLayout.java","id":"sourceFile"}
{"fileName":"Layout.java","id":"sourceFile"}
{"fileName":"LayoutElement.java","id":"sourceFile"}
{"fileName":"LayoutSettings.java","id":"sourceFile"}
{"fileName":"LayoutSettings.java","id":"sourceFile"}
{"fileName":"LinearLayout.java","id":"sourceFile"}
{"fileName":"LinearLayout.java","id":"sourceFile"}
{"fileName":"LinearLayout.java","id":"sourceFile"}
{"fileName":"SpacerElement.java","id":"sourceFile"}
{"fileName":"package-info.java","id":"sourceFile"}
{"fileName":"NarratableEntry.java","id":"sourceFile"}
{"fileName":"NarratableEntry.java","id":"sourceFile"}
{"fileName":"NarratedElementType.java","id":"sourceFile"}
{"fileName":"NarrationElementOutput.java","id":"sourceFile"}
{"fileName":"NarrationSupplier.java","id":"sourceFile"}
{"fileName":"NarrationThunk.java","id":"sourceFile"}
{"fileName":"ScreenNarrationCollector.java","id":"sourceFile"}
{"fileName":"ScreenNarrationCollector.java","id":"sourceFile"}
{"fileName":"ScreenNarrationCollector.java","id":"sourceFile"}
{"fileName":"ScreenNarrationCollector.java","id":"sourceFile"}
{"fileName":"ScreenNarrationCollector.java","id":"sourceFile"}
{"fileName":"package-info.java","id":"sourceFile"}
{"fileName":"CommonInputs.java","id":"sourceFile"}
{"fileName":"FocusNavigationEvent.java","id":"sourceFile"}
{"fileName":"FocusNavigationEvent.java","id":"sourceFile"}
{"fileName":"FocusNavigationEvent.java","id":"sourceFile"}
{"fileName":"FocusNavigationEvent.java","id":"sourceFile"}
{"fileName":"ScreenAxis.java","id":"sourceFile"}
{"fileName":"ScreenAxis.java","id":"sourceFile"}
{"fileName":"ScreenDirection.java","id":"sourceFile"}
{"fileName":"ScreenDirection.java","id":"sourceFile"}
{"fileName":"ScreenPosition.java","id":"sourceFile"}
{"fileName":"ScreenPosition.java","id":"sourceFile"}
{"fileName":"ScreenRectangle.java","id":"sourceFile"}
{"fileName":"ScreenRectangle.java","id":"sourceFile"}
{"fileName":"package-info.java","id":"sourceFile"}
{"fileName":"package-info.java","id":"sourceFile"}
{"fileName":"AccessibilityOnboardingScreen.java","id":"sourceFile"}
{"fileName":"AccessibilityOptionsScreen.java","id":"sourceFile"}
{"fileName":"AlertScreen.java","id":"sourceFile"}
{"fileName":"BackupConfirmScreen.java","id":"sourceFile"}
{"fileName":"BackupConfirmScreen.java","id":"sourceFile"}
{"fileName":"BanNoticeScreens.java","id":"sourceFile"}
{"fileName":"ChatOptionsScreen.java","id":"sourceFile"}
{"fileName":"ChatScreen.java","id":"sourceFile"}
{"fileName":"ChatScreen.java","id":"sourceFile"}
{"fileName":"ConfirmLinkScreen.java","id":"sourceFile"}
{"fileName":"ConfirmScreen.java","id":"sourceFile"}
{"fileName":"ConnectScreen.java","id":"sourceFile"}
{"fileName":"ConnectScreen.java","id":"sourceFile"}
{"fileName":"ConnectScreen.java","id":"sourceFile"}
{"fileName":"CreateBuffetWorldScreen.java","id":"sourceFile"}
{"fileName":"CreateBuffetWorldScreen.java","id":"sourceFile"}
{"fileName":"CreateBuffetWorldScreen.java","id":"sourceFile"}
{"fileName":"CreateFlatWorldScreen.java","id":"sourceFile"}
{"fileName":"CreateFlatWorldScreen.java","id":"sourceFile"}
{"fileName":"CreateFlatWorldScreen.java","id":"sourceFile"}
{"fileName":"CreditsAndAttributionScreen.java","id":"sourceFile"}
{"fileName":"DatapackLoadFailureScreen.java","id":"sourceFile"}
{"fileName":"DeathScreen.java","id":"sourceFile"}
{"fileName":"DeathScreen.java","id":"sourceFile"}
{"fileName":"DemoIntroScreen.java","id":"sourceFile"}
{"fileName":"DirectJoinServerScreen.java","id":"sourceFile"}
{"fileName":"DisconnectedScreen.java","id":"sourceFile"}
{"fileName":"EditServerScreen.java","id":"sourceFile"}
{"fileName":"ErrorScreen.java","id":"sourceFile"}
{"fileName":"FaviconTexture.java","id":"sourceFile"}
{"fileName":"GenericDirtMessageScreen.java","id":"sourceFile"}
{"fileName":"GenericWaitingScreen.java","id":"sourceFile"}
{"fileName":"InBedChatScreen.java","id":"sourceFile"}
{"fileName":"LanguageSelectScreen.java","id":"sourceFile"}
{"fileName":"LanguageSelectScreen.java","id":"sourceFile"}
{"fileName":"LanguageSelectScreen.java","id":"sourceFile"}
{"fileName":"LevelLoadingScreen.java","id":"sourceFile"}
{"fileName":"LoadingDotsText.java","id":"sourceFile"}
{"fileName":"LoadingOverlay.java","id":"sourceFile"}
{"fileName":"LoadingOverlay.java","id":"sourceFile"}
{"fileName":"MenuScreens.java","id":"sourceFile"}
{"fileName":"MenuScreens.java","id":"sourceFile"}
{"fileName":"MouseSettingsScreen.java","id":"sourceFile"}
{"fileName":"NoticeWithLinkScreen.java","id":"sourceFile"}
{"fileName":"OnlineOptionsScreen.java","id":"sourceFile"}
{"fileName":"OptionsScreen.java","id":"sourceFile"}
{"fileName":"OptionsSubScreen.java","id":"sourceFile"}
{"fileName":"OutOfMemoryScreen.java","id":"sourceFile"}
{"fileName":"Overlay.java","id":"sourceFile"}
{"fileName":"PauseScreen.java","id":"sourceFile"}
{"fileName":"PresetFlatWorldScreen.java","id":"sourceFile"}
{"fileName":"PresetFlatWorldScreen.java","id":"sourceFile"}
{"fileName":"PresetFlatWorldScreen.java","id":"sourceFile"}
{"fileName":"ProgressScreen.java","id":"sourceFile"}
{"fileName":"ReceivingLevelScreen.java","id":"sourceFile"}
{"fileName":"RecoverWorldDataScreen.java","id":"sourceFile"}
{"fileName":"Screen.java","id":"sourceFile"}
{"fileName":"Screen.java","id":"sourceFile"}
{"fileName":"Screen.java","id":"sourceFile"}
{"fileName":"ShareToLanScreen.java","id":"sourceFile"}
{"fileName":"SimpleOptionsSubScreen.java","id":"sourceFile"}
{"fileName":"SkinCustomizationScreen.java","id":"sourceFile"}
{"fileName":"SoundOptionsScreen.java","id":"sourceFile"}
{"fileName":"TitleScreen.java","id":"sourceFile"}
{"fileName":"TitleScreen.java","id":"sourceFile"}
{"fileName":"UnsupportedGraphicsWarningScreen.java","id":"sourceFile"}
{"fileName":"UnsupportedGraphicsWarningScreen.java","id":"sourceFile"}
{"fileName":"VideoSettingsScreen.java","id":"sourceFile"}
{"fileName":"WinScreen.java","id":"sourceFile"}
{"fileName":"WinScreen.java","id":"sourceFile"}
{"fileName":"StatsScreen.java","id":"sourceFile"}
{"fileName":"StatsScreen.java","id":"sourceFile"}
{"fileName":"StatsScreen.java","id":"sourceFile"}
{"fileName":"StatsScreen.java","id":"sourceFile"}
{"fileName":"StatsScreen.java","id":"sourceFile"}
{"fileName":"StatsScreen.java","id":"sourceFile"}
{"fileName":"StatsScreen.java","id":"sourceFile"}
{"fileName":"StatsScreen.java","id":"sourceFile"}
{"fileName":"StatsUpdateListener.java","id":"sourceFile"}
{"fileName":"package-info.java","id":"sourceFile"}
{"fileName":"AdvancementTab.java","id":"sourceFile"}
{"fileName":"AdvancementTabType.java","id":"sourceFile"}
{"fileName":"AdvancementTabType.java","id":"sourceFile"}
{"fileName":"AdvancementTabType.java","id":"sourceFile"}
{"fileName":"AdvancementWidget.java","id":"sourceFile"}
{"fileName":"AdvancementWidgetType.java","id":"sourceFile"}
{"fileName":"AdvancementWidgetType.java","id":"sourceFile"}
{"fileName":"AdvancementsScreen.java","id":"sourceFile"}
{"fileName":"package-info.java","id":"sourceFile"}
{"fileName":"ControlsScreen.java","id":"sourceFile"}
{"fileName":"KeyBindsList.java","id":"sourceFile"}
{"fileName":"KeyBindsList.java","id":"sourceFile"}
{"fileName":"KeyBindsList.java","id":"sourceFile"}
{"fileName":"KeyBindsList.java","id":"sourceFile"}
{"fileName":"KeyBindsList.java","id":"sourceFile"}
{"fileName":"KeyBindsScreen.java","id":"sourceFile"}
{"fileName":"package-info.java","id":"sourceFile"}
{"fileName":"GameModeSwitcherScreen.java","id":"sourceFile"}
{"fileName":"GameModeSwitcherScreen.java","id":"sourceFile"}
{"fileName":"GameModeSwitcherScreen.java","id":"sourceFile"}
{"fileName":"GameModeSwitcherScreen.java","id":"sourceFile"}
{"fileName":"package-info.java","id":"sourceFile"}
{"fileName":"AbstractCommandBlockEditScreen.java","id":"sourceFile"}
{"fileName":"AbstractCommandBlockEditScreen.java","id":"sourceFile"}
{"fileName":"AbstractContainerScreen.java","id":"sourceFile"}
{"fileName":"AbstractFurnaceScreen.java","id":"sourceFile"}
{"fileName":"AbstractSignEditScreen.java","id":"sourceFile"}
{"fileName":"AnvilScreen.java","id":"sourceFile"}
{"fileName":"BeaconScreen.java","id":"sourceFile"}
{"fileName":"BeaconScreen.java","id":"sourceFile"}
{"fileName":"BeaconScreen.java","id":"sourceFile"}
{"fileName":"BeaconScreen.java","id":"sourceFile"}
{"fileName":"BeaconScreen.java","id":"sourceFile"}
{"fileName":"BeaconScreen.java","id":"sourceFile"}
{"fileName":"BeaconScreen.java","id":"sourceFile"}
{"fileName":"BeaconScreen.java","id":"sourceFile"}
{"fileName":"BeaconScreen.java","id":"sourceFile"}
{"fileName":"BlastFurnaceScreen.java","id":"sourceFile"}
{"fileName":"BookEditScreen.java","id":"sourceFile"}
{"fileName":"BookEditScreen.java","id":"sourceFile"}
{"fileName":"BookEditScreen.java","id":"sourceFile"}
{"fileName":"BookEditScreen.java","id":"sourceFile"}
{"fileName":"BookViewScreen.java","id":"sourceFile"}
{"fileName":"BookViewScreen.java","id":"sourceFile"}
{"fileName":"BookViewScreen.java","id":"sourceFile"}
{"fileName":"BookViewScreen.java","id":"sourceFile"}
{"fileName":"BookViewScreen.java","id":"sourceFile"}
{"fileName":"BrewingStandScreen.java","id":"sourceFile"}
{"fileName":"CartographyTableScreen.java","id":"sourceFile"}
{"fileName":"CommandBlockEditScreen.java","id":"sourceFile"}
{"fileName":"CommandBlockEditScreen.java","id":"sourceFile"}
{"fileName":"ContainerScreen.java","id":"sourceFile"}
{"fileName":"CrafterScreen.java","id":"sourceFile"}
{"fileName":"CrafterScreen.java","id":"sourceFile"}
{"fileName":"CraftingScreen.java","id":"sourceFile"}
{"fileName":"CreativeInventoryListener.java","id":"sourceFile"}
{"fileName":"CreativeModeInventoryScreen.java","id":"sourceFile"}
{"fileName":"CreativeModeInventoryScreen.java","id":"sourceFile"}
{"fileName":"CreativeModeInventoryScreen.java","id":"sourceFile"}
{"fileName":"CreativeModeInventoryScreen.java","id":"sourceFile"}
{"fileName":"CyclingSlotBackground.java","id":"sourceFile"}
{"fileName":"DispenserScreen.java","id":"sourceFile"}
{"fileName":"EffectRenderingInventoryScreen.java","id":"sourceFile"}
{"fileName":"EnchantmentNames.java","id":"sourceFile"}
{"fileName":"EnchantmentScreen.java","id":"sourceFile"}
{"fileName":"FurnaceScreen.java","id":"sourceFile"}
{"fileName":"GrindstoneScreen.java","id":"sourceFile"}
{"fileName":"HangingSignEditScreen.java","id":"sourceFile"}
{"fileName":"HopperScreen.java","id":"sourceFile"}
{"fileName":"HorseInventoryScreen.java","id":"sourceFile"}
{"fileName":"InventoryScreen.java","id":"sourceFile"}
{"fileName":"ItemCombinerScreen.java","id":"sourceFile"}
{"fileName":"JigsawBlockEditScreen.java","id":"sourceFile"}
{"fileName":"JigsawBlockEditScreen.java","id":"sourceFile"}
{"fileName":"LecternScreen.java","id":"sourceFile"}
{"fileName":"LecternScreen.java","id":"sourceFile"}
{"fileName":"LoomScreen.java","id":"sourceFile"}
{"fileName":"MenuAccess.java","id":"sourceFile"}
{"fileName":"MerchantScreen.java","id":"sourceFile"}
{"fileName":"MerchantScreen.java","id":"sourceFile"}
{"fileName":"MinecartCommandBlockEditScreen.java","id":"sourceFile"}
{"fileName":"PageButton.java","id":"sourceFile"}
{"fileName":"ShulkerBoxScreen.java","id":"sourceFile"}
{"fileName":"SignEditScreen.java","id":"sourceFile"}
{"fileName":"SmithingScreen.java","id":"sourceFile"}
{"fileName":"SmokerScreen.java","id":"sourceFile"}
{"fileName":"StonecutterScreen.java","id":"sourceFile"}
{"fileName":"StructureBlockEditScreen.java","id":"sourceFile"}
{"fileName":"StructureBlockEditScreen.java","id":"sourceFile"}
{"fileName":"StructureBlockEditScreen.java","id":"sourceFile"}
{"fileName":"package-info.java","id":"sourceFile"}
{"fileName":"BelowOrAboveWidgetTooltipPositioner.java","id":"sourceFile"}
{"fileName":"ClientBundleTooltip.java","id":"sourceFile"}
{"fileName":"ClientBundleTooltip.java","id":"sourceFile"}
{"fileName":"ClientTextTooltip.java","id":"sourceFile"}
{"fileName":"ClientTooltipComponent.java","id":"sourceFile"}
{"fileName":"ClientTooltipPositioner.java","id":"sourceFile"}
{"fileName":"DefaultTooltipPositioner.java","id":"sourceFile"}
{"fileName":"MenuTooltipPositioner.java","id":"sourceFile"}
{"fileName":"TooltipRenderUtil.java","id":"sourceFile"}
{"fileName":"package-info.java","id":"sourceFile"}
{"fileName":"JoinMultiplayerScreen.java","id":"sourceFile"}
{"fileName":"Realms32bitWarningScreen.java","id":"sourceFile"}
{"fileName":"SafetyScreen.java","id":"sourceFile"}
{"fileName":"ServerReconfigScreen.java","id":"sourceFile"}
{"fileName":"ServerSelectionList.java","id":"sourceFile"}
{"fileName":"ServerSelectionList.java","id":"sourceFile"}
{"fileName":"ServerSelectionList.java","id":"sourceFile"}
{"fileName":"ServerSelectionList.java","id":"sourceFile"}
{"fileName":"ServerSelectionList.java","id":"sourceFile"}
{"fileName":"WarningScreen.java","id":"sourceFile"}
{"fileName":"package-info.java","id":"sourceFile"}
{"fileName":"package-info.java","id":"sourceFile"}
{"fileName":"PackSelectionModel.java","id":"sourceFile"}
{"fileName":"PackSelectionModel.java","id":"sourceFile"}
{"fileName":"PackSelectionModel.java","id":"sourceFile"}
{"fileName":"PackSelectionModel.java","id":"sourceFile"}
{"fileName":"PackSelectionModel.java","id":"sourceFile"}
{"fileName":"PackSelectionScreen.java","id":"sourceFile"}
{"fileName":"PackSelectionScreen.java","id":"sourceFile"}
{"fileName":"PackSelectionScreen.java","id":"sourceFile"}
{"fileName":"TransferableSelectionList.java","id":"sourceFile"}
{"fileName":"TransferableSelectionList.java","id":"sourceFile"}
{"fileName":"package-info.java","id":"sourceFile"}
{"fileName":"AbstractFurnaceRecipeBookComponent.java","id":"sourceFile"}
{"fileName":"BlastingRecipeBookComponent.java","id":"sourceFile"}
{"fileName":"GhostRecipe.java","id":"sourceFile"}
{"fileName":"GhostRecipe.java","id":"sourceFile"}
{"fileName":"OverlayRecipeComponent.java","id":"sourceFile"}
{"fileName":"OverlayRecipeComponent.java","id":"sourceFile"}
{"fileName":"OverlayRecipeComponent.java","id":"sourceFile"}
{"fileName":"OverlayRecipeComponent.java","id":"sourceFile"}
{"fileName":"RecipeBookComponent.java","id":"sourceFile"}
{"fileName":"RecipeBookPage.java","id":"sourceFile"}
{"fileName":"RecipeBookTabButton.java","id":"sourceFile"}
{"fileName":"RecipeButton.java","id":"sourceFile"}
{"fileName":"RecipeCollection.java","id":"sourceFile"}
{"fileName":"RecipeShownListener.java","id":"sourceFile"}
{"fileName":"RecipeUpdateListener.java","id":"sourceFile"}
{"fileName":"SmeltingRecipeBookComponent.java","id":"sourceFile"}
{"fileName":"SmokingRecipeBookComponent.java","id":"sourceFile"}
{"fileName":"package-info.java","id":"sourceFile"}
{"fileName":"AbstractReportScreen.java","id":"sourceFile"}
{"fileName":"AbstractReportScreen.java","id":"sourceFile"}
{"fileName":"ChatReportScreen.java","id":"sourceFile"}
{"fileName":"ChatSelectionLogFiller.java","id":"sourceFile"}
{"fileName":"ChatSelectionLogFiller.java","id":"sourceFile"}
{"fileName":"ChatSelectionScreen.java","id":"sourceFile"}
{"fileName":"ChatSelectionScreen.java","id":"sourceFile"}
{"fileName":"ChatSelectionScreen.java","id":"sourceFile"}
{"fileName":"ChatSelectionScreen.java","id":"sourceFile"}
{"fileName":"ChatSelectionScreen.java","id":"sourceFile"}
{"fileName":"ChatSelectionScreen.java","id":"sourceFile"}
{"fileName":"ChatSelectionScreen.java","id":"sourceFile"}
{"fileName":"ChatSelectionScreen.java","id":"sourceFile"}
{"fileName":"NameReportScreen.java","id":"sourceFile"}
{"fileName":"ReportPlayerScreen.java","id":"sourceFile"}
{"fileName":"ReportReasonSelectionScreen.java","id":"sourceFile"}
{"fileName":"ReportReasonSelectionScreen.java","id":"sourceFile"}
{"fileName":"ReportReasonSelectionScreen.java","id":"sourceFile"}
{"fileName":"SkinReportScreen.java","id":"sourceFile"}
{"fileName":"package-info.java","id":"sourceFile"}
{"fileName":"PlayerEntry.java","id":"sourceFile"}
{"fileName":"PlayerEntry.java","id":"sourceFile"}
{"fileName":"PlayerEntry.java","id":"sourceFile"}
{"fileName":"PlayerEntry.java","id":"sourceFile"}
{"fileName":"PlayerSocialManager.java","id":"sourceFile"}
{"fileName":"SocialInteractionsPlayerList.java","id":"sourceFile"}
{"fileName":"SocialInteractionsScreen.java","id":"sourceFile"}
{"fileName":"SocialInteractionsScreen.java","id":"sourceFile"}
{"fileName":"SocialInteractionsScreen.java","id":"sourceFile"}
{"fileName":"SocialInteractionsScreen.java","id":"sourceFile"}
{"fileName":"package-info.java","id":"sourceFile"}
{"fileName":"TelemetryEventWidget.java","id":"sourceFile"}
{"fileName":"TelemetryEventWidget.java","id":"sourceFile"}
{"fileName":"TelemetryEventWidget.java","id":"sourceFile"}
{"fileName":"TelemetryInfoScreen.java","id":"sourceFile"}
{"fileName":"package-info.java","id":"sourceFile"}
{"fileName":"ConfirmExperimentalFeaturesScreen.java","id":"sourceFile"}
{"fileName":"ConfirmExperimentalFeaturesScreen.java","id":"sourceFile"}
{"fileName":"ConfirmExperimentalFeaturesScreen.java","id":"sourceFile"}
{"fileName":"ConfirmExperimentalFeaturesScreen.java","id":"sourceFile"}
{"fileName":"CreateWorldScreen.java","id":"sourceFile"}
{"fileName":"CreateWorldScreen.java","id":"sourceFile"}
{"fileName":"CreateWorldScreen.java","id":"sourceFile"}
{"fileName":"CreateWorldScreen.java","id":"sourceFile"}
{"fileName":"CreateWorldScreen.java","id":"sourceFile"}
{"fileName":"CreateWorldScreen.java","id":"sourceFile"}
{"fileName":"CreateWorldScreen.java","id":"sourceFile"}
{"fileName":"EditGameRulesScreen.java","id":"sourceFile"}
{"fileName":"EditGameRulesScreen.java","id":"sourceFile"}
{"fileName":"EditGameRulesScreen.java","id":"sourceFile"}
{"fileName":"EditGameRulesScreen.java","id":"sourceFile"}
{"fileName":"EditGameRulesScreen.java","id":"sourceFile"}
{"fileName":"EditGameRulesScreen.java","id":"sourceFile"}
{"fileName":"EditGameRulesScreen.java","id":"sourceFile"}
{"fileName":"EditGameRulesScreen.java","id":"sourceFile"}
{"fileName":"EditGameRulesScreen.java","id":"sourceFile"}
{"fileName":"EditGameRulesScreen.java","id":"sourceFile"}
{"fileName":"EditWorldScreen.java","id":"sourceFile"}
{"fileName":"ExperimentsScreen.java","id":"sourceFile"}
{"fileName":"OptimizeWorldScreen.java","id":"sourceFile"}
{"fileName":"PresetEditor.java","id":"sourceFile"}
{"fileName":"SelectWorldScreen.java","id":"sourceFile"}
{"fileName":"SwitchGrid.java","id":"sourceFile"}
{"fileName":"SwitchGrid.java","id":"sourceFile"}
{"fileName":"SwitchGrid.java","id":"sourceFile"}
{"fileName":"SwitchGrid.java","id":"sourceFile"}
{"fileName":"SwitchGrid.java","id":"sourceFile"}
{"fileName":"WorldCreationContext.java","id":"sourceFile"}
{"fileName":"WorldCreationContext.java","id":"sourceFile"}
{"fileName":"WorldCreationContext.java","id":"sourceFile"}
{"fileName":"WorldCreationUiState.java","id":"sourceFile"}
{"fileName":"WorldCreationUiState.java","id":"sourceFile"}
{"fileName":"WorldCreationUiState.java","id":"sourceFile"}
{"fileName":"WorldOpenFlows.java","id":"sourceFile"}
{"fileName":"WorldOpenFlows.java","id":"sourceFile"}
{"fileName":"WorldSelectionList.java","id":"sourceFile"}
{"fileName":"WorldSelectionList.java","id":"sourceFile"}
{"fileName":"WorldSelectionList.java","id":"sourceFile"}
{"fileName":"WorldSelectionList.java","id":"sourceFile"}
{"fileName":"package-info.java","id":"sourceFile"}
{"fileName":"PlayerMenuItem.java","id":"sourceFile"}
{"fileName":"RootSpectatorMenuCategory.java","id":"sourceFile"}
{"fileName":"SpectatorMenu.java","id":"sourceFile"}
{"fileName":"SpectatorMenu.java","id":"sourceFile"}
{"fileName":"SpectatorMenu.java","id":"sourceFile"}
{"fileName":"SpectatorMenu.java","id":"sourceFile"}
{"fileName":"SpectatorMenuCategory.java","id":"sourceFile"}
{"fileName":"SpectatorMenuItem.java","id":"sourceFile"}
{"fileName":"SpectatorMenuListener.java","id":"sourceFile"}
{"fileName":"SpectatorPage.java","id":"sourceFile"}
{"fileName":"TeleportToPlayerMenuCategory.java","id":"sourceFile"}
{"fileName":"TeleportToTeamMenuCategory.java","id":"sourceFile"}
{"fileName":"TeleportToTeamMenuCategory.java","id":"sourceFile"}
{"fileName":"package-info.java","id":"sourceFile"}
{"fileName":"package-info.java","id":"sourceFile"}
{"fileName":"GameConfig.java","id":"sourceFile"}
{"fileName":"GameConfig.java","id":"sourceFile"}
{"fileName":"GameConfig.java","id":"sourceFile"}
{"fileName":"GameConfig.java","id":"sourceFile"}
{"fileName":"GameConfig.java","id":"sourceFile"}
{"fileName":"Main.java","id":"sourceFile"}
{"fileName":"Main.java","id":"sourceFile"}
{"fileName":"Main.java","id":"sourceFile"}
{"fileName":"Main.java","id":"sourceFile"}
{"fileName":"SilentInitException.java","id":"sourceFile"}
{"fileName":"package-info.java","id":"sourceFile"}
{"fileName":"AbstractZombieModel.java","id":"sourceFile"}
{"fileName":"AgeableHierarchicalModel.java","id":"sourceFile"}
{"fileName":"AgeableListModel.java","id":"sourceFile"}
{"fileName":"AllayModel.java","id":"sourceFile"}
{"fileName":"AnimationUtils.java","id":"sourceFile"}
{"fileName":"ArmedModel.java","id":"sourceFile"}
{"fileName":"ArmorStandArmorModel.java","id":"sourceFile"}
{"fileName":"ArmorStandModel.java","id":"sourceFile"}
{"fileName":"AxolotlModel.java","id":"sourceFile"}
{"fileName":"BatModel.java","id":"sourceFile"}
{"fileName":"BeeModel.java","id":"sourceFile"}
{"fileName":"BlazeModel.java","id":"sourceFile"}
{"fileName":"BoatModel.java","id":"sourceFile"}
{"fileName":"BookModel.java","id":"sourceFile"}
{"fileName":"BreezeModel.java","id":"sourceFile"}
{"fileName":"CamelModel.java","id":"sourceFile"}
{"fileName":"CatModel.java","id":"sourceFile"}
{"fileName":"ChestBoatModel.java","id":"sourceFile"}
{"fileName":"ChestRaftModel.java","id":"sourceFile"}
{"fileName":"ChestedHorseModel.java","id":"sourceFile"}
{"fileName":"ChickenModel.java","id":"sourceFile"}
{"fileName":"CodModel.java","id":"sourceFile"}
{"fileName":"ColorableAgeableListModel.java","id":"sourceFile"}
{"fileName":"ColorableHierarchicalModel.java","id":"sourceFile"}
{"fileName":"CowModel.java","id":"sourceFile"}
{"fileName":"CreeperModel.java","id":"sourceFile"}
{"fileName":"DolphinModel.java","id":"sourceFile"}
{"fileName":"DrownedModel.java","id":"sourceFile"}
{"fileName":"ElytraModel.java","id":"sourceFile"}
{"fileName":"EndermanModel.java","id":"sourceFile"}
{"fileName":"EndermiteModel.java","id":"sourceFile"}
{"fileName":"EntityModel.java","id":"sourceFile"}
{"fileName":"EvokerFangsModel.java","id":"sourceFile"}
{"fileName":"FoxModel.java","id":"sourceFile"}
{"fileName":"FrogModel.java","id":"sourceFile"}
{"fileName":"GhastModel.java","id":"sourceFile"}
{"fileName":"GiantZombieModel.java","id":"sourceFile"}
{"fileName":"GoatModel.java","id":"sourceFile"}
{"fileName":"GuardianModel.java","id":"sourceFile"}
{"fileName":"HeadedModel.java","id":"sourceFile"}
{"fileName":"HierarchicalModel.java","id":"sourceFile"}
{"fileName":"HoglinModel.java","id":"sourceFile"}
{"fileName":"HorseModel.java","id":"sourceFile"}
{"fileName":"HumanoidArmorModel.java","id":"sourceFile"}
{"fileName":"HumanoidModel.java","id":"sourceFile"}
{"fileName":"HumanoidModel.java","id":"sourceFile"}
{"fileName":"HumanoidModel.java","id":"sourceFile"}
{"fileName":"IllagerModel.java","id":"sourceFile"}
{"fileName":"IronGolemModel.java","id":"sourceFile"}
{"fileName":"LavaSlimeModel.java","id":"sourceFile"}
{"fileName":"LeashKnotModel.java","id":"sourceFile"}
{"fileName":"ListModel.java","id":"sourceFile"}
{"fileName":"LlamaModel.java","id":"sourceFile"}
{"fileName":"LlamaSpitModel.java","id":"sourceFile"}
{"fileName":"MinecartModel.java","id":"sourceFile"}
{"fileName":"Model.java","id":"sourceFile"}
{"fileName":"ModelUtils.java","id":"sourceFile"}
{"fileName":"OcelotModel.java","id":"sourceFile"}
{"fileName":"PandaModel.java","id":"sourceFile"}
{"fileName":"ParrotModel.java","id":"sourceFile"}
{"fileName":"ParrotModel.java","id":"sourceFile"}
{"fileName":"ParrotModel.java","id":"sourceFile"}
{"fileName":"PhantomModel.java","id":"sourceFile"}
{"fileName":"PigModel.java","id":"sourceFile"}
{"fileName":"PiglinHeadModel.java","id":"sourceFile"}
{"fileName":"PiglinModel.java","id":"sourceFile"}
{"fileName":"PlayerModel.java","id":"sourceFile"}
{"fileName":"PolarBearModel.java","id":"sourceFile"}
{"fileName":"PufferfishBigModel.java","id":"sourceFile"}
{"fileName":"PufferfishMidModel.java","id":"sourceFile"}
{"fileName":"PufferfishSmallModel.java","id":"sourceFile"}
{"fileName":"QuadrupedModel.java","id":"sourceFile"}
{"fileName":"RabbitModel.java","id":"sourceFile"}
{"fileName":"RaftModel.java","id":"sourceFile"}
{"fileName":"RavagerModel.java","id":"sourceFile"}
{"fileName":"SalmonModel.java","id":"sourceFile"}
{"fileName":"SheepFurModel.java","id":"sourceFile"}
{"fileName":"SheepModel.java","id":"sourceFile"}
{"fileName":"ShieldModel.java","id":"sourceFile"}
{"fileName":"ShulkerBulletModel.java","id":"sourceFile"}
{"fileName":"ShulkerModel.java","id":"sourceFile"}
{"fileName":"SilverfishModel.java","id":"sourceFile"}
{"fileName":"SkeletonModel.java","id":"sourceFile"}
{"fileName":"SkullModel.java","id":"sourceFile"}
{"fileName":"SkullModelBase.java","id":"sourceFile"}
{"fileName":"SlimeModel.java","id":"sourceFile"}
{"fileName":"SnifferModel.java","id":"sourceFile"}
{"fileName":"SnowGolemModel.java","id":"sourceFile"}
{"fileName":"SpiderModel.java","id":"sourceFile"}
{"fileName":"SquidModel.java","id":"sourceFile"}
{"fileName":"StriderModel.java","id":"sourceFile"}
{"fileName":"TadpoleModel.java","id":"sourceFile"}
{"fileName":"TridentModel.java","id":"sourceFile"}
{"fileName":"TropicalFishModelA.java","id":"sourceFile"}
{"fileName":"TropicalFishModelB.java","id":"sourceFile"}
{"fileName":"TurtleModel.java","id":"sourceFile"}
{"fileName":"VexModel.java","id":"sourceFile"}
{"fileName":"VillagerHeadModel.java","id":"sourceFile"}
{"fileName":"VillagerModel.java","id":"sourceFile"}
{"fileName":"WardenModel.java","id":"sourceFile"}
{"fileName":"WaterPatchModel.java","id":"sourceFile"}
{"fileName":"WindChargeModel.java","id":"sourceFile"}
{"fileName":"WitchModel.java","id":"sourceFile"}
{"fileName":"WitherBossModel.java","id":"sourceFile"}
{"fileName":"WolfModel.java","id":"sourceFile"}
{"fileName":"ZombieModel.java","id":"sourceFile"}
{"fileName":"ZombieVillagerModel.java","id":"sourceFile"}
{"fileName":"DragonHeadModel.java","id":"sourceFile"}
{"fileName":"package-info.java","id":"sourceFile"}
{"fileName":"EntityModelSet.java","id":"sourceFile"}
{"fileName":"LayerDefinitions.java","id":"sourceFile"}
{"fileName":"ModelLayerLocation.java","id":"sourceFile"}
{"fileName":"ModelLayers.java","id":"sourceFile"}
{"fileName":"ModelPart.java","id":"sourceFile"}
{"fileName":"ModelPart.java","id":"sourceFile"}
{"fileName":"ModelPart.java","id":"sourceFile"}
{"fileName":"ModelPart.java","id":"sourceFile"}
{"fileName":"ModelPart.java","id":"sourceFile"}
{"fileName":"PartNames.java","id":"sourceFile"}
{"fileName":"PartPose.java","id":"sourceFile"}
{"fileName":"CubeDefinition.java","id":"sourceFile"}
{"fileName":"CubeDeformation.java","id":"sourceFile"}
{"fileName":"CubeListBuilder.java","id":"sourceFile"}
{"fileName":"LayerDefinition.java","id":"sourceFile"}
{"fileName":"MaterialDefinition.java","id":"sourceFile"}
{"fileName":"MeshDefinition.java","id":"sourceFile"}
{"fileName":"PartDefinition.java","id":"sourceFile"}
{"fileName":"UVPair.java","id":"sourceFile"}
{"fileName":"package-info.java","id":"sourceFile"}
{"fileName":"package-info.java","id":"sourceFile"}
{"fileName":"package-info.java","id":"sourceFile"}
{"fileName":"AccountProfileKeyPairManager.java","id":"sourceFile"}
{"fileName":"ChunkBatchSizeCalculator.java","id":"sourceFile"}
{"fileName":"ClientAdvancements.java","id":"sourceFile"}
{"fileName":"ClientAdvancements.java","id":"sourceFile"}
{"fileName":"ClientChunkCache.java","id":"sourceFile"}
{"fileName":"ClientChunkCache.java","id":"sourceFile"}
{"fileName":"ClientCommonPacketListenerImpl.java","id":"sourceFile"}
{"fileName":"ClientCommonPacketListenerImpl.java","id":"sourceFile"}
{"fileName":"ClientCommonPacketListenerImpl.java","id":"sourceFile"}
{"fileName":"ClientCommonPacketListenerImpl.java","id":"sourceFile"}
{"fileName":"ClientConfigurationPacketListenerImpl.java","id":"sourceFile"}
{"fileName":"ClientHandshakePacketListenerImpl.java","id":"sourceFile"}
{"fileName":"ClientHandshakePacketListenerImpl.java","id":"sourceFile"}
{"fileName":"ClientLevel.java","id":"sourceFile"}
{"fileName":"ClientLevel.java","id":"sourceFile"}
{"fileName":"ClientLevel.java","id":"sourceFile"}
{"fileName":"ClientLevel.java","id":"sourceFile"}
{"fileName":"ClientPacketListener.java","id":"sourceFile"}
{"fileName":"ClientPacketListener.java","id":"sourceFile"}
{"fileName":"ClientRegistryLayer.java","id":"sourceFile"}
{"fileName":"ClientSuggestionProvider.java","id":"sourceFile"}
{"fileName":"ClientSuggestionProvider.java","id":"sourceFile"}
{"fileName":"CommonListenerCookie.java","id":"sourceFile"}
{"fileName":"LegacyServerPinger.java","id":"sourceFile"}
{"fileName":"LegacyServerPinger.java","id":"sourceFile"}
{"fileName":"LevelLoadStatusManager.java","id":"sourceFile"}
{"fileName":"LevelLoadStatusManager.java","id":"sourceFile"}
{"fileName":"LevelLoadStatusManager.java","id":"sourceFile"}
{"fileName":"MultiPlayerGameMode.java","id":"sourceFile"}
{"fileName":"PingDebugMonitor.java","id":"sourceFile"}
{"fileName":"PlayerInfo.java","id":"sourceFile"}
{"fileName":"ProfileKeyPairManager.java","id":"sourceFile"}
{"fileName":"ProfileKeyPairManager.java","id":"sourceFile"}
{"fileName":"ServerData.java","id":"sourceFile"}
{"fileName":"ServerData.java","id":"sourceFile"}
{"fileName":"ServerData.java","id":"sourceFile"}
{"fileName":"ServerList.java","id":"sourceFile"}
{"fileName":"ServerStatusPinger.java","id":"sourceFile"}
{"fileName":"ServerStatusPinger.java","id":"sourceFile"}
{"fileName":"ServerStatusPinger.java","id":"sourceFile"}
{"fileName":"ChatListener.java","id":"sourceFile"}
{"fileName":"ChatListener.java","id":"sourceFile"}
{"fileName":"ChatLog.java","id":"sourceFile"}
{"fileName":"ChatTrustLevel.java","id":"sourceFile"}
{"fileName":"ChatTrustLevel.java","id":"sourceFile"}
{"fileName":"LoggedChatEvent.java","id":"sourceFile"}
{"fileName":"LoggedChatEvent.java","id":"sourceFile"}
{"fileName":"LoggedChatMessage.java","id":"sourceFile"}
{"fileName":"LoggedChatMessage.java","id":"sourceFile"}
{"fileName":"LoggedChatMessage.java","id":"sourceFile"}
{"fileName":"package-info.java","id":"sourceFile"}
{"fileName":"AbuseReportSender.java","id":"sourceFile"}
{"fileName":"AbuseReportSender.java","id":"sourceFile"}
{"fileName":"AbuseReportSender.java","id":"sourceFile"}
{"fileName":"AbuseReportSender.java","id":"sourceFile"}
{"fileName":"BanReason.java","id":"sourceFile"}
{"fileName":"ChatReport.java","id":"sourceFile"}
{"fileName":"ChatReport.java","id":"sourceFile"}
{"fileName":"ChatReportContextBuilder.java","id":"sourceFile"}
{"fileName":"ChatReportContextBuilder.java","id":"sourceFile"}
{"fileName":"ChatReportContextBuilder.java","id":"sourceFile"}
{"fileName":"NameReport.java","id":"sourceFile"}
{"fileName":"NameReport.java","id":"sourceFile"}
{"fileName":"Report.java","id":"sourceFile"}
{"fileName":"Report.java","id":"sourceFile"}
{"fileName":"Report.java","id":"sourceFile"}
{"fileName":"Report.java","id":"sourceFile"}
{"fileName":"ReportEnvironment.java","id":"sourceFile"}
{"fileName":"ReportEnvironment.java","id":"sourceFile"}
{"fileName":"ReportEnvironment.java","id":"sourceFile"}
{"fileName":"ReportEnvironment.java","id":"sourceFile"}
{"fileName":"ReportReason.java","id":"sourceFile"}
{"fileName":"ReportType.java","id":"sourceFile"}
{"fileName":"ReportingContext.java","id":"sourceFile"}
{"fileName":"SkinReport.java","id":"sourceFile"}
{"fileName":"SkinReport.java","id":"sourceFile"}
{"fileName":"package-info.java","id":"sourceFile"}
{"fileName":"package-info.java","id":"sourceFile"}
{"fileName":"BlockStatePredictionHandler.java","id":"sourceFile"}
{"fileName":"BlockStatePredictionHandler.java","id":"sourceFile"}
{"fileName":"PredictiveAction.java","id":"sourceFile"}
{"fileName":"package-info.java","id":"sourceFile"}
{"fileName":"AddressCheck.java","id":"sourceFile"}
{"fileName":"AddressCheck.java","id":"sourceFile"}
{"fileName":"ResolvedServerAddress.java","id":"sourceFile"}
{"fileName":"ResolvedServerAddress.java","id":"sourceFile"}
{"fileName":"ServerAddress.java","id":"sourceFile"}
{"fileName":"ServerAddressResolver.java","id":"sourceFile"}
{"fileName":"ServerNameResolver.java","id":"sourceFile"}
{"fileName":"ServerRedirectHandler.java","id":"sourceFile"}
{"fileName":"package-info.java","id":"sourceFile"}
{"fileName":"package-info.java","id":"sourceFile"}
{"fileName":"AshParticle.java","id":"sourceFile"}
{"fileName":"AshParticle.java","id":"sourceFile"}
{"fileName":"AttackSweepParticle.java","id":"sourceFile"}
{"fileName":"AttackSweepParticle.java","id":"sourceFile"}
{"fileName":"BaseAshSmokeParticle.java","id":"sourceFile"}
{"fileName":"BlockMarker.java","id":"sourceFile"}
{"fileName":"BlockMarker.java","id":"sourceFile"}
{"fileName":"BreakingItemParticle.java","id":"sourceFile"}
{"fileName":"BreakingItemParticle.java","id":"sourceFile"}
{"fileName":"BreakingItemParticle.java","id":"sourceFile"}
{"fileName":"BreakingItemParticle.java","id":"sourceFile"}
{"fileName":"BubbleColumnUpParticle.java","id":"sourceFile"}
{"fileName":"BubbleColumnUpParticle.java","id":"sourceFile"}
{"fileName":"BubbleParticle.java","id":"sourceFile"}
{"fileName":"BubbleParticle.java","id":"sourceFile"}
{"fileName":"BubblePopParticle.java","id":"sourceFile"}
{"fileName":"BubblePopParticle.java","id":"sourceFile"}
{"fileName":"CampfireSmokeParticle.java","id":"sourceFile"}
{"fileName":"CampfireSmokeParticle.java","id":"sourceFile"}
{"fileName":"CampfireSmokeParticle.java","id":"sourceFile"}
{"fileName":"CherryParticle.java","id":"sourceFile"}
{"fileName":"CritParticle.java","id":"sourceFile"}
{"fileName":"CritParticle.java","id":"sourceFile"}
{"fileName":"CritParticle.java","id":"sourceFile"}
{"fileName":"CritParticle.java","id":"sourceFile"}
{"fileName":"DragonBreathParticle.java","id":"sourceFile"}
{"fileName":"DragonBreathParticle.java","id":"sourceFile"}
{"fileName":"DripParticle.java","id":"sourceFile"}
{"fileName":"DripParticle.java","id":"sourceFile"}
{"fileName":"DripParticle.java","id":"sourceFile"}
{"fileName":"DripParticle.java","id":"sourceFile"}
{"fileName":"DripParticle.java","id":"sourceFile"}
{"fileName":"DripParticle.java","id":"sourceFile"}
{"fileName":"DripParticle.java","id":"sourceFile"}
{"fileName":"DripParticle.java","id":"sourceFile"}
{"fileName":"DustColorTransitionParticle.java","id":"sourceFile"}
{"fileName":"DustColorTransitionParticle.java","id":"sourceFile"}
{"fileName":"DustParticle.java","id":"sourceFile"}
{"fileName":"DustParticle.java","id":"sourceFile"}
{"fileName":"DustParticleBase.java","id":"sourceFile"}
{"fileName":"DustPlumeParticle.java","id":"sourceFile"}
{"fileName":"DustPlumeParticle.java","id":"sourceFile"}
{"fileName":"EnchantmentTableParticle.java","id":"sourceFile"}
{"fileName":"EnchantmentTableParticle.java","id":"sourceFile"}
{"fileName":"EnchantmentTableParticle.java","id":"sourceFile"}
{"fileName":"EndRodParticle.java","id":"sourceFile"}
{"fileName":"EndRodParticle.java","id":"sourceFile"}
{"fileName":"ExplodeParticle.java","id":"sourceFile"}
{"fileName":"ExplodeParticle.java","id":"sourceFile"}
{"fileName":"FallingDustParticle.java","id":"sourceFile"}
{"fileName":"FallingDustParticle.java","id":"sourceFile"}
{"fileName":"FireworkParticles.java","id":"sourceFile"}
{"fileName":"FireworkParticles.java","id":"sourceFile"}
{"fileName":"FireworkParticles.java","id":"sourceFile"}
{"fileName":"FireworkParticles.java","id":"sourceFile"}
{"fileName":"FireworkParticles.java","id":"sourceFile"}
{"fileName":"FireworkParticles.java","id":"sourceFile"}
{"fileName":"FireworkParticles.java","id":"sourceFile"}
{"fileName":"FlameParticle.java","id":"sourceFile"}
{"fileName":"FlameParticle.java","id":"sourceFile"}
{"fileName":"FlameParticle.java","id":"sourceFile"}
{"fileName":"GlowParticle.java","id":"sourceFile"}
{"fileName":"GlowParticle.java","id":"sourceFile"}
{"fileName":"GlowParticle.java","id":"sourceFile"}
{"fileName":"GlowParticle.java","id":"sourceFile"}
{"fileName":"GlowParticle.java","id":"sourceFile"}
{"fileName":"GlowParticle.java","id":"sourceFile"}
{"fileName":"GustDustParticle.java","id":"sourceFile"}
{"fileName":"GustDustParticle.java","id":"sourceFile"}
{"fileName":"GustParticle.java","id":"sourceFile"}
{"fileName":"GustParticle.java","id":"sourceFile"}
{"fileName":"GustSeedParticle.java","id":"sourceFile"}
{"fileName":"GustSeedParticle.java","id":"sourceFile"}
{"fileName":"HeartParticle.java","id":"sourceFile"}
{"fileName":"HeartParticle.java","id":"sourceFile"}
{"fileName":"HeartParticle.java","id":"sourceFile"}
{"fileName":"HugeExplosionParticle.java","id":"sourceFile"}
{"fileName":"HugeExplosionParticle.java","id":"sourceFile"}
{"fileName":"HugeExplosionSeedParticle.java","id":"sourceFile"}
{"fileName":"HugeExplosionSeedParticle.java","id":"sourceFile"}
{"fileName":"ItemPickupParticle.java","id":"sourceFile"}
{"fileName":"LargeSmokeParticle.java","id":"sourceFile"}
{"fileName":"LargeSmokeParticle.java","id":"sourceFile"}
{"fileName":"LavaParticle.java","id":"sourceFile"}
{"fileName":"LavaParticle.java","id":"sourceFile"}
{"fileName":"MobAppearanceParticle.java","id":"sourceFile"}
{"fileName":"MobAppearanceParticle.java","id":"sourceFile"}
{"fileName":"NoRenderParticle.java","id":"sourceFile"}
{"fileName":"NoteParticle.java","id":"sourceFile"}
{"fileName":"NoteParticle.java","id":"sourceFile"}
{"fileName":"Particle.java","id":"sourceFile"}
{"fileName":"ParticleDescription.java","id":"sourceFile"}
{"fileName":"ParticleEngine.java","id":"sourceFile"}
{"fileName":"ParticleEngine.java","id":"sourceFile"}
{"fileName":"ParticleEngine.java","id":"sourceFile"}
{"fileName":"ParticleEngine.java","id":"sourceFile"}
{"fileName":"ParticleProvider.java","id":"sourceFile"}
{"fileName":"ParticleProvider.java","id":"sourceFile"}
{"fileName":"ParticleRenderType.java","id":"sourceFile"}
{"fileName":"ParticleRenderType.java","id":"sourceFile"}
{"fileName":"ParticleRenderType.java","id":"sourceFile"}
{"fileName":"ParticleRenderType.java","id":"sourceFile"}
{"fileName":"ParticleRenderType.java","id":"sourceFile"}
{"fileName":"ParticleRenderType.java","id":"sourceFile"}
{"fileName":"ParticleRenderType.java","id":"sourceFile"}
{"fileName":"PlayerCloudParticle.java","id":"sourceFile"}
{"fileName":"PlayerCloudParticle.java","id":"sourceFile"}
{"fileName":"PlayerCloudParticle.java","id":"sourceFile"}
{"fileName":"PortalParticle.java","id":"sourceFile"}
{"fileName":"PortalParticle.java","id":"sourceFile"}
{"fileName":"ReversePortalParticle.java","id":"sourceFile"}
{"fileName":"ReversePortalParticle.java","id":"sourceFile"}
{"fileName":"RisingParticle.java","id":"sourceFile"}
{"fileName":"SculkChargeParticle.java","id":"sourceFile"}
{"fileName":"SculkChargeParticle.java","id":"sourceFile"}
{"fileName":"SculkChargePopParticle.java","id":"sourceFile"}
{"fileName":"SculkChargePopParticle.java","id":"sourceFile"}
{"fileName":"ShriekParticle.java","id":"sourceFile"}
{"fileName":"ShriekParticle.java","id":"sourceFile"}
{"fileName":"SimpleAnimatedParticle.java","id":"sourceFile"}
{"fileName":"SingleQuadParticle.java","id":"sourceFile"}
{"fileName":"SingleQuadParticle.java","id":"sourceFile"}
{"fileName":"SmokeParticle.java","id":"sourceFile"}
{"fileName":"SmokeParticle.java","id":"sourceFile"}
{"fileName":"SnowflakeParticle.java","id":"sourceFile"}
{"fileName":"SnowflakeParticle.java","id":"sourceFile"}
{"fileName":"SonicBoomParticle.java","id":"sourceFile"}
{"fileName":"SonicBoomParticle.java","id":"sourceFile"}
{"fileName":"SoulParticle.java","id":"sourceFile"}
{"fileName":"SoulParticle.java","id":"sourceFile"}
{"fileName":"SoulParticle.java","id":"sourceFile"}
{"fileName":"SpellParticle.java","id":"sourceFile"}
{"fileName":"SpellParticle.java","id":"sourceFile"}
{"fileName":"SpellParticle.java","id":"sourceFile"}
{"fileName":"SpellParticle.java","id":"sourceFile"}
{"fileName":"SpellParticle.java","id":"sourceFile"}
{"fileName":"SpellParticle.java","id":"sourceFile"}
{"fileName":"SpitParticle.java","id":"sourceFile"}
{"fileName":"SpitParticle.java","id":"sourceFile"}
{"fileName":"SplashParticle.java","id":"sourceFile"}
{"fileName":"SplashParticle.java","id":"sourceFile"}
{"fileName":"SpriteSet.java","id":"sourceFile"}
{"fileName":"SquidInkParticle.java","id":"sourceFile"}
{"fileName":"SquidInkParticle.java","id":"sourceFile"}
{"fileName":"SquidInkParticle.java","id":"sourceFile"}
{"fileName":"SuspendedParticle.java","id":"sourceFile"}
{"fileName":"SuspendedParticle.java","id":"sourceFile"}
{"fileName":"SuspendedParticle.java","id":"sourceFile"}
{"fileName":"SuspendedParticle.java","id":"sourceFile"}
{"fileName":"SuspendedParticle.java","id":"sourceFile"}
{"fileName":"SuspendedParticle.java","id":"sourceFile"}
{"fileName":"SuspendedTownParticle.java","id":"sourceFile"}
{"fileName":"SuspendedTownParticle.java","id":"sourceFile"}
{"fileName":"SuspendedTownParticle.java","id":"sourceFile"}
{"fileName":"SuspendedTownParticle.java","id":"sourceFile"}
{"fileName":"SuspendedTownParticle.java","id":"sourceFile"}
{"fileName":"SuspendedTownParticle.java","id":"sourceFile"}
{"fileName":"TerrainParticle.java","id":"sourceFile"}
{"fileName":"TerrainParticle.java","id":"sourceFile"}
{"fileName":"TextureSheetParticle.java","id":"sourceFile"}
{"fileName":"TotemParticle.java","id":"sourceFile"}
{"fileName":"TotemParticle.java","id":"sourceFile"}
{"fileName":"TrackingEmitter.java","id":"sourceFile"}
{"fileName":"TrialSpawnerDetectionParticle.java","id":"sourceFile"}
{"fileName":"TrialSpawnerDetectionParticle.java","id":"sourceFile"}
{"fileName":"VibrationSignalParticle.java","id":"sourceFile"}
{"fileName":"VibrationSignalParticle.java","id":"sourceFile"}
{"fileName":"WakeParticle.java","id":"sourceFile"}
{"fileName":"WakeParticle.java","id":"sourceFile"}
{"fileName":"WaterCurrentDownParticle.java","id":"sourceFile"}
{"fileName":"WaterCurrentDownParticle.java","id":"sourceFile"}
{"fileName":"WaterDropParticle.java","id":"sourceFile"}
{"fileName":"WaterDropParticle.java","id":"sourceFile"}
{"fileName":"WhiteAshParticle.java","id":"sourceFile"}
{"fileName":"WhiteAshParticle.java","id":"sourceFile"}
{"fileName":"WhiteSmokeParticle.java","id":"sourceFile"}
{"fileName":"WhiteSmokeParticle.java","id":"sourceFile"}
{"fileName":"package-info.java","id":"sourceFile"}
{"fileName":"AbstractClientPlayer.java","id":"sourceFile"}
{"fileName":"Input.java","id":"sourceFile"}
{"fileName":"KeyboardInput.java","id":"sourceFile"}
{"fileName":"LocalPlayer.java","id":"sourceFile"}
{"fileName":"RemotePlayer.java","id":"sourceFile"}
{"fileName":"Hotbar.java","id":"sourceFile"}
{"fileName":"package-info.java","id":"sourceFile"}
{"fileName":"package-info.java","id":"sourceFile"}
{"fileName":"ClientMetricsSamplersProvider.java","id":"sourceFile"}
{"fileName":"package-info.java","id":"sourceFile"}
{"fileName":"QuickPlay.java","id":"sourceFile"}
{"fileName":"QuickPlayLog.java","id":"sourceFile"}
{"fileName":"QuickPlayLog.java","id":"sourceFile"}
{"fileName":"QuickPlayLog.java","id":"sourceFile"}
{"fileName":"QuickPlayLog.java","id":"sourceFile"}
{"fileName":"QuickPlayLog.java","id":"sourceFile"}
{"fileName":"package-info.java","id":"sourceFile"}
{"fileName":"BiomeColors.java","id":"sourceFile"}
{"fileName":"BlockEntityWithoutLevelRenderer.java","id":"sourceFile"}
{"fileName":"CubeMap.java","id":"sourceFile"}
{"fileName":"DimensionSpecialEffects.java","id":"sourceFile"}
{"fileName":"DimensionSpecialEffects.java","id":"sourceFile"}
{"fileName":"DimensionSpecialEffects.java","id":"sourceFile"}
{"fileName":"DimensionSpecialEffects.java","id":"sourceFile"}
{"fileName":"DimensionSpecialEffects.java","id":"sourceFile"}
{"fileName":"EffectInstance.java","id":"sourceFile"}
{"fileName":"FaceInfo.java","id":"sourceFile"}
{"fileName":"FaceInfo.java","id":"sourceFile"}
{"fileName":"FaceInfo.java","id":"sourceFile"}
{"fileName":"FogRenderer.java","id":"sourceFile"}
{"fileName":"FogRenderer.java","id":"sourceFile"}
{"fileName":"FogRenderer.java","id":"sourceFile"}
{"fileName":"FogRenderer.java","id":"sourceFile"}
{"fileName":"FogRenderer.java","id":"sourceFile"}
{"fileName":"FogRenderer.java","id":"sourceFile"}
{"fileName":"GameRenderer.java","id":"sourceFile"}
{"fileName":"GameRenderer.java","id":"sourceFile"}
{"fileName":"GameRenderer.java","id":"sourceFile"}
{"fileName":"GpuWarnlistManager.java","id":"sourceFile"}
{"fileName":"GpuWarnlistManager.java","id":"sourceFile"}
{"fileName":"ItemBlockRenderTypes.java","id":"sourceFile"}
{"fileName":"ItemInHandRenderer.java","id":"sourceFile"}
{"fileName":"ItemInHandRenderer.java","id":"sourceFile"}
{"fileName":"ItemInHandRenderer.java","id":"sourceFile"}
{"fileName":"ItemModelShaper.java","id":"sourceFile"}
{"fileName":"LevelRenderer.java","id":"sourceFile"}
{"fileName":"LevelRenderer.java","id":"sourceFile"}
{"fileName":"LightTexture.java","id":"sourceFile"}
{"fileName":"MultiBufferSource.java","id":"sourceFile"}
{"fileName":"MultiBufferSource.java","id":"sourceFile"}
{"fileName":"OutlineBufferSource.java","id":"sourceFile"}
{"fileName":"OutlineBufferSource.java","id":"sourceFile"}
{"fileName":"PanoramaRenderer.java","id":"sourceFile"}
{"fileName":"PostChain.java","id":"sourceFile"}
{"fileName":"PostPass.java","id":"sourceFile"}
{"fileName":"Rect2i.java","id":"sourceFile"}
{"fileName":"RenderBuffers.java","id":"sourceFile"}
{"fileName":"RenderStateShard.java","id":"sourceFile"}
{"fileName":"RenderStateShard.java","id":"sourceFile"}
{"fileName":"RenderStateShard.java","id":"sourceFile"}
{"fileName":"RenderStateShard.java","id":"sourceFile"}
{"fileName":"RenderStateShard.java","id":"sourceFile"}
{"fileName":"RenderStateShard.java","id":"sourceFile"}
{"fileName":"RenderStateShard.java","id":"sourceFile"}
{"fileName":"RenderStateShard.java","id":"sourceFile"}
{"fileName":"RenderStateShard.java","id":"sourceFile"}
{"fileName":"RenderStateShard.java","id":"sourceFile"}
{"fileName":"RenderStateShard.java","id":"sourceFile"}
{"fileName":"RenderStateShard.java","id":"sourceFile"}
{"fileName":"RenderStateShard.java","id":"sourceFile"}
{"fileName":"RenderStateShard.java","id":"sourceFile"}
{"fileName":"RenderStateShard.java","id":"sourceFile"}
{"fileName":"RenderStateShard.java","id":"sourceFile"}
{"fileName":"RenderStateShard.java","id":"sourceFile"}
{"fileName":"RenderStateShard.java","id":"sourceFile"}
{"fileName":"RenderStateShard.java","id":"sourceFile"}
{"fileName":"RenderType.java","id":"sourceFile"}
{"fileName":"RenderType.java","id":"sourceFile"}
{"fileName":"RenderType.java","id":"sourceFile"}
{"fileName":"RenderType.java","id":"sourceFile"}
{"fileName":"RenderType.java","id":"sourceFile"}
{"fileName":"RunningTrimmedMean.java","id":"sourceFile"}
{"fileName":"ScreenEffectRenderer.java","id":"sourceFile"}
{"fileName":"SectionBufferBuilderPack.java","id":"sourceFile"}
{"fileName":"SectionBufferBuilderPool.java","id":"sourceFile"}
{"fileName":"SectionOcclusionGraph.java","id":"sourceFile"}
{"fileName":"SectionOcclusionGraph.java","id":"sourceFile"}
{"fileName":"SectionOcclusionGraph.java","id":"sourceFile"}
{"fileName":"SectionOcclusionGraph.java","id":"sourceFile"}
{"fileName":"SectionOcclusionGraph.java","id":"sourceFile"}
{"fileName":"SectionOcclusionGraph.java","id":"sourceFile"}
{"fileName":"ShaderInstance.java","id":"sourceFile"}
{"fileName":"ShaderInstance.java","id":"sourceFile"}
{"fileName":"Sheets.java","id":"sourceFile"}
{"fileName":"Sheets.java","id":"sourceFile"}
{"fileName":"SpriteCoordinateExpander.java","id":"sourceFile"}
{"fileName":"ViewArea.java","id":"sourceFile"}
{"fileName":"VirtualScreen.java","id":"sourceFile"}
{"fileName":"BlockModelShaper.java","id":"sourceFile"}
{"fileName":"BlockRenderDispatcher.java","id":"sourceFile"}
{"fileName":"BlockRenderDispatcher.java","id":"sourceFile"}
{"fileName":"LiquidBlockRenderer.java","id":"sourceFile"}
{"fileName":"LiquidBlockRenderer.java","id":"sourceFile"}
{"fileName":"ModelBlockRenderer.java","id":"sourceFile"}
{"fileName":"ModelBlockRenderer.java","id":"sourceFile"}
{"fileName":"ModelBlockRenderer.java","id":"sourceFile"}
{"fileName":"ModelBlockRenderer.java","id":"sourceFile"}
{"fileName":"ModelBlockRenderer.java","id":"sourceFile"}
{"fileName":"ModelBlockRenderer.java","id":"sourceFile"}
{"fileName":"ModelBlockRenderer.java","id":"sourceFile"}
{"fileName":"ModelBlockRenderer.java","id":"sourceFile"}
{"fileName":"ModelBlockRenderer.java","id":"sourceFile"}
{"fileName":"BakedQuad.java","id":"sourceFile"}
{"fileName":"BlockElement.java","id":"sourceFile"}
{"fileName":"BlockElement.java","id":"sourceFile"}
{"fileName":"BlockElement.java","id":"sourceFile"}
{"fileName":"BlockElementFace.java","id":"sourceFile"}
{"fileName":"BlockElementFace.java","id":"sourceFile"}
{"fileName":"BlockElementRotation.java","id":"sourceFile"}
{"fileName":"BlockFaceUV.java","id":"sourceFile"}
{"fileName":"BlockFaceUV.java","id":"sourceFile"}
{"fileName":"BlockModel.java","id":"sourceFile"}
{"fileName":"BlockModel.java","id":"sourceFile"}
{"fileName":"BlockModel.java","id":"sourceFile"}
{"fileName":"BlockModel.java","id":"sourceFile"}
{"fileName":"BlockModelDefinition.java","id":"sourceFile"}
{"fileName":"BlockModelDefinition.java","id":"sourceFile"}
{"fileName":"BlockModelDefinition.java","id":"sourceFile"}
{"fileName":"BlockModelDefinition.java","id":"sourceFile"}
{"fileName":"FaceBakery.java","id":"sourceFile"}
{"fileName":"FaceBakery.java","id":"sourceFile"}
{"fileName":"ItemModelGenerator.java","id":"sourceFile"}
{"fileName":"ItemModelGenerator.java","id":"sourceFile"}
{"fileName":"ItemModelGenerator.java","id":"sourceFile"}
{"fileName":"ItemModelGenerator.java","id":"sourceFile"}
{"fileName":"ItemOverride.java","id":"sourceFile"}
{"fileName":"ItemOverride.java","id":"sourceFile"}
{"fileName":"ItemOverride.java","id":"sourceFile"}
{"fileName":"ItemOverrides.java","id":"sourceFile"}
{"fileName":"ItemOverrides.java","id":"sourceFile"}
{"fileName":"ItemOverrides.java","id":"sourceFile"}
{"fileName":"ItemTransform.java","id":"sourceFile"}
{"fileName":"ItemTransform.java","id":"sourceFile"}
{"fileName":"ItemTransforms.java","id":"sourceFile"}
{"fileName":"ItemTransforms.java","id":"sourceFile"}
{"fileName":"ItemTransforms.java","id":"sourceFile"}
{"fileName":"MultiVariant.java","id":"sourceFile"}
{"fileName":"MultiVariant.java","id":"sourceFile"}
{"fileName":"Variant.java","id":"sourceFile"}
{"fileName":"Variant.java","id":"sourceFile"}
{"fileName":"AndCondition.java","id":"sourceFile"}
{"fileName":"Condition.java","id":"sourceFile"}
{"fileName":"KeyValueCondition.java","id":"sourceFile"}
{"fileName":"MultiPart.java","id":"sourceFile"}
{"fileName":"MultiPart.java","id":"sourceFile"}
{"fileName":"OrCondition.java","id":"sourceFile"}
{"fileName":"Selector.java","id":"sourceFile"}
{"fileName":"Selector.java","id":"sourceFile"}
{"fileName":"package-info.java","id":"sourceFile"}
{"fileName":"package-info.java","id":"sourceFile"}
{"fileName":"package-info.java","id":"sourceFile"}
{"fileName":"BannerRenderer.java","id":"sourceFile"}
{"fileName":"BeaconRenderer.java","id":"sourceFile"}
{"fileName":"BedRenderer.java","id":"sourceFile"}
{"fileName":"BellRenderer.java","id":"sourceFile"}
{"fileName":"BlockEntityRenderDispatcher.java","id":"sourceFile"}
{"fileName":"BlockEntityRenderer.java","id":"sourceFile"}
{"fileName":"BlockEntityRendererProvider.java","id":"sourceFile"}
{"fileName":"BlockEntityRendererProvider.java","id":"sourceFile"}
{"fileName":"BlockEntityRenderers.java","id":"sourceFile"}
{"fileName":"BrightnessCombiner.java","id":"sourceFile"}
{"fileName":"BrushableBlockRenderer.java","id":"sourceFile"}
{"fileName":"BrushableBlockRenderer.java","id":"sourceFile"}
{"fileName":"CampfireRenderer.java","id":"sourceFile"}
{"fileName":"ChestRenderer.java","id":"sourceFile"}
{"fileName":"ConduitRenderer.java","id":"sourceFile"}
{"fileName":"DecoratedPotRenderer.java","id":"sourceFile"}
{"fileName":"EnchantTableRenderer.java","id":"sourceFile"}
{"fileName":"HangingSignRenderer.java","id":"sourceFile"}
{"fileName":"HangingSignRenderer.java","id":"sourceFile"}
{"fileName":"LecternRenderer.java","id":"sourceFile"}
{"fileName":"PistonHeadRenderer.java","id":"sourceFile"}
{"fileName":"ShulkerBoxRenderer.java","id":"sourceFile"}
{"fileName":"SignRenderer.java","id":"sourceFile"}
{"fileName":"SignRenderer.java","id":"sourceFile"}
{"fileName":"SkullBlockRenderer.java","id":"sourceFile"}
{"fileName":"SpawnerRenderer.java","id":"sourceFile"}
{"fileName":"StructureBlockRenderer.java","id":"sourceFile"}
{"fileName":"StructureBlockRenderer.java","id":"sourceFile"}
{"fileName":"TheEndGatewayRenderer.java","id":"sourceFile"}
{"fileName":"TheEndPortalRenderer.java","id":"sourceFile"}
{"fileName":"TrialSpawnerRenderer.java","id":"sourceFile"}
{"fileName":"package-info.java","id":"sourceFile"}
{"fileName":"RenderChunk.java","id":"sourceFile"}
{"fileName":"RenderChunkRegion.java","id":"sourceFile"}
{"fileName":"RenderRegionCache.java","id":"sourceFile"}
{"fileName":"RenderRegionCache.java","id":"sourceFile"}
{"fileName":"SectionRenderDispatcher.java","id":"sourceFile"}
{"fileName":"SectionRenderDispatcher.java","id":"sourceFile"}
{"fileName":"SectionRenderDispatcher.java","id":"sourceFile"}
{"fileName":"SectionRenderDispatcher.java","id":"sourceFile"}
{"fileName":"SectionRenderDispatcher.java","id":"sourceFile"}
{"fileName":"SectionRenderDispatcher.java","id":"sourceFile"}
{"fileName":"SectionRenderDispatcher.java","id":"sourceFile"}
{"fileName":"SectionRenderDispatcher.java","id":"sourceFile"}
{"fileName":"SectionRenderDispatcher.java","id":"sourceFile"}
{"fileName":"VisGraph.java","id":"sourceFile"}
{"fileName":"VisGraph.java","id":"sourceFile"}
{"fileName":"VisibilitySet.java","id":"sourceFile"}
{"fileName":"package-info.java","id":"sourceFile"}
{"fileName":"Frustum.java","id":"sourceFile"}
{"fileName":"package-info.java","id":"sourceFile"}
{"fileName":"BeeDebugRenderer.java","id":"sourceFile"}
{"fileName":"BeeDebugRenderer.java","id":"sourceFile"}
{"fileName":"BrainDebugRenderer.java","id":"sourceFile"}
{"fileName":"BrainDebugRenderer.java","id":"sourceFile"}
{"fileName":"BreezeDebugRenderer.java","id":"sourceFile"}
{"fileName":"ChunkBorderRenderer.java","id":"sourceFile"}
{"fileName":"ChunkDebugRenderer.java","id":"sourceFile"}
{"fileName":"ChunkDebugRenderer.java","id":"sourceFile"}
{"fileName":"CollisionBoxRenderer.java","id":"sourceFile"}
{"fileName":"DebugRenderer.java","id":"sourceFile"}
{"fileName":"DebugRenderer.java","id":"sourceFile"}
{"fileName":"GameEventListenerRenderer.java","id":"sourceFile"}
{"fileName":"GameEventListenerRenderer.java","id":"sourceFile"}
{"fileName":"GameEventListenerRenderer.java","id":"sourceFile"}
{"fileName":"GameTestDebugRenderer.java","id":"sourceFile"}
{"fileName":"GameTestDebugRenderer.java","id":"sourceFile"}
{"fileName":"GoalSelectorDebugRenderer.java","id":"sourceFile"}
{"fileName":"GoalSelectorDebugRenderer.java","id":"sourceFile"}
{"fileName":"HeightMapRenderer.java","id":"sourceFile"}
{"fileName":"HeightMapRenderer.java","id":"sourceFile"}
{"fileName":"LightDebugRenderer.java","id":"sourceFile"}
{"fileName":"LightSectionDebugRenderer.java","id":"sourceFile"}
{"fileName":"LightSectionDebugRenderer.java","id":"sourceFile"}
{"fileName":"LightSectionDebugRenderer.java","id":"sourceFile"}
{"fileName":"NeighborsUpdateRenderer.java","id":"sourceFile"}
{"fileName":"PathfindingRenderer.java","id":"sourceFile"}
{"fileName":"RaidDebugRenderer.java","id":"sourceFile"}
{"fileName":"SolidFaceRenderer.java","id":"sourceFile"}
{"fileName":"StructureRenderer.java","id":"sourceFile"}
{"fileName":"SupportBlockRenderer.java","id":"sourceFile"}
{"fileName":"VillageSectionsDebugRenderer.java","id":"sourceFile"}
{"fileName":"WaterDebugRenderer.java","id":"sourceFile"}
{"fileName":"WorldGenAttemptRenderer.java","id":"sourceFile"}
{"fileName":"package-info.java","id":"sourceFile"}
{"fileName":"AbstractHorseRenderer.java","id":"sourceFile"}
{"fileName":"AbstractZombieRenderer.java","id":"sourceFile"}
{"fileName":"AllayRenderer.java","id":"sourceFile"}
{"fileName":"ArmorStandRenderer.java","id":"sourceFile"}
{"fileName":"ArrowRenderer.java","id":"sourceFile"}
{"fileName":"AxolotlRenderer.java","id":"sourceFile"}
{"fileName":"BatRenderer.java","id":"sourceFile"}
{"fileName":"BeeRenderer.java","id":"sourceFile"}
{"fileName":"BlazeRenderer.java","id":"sourceFile"}
{"fileName":"BoatRenderer.java","id":"sourceFile"}
{"fileName":"BreezeRenderer.java","id":"sourceFile"}
{"fileName":"CamelRenderer.java","id":"sourceFile"}
{"fileName":"CatRenderer.java","id":"sourceFile"}
{"fileName":"CaveSpiderRenderer.java","id":"sourceFile"}
{"fileName":"ChestedHorseRenderer.java","id":"sourceFile"}
{"fileName":"ChickenRenderer.java","id":"sourceFile"}
{"fileName":"CodRenderer.java","id":"sourceFile"}
{"fileName":"CowRenderer.java","id":"sourceFile"}
{"fileName":"CreeperRenderer.java","id":"sourceFile"}
{"fileName":"DisplayRenderer.java","id":"sourceFile"}
{"fileName":"DisplayRenderer.java","id":"sourceFile"}
{"fileName":"DisplayRenderer.java","id":"sourceFile"}
{"fileName":"DisplayRenderer.java","id":"sourceFile"}
{"fileName":"DisplayRenderer.java","id":"sourceFile"}
{"fileName":"DolphinRenderer.java","id":"sourceFile"}
{"fileName":"DragonFireballRenderer.java","id":"sourceFile"}
{"fileName":"DrownedRenderer.java","id":"sourceFile"}
{"fileName":"ElderGuardianRenderer.java","id":"sourceFile"}
{"fileName":"EndCrystalRenderer.java","id":"sourceFile"}
{"fileName":"EnderDragonRenderer.java","id":"sourceFile"}
{"fileName":"EnderDragonRenderer.java","id":"sourceFile"}
{"fileName":"EndermanRenderer.java","id":"sourceFile"}
{"fileName":"EndermiteRenderer.java","id":"sourceFile"}
{"fileName":"EntityRenderDispatcher.java","id":"sourceFile"}
{"fileName":"EntityRenderer.java","id":"sourceFile"}
{"fileName":"EntityRendererProvider.java","id":"sourceFile"}
{"fileName":"EntityRendererProvider.java","id":"sourceFile"}
{"fileName":"EntityRenderers.java","id":"sourceFile"}
{"fileName":"EvokerFangsRenderer.java","id":"sourceFile"}
{"fileName":"EvokerRenderer.java","id":"sourceFile"}
{"fileName":"EvokerRenderer.java","id":"sourceFile"}
{"fileName":"ExperienceOrbRenderer.java","id":"sourceFile"}
{"fileName":"FallingBlockRenderer.java","id":"sourceFile"}
{"fileName":"FireworkEntityRenderer.java","id":"sourceFile"}
{"fileName":"FishingHookRenderer.java","id":"sourceFile"}
{"fileName":"FoxRenderer.java","id":"sourceFile"}
{"fileName":"FrogRenderer.java","id":"sourceFile"}
{"fileName":"GhastRenderer.java","id":"sourceFile"}
{"fileName":"GiantMobRenderer.java","id":"sourceFile"}
{"fileName":"GlowSquidRenderer.java","id":"sourceFile"}
{"fileName":"GoatRenderer.java","id":"sourceFile"}
{"fileName":"GuardianRenderer.java","id":"sourceFile"}
{"fileName":"HoglinRenderer.java","id":"sourceFile"}
{"fileName":"HorseRenderer.java","id":"sourceFile"}
{"fileName":"HumanoidMobRenderer.java","id":"sourceFile"}
{"fileName":"HuskRenderer.java","id":"sourceFile"}
{"fileName":"IllagerRenderer.java","id":"sourceFile"}
{"fileName":"IllusionerRenderer.java","id":"sourceFile"}
{"fileName":"IllusionerRenderer.java","id":"sourceFile"}
{"fileName":"IronGolemRenderer.java","id":"sourceFile"}
{"fileName":"ItemEntityRenderer.java","id":"sourceFile"}
{"fileName":"ItemFrameRenderer.java","id":"sourceFile"}
{"fileName":"ItemRenderer.java","id":"sourceFile"}
{"fileName":"LeashKnotRenderer.java","id":"sourceFile"}
{"fileName":"LightningBoltRenderer.java","id":"sourceFile"}
{"fileName":"LivingEntityRenderer.java","id":"sourceFile"}
{"fileName":"LivingEntityRenderer.java","id":"sourceFile"}
{"fileName":"LlamaRenderer.java","id":"sourceFile"}
{"fileName":"LlamaRenderer.java","id":"sourceFile"}
{"fileName":"LlamaSpitRenderer.java","id":"sourceFile"}
{"fileName":"MagmaCubeRenderer.java","id":"sourceFile"}
{"fileName":"MinecartRenderer.java","id":"sourceFile"}
{"fileName":"MobRenderer.java","id":"sourceFile"}
{"fileName":"MushroomCowRenderer.java","id":"sourceFile"}
{"fileName":"NoopRenderer.java","id":"sourceFile"}
{"fileName":"OcelotRenderer.java","id":"sourceFile"}
{"fileName":"PaintingRenderer.java","id":"sourceFile"}
{"fileName":"PandaRenderer.java","id":"sourceFile"}
{"fileName":"ParrotRenderer.java","id":"sourceFile"}
{"fileName":"ParrotRenderer.java","id":"sourceFile"}
{"fileName":"PhantomRenderer.java","id":"sourceFile"}
{"fileName":"PigRenderer.java","id":"sourceFile"}
{"fileName":"PiglinRenderer.java","id":"sourceFile"}
{"fileName":"PillagerRenderer.java","id":"sourceFile"}
{"fileName":"PolarBearRenderer.java","id":"sourceFile"}
{"fileName":"PufferfishRenderer.java","id":"sourceFile"}
{"fileName":"RabbitRenderer.java","id":"sourceFile"}
{"fileName":"RabbitRenderer.java","id":"sourceFile"}
{"fileName":"RavagerRenderer.java","id":"sourceFile"}
{"fileName":"RenderLayerParent.java","id":"sourceFile"}
{"fileName":"SalmonRenderer.java","id":"sourceFile"}
{"fileName":"SheepRenderer.java","id":"sourceFile"}
{"fileName":"ShulkerBulletRenderer.java","id":"sourceFile"}
{"fileName":"ShulkerRenderer.java","id":"sourceFile"}
{"fileName":"SilverfishRenderer.java","id":"sourceFile"}
{"fileName":"SkeletonRenderer.java","id":"sourceFile"}
{"fileName":"SlimeRenderer.java","id":"sourceFile"}
{"fileName":"SnifferRenderer.java","id":"sourceFile"}
{"fileName":"SnowGolemRenderer.java","id":"sourceFile"}
{"fileName":"SpectralArrowRenderer.java","id":"sourceFile"}
{"fileName":"SpiderRenderer.java","id":"sourceFile"}
{"fileName":"SquidRenderer.java","id":"sourceFile"}
{"fileName":"StrayRenderer.java","id":"sourceFile"}
{"fileName":"StriderRenderer.java","id":"sourceFile"}
{"fileName":"TadpoleRenderer.java","id":"sourceFile"}
{"fileName":"ThrownItemRenderer.java","id":"sourceFile"}
{"fileName":"ThrownTridentRenderer.java","id":"sourceFile"}
{"fileName":"TippableArrowRenderer.java","id":"sourceFile"}
{"fileName":"TntMinecartRenderer.java","id":"sourceFile"}
{"fileName":"TntRenderer.java","id":"sourceFile"}
{"fileName":"TropicalFishRenderer.java","id":"sourceFile"}
{"fileName":"TropicalFishRenderer.java","id":"sourceFile"}
{"fileName":"TurtleRenderer.java","id":"sourceFile"}
{"fileName":"UndeadHorseRenderer.java","id":"sourceFile"}
{"fileName":"VexRenderer.java","id":"sourceFile"}
{"fileName":"VillagerRenderer.java","id":"sourceFile"}
{"fileName":"VindicatorRenderer.java","id":"sourceFile"}
{"fileName":"VindicatorRenderer.java","id":"sourceFile"}
{"fileName":"WanderingTraderRenderer.java","id":"sourceFile"}
{"fileName":"WardenRenderer.java","id":"sourceFile"}
{"fileName":"WindChargeRenderer.java","id":"sourceFile"}
{"fileName":"WitchRenderer.java","id":"sourceFile"}
{"fileName":"WitherBossRenderer.java","id":"sourceFile"}
{"fileName":"WitherSkeletonRenderer.java","id":"sourceFile"}
{"fileName":"WitherSkullRenderer.java","id":"sourceFile"}
{"fileName":"WolfRenderer.java","id":"sourceFile"}
{"fileName":"ZoglinRenderer.java","id":"sourceFile"}
{"fileName":"ZombieRenderer.java","id":"sourceFile"}
{"fileName":"ZombieVillagerRenderer.java","id":"sourceFile"}
{"fileName":"ArrowLayer.java","id":"sourceFile"}
{"fileName":"BeeStingerLayer.java","id":"sourceFile"}
{"fileName":"BreezeEyesLayer.java","id":"sourceFile"}
{"fileName":"BreezeWindLayer.java","id":"sourceFile"}
{"fileName":"CapeLayer.java","id":"sourceFile"}
{"fileName":"CarriedBlockLayer.java","id":"sourceFile"}
{"fileName":"CatCollarLayer.java","id":"sourceFile"}
{"fileName":"CreeperPowerLayer.java","id":"sourceFile"}
{"fileName":"CrossedArmsItemLayer.java","id":"sourceFile"}
{"fileName":"CustomHeadLayer.java","id":"sourceFile"}
{"fileName":"Deadmau5EarsLayer.java","id":"sourceFile"}
{"fileName":"DolphinCarryingItemLayer.java","id":"sourceFile"}
{"fileName":"DrownedOuterLayer.java","id":"sourceFile"}
{"fileName":"ElytraLayer.java","id":"sourceFile"}
{"fileName":"EnderEyesLayer.java","id":"sourceFile"}
{"fileName":"EnergySwirlLayer.java","id":"sourceFile"}
{"fileName":"EyesLayer.java","id":"sourceFile"}
{"fileName":"FoxHeldItemLayer.java","id":"sourceFile"}
{"fileName":"HorseArmorLayer.java","id":"sourceFile"}
{"fileName":"HorseMarkingLayer.java","id":"sourceFile"}
{"fileName":"HumanoidArmorLayer.java","id":"sourceFile"}
{"fileName":"HumanoidArmorLayer.java","id":"sourceFile"}
{"fileName":"IronGolemCrackinessLayer.java","id":"sourceFile"}
{"fileName":"IronGolemFlowerLayer.java","id":"sourceFile"}
{"fileName":"ItemInHandLayer.java","id":"sourceFile"}
{"fileName":"LlamaDecorLayer.java","id":"sourceFile"}
{"fileName":"MushroomCowMushroomLayer.java","id":"sourceFile"}
{"fileName":"PandaHoldsItemLayer.java","id":"sourceFile"}
{"fileName":"ParrotOnShoulderLayer.java","id":"sourceFile"}
{"fileName":"PhantomEyesLayer.java","id":"sourceFile"}
{"fileName":"PlayerItemInHandLayer.java","id":"sourceFile"}
{"fileName":"RenderLayer.java","id":"sourceFile"}
{"fileName":"SaddleLayer.java","id":"sourceFile"}
{"fileName":"SheepFurLayer.java","id":"sourceFile"}
{"fileName":"ShulkerHeadLayer.java","id":"sourceFile"}
{"fileName":"SlimeOuterLayer.java","id":"sourceFile"}
{"fileName":"SnowGolemHeadLayer.java","id":"sourceFile"}
{"fileName":"SpiderEyesLayer.java","id":"sourceFile"}
{"fileName":"SpinAttackEffectLayer.java","id":"sourceFile"}
{"fileName":"StrayClothingLayer.java","id":"sourceFile"}
{"fileName":"StuckInBodyLayer.java","id":"sourceFile"}
{"fileName":"TropicalFishPatternLayer.java","id":"sourceFile"}
{"fileName":"TropicalFishPatternLayer.java","id":"sourceFile"}
{"fileName":"VillagerProfessionLayer.java","id":"sourceFile"}
{"fileName":"WardenEmissiveLayer.java","id":"sourceFile"}
{"fileName":"WardenEmissiveLayer.java","id":"sourceFile"}
{"fileName":"WardenEmissiveLayer.java","id":"sourceFile"}
{"fileName":"WitchItemLayer.java","id":"sourceFile"}
{"fileName":"WitherArmorLayer.java","id":"sourceFile"}
{"fileName":"WolfCollarLayer.java","id":"sourceFile"}
{"fileName":"package-info.java","id":"sourceFile"}
{"fileName":"package-info.java","id":"sourceFile"}
{"fileName":"PlayerRenderer.java","id":"sourceFile"}
{"fileName":"package-info.java","id":"sourceFile"}
{"fileName":"ClampedItemPropertyFunction.java","id":"sourceFile"}
{"fileName":"CompassItemPropertyFunction.java","id":"sourceFile"}
{"fileName":"CompassItemPropertyFunction.java","id":"sourceFile"}
{"fileName":"CompassItemPropertyFunction.java","id":"sourceFile"}
{"fileName":"ItemProperties.java","id":"sourceFile"}
{"fileName":"ItemProperties.java","id":"sourceFile"}
{"fileName":"ItemPropertyFunction.java","id":"sourceFile"}
{"fileName":"package-info.java","id":"sourceFile"}
{"fileName":"package-info.java","id":"sourceFile"}
{"fileName":"AbstractTexture.java","id":"sourceFile"}
{"fileName":"Dumpable.java","id":"sourceFile"}
{"fileName":"DynamicTexture.java","id":"sourceFile"}
{"fileName":"HttpTexture.java","id":"sourceFile"}
{"fileName":"MipmapGenerator.java","id":"sourceFile"}
{"fileName":"MissingTextureAtlasSprite.java","id":"sourceFile"}
{"fileName":"OverlayTexture.java","id":"sourceFile"}
{"fileName":"PreloadedTexture.java","id":"sourceFile"}
{"fileName":"SimpleTexture.java","id":"sourceFile"}
{"fileName":"SimpleTexture.java","id":"sourceFile"}
{"fileName":"SpriteContents.java","id":"sourceFile"}
{"fileName":"SpriteContents.java","id":"sourceFile"}
{"fileName":"SpriteContents.java","id":"sourceFile"}
{"fileName":"SpriteContents.java","id":"sourceFile"}
{"fileName":"SpriteContents.java","id":"sourceFile"}
{"fileName":"SpriteLoader.java","id":"sourceFile"}
{"fileName":"SpriteLoader.java","id":"sourceFile"}
{"fileName":"SpriteTicker.java","id":"sourceFile"}
{"fileName":"Stitcher.java","id":"sourceFile"}
{"fileName":"Stitcher.java","id":"sourceFile"}
{"fileName":"Stitcher.java","id":"sourceFile"}
{"fileName":"Stitcher.java","id":"sourceFile"}
{"fileName":"Stitcher.java","id":"sourceFile"}
{"fileName":"StitcherException.java","id":"sourceFile"}
{"fileName":"TextureAtlas.java","id":"sourceFile"}
{"fileName":"TextureAtlasSprite.java","id":"sourceFile"}
{"fileName":"TextureAtlasSprite.java","id":"sourceFile"}
{"fileName":"TextureAtlasSprite.java","id":"sourceFile"}
{"fileName":"TextureManager.java","id":"sourceFile"}
{"fileName":"Tickable.java","id":"sourceFile"}
{"fileName":"SpriteResourceLoader.java","id":"sourceFile"}
{"fileName":"SpriteSource.java","id":"sourceFile"}
{"fileName":"SpriteSource.java","id":"sourceFile"}
{"fileName":"SpriteSource.java","id":"sourceFile"}
{"fileName":"SpriteSourceList.java","id":"sourceFile"}
{"fileName":"SpriteSourceList.java","id":"sourceFile"}
{"fileName":"SpriteSourceType.java","id":"sourceFile"}
{"fileName":"SpriteSources.java","id":"sourceFile"}
{"fileName":"package-info.java","id":"sourceFile"}
{"fileName":"DirectoryLister.java","id":"sourceFile"}
{"fileName":"LazyLoadedImage.java","id":"sourceFile"}
{"fileName":"PalettedPermutations.java","id":"sourceFile"}
{"fileName":"PalettedPermutations.java","id":"sourceFile"}
{"fileName":"SingleFile.java","id":"sourceFile"}
{"fileName":"SourceFilter.java","id":"sourceFile"}
{"fileName":"Unstitcher.java","id":"sourceFile"}
{"fileName":"Unstitcher.java","id":"sourceFile"}
{"fileName":"Unstitcher.java","id":"sourceFile"}
{"fileName":"package-info.java","id":"sourceFile"}
{"fileName":"package-info.java","id":"sourceFile"}
{"fileName":"ClientPackSource.java","id":"sourceFile"}
{"fileName":"DefaultPlayerSkin.java","id":"sourceFile"}
{"fileName":"FoliageColorReloadListener.java","id":"sourceFile"}
{"fileName":"GrassColorReloadListener.java","id":"sourceFile"}
{"fileName":"IndexedAssetSource.java","id":"sourceFile"}
{"fileName":"LegacyStuffWrapper.java","id":"sourceFile"}
{"fileName":"MobEffectTextureManager.java","id":"sourceFile"}
{"fileName":"PaintingTextureManager.java","id":"sourceFile"}
{"fileName":"PlayerSkin.java","id":"sourceFile"}
{"fileName":"PlayerSkin.java","id":"sourceFile"}
{"fileName":"SkinManager.java","id":"sourceFile"}
{"fileName":"SkinManager.java","id":"sourceFile"}
{"fileName":"SkinManager.java","id":"sourceFile"}
{"fileName":"SkinManager.java","id":"sourceFile"}
{"fileName":"SkinManager.java","id":"sourceFile"}
{"fileName":"SplashManager.java","id":"sourceFile"}
{"fileName":"TextureAtlasHolder.java","id":"sourceFile"}
{"fileName":"ClientLanguage.java","id":"sourceFile"}
{"fileName":"FormattedBidiReorder.java","id":"sourceFile"}
{"fileName":"I18n.java","id":"sourceFile"}
{"fileName":"LanguageInfo.java","id":"sourceFile"}
{"fileName":"LanguageManager.java","id":"sourceFile"}
{"fileName":"package-info.java","id":"sourceFile"}
{"fileName":"AnimationFrame.java","id":"sourceFile"}
{"fileName":"AnimationMetadataSection.java","id":"sourceFile"}
{"fileName":"AnimationMetadataSection.java","id":"sourceFile"}
{"fileName":"AnimationMetadataSection.java","id":"sourceFile"}
{"fileName":"AnimationMetadataSectionSerializer.java","id":"sourceFile"}
{"fileName":"FrameSize.java","id":"sourceFile"}
{"fileName":"VillagerMetaDataSection.java","id":"sourceFile"}
{"fileName":"VillagerMetaDataSection.java","id":"sourceFile"}
{"fileName":"VillagerMetadataSectionSerializer.java","id":"sourceFile"}
{"fileName":"package-info.java","id":"sourceFile"}
{"fileName":"GuiMetadataSection.java","id":"sourceFile"}
{"fileName":"GuiSpriteScaling.java","id":"sourceFile"}
{"fileName":"GuiSpriteScaling.java","id":"sourceFile"}
{"fileName":"GuiSpriteScaling.java","id":"sourceFile"}
{"fileName":"GuiSpriteScaling.java","id":"sourceFile"}
{"fileName":"GuiSpriteScaling.java","id":"sourceFile"}
{"fileName":"GuiSpriteScaling.java","id":"sourceFile"}
{"fileName":"package-info.java","id":"sourceFile"}
{"fileName":"LanguageMetadataSection.java","id":"sourceFile"}
{"fileName":"package-info.java","id":"sourceFile"}
{"fileName":"package-info.java","id":"sourceFile"}
{"fileName":"TextureMetadataSection.java","id":"sourceFile"}
{"fileName":"TextureMetadataSectionSerializer.java","id":"sourceFile"}
{"fileName":"package-info.java","id":"sourceFile"}
{"fileName":"AtlasSet.java","id":"sourceFile"}
{"fileName":"AtlasSet.java","id":"sourceFile"}
{"fileName":"AtlasSet.java","id":"sourceFile"}
{"fileName":"BakedModel.java","id":"sourceFile"}
{"fileName":"BlockModelRotation.java","id":"sourceFile"}
{"fileName":"BuiltInModel.java","id":"sourceFile"}
{"fileName":"Material.java","id":"sourceFile"}
{"fileName":"ModelBaker.java","id":"sourceFile"}
{"fileName":"ModelBakery.java","id":"sourceFile"}
{"fileName":"ModelBakery.java","id":"sourceFile"}
{"fileName":"ModelBakery.java","id":"sourceFile"}
{"fileName":"ModelBakery.java","id":"sourceFile"}
{"fileName":"ModelBakery.java","id":"sourceFile"}
{"fileName":"ModelBakery.java","id":"sourceFile"}
{"fileName":"ModelManager.java","id":"sourceFile"}
{"fileName":"ModelManager.java","id":"sourceFile"}
{"fileName":"ModelResourceLocation.java","id":"sourceFile"}
{"fileName":"ModelState.java","id":"sourceFile"}
{"fileName":"MultiPartBakedModel.java","id":"sourceFile"}
{"fileName":"MultiPartBakedModel.java","id":"sourceFile"}
{"fileName":"SimpleBakedModel.java","id":"sourceFile"}
{"fileName":"SimpleBakedModel.java","id":"sourceFile"}
{"fileName":"UnbakedModel.java","id":"sourceFile"}
{"fileName":"WeightedBakedModel.java","id":"sourceFile"}
{"fileName":"WeightedBakedModel.java","id":"sourceFile"}
{"fileName":"package-info.java","id":"sourceFile"}
{"fileName":"package-info.java","id":"sourceFile"}
{"fileName":"DownloadedPackSource.java","id":"sourceFile"}
{"fileName":"DownloadedPackSource.java","id":"sourceFile"}
{"fileName":"DownloadedPackSource.java","id":"sourceFile"}
{"fileName":"DownloadedPackSource.java","id":"sourceFile"}
{"fileName":"DownloadedPackSource.java","id":"sourceFile"}
{"fileName":"DownloadedPackSource.java","id":"sourceFile"}
{"fileName":"DownloadedPackSource.java","id":"sourceFile"}
{"fileName":"DownloadedPackSource.java","id":"sourceFile"}
{"fileName":"DownloadedPackSource.java","id":"sourceFile"}
{"fileName":"PackDownloader.java","id":"sourceFile"}
{"fileName":"PackLoadFeedback.java","id":"sourceFile"}
{"fileName":"PackLoadFeedback.java","id":"sourceFile"}
{"fileName":"PackLoadFeedback.java","id":"sourceFile"}
{"fileName":"PackReloadConfig.java","id":"sourceFile"}
{"fileName":"PackReloadConfig.java","id":"sourceFile"}
{"fileName":"PackReloadConfig.java","id":"sourceFile"}
{"fileName":"ServerPackManager.java","id":"sourceFile"}
{"fileName":"ServerPackManager.java","id":"sourceFile"}
{"fileName":"ServerPackManager.java","id":"sourceFile"}
{"fileName":"ServerPackManager.java","id":"sourceFile"}
{"fileName":"ServerPackManager.java","id":"sourceFile"}
{"fileName":"ServerPackManager.java","id":"sourceFile"}
{"fileName":"ServerPackManager.java","id":"sourceFile"}
{"fileName":"ServerPackManager.java","id":"sourceFile"}
{"fileName":"package-info.java","id":"sourceFile"}
{"fileName":"AbstractSoundInstance.java","id":"sourceFile"}
{"fileName":"AbstractTickableSoundInstance.java","id":"sourceFile"}
{"fileName":"AmbientSoundHandler.java","id":"sourceFile"}
{"fileName":"BeeAggressiveSoundInstance.java","id":"sourceFile"}
{"fileName":"BeeFlyingSoundInstance.java","id":"sourceFile"}
{"fileName":"BeeSoundInstance.java","id":"sourceFile"}
{"fileName":"BiomeAmbientSoundsHandler.java","id":"sourceFile"}
{"fileName":"BiomeAmbientSoundsHandler.java","id":"sourceFile"}
{"fileName":"BubbleColumnAmbientSoundHandler.java","id":"sourceFile"}
{"fileName":"ElytraOnPlayerSoundInstance.java","id":"sourceFile"}
{"fileName":"EntityBoundSoundInstance.java","id":"sourceFile"}
{"fileName":"GuardianAttackSoundInstance.java","id":"sourceFile"}
{"fileName":"MinecartSoundInstance.java","id":"sourceFile"}
{"fileName":"RidingMinecartSoundInstance.java","id":"sourceFile"}
{"fileName":"SimpleSoundInstance.java","id":"sourceFile"}
{"fileName":"SnifferSoundInstance.java","id":"sourceFile"}
{"fileName":"Sound.java","id":"sourceFile"}
{"fileName":"Sound.java","id":"sourceFile"}
{"fileName":"SoundEventRegistration.java","id":"sourceFile"}
{"fileName":"SoundEventRegistrationSerializer.java","id":"sourceFile"}
{"fileName":"SoundInstance.java","id":"sourceFile"}
{"fileName":"SoundInstance.java","id":"sourceFile"}
{"fileName":"TickableSoundInstance.java","id":"sourceFile"}
{"fileName":"UnderwaterAmbientSoundHandler.java","id":"sourceFile"}
{"fileName":"UnderwaterAmbientSoundInstances.java","id":"sourceFile"}
{"fileName":"UnderwaterAmbientSoundInstances.java","id":"sourceFile"}
{"fileName":"UnderwaterAmbientSoundInstances.java","id":"sourceFile"}
{"fileName":"package-info.java","id":"sourceFile"}
{"fileName":"FullTextSearchTree.java","id":"sourceFile"}
{"fileName":"IdSearchTree.java","id":"sourceFile"}
{"fileName":"IntersectionIterator.java","id":"sourceFile"}
{"fileName":"MergingUniqueIterator.java","id":"sourceFile"}
{"fileName":"PlainTextSearchTree.java","id":"sourceFile"}
{"fileName":"RefreshableSearchTree.java","id":"sourceFile"}
{"fileName":"ResourceLocationSearchTree.java","id":"sourceFile"}
{"fileName":"ResourceLocationSearchTree.java","id":"sourceFile"}
{"fileName":"ResourceLocationSearchTree.java","id":"sourceFile"}
{"fileName":"SearchRegistry.java","id":"sourceFile"}
{"fileName":"SearchRegistry.java","id":"sourceFile"}
{"fileName":"SearchRegistry.java","id":"sourceFile"}
{"fileName":"SearchRegistry.java","id":"sourceFile"}
{"fileName":"SearchTree.java","id":"sourceFile"}
{"fileName":"SuffixArray.java","id":"sourceFile"}
{"fileName":"package-info.java","id":"sourceFile"}
{"fileName":"IntegratedPlayerList.java","id":"sourceFile"}
{"fileName":"IntegratedServer.java","id":"sourceFile"}
{"fileName":"LanServer.java","id":"sourceFile"}
{"fileName":"LanServerDetection.java","id":"sourceFile"}
{"fileName":"LanServerDetection.java","id":"sourceFile"}
{"fileName":"LanServerDetection.java","id":"sourceFile"}
{"fileName":"LanServerPinger.java","id":"sourceFile"}
{"fileName":"package-info.java","id":"sourceFile"}
{"fileName":"AudioStream.java","id":"sourceFile"}
{"fileName":"ChannelAccess.java","id":"sourceFile"}
{"fileName":"ChannelAccess.java","id":"sourceFile"}
{"fileName":"LoopingAudioStream.java","id":"sourceFile"}
{"fileName":"LoopingAudioStream.java","id":"sourceFile"}
{"fileName":"LoopingAudioStream.java","id":"sourceFile"}
{"fileName":"MusicManager.java","id":"sourceFile"}
{"fileName":"SoundBufferLibrary.java","id":"sourceFile"}
{"fileName":"SoundEngine.java","id":"sourceFile"}
{"fileName":"SoundEngine.java","id":"sourceFile"}
{"fileName":"SoundEngineExecutor.java","id":"sourceFile"}
{"fileName":"SoundEventListener.java","id":"sourceFile"}
{"fileName":"SoundManager.java","id":"sourceFile"}
{"fileName":"SoundManager.java","id":"sourceFile"}
{"fileName":"SoundManager.java","id":"sourceFile"}
{"fileName":"SoundManager.java","id":"sourceFile"}
{"fileName":"SoundManager.java","id":"sourceFile"}
{"fileName":"WeighedSoundEvents.java","id":"sourceFile"}
{"fileName":"Weighted.java","id":"sourceFile"}
{"fileName":"package-info.java","id":"sourceFile"}
{"fileName":"ClientTelemetryManager.java","id":"sourceFile"}
{"fileName":"TelemetryEventInstance.java","id":"sourceFile"}
{"fileName":"TelemetryEventLog.java","id":"sourceFile"}
{"fileName":"TelemetryEventLogger.java","id":"sourceFile"}
{"fileName":"TelemetryEventSender.java","id":"sourceFile"}
{"fileName":"TelemetryEventType.java","id":"sourceFile"}
{"fileName":"TelemetryEventType.java","id":"sourceFile"}
{"fileName":"TelemetryLogManager.java","id":"sourceFile"}
{"fileName":"TelemetryProperty.java","id":"sourceFile"}
{"fileName":"TelemetryProperty.java","id":"sourceFile"}
{"fileName":"TelemetryProperty.java","id":"sourceFile"}
{"fileName":"TelemetryProperty.java","id":"sourceFile"}
{"fileName":"TelemetryPropertyMap.java","id":"sourceFile"}
{"fileName":"TelemetryPropertyMap.java","id":"sourceFile"}
{"fileName":"TelemetryPropertyMap.java","id":"sourceFile"}
{"fileName":"WorldSessionTelemetryManager.java","id":"sourceFile"}
{"fileName":"AggregatedTelemetryEvent.java","id":"sourceFile"}
{"fileName":"GameLoadTimesEvent.java","id":"sourceFile"}
{"fileName":"GameLoadTimesEvent.java","id":"sourceFile"}
{"fileName":"PerformanceMetricsEvent.java","id":"sourceFile"}
{"fileName":"WorldLoadEvent.java","id":"sourceFile"}
{"fileName":"WorldLoadEvent.java","id":"sourceFile"}
{"fileName":"WorldLoadTimesEvent.java","id":"sourceFile"}
{"fileName":"WorldUnloadEvent.java","id":"sourceFile"}
{"fileName":"package-info.java","id":"sourceFile"}
{"fileName":"package-info.java","id":"sourceFile"}
{"fileName":"BundleTutorial.java","id":"sourceFile"}
{"fileName":"CompletedTutorialStepInstance.java","id":"sourceFile"}
{"fileName":"CraftPlanksTutorialStep.java","id":"sourceFile"}
{"fileName":"FindTreeTutorialStepInstance.java","id":"sourceFile"}
{"fileName":"MovementTutorialStepInstance.java","id":"sourceFile"}
{"fileName":"OpenInventoryTutorialStep.java","id":"sourceFile"}
{"fileName":"PunchTreeTutorialStepInstance.java","id":"sourceFile"}
{"fileName":"Tutorial.java","id":"sourceFile"}
{"fileName":"Tutorial.java","id":"sourceFile"}
{"fileName":"TutorialStepInstance.java","id":"sourceFile"}
{"fileName":"TutorialSteps.java","id":"sourceFile"}
{"fileName":"package-info.java","id":"sourceFile"}
{"fileName":"BrigadierExceptions.java","id":"sourceFile"}
{"fileName":"CacheableFunction.java","id":"sourceFile"}
{"fileName":"CommandBuildContext.java","id":"sourceFile"}
{"fileName":"CommandBuildContext.java","id":"sourceFile"}
{"fileName":"CommandBuildContext.java","id":"sourceFile"}
{"fileName":"CommandBuildContext.java","id":"sourceFile"}
{"fileName":"CommandBuildContext.java","id":"sourceFile"}
{"fileName":"CommandBuildContext.java","id":"sourceFile"}
{"fileName":"CommandBuildContext.java","id":"sourceFile"}
{"fileName":"CommandResultCallback.java","id":"sourceFile"}
{"fileName":"CommandResultCallback.java","id":"sourceFile"}
{"fileName":"CommandSigningContext.java","id":"sourceFile"}
{"fileName":"CommandSigningContext.java","id":"sourceFile"}
{"fileName":"CommandSigningContext.java","id":"sourceFile"}
{"fileName":"CommandSource.java","id":"sourceFile"}
{"fileName":"CommandSource.java","id":"sourceFile"}
{"fileName":"CommandSourceStack.java","id":"sourceFile"}
{"fileName":"Commands.java","id":"sourceFile"}
{"fileName":"Commands.java","id":"sourceFile"}
{"fileName":"Commands.java","id":"sourceFile"}
{"fileName":"Commands.java","id":"sourceFile"}
{"fileName":"Commands.java","id":"sourceFile"}
{"fileName":"ExecutionCommandSource.java","id":"sourceFile"}
{"fileName":"FunctionInstantiationException.java","id":"sourceFile"}
{"fileName":"ParserUtils.java","id":"sourceFile"}
{"fileName":"SharedSuggestionProvider.java","id":"sourceFile"}
{"fileName":"SharedSuggestionProvider.java","id":"sourceFile"}
{"fileName":"SharedSuggestionProvider.java","id":"sourceFile"}
{"fileName":"AngleArgument.java","id":"sourceFile"}
{"fileName":"AngleArgument.java","id":"sourceFile"}
{"fileName":"ArgumentSignatures.java","id":"sourceFile"}
{"fileName":"ArgumentSignatures.java","id":"sourceFile"}
{"fileName":"ArgumentSignatures.java","id":"sourceFile"}
{"fileName":"ColorArgument.java","id":"sourceFile"}
{"fileName":"ComponentArgument.java","id":"sourceFile"}
{"fileName":"CompoundTagArgument.java","id":"sourceFile"}
{"fileName":"DimensionArgument.java","id":"sourceFile"}
{"fileName":"EntityAnchorArgument.java","id":"sourceFile"}
{"fileName":"EntityAnchorArgument.java","id":"sourceFile"}
{"fileName":"EntityArgument.java","id":"sourceFile"}
{"fileName":"EntityArgument.java","id":"sourceFile"}
{"fileName":"EntityArgument.java","id":"sourceFile"}
{"fileName":"GameModeArgument.java","id":"sourceFile"}
{"fileName":"GameProfileArgument.java","id":"sourceFile"}
{"fileName":"GameProfileArgument.java","id":"sourceFile"}
{"fileName":"GameProfileArgument.java","id":"sourceFile"}
{"fileName":"HeightmapTypeArgument.java","id":"sourceFile"}
{"fileName":"MessageArgument.java","id":"sourceFile"}
{"fileName":"MessageArgument.java","id":"sourceFile"}
{"fileName":"MessageArgument.java","id":"sourceFile"}
{"fileName":"NbtPathArgument.java","id":"sourceFile"}
{"fileName":"NbtPathArgument.java","id":"sourceFile"}
{"fileName":"NbtPathArgument.java","id":"sourceFile"}
{"fileName":"NbtPathArgument.java","id":"sourceFile"}
{"fileName":"NbtPathArgument.java","id":"sourceFile"}
{"fileName":"NbtPathArgument.java","id":"sourceFile"}
{"fileName":"NbtPathArgument.java","id":"sourceFile"}
{"fileName":"NbtPathArgument.java","id":"sourceFile"}
{"fileName":"NbtPathArgument.java","id":"sourceFile"}
{"fileName":"NbtTagArgument.java","id":"sourceFile"}
{"fileName":"ObjectiveArgument.java","id":"sourceFile"}
{"fileName":"ObjectiveCriteriaArgument.java","id":"sourceFile"}
{"fileName":"OperationArgument.java","id":"sourceFile"}
{"fileName":"OperationArgument.java","id":"sourceFile"}
{"fileName":"OperationArgument.java","id":"sourceFile"}
{"fileName":"ParticleArgument.java","id":"sourceFile"}
{"fileName":"RangeArgument.java","id":"sourceFile"}
{"fileName":"RangeArgument.java","id":"sourceFile"}
{"fileName":"RangeArgument.java","id":"sourceFile"}
{"fileName":"ResourceArgument.java","id":"sourceFile"}
{"fileName":"ResourceArgument.java","id":"sourceFile"}
{"fileName":"ResourceArgument.java","id":"sourceFile"}
{"fileName":"ResourceKeyArgument.java","id":"sourceFile"}
{"fileName":"ResourceKeyArgument.java","id":"sourceFile"}
{"fileName":"ResourceKeyArgument.java","id":"sourceFile"}
{"fileName":"ResourceLocationArgument.java","id":"sourceFile"}
{"fileName":"ResourceOrTagArgument.java","id":"sourceFile"}
{"fileName":"ResourceOrTagArgument.java","id":"sourceFile"}
{"fileName":"ResourceOrTagArgument.java","id":"sourceFile"}
{"fileName":"ResourceOrTagArgument.java","id":"sourceFile"}
{"fileName":"ResourceOrTagArgument.java","id":"sourceFile"}
{"fileName":"ResourceOrTagArgument.java","id":"sourceFile"}
{"fileName":"ResourceOrTagKeyArgument.java","id":"sourceFile"}
{"fileName":"ResourceOrTagKeyArgument.java","id":"sourceFile"}
{"fileName":"ResourceOrTagKeyArgument.java","id":"sourceFile"}
{"fileName":"ResourceOrTagKeyArgument.java","id":"sourceFile"}
{"fileName":"ResourceOrTagKeyArgument.java","id":"sourceFile"}
{"fileName":"ResourceOrTagKeyArgument.java","id":"sourceFile"}
{"fileName":"ScoreHolderArgument.java","id":"sourceFile"}
{"fileName":"ScoreHolderArgument.java","id":"sourceFile"}
{"fileName":"ScoreHolderArgument.java","id":"sourceFile"}
{"fileName":"ScoreHolderArgument.java","id":"sourceFile"}
{"fileName":"ScoreHolderArgument.java","id":"sourceFile"}
{"fileName":"ScoreboardSlotArgument.java","id":"sourceFile"}
{"fileName":"SignedArgument.java","id":"sourceFile"}
{"fileName":"SlotArgument.java","id":"sourceFile"}
{"fileName":"StringRepresentableArgument.java","id":"sourceFile"}
{"fileName":"StyleArgument.java","id":"sourceFile"}
{"fileName":"TeamArgument.java","id":"sourceFile"}
{"fileName":"TemplateMirrorArgument.java","id":"sourceFile"}
{"fileName":"TemplateRotationArgument.java","id":"sourceFile"}
{"fileName":"TimeArgument.java","id":"sourceFile"}
{"fileName":"TimeArgument.java","id":"sourceFile"}
{"fileName":"TimeArgument.java","id":"sourceFile"}
{"fileName":"UuidArgument.java","id":"sourceFile"}
{"fileName":"BlockInput.java","id":"sourceFile"}
{"fileName":"BlockPredicateArgument.java","id":"sourceFile"}
{"fileName":"BlockPredicateArgument.java","id":"sourceFile"}
{"fileName":"BlockPredicateArgument.java","id":"sourceFile"}
{"fileName":"BlockPredicateArgument.java","id":"sourceFile"}
{"fileName":"BlockStateArgument.java","id":"sourceFile"}
{"fileName":"BlockStateParser.java","id":"sourceFile"}
{"fileName":"BlockStateParser.java","id":"sourceFile"}
{"fileName":"BlockStateParser.java","id":"sourceFile"}
{"fileName":"package-info.java","id":"sourceFile"}
{"fileName":"BlockPosArgument.java","id":"sourceFile"}
{"fileName":"ColumnPosArgument.java","id":"sourceFile"}
{"fileName":"Coordinates.java","id":"sourceFile"}
{"fileName":"LocalCoordinates.java","id":"sourceFile"}
{"fileName":"RotationArgument.java","id":"sourceFile"}
{"fileName":"SwizzleArgument.java","id":"sourceFile"}
{"fileName":"Vec2Argument.java","id":"sourceFile"}
{"fileName":"Vec3Argument.java","id":"sourceFile"}
{"fileName":"WorldCoordinate.java","id":"sourceFile"}
{"fileName":"WorldCoordinates.java","id":"sourceFile"}
{"fileName":"package-info.java","id":"sourceFile"}
{"fileName":"FunctionArgument.java","id":"sourceFile"}
{"fileName":"FunctionArgument.java","id":"sourceFile"}
{"fileName":"FunctionArgument.java","id":"sourceFile"}
{"fileName":"FunctionArgument.java","id":"sourceFile"}
{"fileName":"ItemArgument.java","id":"sourceFile"}
{"fileName":"ItemInput.java","id":"sourceFile"}
{"fileName":"ItemParser.java","id":"sourceFile"}
{"fileName":"ItemParser.java","id":"sourceFile"}
{"fileName":"ItemParser.java","id":"sourceFile"}
{"fileName":"ItemPredicateArgument.java","id":"sourceFile"}
{"fileName":"ItemPredicateArgument.java","id":"sourceFile"}
{"fileName":"package-info.java","id":"sourceFile"}
{"fileName":"package-info.java","id":"sourceFile"}
{"fileName":"EntitySelector.java","id":"sourceFile"}
{"fileName":"EntitySelector.java","id":"sourceFile"}
{"fileName":"EntitySelectorParser.java","id":"sourceFile"}
{"fileName":"EntitySelectorOptions.java","id":"sourceFile"}
{"fileName":"EntitySelectorOptions.java","id":"sourceFile"}
{"fileName":"EntitySelectorOptions.java","id":"sourceFile"}
{"fileName":"package-info.java","id":"sourceFile"}
{"fileName":"package-info.java","id":"sourceFile"}
{"fileName":"ChainModifiers.java","id":"sourceFile"}
{"fileName":"CommandQueueEntry.java","id":"sourceFile"}
{"fileName":"CustomCommandExecutor.java","id":"sourceFile"}
{"fileName":"CustomCommandExecutor.java","id":"sourceFile"}
{"fileName":"CustomCommandExecutor.java","id":"sourceFile"}
{"fileName":"CustomModifierExecutor.java","id":"sourceFile"}
{"fileName":"CustomModifierExecutor.java","id":"sourceFile"}
{"fileName":"EntryAction.java","id":"sourceFile"}
{"fileName":"ExecutionContext.java","id":"sourceFile"}
{"fileName":"ExecutionControl.java","id":"sourceFile"}
{"fileName":"ExecutionControl.java","id":"sourceFile"}
{"fileName":"Frame.java","id":"sourceFile"}
{"fileName":"Frame.java","id":"sourceFile"}
{"fileName":"TraceCallbacks.java","id":"sourceFile"}
{"fileName":"UnboundEntryAction.java","id":"sourceFile"}
{"fileName":"package-info.java","id":"sourceFile"}
{"fileName":"BuildContexts.java","id":"sourceFile"}
{"fileName":"BuildContexts.java","id":"sourceFile"}
{"fileName":"BuildContexts.java","id":"sourceFile"}
{"fileName":"BuildContexts.java","id":"sourceFile"}
{"fileName":"CallFunction.java","id":"sourceFile"}
{"fileName":"ContinuationTask.java","id":"sourceFile"}
{"fileName":"ContinuationTask.java","id":"sourceFile"}
{"fileName":"ExecuteCommand.java","id":"sourceFile"}
{"fileName":"FallthroughTask.java","id":"sourceFile"}
{"fileName":"IsolatedCall.java","id":"sourceFile"}
{"fileName":"package-info.java","id":"sourceFile"}
{"fileName":"CommandFunction.java","id":"sourceFile"}
{"fileName":"FunctionBuilder.java","id":"sourceFile"}
{"fileName":"InstantiatedFunction.java","id":"sourceFile"}
{"fileName":"MacroFunction.java","id":"sourceFile"}
{"fileName":"MacroFunction.java","id":"sourceFile"}
{"fileName":"MacroFunction.java","id":"sourceFile"}
{"fileName":"MacroFunction.java","id":"sourceFile"}
{"fileName":"PlainTextFunction.java","id":"sourceFile"}
{"fileName":"StringTemplate.java","id":"sourceFile"}
{"fileName":"package-info.java","id":"sourceFile"}
{"fileName":"package-info.java","id":"sourceFile"}
{"fileName":"ArgumentTypeInfo.java","id":"sourceFile"}
{"fileName":"ArgumentTypeInfo.java","id":"sourceFile"}
{"fileName":"ArgumentTypeInfos.java","id":"sourceFile"}
{"fileName":"ArgumentUtils.java","id":"sourceFile"}
{"fileName":"SingletonArgumentInfo.java","id":"sourceFile"}
{"fileName":"SingletonArgumentInfo.java","id":"sourceFile"}
{"fileName":"SuggestionProviders.java","id":"sourceFile"}
{"fileName":"SuggestionProviders.java","id":"sourceFile"}
{"fileName":"DoubleArgumentInfo.java","id":"sourceFile"}
{"fileName":"DoubleArgumentInfo.java","id":"sourceFile"}
{"fileName":"FloatArgumentInfo.java","id":"sourceFile"}
{"fileName":"FloatArgumentInfo.java","id":"sourceFile"}
{"fileName":"IntegerArgumentInfo.java","id":"sourceFile"}
{"fileName":"IntegerArgumentInfo.java","id":"sourceFile"}
{"fileName":"LongArgumentInfo.java","id":"sourceFile"}
{"fileName":"LongArgumentInfo.java","id":"sourceFile"}
{"fileName":"StringArgumentSerializer.java","id":"sourceFile"}
{"fileName":"StringArgumentSerializer.java","id":"sourceFile"}
{"fileName":"StringArgumentSerializer.java","id":"sourceFile"}
{"fileName":"package-info.java","id":"sourceFile"}
{"fileName":"package-info.java","id":"sourceFile"}
{"fileName":"AxisCycle.java","id":"sourceFile"}
{"fileName":"AxisCycle.java","id":"sourceFile"}
{"fileName":"AxisCycle.java","id":"sourceFile"}
{"fileName":"AxisCycle.java","id":"sourceFile"}
{"fileName":"BlockMath.java","id":"sourceFile"}
{"fileName":"BlockPos.java","id":"sourceFile"}
{"fileName":"BlockPos.java","id":"sourceFile"}
{"fileName":"BlockPos.java","id":"sourceFile"}
{"fileName":"BlockPos.java","id":"sourceFile"}
{"fileName":"BlockPos.java","id":"sourceFile"}
{"fileName":"BlockPos.java","id":"sourceFile"}
{"fileName":"BlockPos.java","id":"sourceFile"}
{"fileName":"Cloner.java","id":"sourceFile"}
{"fileName":"Cloner.java","id":"sourceFile"}
{"fileName":"Cursor3D.java","id":"sourceFile"}
{"fileName":"DefaultedMappedRegistry.java","id":"sourceFile"}
{"fileName":"DefaultedRegistry.java","id":"sourceFile"}
{"fileName":"Direction.java","id":"sourceFile"}
{"fileName":"Direction.java","id":"sourceFile"}
{"fileName":"Direction.java","id":"sourceFile"}
{"fileName":"Direction.java","id":"sourceFile"}
{"fileName":"Direction.java","id":"sourceFile"}
{"fileName":"Direction.java","id":"sourceFile"}
{"fileName":"Direction.java","id":"sourceFile"}
{"fileName":"Direction.java","id":"sourceFile"}
{"fileName":"Direction8.java","id":"sourceFile"}
{"fileName":"FrontAndTop.java","id":"sourceFile"}
{"fileName":"GlobalPos.java","id":"sourceFile"}
{"fileName":"Holder.java","id":"sourceFile"}
{"fileName":"Holder.java","id":"sourceFile"}
{"fileName":"Holder.java","id":"sourceFile"}
{"fileName":"Holder.java","id":"sourceFile"}
{"fileName":"Holder.java","id":"sourceFile"}
{"fileName":"HolderGetter.java","id":"sourceFile"}
{"fileName":"HolderGetter.java","id":"sourceFile"}
{"fileName":"HolderLookup.java","id":"sourceFile"}
{"fileName":"HolderLookup.java","id":"sourceFile"}
{"fileName":"HolderLookup.java","id":"sourceFile"}
{"fileName":"HolderLookup.java","id":"sourceFile"}
{"fileName":"HolderLookup.java","id":"sourceFile"}
{"fileName":"HolderLookup.java","id":"sourceFile"}
{"fileName":"HolderLookup.java","id":"sourceFile"}
{"fileName":"HolderLookup.java","id":"sourceFile"}
{"fileName":"HolderOwner.java","id":"sourceFile"}
{"fileName":"HolderSet.java","id":"sourceFile"}
{"fileName":"HolderSet.java","id":"sourceFile"}
{"fileName":"HolderSet.java","id":"sourceFile"}
{"fileName":"HolderSet.java","id":"sourceFile"}
{"fileName":"IdMap.java","id":"sourceFile"}
{"fileName":"IdMapper.java","id":"sourceFile"}
{"fileName":"LayeredRegistryAccess.java","id":"sourceFile"}
{"fileName":"MappedRegistry.java","id":"sourceFile"}
{"fileName":"MappedRegistry.java","id":"sourceFile"}
{"fileName":"MappedRegistry.java","id":"sourceFile"}
{"fileName":"NonNullList.java","id":"sourceFile"}
{"fileName":"Position.java","id":"sourceFile"}
{"fileName":"QuartPos.java","id":"sourceFile"}
{"fileName":"Registry.java","id":"sourceFile"}
{"fileName":"Registry.java","id":"sourceFile"}
{"fileName":"Registry.java","id":"sourceFile"}
{"fileName":"RegistryAccess.java","id":"sourceFile"}
{"fileName":"RegistryAccess.java","id":"sourceFile"}
{"fileName":"RegistryAccess.java","id":"sourceFile"}
{"fileName":"RegistryAccess.java","id":"sourceFile"}
{"fileName":"RegistryAccess.java","id":"sourceFile"}
{"fileName":"RegistryAccess.java","id":"sourceFile"}
{"fileName":"RegistryCodecs.java","id":"sourceFile"}
{"fileName":"RegistryCodecs.java","id":"sourceFile"}
{"fileName":"RegistrySetBuilder.java","id":"sourceFile"}
{"fileName":"RegistrySetBuilder.java","id":"sourceFile"}
{"fileName":"RegistrySetBuilder.java","id":"sourceFile"}
{"fileName":"RegistrySetBuilder.java","id":"sourceFile"}
{"fileName":"RegistrySetBuilder.java","id":"sourceFile"}
{"fileName":"RegistrySetBuilder.java","id":"sourceFile"}
{"fileName":"RegistrySetBuilder.java","id":"sourceFile"}
{"fileName":"RegistrySetBuilder.java","id":"sourceFile"}
{"fileName":"RegistrySetBuilder.java","id":"sourceFile"}
{"fileName":"RegistrySetBuilder.java","id":"sourceFile"}
{"fileName":"RegistrySetBuilder.java","id":"sourceFile"}
{"fileName":"RegistrySetBuilder.java","id":"sourceFile"}
{"fileName":"RegistrySetBuilder.java","id":"sourceFile"}
{"fileName":"RegistrySetBuilder.java","id":"sourceFile"}
{"fileName":"RegistrySetBuilder.java","id":"sourceFile"}
{"fileName":"RegistrySynchronization.java","id":"sourceFile"}
{"fileName":"RegistrySynchronization.java","id":"sourceFile"}
{"fileName":"Rotations.java","id":"sourceFile"}
{"fileName":"SectionPos.java","id":"sourceFile"}
{"fileName":"SectionPos.java","id":"sourceFile"}
{"fileName":"UUIDUtil.java","id":"sourceFile"}
{"fileName":"Vec3i.java","id":"sourceFile"}
{"fileName":"WritableRegistry.java","id":"sourceFile"}
{"fileName":"CauldronInteraction.java","id":"sourceFile"}
{"fileName":"CauldronInteraction.java","id":"sourceFile"}
{"fileName":"package-info.java","id":"sourceFile"}
{"fileName":"AbstractProjectileDispenseBehavior.java","id":"sourceFile"}
{"fileName":"BlockSource.java","id":"sourceFile"}
{"fileName":"BoatDispenseItemBehavior.java","id":"sourceFile"}
{"fileName":"DefaultDispenseItemBehavior.java","id":"sourceFile"}
{"fileName":"DispenseItemBehavior.java","id":"sourceFile"}
{"fileName":"DispenseItemBehavior.java","id":"sourceFile"}
{"fileName":"DispenseItemBehavior.java","id":"sourceFile"}
{"fileName":"DispenseItemBehavior.java","id":"sourceFile"}
{"fileName":"DispenseItemBehavior.java","id":"sourceFile"}
{"fileName":"DispenseItemBehavior.java","id":"sourceFile"}
{"fileName":"DispenseItemBehavior.java","id":"sourceFile"}
{"fileName":"DispenseItemBehavior.java","id":"sourceFile"}
{"fileName":"DispenseItemBehavior.java","id":"sourceFile"}
{"fileName":"DispenseItemBehavior.java","id":"sourceFile"}
{"fileName":"DispenseItemBehavior.java","id":"sourceFile"}
{"fileName":"DispenseItemBehavior.java","id":"sourceFile"}
{"fileName":"DispenseItemBehavior.java","id":"sourceFile"}
{"fileName":"DispenseItemBehavior.java","id":"sourceFile"}
{"fileName":"DispenseItemBehavior.java","id":"sourceFile"}
{"fileName":"DispenseItemBehavior.java","id":"sourceFile"}
{"fileName":"DispenseItemBehavior.java","id":"sourceFile"}
{"fileName":"DispenseItemBehavior.java","id":"sourceFile"}
{"fileName":"DispenseItemBehavior.java","id":"sourceFile"}
{"fileName":"DispenseItemBehavior.java","id":"sourceFile"}
{"fileName":"DispenseItemBehavior.java","id":"sourceFile"}
{"fileName":"DispenseItemBehavior.java","id":"sourceFile"}
{"fileName":"DispenseItemBehavior.java","id":"sourceFile"}
{"fileName":"DispenseItemBehavior.java","id":"sourceFile"}
{"fileName":"DispenseItemBehavior.java","id":"sourceFile"}
{"fileName":"DispenseItemBehavior.java","id":"sourceFile"}
{"fileName":"DispenseItemBehavior.java","id":"sourceFile"}
{"fileName":"DispenseItemBehavior.java","id":"sourceFile"}
{"fileName":"DispenseItemBehavior.java","id":"sourceFile"}
{"fileName":"DispenseItemBehavior.java","id":"sourceFile"}
{"fileName":"OptionalDispenseItemBehavior.java","id":"sourceFile"}
{"fileName":"ShearsDispenseItemBehavior.java","id":"sourceFile"}
{"fileName":"ShulkerBoxDispenseBehavior.java","id":"sourceFile"}
{"fileName":"package-info.java","id":"sourceFile"}
{"fileName":"package-info.java","id":"sourceFile"}
{"fileName":"BlockParticleOption.java","id":"sourceFile"}
{"fileName":"BlockParticleOption.java","id":"sourceFile"}
{"fileName":"DustColorTransitionOptions.java","id":"sourceFile"}
{"fileName":"DustColorTransitionOptions.java","id":"sourceFile"}
{"fileName":"DustParticleOptions.java","id":"sourceFile"}
{"fileName":"DustParticleOptions.java","id":"sourceFile"}
{"fileName":"DustParticleOptionsBase.java","id":"sourceFile"}
{"fileName":"ItemParticleOption.java","id":"sourceFile"}
{"fileName":"ItemParticleOption.java","id":"sourceFile"}
{"fileName":"ParticleGroup.java","id":"sourceFile"}
{"fileName":"ParticleOptions.java","id":"sourceFile"}
{"fileName":"ParticleOptions.java","id":"sourceFile"}
{"fileName":"ParticleType.java","id":"sourceFile"}
{"fileName":"ParticleTypes.java","id":"sourceFile"}
{"fileName":"ParticleTypes.java","id":"sourceFile"}
{"fileName":"SculkChargeParticleOptions.java","id":"sourceFile"}
{"fileName":"SculkChargeParticleOptions.java","id":"sourceFile"}
{"fileName":"ShriekParticleOption.java","id":"sourceFile"}
{"fileName":"ShriekParticleOption.java","id":"sourceFile"}
{"fileName":"SimpleParticleType.java","id":"sourceFile"}
{"fileName":"SimpleParticleType.java","id":"sourceFile"}
{"fileName":"VibrationParticleOption.java","id":"sourceFile"}
{"fileName":"VibrationParticleOption.java","id":"sourceFile"}
{"fileName":"package-info.java","id":"sourceFile"}
{"fileName":"BuiltInRegistries.java","id":"sourceFile"}
{"fileName":"BuiltInRegistries.java","id":"sourceFile"}
{"fileName":"Registries.java","id":"sourceFile"}
{"fileName":"package-info.java","id":"sourceFile"}
{"fileName":"BlockFamilies.java","id":"sourceFile"}
{"fileName":"BlockFamily.java","id":"sourceFile"}
{"fileName":"BlockFamily.java","id":"sourceFile"}
{"fileName":"BlockFamily.java","id":"sourceFile"}
{"fileName":"CachedOutput.java","id":"sourceFile"}
{"fileName":"DataGenerator.java","id":"sourceFile"}
{"fileName":"DataGenerator.java","id":"sourceFile"}
{"fileName":"DataProvider.java","id":"sourceFile"}
{"fileName":"DataProvider.java","id":"sourceFile"}
{"fileName":"HashCache.java","id":"sourceFile"}
{"fileName":"HashCache.java","id":"sourceFile"}
{"fileName":"HashCache.java","id":"sourceFile"}
{"fileName":"HashCache.java","id":"sourceFile"}
{"fileName":"HashCache.java","id":"sourceFile"}
{"fileName":"HashCache.java","id":"sourceFile"}
{"fileName":"Main.java","id":"sourceFile"}
{"fileName":"PackOutput.java","id":"sourceFile"}
{"fileName":"PackOutput.java","id":"sourceFile"}
{"fileName":"PackOutput.java","id":"sourceFile"}
{"fileName":"AdvancementProvider.java","id":"sourceFile"}
{"fileName":"AdvancementSubProvider.java","id":"sourceFile"}
{"fileName":"package-info.java","id":"sourceFile"}
{"fileName":"UpdateOneTwentyOneAdvancementProvider.java","id":"sourceFile"}
{"fileName":"UpdateOneTwentyOneAdventureAdvancements.java","id":"sourceFile"}
{"fileName":"VanillaAdvancementProvider.java","id":"sourceFile"}
{"fileName":"VanillaAdventureAdvancements.java","id":"sourceFile"}
{"fileName":"VanillaHusbandryAdvancements.java","id":"sourceFile"}
{"fileName":"VanillaNetherAdvancements.java","id":"sourceFile"}
{"fileName":"VanillaStoryAdvancements.java","id":"sourceFile"}
{"fileName":"VanillaTheEndAdvancements.java","id":"sourceFile"}
{"fileName":"package-info.java","id":"sourceFile"}
{"fileName":"BiomeParametersDumpReport.java","id":"sourceFile"}
{"fileName":"BlockListReport.java","id":"sourceFile"}
{"fileName":"CommandsReport.java","id":"sourceFile"}
{"fileName":"RegistryDumpReport.java","id":"sourceFile"}
{"fileName":"package-info.java","id":"sourceFile"}
{"fileName":"BlockLootSubProvider.java","id":"sourceFile"}
{"fileName":"EntityLootSubProvider.java","id":"sourceFile"}
{"fileName":"LootTableProvider.java","id":"sourceFile"}
{"fileName":"LootTableProvider.java","id":"sourceFile"}
{"fileName":"LootTableProvider.java","id":"sourceFile"}
{"fileName":"LootTableSubProvider.java","id":"sourceFile"}
{"fileName":"package-info.java","id":"sourceFile"}
{"fileName":"TradeRebalanceChestLoot.java","id":"sourceFile"}
{"fileName":"TradeRebalanceLootTableProvider.java","id":"sourceFile"}
{"fileName":"UpdateOneTwentyOneBlockLoot.java","id":"sourceFile"}
{"fileName":"UpdateOneTwentyOneChestLoot.java","id":"sourceFile"}
{"fileName":"UpdateOneTwentyOneLootTableProvider.java","id":"sourceFile"}
{"fileName":"VanillaArchaeologyLoot.java","id":"sourceFile"}
{"fileName":"VanillaBlockLoot.java","id":"sourceFile"}
{"fileName":"VanillaChestLoot.java","id":"sourceFile"}
{"fileName":"VanillaEntityLoot.java","id":"sourceFile"}
{"fileName":"VanillaFishingLoot.java","id":"sourceFile"}
{"fileName":"VanillaGiftLoot.java","id":"sourceFile"}
{"fileName":"VanillaLootTableProvider.java","id":"sourceFile"}
{"fileName":"VanillaPiglinBarterLoot.java","id":"sourceFile"}
{"fileName":"package-info.java","id":"sourceFile"}
{"fileName":"PackMetadataGenerator.java","id":"sourceFile"}
{"fileName":"package-info.java","id":"sourceFile"}
{"fileName":"BlockModelGenerators.java","id":"sourceFile"}
{"fileName":"BlockModelGenerators.java","id":"sourceFile"}
{"fileName":"BlockModelGenerators.java","id":"sourceFile"}
{"fileName":"BlockModelGenerators.java","id":"sourceFile"}
{"fileName":"BlockModelGenerators.java","id":"sourceFile"}
{"fileName":"BlockModelGenerators.java","id":"sourceFile"}
{"fileName":"BlockModelGenerators.java","id":"sourceFile"}
{"fileName":"BlockModelGenerators.java","id":"sourceFile"}
{"fileName":"ItemModelGenerators.java","id":"sourceFile"}
{"fileName":"ItemModelGenerators.java","id":"sourceFile"}
{"fileName":"ModelProvider.java","id":"sourceFile"}
{"fileName":"BlockStateGenerator.java","id":"sourceFile"}
{"fileName":"Condition.java","id":"sourceFile"}
{"fileName":"Condition.java","id":"sourceFile"}
{"fileName":"Condition.java","id":"sourceFile"}
{"fileName":"Condition.java","id":"sourceFile"}
{"fileName":"MultiPartGenerator.java","id":"sourceFile"}
{"fileName":"MultiPartGenerator.java","id":"sourceFile"}
{"fileName":"MultiPartGenerator.java","id":"sourceFile"}
{"fileName":"MultiVariantGenerator.java","id":"sourceFile"}
{"fileName":"PropertyDispatch.java","id":"sourceFile"}
{"fileName":"PropertyDispatch.java","id":"sourceFile"}
{"fileName":"PropertyDispatch.java","id":"sourceFile"}
{"fileName":"PropertyDispatch.java","id":"sourceFile"}
{"fileName":"PropertyDispatch.java","id":"sourceFile"}
{"fileName":"PropertyDispatch.java","id":"sourceFile"}
{"fileName":"PropertyDispatch.java","id":"sourceFile"}
{"fileName":"PropertyDispatch.java","id":"sourceFile"}
{"fileName":"PropertyDispatch.java","id":"sourceFile"}
{"fileName":"Selector.java","id":"sourceFile"}
{"fileName":"Variant.java","id":"sourceFile"}
{"fileName":"VariantProperties.java","id":"sourceFile"}
{"fileName":"VariantProperties.java","id":"sourceFile"}
{"fileName":"VariantProperty.java","id":"sourceFile"}
{"fileName":"VariantProperty.java","id":"sourceFile"}
{"fileName":"package-info.java","id":"sourceFile"}
{"fileName":"DelegatedModel.java","id":"sourceFile"}
{"fileName":"ModelLocationUtils.java","id":"sourceFile"}
{"fileName":"ModelTemplate.java","id":"sourceFile"}
{"fileName":"ModelTemplate.java","id":"sourceFile"}
{"fileName":"ModelTemplates.java","id":"sourceFile"}
{"fileName":"TextureMapping.java","id":"sourceFile"}
{"fileName":"TextureSlot.java","id":"sourceFile"}
{"fileName":"TexturedModel.java","id":"sourceFile"}
{"fileName":"TexturedModel.java","id":"sourceFile"}
{"fileName":"package-info.java","id":"sourceFile"}
{"fileName":"package-info.java","id":"sourceFile"}
{"fileName":"package-info.java","id":"sourceFile"}
{"fileName":"RecipeBuilder.java","id":"sourceFile"}
{"fileName":"RecipeBuilder.java","id":"sourceFile"}
{"fileName":"RecipeCategory.java","id":"sourceFile"}
{"fileName":"RecipeOutput.java","id":"sourceFile"}
{"fileName":"RecipeProvider.java","id":"sourceFile"}
{"fileName":"RecipeProvider.java","id":"sourceFile"}
{"fileName":"ShapedRecipeBuilder.java","id":"sourceFile"}
{"fileName":"ShapelessRecipeBuilder.java","id":"sourceFile"}
{"fileName":"SimpleCookingRecipeBuilder.java","id":"sourceFile"}
{"fileName":"SingleItemRecipeBuilder.java","id":"sourceFile"}
{"fileName":"SmithingTransformRecipeBuilder.java","id":"sourceFile"}
{"fileName":"SmithingTrimRecipeBuilder.java","id":"sourceFile"}
{"fileName":"SpecialRecipeBuilder.java","id":"sourceFile"}
{"fileName":"package-info.java","id":"sourceFile"}
{"fileName":"BundleRecipeProvider.java","id":"sourceFile"}
{"fileName":"UpdateOneTwentyOneRecipeProvider.java","id":"sourceFile"}
{"fileName":"VanillaRecipeProvider.java","id":"sourceFile"}
{"fileName":"VanillaRecipeProvider.java","id":"sourceFile"}
{"fileName":"package-info.java","id":"sourceFile"}
{"fileName":"RegistriesDatapackGenerator.java","id":"sourceFile"}
{"fileName":"RegistryPatchGenerator.java","id":"sourceFile"}
{"fileName":"UpdateOneTwentyOneRegistries.java","id":"sourceFile"}
{"fileName":"VanillaRegistries.java","id":"sourceFile"}
{"fileName":"package-info.java","id":"sourceFile"}
{"fileName":"NbtToSnbt.java","id":"sourceFile"}
{"fileName":"SnbtDatafixer.java","id":"sourceFile"}
{"fileName":"SnbtToNbt.java","id":"sourceFile"}
{"fileName":"SnbtToNbt.java","id":"sourceFile"}
{"fileName":"SnbtToNbt.java","id":"sourceFile"}
{"fileName":"SnbtToNbt.java","id":"sourceFile"}
{"fileName":"StructureUpdater.java","id":"sourceFile"}
{"fileName":"package-info.java","id":"sourceFile"}
{"fileName":"BannerPatternTagsProvider.java","id":"sourceFile"}
{"fileName":"BiomeTagsProvider.java","id":"sourceFile"}
{"fileName":"CatVariantTagsProvider.java","id":"sourceFile"}
{"fileName":"DamageTypeTagsProvider.java","id":"sourceFile"}
{"fileName":"EntityTypeTagsProvider.java","id":"sourceFile"}
{"fileName":"FlatLevelGeneratorPresetTagsProvider.java","id":"sourceFile"}
{"fileName":"FluidTagsProvider.java","id":"sourceFile"}
{"fileName":"GameEventTagsProvider.java","id":"sourceFile"}
{"fileName":"InstrumentTagsProvider.java","id":"sourceFile"}
{"fileName":"IntrinsicHolderTagsProvider.java","id":"sourceFile"}
{"fileName":"IntrinsicHolderTagsProvider.java","id":"sourceFile"}
{"fileName":"ItemTagsProvider.java","id":"sourceFile"}
{"fileName":"PaintingVariantTagsProvider.java","id":"sourceFile"}
{"fileName":"PoiTypeTagsProvider.java","id":"sourceFile"}
{"fileName":"StructureTagsProvider.java","id":"sourceFile"}
{"fileName":"TagsProvider.java","id":"sourceFile"}
{"fileName":"TagsProvider.java","id":"sourceFile"}
{"fileName":"TagsProvider.java","id":"sourceFile"}
{"fileName":"TagsProvider.java","id":"sourceFile"}
{"fileName":"TradeRebalanceStructureTagsProvider.java","id":"sourceFile"}
{"fileName":"UpdateOneTwentyOneBiomeTagsProvider.java","id":"sourceFile"}
{"fileName":"UpdateOneTwentyOneBlockTagsProvider.java","id":"sourceFile"}
{"fileName":"UpdateOneTwentyOneDamageTypeTagsProvider.java","id":"sourceFile"}
{"fileName":"UpdateOneTwentyOneEntityTypeTagsProvider.java","id":"sourceFile"}
{"fileName":"UpdateOneTwentyOneItemTagsProvider.java","id":"sourceFile"}
{"fileName":"VanillaBlockTagsProvider.java","id":"sourceFile"}
{"fileName":"VanillaItemTagsProvider.java","id":"sourceFile"}
{"fileName":"WorldPresetTagsProvider.java","id":"sourceFile"}
{"fileName":"package-info.java","id":"sourceFile"}
{"fileName":"AncientCityStructurePieces.java","id":"sourceFile"}
{"fileName":"AncientCityStructurePools.java","id":"sourceFile"}
{"fileName":"BastionBridgePools.java","id":"sourceFile"}
{"fileName":"BastionHoglinStablePools.java","id":"sourceFile"}
{"fileName":"BastionHousingUnitsPools.java","id":"sourceFile"}
{"fileName":"BastionPieces.java","id":"sourceFile"}
{"fileName":"BastionSharedPools.java","id":"sourceFile"}
{"fileName":"BastionTreasureRoomPools.java","id":"sourceFile"}
{"fileName":"BiomeDefaultFeatures.java","id":"sourceFile"}
{"fileName":"BootstapContext.java","id":"sourceFile"}
{"fileName":"Carvers.java","id":"sourceFile"}
{"fileName":"DesertVillagePools.java","id":"sourceFile"}
{"fileName":"DimensionTypes.java","id":"sourceFile"}
{"fileName":"NoiseData.java","id":"sourceFile"}
{"fileName":"PillagerOutpostPools.java","id":"sourceFile"}
{"fileName":"PlainVillagePools.java","id":"sourceFile"}
{"fileName":"Pools.java","id":"sourceFile"}
{"fileName":"ProcessorLists.java","id":"sourceFile"}
{"fileName":"SavannaVillagePools.java","id":"sourceFile"}
{"fileName":"SnowyVillagePools.java","id":"sourceFile"}
{"fileName":"StructureSets.java","id":"sourceFile"}
{"fileName":"Structures.java","id":"sourceFile"}
{"fileName":"SurfaceRuleData.java","id":"sourceFile"}
{"fileName":"TaigaVillagePools.java","id":"sourceFile"}
{"fileName":"TerrainProvider.java","id":"sourceFile"}
{"fileName":"TrailRuinsStructurePools.java","id":"sourceFile"}
{"fileName":"TrialChambersStructurePools.java","id":"sourceFile"}
{"fileName":"UpdateOneTwentyOnePools.java","id":"sourceFile"}
{"fileName":"UpdateOneTwentyOneProcessorLists.java","id":"sourceFile"}
{"fileName":"UpdateOneTwentyOneStructureSets.java","id":"sourceFile"}
{"fileName":"UpdateOneTwentyOneStructures.java","id":"sourceFile"}
{"fileName":"VillagePools.java","id":"sourceFile"}
{"fileName":"BiomeData.java","id":"sourceFile"}
{"fileName":"EndBiomes.java","id":"sourceFile"}
{"fileName":"NetherBiomes.java","id":"sourceFile"}
{"fileName":"OverworldBiomes.java","id":"sourceFile"}
{"fileName":"package-info.java","id":"sourceFile"}
{"fileName":"AquaticFeatures.java","id":"sourceFile"}
{"fileName":"CaveFeatures.java","id":"sourceFile"}
{"fileName":"EndFeatures.java","id":"sourceFile"}
{"fileName":"FeatureUtils.java","id":"sourceFile"}
{"fileName":"MiscOverworldFeatures.java","id":"sourceFile"}
{"fileName":"NetherFeatures.java","id":"sourceFile"}
{"fileName":"OreFeatures.java","id":"sourceFile"}
{"fileName":"PileFeatures.java","id":"sourceFile"}
{"fileName":"TreeFeatures.java","id":"sourceFile"}
{"fileName":"VegetationFeatures.java","id":"sourceFile"}
{"fileName":"package-info.java","id":"sourceFile"}
{"fileName":"package-info.java","id":"sourceFile"}
{"fileName":"AquaticPlacements.java","id":"sourceFile"}
{"fileName":"CavePlacements.java","id":"sourceFile"}
{"fileName":"EndPlacements.java","id":"sourceFile"}
{"fileName":"MiscOverworldPlacements.java","id":"sourceFile"}
{"fileName":"NetherPlacements.java","id":"sourceFile"}
{"fileName":"OrePlacements.java","id":"sourceFile"}
{"fileName":"PlacementUtils.java","id":"sourceFile"}
{"fileName":"TreePlacements.java","id":"sourceFile"}
{"fileName":"VegetationPlacements.java","id":"sourceFile"}
{"fileName":"VillagePlacements.java","id":"sourceFile"}
{"fileName":"package-info.java","id":"sourceFile"}
{"fileName":"AfterBatch.java","id":"sourceFile"}
{"fileName":"BeforeBatch.java","id":"sourceFile"}
{"fileName":"ExhaustedAttemptsException.java","id":"sourceFile"}
{"fileName":"GameTest.java","id":"sourceFile"}
{"fileName":"GameTestAssertException.java","id":"sourceFile"}
{"fileName":"GameTestAssertPosException.java","id":"sourceFile"}
{"fileName":"GameTestBatch.java","id":"sourceFile"}
{"fileName":"GameTestBatchRunner.java","id":"sourceFile"}
{"fileName":"GameTestBatchRunner.java","id":"sourceFile"}
{"fileName":"GameTestEvent.java","id":"sourceFile"}
{"fileName":"GameTestGenerator.java","id":"sourceFile"}
{"fileName":"GameTestHelper.java","id":"sourceFile"}
{"fileName":"GameTestHelper.java","id":"sourceFile"}
{"fileName":"GameTestHelper.java","id":"sourceFile"}
{"fileName":"GameTestHelper.java","id":"sourceFile"}
{"fileName":"GameTestInfo.java","id":"sourceFile"}
{"fileName":"GameTestListener.java","id":"sourceFile"}
{"fileName":"GameTestRegistry.java","id":"sourceFile"}
{"fileName":"GameTestRunner.java","id":"sourceFile"}
{"fileName":"GameTestSequence.java","id":"sourceFile"}
{"fileName":"GameTestSequence.java","id":"sourceFile"}
{"fileName":"GameTestServer.java","id":"sourceFile"}
{"fileName":"GameTestServer.java","id":"sourceFile"}
{"fileName":"GameTestTicker.java","id":"sourceFile"}
{"fileName":"GameTestTimeoutException.java","id":"sourceFile"}
{"fileName":"GlobalTestReporter.java","id":"sourceFile"}
{"fileName":"JUnitLikeTestReporter.java","id":"sourceFile"}
{"fileName":"LogTestReporter.java","id":"sourceFile"}
{"fileName":"MultipleTestTracker.java","id":"sourceFile"}
{"fileName":"MultipleTestTracker.java","id":"sourceFile"}
{"fileName":"ReportGameListener.java","id":"sourceFile"}
{"fileName":"StructureUtils.java","id":"sourceFile"}
{"fileName":"StructureUtils.java","id":"sourceFile"}
{"fileName":"TestClassNameArgument.java","id":"sourceFile"}
{"fileName":"TestCommand.java","id":"sourceFile"}
{"fileName":"TestCommand.java","id":"sourceFile"}
{"fileName":"TestFunction.java","id":"sourceFile"}
{"fileName":"TestFunctionArgument.java","id":"sourceFile"}
{"fileName":"TestReporter.java","id":"sourceFile"}
{"fileName":"package-info.java","id":"sourceFile"}
{"fileName":"Language.java","id":"sourceFile"}
{"fileName":"Language.java","id":"sourceFile"}
{"fileName":"package-info.java","id":"sourceFile"}
{"fileName":"ByteArrayTag.java","id":"sourceFile"}
{"fileName":"ByteArrayTag.java","id":"sourceFile"}
{"fileName":"ByteTag.java","id":"sourceFile"}
{"fileName":"ByteTag.java","id":"sourceFile"}
{"fileName":"ByteTag.java","id":"sourceFile"}
{"fileName":"CollectionTag.java","id":"sourceFile"}
{"fileName":"CompoundTag.java","id":"sourceFile"}
{"fileName":"CompoundTag.java","id":"sourceFile"}
{"fileName":"CompoundTag.java","id":"sourceFile"}
{"fileName":"DoubleTag.java","id":"sourceFile"}
{"fileName":"DoubleTag.java","id":"sourceFile"}
{"fileName":"EndTag.java","id":"sourceFile"}
{"fileName":"EndTag.java","id":"sourceFile"}
{"fileName":"FloatTag.java","id":"sourceFile"}
{"fileName":"FloatTag.java","id":"sourceFile"}
{"fileName":"IntArrayTag.java","id":"sourceFile"}
{"fileName":"IntArrayTag.java","id":"sourceFile"}
{"fileName":"IntTag.java","id":"sourceFile"}
{"fileName":"IntTag.java","id":"sourceFile"}
{"fileName":"IntTag.java","id":"sourceFile"}
{"fileName":"ListTag.java","id":"sourceFile"}
{"fileName":"ListTag.java","id":"sourceFile"}
{"fileName":"ListTag.java","id":"sourceFile"}
{"fileName":"LongArrayTag.java","id":"sourceFile"}
{"fileName":"LongArrayTag.java","id":"sourceFile"}
{"fileName":"LongTag.java","id":"sourceFile"}
{"fileName":"LongTag.java","id":"sourceFile"}
{"fileName":"LongTag.java","id":"sourceFile"}
{"fileName":"NbtAccounter.java","id":"sourceFile"}
{"fileName":"NbtAccounterException.java","id":"sourceFile"}
{"fileName":"NbtException.java","id":"sourceFile"}
{"fileName":"NbtFormatException.java","id":"sourceFile"}
{"fileName":"NbtIo.java","id":"sourceFile"}
{"fileName":"NbtIo.java","id":"sourceFile"}
{"fileName":"NbtIo.java","id":"sourceFile"}
{"fileName":"NbtOps.java","id":"sourceFile"}
{"fileName":"NbtOps.java","id":"sourceFile"}
{"fileName":"NbtOps.java","id":"sourceFile"}
{"fileName":"NbtOps.java","id":"sourceFile"}
{"fileName":"NbtOps.java","id":"sourceFile"}
{"fileName":"NbtOps.java","id":"sourceFile"}
{"fileName":"NbtOps.java","id":"sourceFile"}
{"fileName":"NbtOps.java","id":"sourceFile"}
{"fileName":"NbtOps.java","id":"sourceFile"}
{"fileName":"NbtOps.java","id":"sourceFile"}
{"fileName":"NbtUtils.java","id":"sourceFile"}
{"fileName":"NumericTag.java","id":"sourceFile"}
{"fileName":"ReportedNbtException.java","id":"sourceFile"}
{"fileName":"ShortTag.java","id":"sourceFile"}
{"fileName":"ShortTag.java","id":"sourceFile"}
{"fileName":"ShortTag.java","id":"sourceFile"}
{"fileName":"SnbtPrinterTagVisitor.java","id":"sourceFile"}
{"fileName":"StreamTagVisitor.java","id":"sourceFile"}
{"fileName":"StreamTagVisitor.java","id":"sourceFile"}
{"fileName":"StreamTagVisitor.java","id":"sourceFile"}
{"fileName":"StringTag.java","id":"sourceFile"}
{"fileName":"StringTag.java","id":"sourceFile"}
{"fileName":"StringTagVisitor.java","id":"sourceFile"}
{"fileName":"Tag.java","id":"sourceFile"}
{"fileName":"TagParser.java","id":"sourceFile"}
{"fileName":"TagType.java","id":"sourceFile"}
{"fileName":"TagType.java","id":"sourceFile"}
{"fileName":"TagType.java","id":"sourceFile"}
{"fileName":"TagType.java","id":"sourceFile"}
{"fileName":"TagType.java","id":"sourceFile"}
{"fileName":"TagTypes.java","id":"sourceFile"}
{"fileName":"TagVisitor.java","id":"sourceFile"}
{"fileName":"TextComponentTagVisitor.java","id":"sourceFile"}
{"fileName":"package-info.java","id":"sourceFile"}
{"fileName":"CollectFields.java","id":"sourceFile"}
{"fileName":"CollectToTag.java","id":"sourceFile"}
{"fileName":"FieldSelector.java","id":"sourceFile"}
{"fileName":"FieldTree.java","id":"sourceFile"}
{"fileName":"SkipAll.java","id":"sourceFile"}
{"fileName":"SkipAll.java","id":"sourceFile"}
{"fileName":"SkipFields.java","id":"sourceFile"}
{"fileName":"package-info.java","id":"sourceFile"}
{"fileName":"BandwidthDebugMonitor.java","id":"sourceFile"}
{"fileName":"CipherBase.java","id":"sourceFile"}
{"fileName":"CipherDecoder.java","id":"sourceFile"}
{"fileName":"CipherEncoder.java","id":"sourceFile"}
{"fileName":"ClientPongPacketListener.java","id":"sourceFile"}
{"fileName":"ClientboundPacketListener.java","id":"sourceFile"}
{"fileName":"CompressionDecoder.java","id":"sourceFile"}
{"fileName":"CompressionEncoder.java","id":"sourceFile"}
{"fileName":"Connection.java","id":"sourceFile"}
{"fileName":"Connection.java","id":"sourceFile"}
{"fileName":"Connection.java","id":"sourceFile"}
{"fileName":"Connection.java","id":"sourceFile"}
{"fileName":"ConnectionProtocol.java","id":"sourceFile"}
{"fileName":"ConnectionProtocol.java","id":"sourceFile"}
{"fileName":"ConnectionProtocol.java","id":"sourceFile"}
{"fileName":"ConnectionProtocol.java","id":"sourceFile"}
{"fileName":"FriendlyByteBuf.java","id":"sourceFile"}
{"fileName":"FriendlyByteBuf.java","id":"sourceFile"}
{"fileName":"FriendlyByteBuf.java","id":"sourceFile"}
{"fileName":"FriendlyByteBuf.java","id":"sourceFile"}
{"fileName":"PacketBundlePacker.java","id":"sourceFile"}
{"fileName":"PacketBundleUnpacker.java","id":"sourceFile"}
{"fileName":"PacketDecoder.java","id":"sourceFile"}
{"fileName":"PacketEncoder.java","id":"sourceFile"}
{"fileName":"PacketFlowValidator.java","id":"sourceFile"}
{"fileName":"PacketListener.java","id":"sourceFile"}
{"fileName":"PacketSendListener.java","id":"sourceFile"}
{"fileName":"PacketSendListener.java","id":"sourceFile"}
{"fileName":"PacketSendListener.java","id":"sourceFile"}
{"fileName":"ProtocolSwapHandler.java","id":"sourceFile"}
{"fileName":"RateKickingConnection.java","id":"sourceFile"}
{"fileName":"ServerboundPacketListener.java","id":"sourceFile"}
{"fileName":"SkipPacketException.java","id":"sourceFile"}
{"fileName":"TickablePacketListener.java","id":"sourceFile"}
{"fileName":"Utf8String.java","id":"sourceFile"}
{"fileName":"VarInt.java","id":"sourceFile"}
{"fileName":"VarLong.java","id":"sourceFile"}
{"fileName":"Varint21FrameDecoder.java","id":"sourceFile"}
{"fileName":"Varint21LengthFieldPrepender.java","id":"sourceFile"}
{"fileName":"ChatDecorator.java","id":"sourceFile"}
{"fileName":"ChatType.java","id":"sourceFile"}
{"fileName":"ChatType.java","id":"sourceFile"}
{"fileName":"ChatType.java","id":"sourceFile"}
{"fileName":"ChatTypeDecoration.java","id":"sourceFile"}
{"fileName":"ChatTypeDecoration.java","id":"sourceFile"}
{"fileName":"ChatTypeDecoration.java","id":"sourceFile"}
{"fileName":"ClickEvent.java","id":"sourceFile"}
{"fileName":"ClickEvent.java","id":"sourceFile"}
{"fileName":"CommonComponents.java","id":"sourceFile"}
{"fileName":"Component.java","id":"sourceFile"}
{"fileName":"Component.java","id":"sourceFile"}
{"fileName":"Component.java","id":"sourceFile"}
{"fileName":"ComponentContents.java","id":"sourceFile"}
{"fileName":"ComponentContents.java","id":"sourceFile"}
{"fileName":"ComponentSerialization.java","id":"sourceFile"}
{"fileName":"ComponentSerialization.java","id":"sourceFile"}
{"fileName":"ComponentSerialization.java","id":"sourceFile"}
{"fileName":"ComponentUtils.java","id":"sourceFile"}
{"fileName":"FilterMask.java","id":"sourceFile"}
{"fileName":"FilterMask.java","id":"sourceFile"}
{"fileName":"FilterMask.java","id":"sourceFile"}
{"fileName":"FormattedText.java","id":"sourceFile"}
{"fileName":"FormattedText.java","id":"sourceFile"}
{"fileName":"FormattedText.java","id":"sourceFile"}
{"fileName":"FormattedText.java","id":"sourceFile"}
{"fileName":"FormattedText.java","id":"sourceFile"}
{"fileName":"FormattedText.java","id":"sourceFile"}
{"fileName":"FormattedText.java","id":"sourceFile"}
{"fileName":"HoverEvent.java","id":"sourceFile"}
{"fileName":"HoverEvent.java","id":"sourceFile"}
{"fileName":"HoverEvent.java","id":"sourceFile"}
{"fileName":"HoverEvent.java","id":"sourceFile"}
{"fileName":"HoverEvent.java","id":"sourceFile"}
{"fileName":"LastSeenMessages.java","id":"sourceFile"}
{"fileName":"LastSeenMessages.java","id":"sourceFile"}
{"fileName":"LastSeenMessages.java","id":"sourceFile"}
{"fileName":"LastSeenMessagesTracker.java","id":"sourceFile"}
{"fileName":"LastSeenMessagesTracker.java","id":"sourceFile"}
{"fileName":"LastSeenMessagesValidator.java","id":"sourceFile"}
{"fileName":"LastSeenTrackedEntry.java","id":"sourceFile"}
{"fileName":"LocalChatSession.java","id":"sourceFile"}
{"fileName":"MessageSignature.java","id":"sourceFile"}
{"fileName":"MessageSignature.java","id":"sourceFile"}
{"fileName":"MessageSignatureCache.java","id":"sourceFile"}
{"fileName":"MutableComponent.java","id":"sourceFile"}
{"fileName":"OutgoingChatMessage.java","id":"sourceFile"}
{"fileName":"OutgoingChatMessage.java","id":"sourceFile"}
{"fileName":"OutgoingChatMessage.java","id":"sourceFile"}
{"fileName":"PlayerChatMessage.java","id":"sourceFile"}
{"fileName":"RemoteChatSession.java","id":"sourceFile"}
{"fileName":"RemoteChatSession.java","id":"sourceFile"}
{"fileName":"SignableCommand.java","id":"sourceFile"}
{"fileName":"SignableCommand.java","id":"sourceFile"}
{"fileName":"SignedMessageBody.java","id":"sourceFile"}
{"fileName":"SignedMessageBody.java","id":"sourceFile"}
{"fileName":"SignedMessageChain.java","id":"sourceFile"}
{"fileName":"SignedMessageChain.java","id":"sourceFile"}
{"fileName":"SignedMessageChain.java","id":"sourceFile"}
{"fileName":"SignedMessageChain.java","id":"sourceFile"}
{"fileName":"SignedMessageLink.java","id":"sourceFile"}
{"fileName":"SignedMessageValidator.java","id":"sourceFile"}
{"fileName":"SignedMessageValidator.java","id":"sourceFile"}
{"fileName":"Style.java","id":"sourceFile"}
{"fileName":"Style.java","id":"sourceFile"}
{"fileName":"Style.java","id":"sourceFile"}
{"fileName":"Style.java","id":"sourceFile"}
{"fileName":"SubStringSource.java","id":"sourceFile"}
{"fileName":"TextColor.java","id":"sourceFile"}
{"fileName":"ThrowingComponent.java","id":"sourceFile"}
{"fileName":"BlockDataSource.java","id":"sourceFile"}
{"fileName":"DataSource.java","id":"sourceFile"}
{"fileName":"DataSource.java","id":"sourceFile"}
{"fileName":"EntityDataSource.java","id":"sourceFile"}
{"fileName":"KeybindContents.java","id":"sourceFile"}
{"fileName":"KeybindResolver.java","id":"sourceFile"}
{"fileName":"NbtContents.java","id":"sourceFile"}
{"fileName":"PlainTextContents.java","id":"sourceFile"}
{"fileName":"PlainTextContents.java","id":"sourceFile"}
{"fileName":"PlainTextContents.java","id":"sourceFile"}
{"fileName":"ScoreContents.java","id":"sourceFile"}
{"fileName":"SelectorContents.java","id":"sourceFile"}
{"fileName":"StorageDataSource.java","id":"sourceFile"}
{"fileName":"TranslatableContents.java","id":"sourceFile"}
{"fileName":"TranslatableFormatException.java","id":"sourceFile"}
{"fileName":"package-info.java","id":"sourceFile"}
{"fileName":"BlankFormat.java","id":"sourceFile"}
{"fileName":"BlankFormat.java","id":"sourceFile"}
{"fileName":"FixedFormat.java","id":"sourceFile"}
{"fileName":"FixedFormat.java","id":"sourceFile"}
{"fileName":"NumberFormat.java","id":"sourceFile"}
{"fileName":"NumberFormatType.java","id":"sourceFile"}
{"fileName":"NumberFormatTypes.java","id":"sourceFile"}
{"fileName":"StyledFormat.java","id":"sourceFile"}
{"fileName":"StyledFormat.java","id":"sourceFile"}
{"fileName":"package-info.java","id":"sourceFile"}
{"fileName":"package-info.java","id":"sourceFile"}
{"fileName":"package-info.java","id":"sourceFile"}
{"fileName":"BundleDelimiterPacket.java","id":"sourceFile"}
{"fileName":"BundlePacket.java","id":"sourceFile"}
{"fileName":"BundlerInfo.java","id":"sourceFile"}
{"fileName":"BundlerInfo.java","id":"sourceFile"}
{"fileName":"BundlerInfo.java","id":"sourceFile"}
{"fileName":"BundlerInfo.java","id":"sourceFile"}
{"fileName":"BundlerInfo.java","id":"sourceFile"}
{"fileName":"BundlerInfo.java","id":"sourceFile"}
{"fileName":"Packet.java","id":"sourceFile"}
{"fileName":"PacketFlow.java","id":"sourceFile"}
{"fileName":"PacketUtils.java","id":"sourceFile"}
{"fileName":"ClientCommonPacketListener.java","id":"sourceFile"}
{"fileName":"ClientboundCustomPayloadPacket.java","id":"sourceFile"}
{"fileName":"ClientboundDisconnectPacket.java","id":"sourceFile"}
{"fileName":"ClientboundKeepAlivePacket.java","id":"sourceFile"}
{"fileName":"ClientboundPingPacket.java","id":"sourceFile"}
{"fileName":"ClientboundResourcePackPopPacket.java","id":"sourceFile"}
{"fileName":"ClientboundResourcePackPushPacket.java","id":"sourceFile"}
{"fileName":"ClientboundUpdateTagsPacket.java","id":"sourceFile"}
{"fileName":"ServerCommonPacketListener.java","id":"sourceFile"}
{"fileName":"ServerboundClientInformationPacket.java","id":"sourceFile"}
{"fileName":"ServerboundCustomPayloadPacket.java","id":"sourceFile"}
{"fileName":"ServerboundKeepAlivePacket.java","id":"sourceFile"}
{"fileName":"ServerboundPongPacket.java","id":"sourceFile"}
{"fileName":"ServerboundResourcePackPacket.java","id":"sourceFile"}
{"fileName":"ServerboundResourcePackPacket.java","id":"sourceFile"}
{"fileName":"BeeDebugPayload.java","id":"sourceFile"}
{"fileName":"BeeDebugPayload.java","id":"sourceFile"}
{"fileName":"BrainDebugPayload.java","id":"sourceFile"}
{"fileName":"BrainDebugPayload.java","id":"sourceFile"}
{"fileName":"BrandPayload.java","id":"sourceFile"}
{"fileName":"BreezeDebugPayload.java","id":"sourceFile"}
{"fileName":"BreezeDebugPayload.java","id":"sourceFile"}
{"fileName":"CustomPacketPayload.java","id":"sourceFile"}
{"fileName":"DiscardedPayload.java","id":"sourceFile"}
{"fileName":"GameEventDebugPayload.java","id":"sourceFile"}
{"fileName":"GameEventListenerDebugPayload.java","id":"sourceFile"}
{"fileName":"GameTestAddMarkerDebugPayload.java","id":"sourceFile"}
{"fileName":"GameTestClearMarkersDebugPayload.java","id":"sourceFile"}
{"fileName":"GoalDebugPayload.java","id":"sourceFile"}
{"fileName":"GoalDebugPayload.java","id":"sourceFile"}
{"fileName":"HiveDebugPayload.java","id":"sourceFile"}
{"fileName":"HiveDebugPayload.java","id":"sourceFile"}
{"fileName":"NeighborUpdatesDebugPayload.java","id":"sourceFile"}
{"fileName":"PathfindingDebugPayload.java","id":"sourceFile"}
{"fileName":"PoiAddedDebugPayload.java","id":"sourceFile"}
{"fileName":"PoiRemovedDebugPayload.java","id":"sourceFile"}
{"fileName":"PoiTicketCountDebugPayload.java","id":"sourceFile"}
{"fileName":"RaidsDebugPayload.java","id":"sourceFile"}
{"fileName":"StructuresDebugPayload.java","id":"sourceFile"}
{"fileName":"StructuresDebugPayload.java","id":"sourceFile"}
{"fileName":"VillageSectionsDebugPayload.java","id":"sourceFile"}
{"fileName":"WorldGenAttemptDebugPayload.java","id":"sourceFile"}
{"fileName":"package-info.java","id":"sourceFile"}
{"fileName":"package-info.java","id":"sourceFile"}
{"fileName":"ClientConfigurationPacketListener.java","id":"sourceFile"}
{"fileName":"ClientboundFinishConfigurationPacket.java","id":"sourceFile"}
{"fileName":"ClientboundRegistryDataPacket.java","id":"sourceFile"}
{"fileName":"ClientboundUpdateEnabledFeaturesPacket.java","id":"sourceFile"}
{"fileName":"ServerConfigurationPacketListener.java","id":"sourceFile"}
{"fileName":"ServerboundFinishConfigurationPacket.java","id":"sourceFile"}
{"fileName":"package-info.java","id":"sourceFile"}
{"fileName":"ClientGamePacketListener.java","id":"sourceFile"}
{"fileName":"ClientboundAddEntityPacket.java","id":"sourceFile"}
{"fileName":"ClientboundAddExperienceOrbPacket.java","id":"sourceFile"}
{"fileName":"ClientboundAnimatePacket.java","id":"sourceFile"}
{"fileName":"ClientboundAwardStatsPacket.java","id":"sourceFile"}
{"fileName":"ClientboundBlockChangedAckPacket.java","id":"sourceFile"}
{"fileName":"ClientboundBlockDestructionPacket.java","id":"sourceFile"}
{"fileName":"ClientboundBlockEntityDataPacket.java","id":"sourceFile"}
{"fileName":"ClientboundBlockEventPacket.java","id":"sourceFile"}
{"fileName":"ClientboundBlockUpdatePacket.java","id":"sourceFile"}
{"fileName":"ClientboundBossEventPacket.java","id":"sourceFile"}
{"fileName":"ClientboundBossEventPacket.java","id":"sourceFile"}
{"fileName":"ClientboundBossEventPacket.java","id":"sourceFile"}
{"fileName":"ClientboundBossEventPacket.java","id":"sourceFile"}
{"fileName":"ClientboundBossEventPacket.java","id":"sourceFile"}
{"fileName":"ClientboundBossEventPacket.java","id":"sourceFile"}
{"fileName":"ClientboundBossEventPacket.java","id":"sourceFile"}
{"fileName":"ClientboundBossEventPacket.java","id":"sourceFile"}
{"fileName":"ClientboundBossEventPacket.java","id":"sourceFile"}
{"fileName":"ClientboundBossEventPacket.java","id":"sourceFile"}
{"fileName":"ClientboundBundlePacket.java","id":"sourceFile"}
{"fileName":"ClientboundChangeDifficultyPacket.java","id":"sourceFile"}
{"fileName":"ClientboundChunkBatchFinishedPacket.java","id":"sourceFile"}
{"fileName":"ClientboundChunkBatchStartPacket.java","id":"sourceFile"}
{"fileName":"ClientboundChunksBiomesPacket.java","id":"sourceFile"}
{"fileName":"ClientboundChunksBiomesPacket.java","id":"sourceFile"}
{"fileName":"ClientboundClearTitlesPacket.java","id":"sourceFile"}
{"fileName":"ClientboundCommandSuggestionsPacket.java","id":"sourceFile"}
{"fileName":"ClientboundCommandsPacket.java","id":"sourceFile"}
{"fileName":"ClientboundCommandsPacket.java","id":"sourceFile"}
{"fileName":"ClientboundCommandsPacket.java","id":"sourceFile"}
{"fileName":"ClientboundCommandsPacket.java","id":"sourceFile"}
{"fileName":"ClientboundCommandsPacket.java","id":"sourceFile"}
{"fileName":"ClientboundCommandsPacket.java","id":"sourceFile"}
{"fileName":"ClientboundContainerClosePacket.java","id":"sourceFile"}
{"fileName":"ClientboundContainerSetContentPacket.java","id":"sourceFile"}
{"fileName":"ClientboundContainerSetDataPacket.java","id":"sourceFile"}
{"fileName":"ClientboundContainerSetSlotPacket.java","id":"sourceFile"}
{"fileName":"ClientboundCooldownPacket.java","id":"sourceFile"}
{"fileName":"ClientboundCustomChatCompletionsPacket.java","id":"sourceFile"}
{"fileName":"ClientboundCustomChatCompletionsPacket.java","id":"sourceFile"}
{"fileName":"ClientboundDamageEventPacket.java","id":"sourceFile"}
{"fileName":"ClientboundDeleteChatPacket.java","id":"sourceFile"}
{"fileName":"ClientboundDisguisedChatPacket.java","id":"sourceFile"}
{"fileName":"ClientboundEntityEventPacket.java","id":"sourceFile"}
{"fileName":"ClientboundExplodePacket.java","id":"sourceFile"}
{"fileName":"ClientboundForgetLevelChunkPacket.java","id":"sourceFile"}
{"fileName":"ClientboundGameEventPacket.java","id":"sourceFile"}
{"fileName":"ClientboundGameEventPacket.java","id":"sourceFile"}
{"fileName":"ClientboundHorseScreenOpenPacket.java","id":"sourceFile"}
{"fileName":"ClientboundHurtAnimationPacket.java","id":"sourceFile"}
{"fileName":"ClientboundInitializeBorderPacket.java","id":"sourceFile"}
{"fileName":"ClientboundLevelChunkPacketData.java","id":"sourceFile"}
{"fileName":"ClientboundLevelChunkPacketData.java","id":"sourceFile"}
{"fileName":"ClientboundLevelChunkPacketData.java","id":"sourceFile"}
{"fileName":"ClientboundLevelChunkWithLightPacket.java","id":"sourceFile"}
{"fileName":"ClientboundLevelEventPacket.java","id":"sourceFile"}
{"fileName":"ClientboundLevelParticlesPacket.java","id":"sourceFile"}
{"fileName":"ClientboundLightUpdatePacket.java","id":"sourceFile"}
{"fileName":"ClientboundLightUpdatePacketData.java","id":"sourceFile"}
{"fileName":"ClientboundLoginPacket.java","id":"sourceFile"}
{"fileName":"ClientboundMapItemDataPacket.java","id":"sourceFile"}
{"fileName":"ClientboundMerchantOffersPacket.java","id":"sourceFile"}
{"fileName":"ClientboundMoveEntityPacket.java","id":"sourceFile"}
{"fileName":"ClientboundMoveEntityPacket.java","id":"sourceFile"}
{"fileName":"ClientboundMoveEntityPacket.java","id":"sourceFile"}
{"fileName":"ClientboundMoveEntityPacket.java","id":"sourceFile"}
{"fileName":"ClientboundMoveVehiclePacket.java","id":"sourceFile"}
{"fileName":"ClientboundOpenBookPacket.java","id":"sourceFile"}
{"fileName":"ClientboundOpenScreenPacket.java","id":"sourceFile"}
{"fileName":"ClientboundOpenSignEditorPacket.java","id":"sourceFile"}
{"fileName":"ClientboundPlaceGhostRecipePacket.java","id":"sourceFile"}
{"fileName":"ClientboundPlayerAbilitiesPacket.java","id":"sourceFile"}
{"fileName":"ClientboundPlayerChatPacket.java","id":"sourceFile"}
{"fileName":"ClientboundPlayerCombatEndPacket.java","id":"sourceFile"}
{"fileName":"ClientboundPlayerCombatEnterPacket.java","id":"sourceFile"}
{"fileName":"ClientboundPlayerCombatKillPacket.java","id":"sourceFile"}
{"fileName":"ClientboundPlayerInfoRemovePacket.java","id":"sourceFile"}
{"fileName":"ClientboundPlayerInfoUpdatePacket.java","id":"sourceFile"}
{"fileName":"ClientboundPlayerInfoUpdatePacket.java","id":"sourceFile"}
{"fileName":"ClientboundPlayerInfoUpdatePacket.java","id":"sourceFile"}
{"fileName":"ClientboundPlayerInfoUpdatePacket.java","id":"sourceFile"}
{"fileName":"ClientboundPlayerInfoUpdatePacket.java","id":"sourceFile"}
{"fileName":"ClientboundPlayerInfoUpdatePacket.java","id":"sourceFile"}
{"fileName":"ClientboundPlayerLookAtPacket.java","id":"sourceFile"}
{"fileName":"ClientboundPlayerPositionPacket.java","id":"sourceFile"}
{"fileName":"ClientboundRecipePacket.java","id":"sourceFile"}
{"fileName":"ClientboundRecipePacket.java","id":"sourceFile"}
{"fileName":"ClientboundRemoveEntitiesPacket.java","id":"sourceFile"}
{"fileName":"ClientboundRemoveMobEffectPacket.java","id":"sourceFile"}
{"fileName":"ClientboundResetScorePacket.java","id":"sourceFile"}
{"fileName":"ClientboundRespawnPacket.java","id":"sourceFile"}
{"fileName":"ClientboundRotateHeadPacket.java","id":"sourceFile"}
{"fileName":"ClientboundSectionBlocksUpdatePacket.java","id":"sourceFile"}
{"fileName":"ClientboundSelectAdvancementsTabPacket.java","id":"sourceFile"}
{"fileName":"ClientboundServerDataPacket.java","id":"sourceFile"}
{"fileName":"ClientboundSetActionBarTextPacket.java","id":"sourceFile"}
{"fileName":"ClientboundSetBorderCenterPacket.java","id":"sourceFile"}
{"fileName":"ClientboundSetBorderLerpSizePacket.java","id":"sourceFile"}
{"fileName":"ClientboundSetBorderSizePacket.java","id":"sourceFile"}
{"fileName":"ClientboundSetBorderWarningDelayPacket.java","id":"sourceFile"}
{"fileName":"ClientboundSetBorderWarningDistancePacket.java","id":"sourceFile"}
{"fileName":"ClientboundSetCameraPacket.java","id":"sourceFile"}
{"fileName":"ClientboundSetCarriedItemPacket.java","id":"sourceFile"}
{"fileName":"ClientboundSetChunkCacheCenterPacket.java","id":"sourceFile"}
{"fileName":"ClientboundSetChunkCacheRadiusPacket.java","id":"sourceFile"}
{"fileName":"ClientboundSetDefaultSpawnPositionPacket.java","id":"sourceFile"}
{"fileName":"ClientboundSetDisplayObjectivePacket.java","id":"sourceFile"}
{"fileName":"ClientboundSetEntityDataPacket.java","id":"sourceFile"}
{"fileName":"ClientboundSetEntityLinkPacket.java","id":"sourceFile"}
{"fileName":"ClientboundSetEntityMotionPacket.java","id":"sourceFile"}
{"fileName":"ClientboundSetEquipmentPacket.java","id":"sourceFile"}
{"fileName":"ClientboundSetExperiencePacket.java","id":"sourceFile"}
{"fileName":"ClientboundSetHealthPacket.java","id":"sourceFile"}
{"fileName":"ClientboundSetObjectivePacket.java","id":"sourceFile"}
{"fileName":"ClientboundSetPassengersPacket.java","id":"sourceFile"}
{"fileName":"ClientboundSetPlayerTeamPacket.java","id":"sourceFile"}
{"fileName":"ClientboundSetPlayerTeamPacket.java","id":"sourceFile"}
{"fileName":"ClientboundSetPlayerTeamPacket.java","id":"sourceFile"}
{"fileName":"ClientboundSetScorePacket.java","id":"sourceFile"}
{"fileName":"ClientboundSetSimulationDistancePacket.java","id":"sourceFile"}
{"fileName":"ClientboundSetSubtitleTextPacket.java","id":"sourceFile"}
{"fileName":"ClientboundSetTimePacket.java","id":"sourceFile"}
{"fileName":"ClientboundSetTitleTextPacket.java","id":"sourceFile"}
{"fileName":"ClientboundSetTitlesAnimationPacket.java","id":"sourceFile"}
{"fileName":"ClientboundSoundEntityPacket.java","id":"sourceFile"}
{"fileName":"ClientboundSoundPacket.java","id":"sourceFile"}
{"fileName":"ClientboundStartConfigurationPacket.java","id":"sourceFile"}
{"fileName":"ClientboundStopSoundPacket.java","id":"sourceFile"}
{"fileName":"ClientboundSystemChatPacket.java","id":"sourceFile"}
{"fileName":"ClientboundTabListPacket.java","id":"sourceFile"}
{"fileName":"ClientboundTagQueryPacket.java","id":"sourceFile"}
{"fileName":"ClientboundTakeItemEntityPacket.java","id":"sourceFile"}
{"fileName":"ClientboundTeleportEntityPacket.java","id":"sourceFile"}
{"fileName":"ClientboundTickingStatePacket.java","id":"sourceFile"}
{"fileName":"ClientboundTickingStepPacket.java","id":"sourceFile"}
{"fileName":"ClientboundUpdateAdvancementsPacket.java","id":"sourceFile"}
{"fileName":"ClientboundUpdateAttributesPacket.java","id":"sourceFile"}
{"fileName":"ClientboundUpdateAttributesPacket.java","id":"sourceFile"}
{"fileName":"ClientboundUpdateMobEffectPacket.java","id":"sourceFile"}
{"fileName":"ClientboundUpdateRecipesPacket.java","id":"sourceFile"}
{"fileName":"CommonPlayerSpawnInfo.java","id":"sourceFile"}
{"fileName":"DebugEntityNameGenerator.java","id":"sourceFile"}
{"fileName":"DebugPackets.java","id":"sourceFile"}
{"fileName":"ServerGamePacketListener.java","id":"sourceFile"}
{"fileName":"ServerPacketListener.java","id":"sourceFile"}
{"fileName":"ServerPingPacketListener.java","id":"sourceFile"}
{"fileName":"ServerboundAcceptTeleportationPacket.java","id":"sourceFile"}
{"fileName":"ServerboundBlockEntityTagQuery.java","id":"sourceFile"}
{"fileName":"ServerboundChangeDifficultyPacket.java","id":"sourceFile"}
{"fileName":"ServerboundChatAckPacket.java","id":"sourceFile"}
{"fileName":"ServerboundChatCommandPacket.java","id":"sourceFile"}
{"fileName":"ServerboundChatPacket.java","id":"sourceFile"}
{"fileName":"ServerboundChatSessionUpdatePacket.java","id":"sourceFile"}
{"fileName":"ServerboundChunkBatchReceivedPacket.java","id":"sourceFile"}
{"fileName":"ServerboundClientCommandPacket.java","id":"sourceFile"}
{"fileName":"ServerboundClientCommandPacket.java","id":"sourceFile"}
{"fileName":"ServerboundCommandSuggestionPacket.java","id":"sourceFile"}
{"fileName":"ServerboundConfigurationAcknowledgedPacket.java","id":"sourceFile"}
{"fileName":"ServerboundContainerButtonClickPacket.java","id":"sourceFile"}
{"fileName":"ServerboundContainerClickPacket.java","id":"sourceFile"}
{"fileName":"ServerboundContainerClosePacket.java","id":"sourceFile"}
{"fileName":"ServerboundContainerSlotStateChangedPacket.java","id":"sourceFile"}
{"fileName":"ServerboundEditBookPacket.java","id":"sourceFile"}
{"fileName":"ServerboundEntityTagQuery.java","id":"sourceFile"}
{"fileName":"ServerboundInteractPacket.java","id":"sourceFile"}
{"fileName":"ServerboundInteractPacket.java","id":"sourceFile"}
{"fileName":"ServerboundInteractPacket.java","id":"sourceFile"}
{"fileName":"ServerboundInteractPacket.java","id":"sourceFile"}
{"fileName":"ServerboundInteractPacket.java","id":"sourceFile"}
{"fileName":"ServerboundInteractPacket.java","id":"sourceFile"}
{"fileName":"ServerboundInteractPacket.java","id":"sourceFile"}
{"fileName":"ServerboundJigsawGeneratePacket.java","id":"sourceFile"}
{"fileName":"ServerboundLockDifficultyPacket.java","id":"sourceFile"}
{"fileName":"ServerboundMovePlayerPacket.java","id":"sourceFile"}
{"fileName":"ServerboundMovePlayerPacket.java","id":"sourceFile"}
{"fileName":"ServerboundMovePlayerPacket.java","id":"sourceFile"}
{"fileName":"ServerboundMovePlayerPacket.java","id":"sourceFile"}
{"fileName":"ServerboundMovePlayerPacket.java","id":"sourceFile"}
{"fileName":"ServerboundMoveVehiclePacket.java","id":"sourceFile"}
{"fileName":"ServerboundPaddleBoatPacket.java","id":"sourceFile"}
{"fileName":"ServerboundPickItemPacket.java","id":"sourceFile"}
{"fileName":"ServerboundPlaceRecipePacket.java","id":"sourceFile"}
{"fileName":"ServerboundPlayerAbilitiesPacket.java","id":"sourceFile"}
{"fileName":"ServerboundPlayerActionPacket.java","id":"sourceFile"}
{"fileName":"ServerboundPlayerActionPacket.java","id":"sourceFile"}
{"fileName":"ServerboundPlayerCommandPacket.java","id":"sourceFile"}
{"fileName":"ServerboundPlayerCommandPacket.java","id":"sourceFile"}
{"fileName":"ServerboundPlayerInputPacket.java","id":"sourceFile"}
{"fileName":"ServerboundRecipeBookChangeSettingsPacket.java","id":"sourceFile"}
{"fileName":"ServerboundRecipeBookSeenRecipePacket.java","id":"sourceFile"}
{"fileName":"ServerboundRenameItemPacket.java","id":"sourceFile"}
{"fileName":"ServerboundSeenAdvancementsPacket.java","id":"sourceFile"}
{"fileName":"ServerboundSeenAdvancementsPacket.java","id":"sourceFile"}
{"fileName":"ServerboundSelectTradePacket.java","id":"sourceFile"}
{"fileName":"ServerboundSetBeaconPacket.java","id":"sourceFile"}
{"fileName":"ServerboundSetCarriedItemPacket.java","id":"sourceFile"}
{"fileName":"ServerboundSetCommandBlockPacket.java","id":"sourceFile"}
{"fileName":"ServerboundSetCommandMinecartPacket.java","id":"sourceFile"}
{"fileName":"ServerboundSetCreativeModeSlotPacket.java","id":"sourceFile"}
{"fileName":"ServerboundSetJigsawBlockPacket.java","id":"sourceFile"}
{"fileName":"ServerboundSetStructureBlockPacket.java","id":"sourceFile"}
{"fileName":"ServerboundSignUpdatePacket.java","id":"sourceFile"}
{"fileName":"ServerboundSwingPacket.java","id":"sourceFile"}
{"fileName":"ServerboundTeleportToEntityPacket.java","id":"sourceFile"}
{"fileName":"ServerboundUseItemOnPacket.java","id":"sourceFile"}
{"fileName":"ServerboundUseItemPacket.java","id":"sourceFile"}
{"fileName":"VecDeltaCodec.java","id":"sourceFile"}
{"fileName":"package-info.java","id":"sourceFile"}
{"fileName":"ClientIntent.java","id":"sourceFile"}
{"fileName":"ClientIntent.java","id":"sourceFile"}
{"fileName":"ClientIntentionPacket.java","id":"sourceFile"}
{"fileName":"ServerHandshakePacketListener.java","id":"sourceFile"}
{"fileName":"package-info.java","id":"sourceFile"}
{"fileName":"ClientLoginPacketListener.java","id":"sourceFile"}
{"fileName":"ClientboundCustomQueryPacket.java","id":"sourceFile"}
{"fileName":"ClientboundGameProfilePacket.java","id":"sourceFile"}
{"fileName":"ClientboundHelloPacket.java","id":"sourceFile"}
{"fileName":"ClientboundLoginCompressionPacket.java","id":"sourceFile"}
{"fileName":"ClientboundLoginDisconnectPacket.java","id":"sourceFile"}
{"fileName":"ServerLoginPacketListener.java","id":"sourceFile"}
{"fileName":"ServerboundCustomQueryAnswerPacket.java","id":"sourceFile"}
{"fileName":"ServerboundHelloPacket.java","id":"sourceFile"}
{"fileName":"ServerboundKeyPacket.java","id":"sourceFile"}
{"fileName":"ServerboundLoginAcknowledgedPacket.java","id":"sourceFile"}
{"fileName":"CustomQueryAnswerPayload.java","id":"sourceFile"}
{"fileName":"CustomQueryPayload.java","id":"sourceFile"}
{"fileName":"DiscardedQueryAnswerPayload.java","id":"sourceFile"}
{"fileName":"DiscardedQueryPayload.java","id":"sourceFile"}
{"fileName":"package-info.java","id":"sourceFile"}
{"fileName":"package-info.java","id":"sourceFile"}
{"fileName":"package-info.java","id":"sourceFile"}
{"fileName":"ClientStatusPacketListener.java","id":"sourceFile"}
{"fileName":"ClientboundPongResponsePacket.java","id":"sourceFile"}
{"fileName":"ClientboundStatusResponsePacket.java","id":"sourceFile"}
{"fileName":"ServerStatus.java","id":"sourceFile"}
{"fileName":"ServerStatus.java","id":"sourceFile"}
{"fileName":"ServerStatus.java","id":"sourceFile"}
{"fileName":"ServerStatus.java","id":"sourceFile"}
{"fileName":"ServerStatusPacketListener.java","id":"sourceFile"}
{"fileName":"ServerboundPingRequestPacket.java","id":"sourceFile"}
{"fileName":"ServerboundStatusRequestPacket.java","id":"sourceFile"}
{"fileName":"package-info.java","id":"sourceFile"}
{"fileName":"EntityDataAccessor.java","id":"sourceFile"}
{"fileName":"EntityDataSerializer.java","id":"sourceFile"}
{"fileName":"EntityDataSerializer.java","id":"sourceFile"}
{"fileName":"EntityDataSerializer.java","id":"sourceFile"}
{"fileName":"EntityDataSerializers.java","id":"sourceFile"}
{"fileName":"EntityDataSerializers.java","id":"sourceFile"}
{"fileName":"EntityDataSerializers.java","id":"sourceFile"}
{"fileName":"EntityDataSerializers.java","id":"sourceFile"}
{"fileName":"EntityDataSerializers.java","id":"sourceFile"}
{"fileName":"EntityDataSerializers.java","id":"sourceFile"}
{"fileName":"EntityDataSerializers.java","id":"sourceFile"}
{"fileName":"EntityDataSerializers.java","id":"sourceFile"}
{"fileName":"SynchedEntityData.java","id":"sourceFile"}
{"fileName":"SynchedEntityData.java","id":"sourceFile"}
{"fileName":"SynchedEntityData.java","id":"sourceFile"}
{"fileName":"package-info.java","id":"sourceFile"}
{"fileName":"DontObfuscate.java","id":"sourceFile"}
{"fileName":"package-info.java","id":"sourceFile"}
{"fileName":"package-info.java","id":"sourceFile"}
{"fileName":"DisconnectedRealmsScreen.java","id":"sourceFile"}
{"fileName":"RealmsConnect.java","id":"sourceFile"}
{"fileName":"RealmsConnect.java","id":"sourceFile"}
{"fileName":"RealmsLabel.java","id":"sourceFile"}
{"fileName":"RealmsObjectSelectionList.java","id":"sourceFile"}
{"fileName":"RealmsScreen.java","id":"sourceFile"}
{"fileName":"RepeatedNarrator.java","id":"sourceFile"}
{"fileName":"RepeatedNarrator.java","id":"sourceFile"}
{"fileName":"package-info.java","id":"sourceFile"}
{"fileName":"PlaceRecipe.java","id":"sourceFile"}
{"fileName":"ServerPlaceRecipe.java","id":"sourceFile"}
{"fileName":"package-info.java","id":"sourceFile"}
{"fileName":"Blocks.java","id":"sourceFile"}
{"fileName":"Items.java","id":"sourceFile"}
{"fileName":"DelegatingOps.java","id":"sourceFile"}
{"fileName":"FileToIdConverter.java","id":"sourceFile"}
{"fileName":"HolderSetCodec.java","id":"sourceFile"}
{"fileName":"RegistryDataLoader.java","id":"sourceFile"}
{"fileName":"RegistryDataLoader.java","id":"sourceFile"}
{"fileName":"RegistryDataLoader.java","id":"sourceFile"}
{"fileName":"RegistryDataLoader.java","id":"sourceFile"}
{"fileName":"RegistryFileCodec.java","id":"sourceFile"}
{"fileName":"RegistryFixedCodec.java","id":"sourceFile"}
{"fileName":"RegistryOps.java","id":"sourceFile"}
{"fileName":"RegistryOps.java","id":"sourceFile"}
{"fileName":"RegistryOps.java","id":"sourceFile"}
{"fileName":"RegistryOps.java","id":"sourceFile"}
{"fileName":"RegistryOps.java","id":"sourceFile"}
{"fileName":"ResourceKey.java","id":"sourceFile"}
{"fileName":"ResourceKey.java","id":"sourceFile"}
{"fileName":"ResourceLocation.java","id":"sourceFile"}
{"fileName":"ResourceLocation.java","id":"sourceFile"}
{"fileName":"ResourceLocation.java","id":"sourceFile"}
{"fileName":"package-info.java","id":"sourceFile"}
{"fileName":"Bootstrap.java","id":"sourceFile"}
{"fileName":"Bootstrap.java","id":"sourceFile"}
{"fileName":"ChainedJsonException.java","id":"sourceFile"}
{"fileName":"ChainedJsonException.java","id":"sourceFile"}
{"fileName":"ConsoleInput.java","id":"sourceFile"}
{"fileName":"DebugLoggedPrintStream.java","id":"sourceFile"}
{"fileName":"Eula.java","id":"sourceFile"}
{"fileName":"LoggedPrintStream.java","id":"sourceFile"}
{"fileName":"Main.java","id":"sourceFile"}
{"fileName":"Main.java","id":"sourceFile"}
{"fileName":"MinecraftServer.java","id":"sourceFile"}
{"fileName":"MinecraftServer.java","id":"sourceFile"}
{"fileName":"MinecraftServer.java","id":"sourceFile"}
{"fileName":"MinecraftServer.java","id":"sourceFile"}
{"fileName":"MinecraftServer.java","id":"sourceFile"}
{"fileName":"MinecraftServer.java","id":"sourceFile"}
{"fileName":"PlayerAdvancements.java","id":"sourceFile"}
{"fileName":"PlayerAdvancements.java","id":"sourceFile"}
{"fileName":"RegistryLayer.java","id":"sourceFile"}
{"fileName":"ReloadableServerResources.java","id":"sourceFile"}
{"fileName":"RunningOnDifferentThreadException.java","id":"sourceFile"}
{"fileName":"ServerAdvancementManager.java","id":"sourceFile"}
{"fileName":"ServerFunctionLibrary.java","id":"sourceFile"}
{"fileName":"ServerFunctionManager.java","id":"sourceFile"}
{"fileName":"ServerInfo.java","id":"sourceFile"}
{"fileName":"ServerInterface.java","id":"sourceFile"}
{"fileName":"ServerScoreboard.java","id":"sourceFile"}
{"fileName":"ServerScoreboard.java","id":"sourceFile"}
{"fileName":"ServerTickRateManager.java","id":"sourceFile"}
{"fileName":"Services.java","id":"sourceFile"}
{"fileName":"TickTask.java","id":"sourceFile"}
{"fileName":"WorldLoader.java","id":"sourceFile"}
{"fileName":"WorldLoader.java","id":"sourceFile"}
{"fileName":"WorldLoader.java","id":"sourceFile"}
{"fileName":"WorldLoader.java","id":"sourceFile"}
{"fileName":"WorldLoader.java","id":"sourceFile"}
{"fileName":"WorldLoader.java","id":"sourceFile"}
{"fileName":"WorldLoader.java","id":"sourceFile"}
{"fileName":"WorldStem.java","id":"sourceFile"}
{"fileName":"AdvancementVisibilityEvaluator.java","id":"sourceFile"}
{"fileName":"AdvancementVisibilityEvaluator.java","id":"sourceFile"}
{"fileName":"AdvancementVisibilityEvaluator.java","id":"sourceFile"}
{"fileName":"package-info.java","id":"sourceFile"}
{"fileName":"CustomBossEvent.java","id":"sourceFile"}
{"fileName":"CustomBossEvents.java","id":"sourceFile"}
{"fileName":"package-info.java","id":"sourceFile"}
{"fileName":"ChaseClient.java","id":"sourceFile"}
{"fileName":"ChaseClient.java","id":"sourceFile"}
{"fileName":"ChaseServer.java","id":"sourceFile"}
{"fileName":"ChaseServer.java","id":"sourceFile"}
{"fileName":"package-info.java","id":"sourceFile"}
{"fileName":"AdvancementCommands.java","id":"sourceFile"}
{"fileName":"AdvancementCommands.java","id":"sourceFile"}
{"fileName":"AdvancementCommands.java","id":"sourceFile"}
{"fileName":"AdvancementCommands.java","id":"sourceFile"}
{"fileName":"AdvancementCommands.java","id":"sourceFile"}
{"fileName":"AttributeCommand.java","id":"sourceFile"}
{"fileName":"BanIpCommands.java","id":"sourceFile"}
{"fileName":"BanListCommands.java","id":"sourceFile"}
{"fileName":"BanPlayerCommands.java","id":"sourceFile"}
{"fileName":"BossBarCommands.java","id":"sourceFile"}
{"fileName":"ChaseCommand.java","id":"sourceFile"}
{"fileName":"ClearInventoryCommands.java","id":"sourceFile"}
{"fileName":"CloneCommands.java","id":"sourceFile"}
{"fileName":"CloneCommands.java","id":"sourceFile"}
{"fileName":"CloneCommands.java","id":"sourceFile"}
{"fileName":"CloneCommands.java","id":"sourceFile"}
{"fileName":"CloneCommands.java","id":"sourceFile"}
{"fileName":"DamageCommand.java","id":"sourceFile"}
{"fileName":"DataPackCommand.java","id":"sourceFile"}
{"fileName":"DataPackCommand.java","id":"sourceFile"}
{"fileName":"DeOpCommands.java","id":"sourceFile"}
{"fileName":"DebugCommand.java","id":"sourceFile"}
{"fileName":"DebugCommand.java","id":"sourceFile"}
{"fileName":"DebugCommand.java","id":"sourceFile"}
{"fileName":"DebugCommand.java","id":"sourceFile"}
{"fileName":"DebugConfigCommand.java","id":"sourceFile"}
{"fileName":"DebugMobSpawningCommand.java","id":"sourceFile"}
{"fileName":"DebugPathCommand.java","id":"sourceFile"}
{"fileName":"DefaultGameModeCommands.java","id":"sourceFile"}
{"fileName":"DifficultyCommand.java","id":"sourceFile"}
{"fileName":"EffectCommands.java","id":"sourceFile"}
{"fileName":"EmoteCommands.java","id":"sourceFile"}
{"fileName":"EnchantCommand.java","id":"sourceFile"}
{"fileName":"ExecuteCommand.java","id":"sourceFile"}
{"fileName":"ExecuteCommand.java","id":"sourceFile"}
{"fileName":"ExecuteCommand.java","id":"sourceFile"}
{"fileName":"ExecuteCommand.java","id":"sourceFile"}
{"fileName":"ExecuteCommand.java","id":"sourceFile"}
{"fileName":"ExecuteCommand.java","id":"sourceFile"}
{"fileName":"ExperienceCommand.java","id":"sourceFile"}
{"fileName":"ExperienceCommand.java","id":"sourceFile"}
{"fileName":"FillBiomeCommand.java","id":"sourceFile"}
{"fileName":"FillCommand.java","id":"sourceFile"}
{"fileName":"FillCommand.java","id":"sourceFile"}
{"fileName":"ForceLoadCommand.java","id":"sourceFile"}
{"fileName":"FunctionCommand.java","id":"sourceFile"}
{"fileName":"FunctionCommand.java","id":"sourceFile"}
{"fileName":"FunctionCommand.java","id":"sourceFile"}
{"fileName":"FunctionCommand.java","id":"sourceFile"}
{"fileName":"FunctionCommand.java","id":"sourceFile"}
{"fileName":"FunctionCommand.java","id":"sourceFile"}
{"fileName":"FunctionCommand.java","id":"sourceFile"}
{"fileName":"FunctionCommand.java","id":"sourceFile"}
{"fileName":"FunctionCommand.java","id":"sourceFile"}
{"fileName":"GameModeCommand.java","id":"sourceFile"}
{"fileName":"GameRuleCommand.java","id":"sourceFile"}
{"fileName":"GameRuleCommand.java","id":"sourceFile"}
{"fileName":"GiveCommand.java","id":"sourceFile"}
{"fileName":"HelpCommand.java","id":"sourceFile"}
{"fileName":"ItemCommands.java","id":"sourceFile"}
{"fileName":"JfrCommand.java","id":"sourceFile"}
{"fileName":"KickCommand.java","id":"sourceFile"}
{"fileName":"KillCommand.java","id":"sourceFile"}
{"fileName":"ListPlayersCommand.java","id":"sourceFile"}
{"fileName":"LocateCommand.java","id":"sourceFile"}
{"fileName":"LootCommand.java","id":"sourceFile"}
{"fileName":"LootCommand.java","id":"sourceFile"}
{"fileName":"LootCommand.java","id":"sourceFile"}
{"fileName":"LootCommand.java","id":"sourceFile"}
{"fileName":"MsgCommand.java","id":"sourceFile"}
{"fileName":"OpCommand.java","id":"sourceFile"}
{"fileName":"PardonCommand.java","id":"sourceFile"}
{"fileName":"PardonIpCommand.java","id":"sourceFile"}
{"fileName":"ParticleCommand.java","id":"sourceFile"}
{"fileName":"PerfCommand.java","id":"sourceFile"}
{"fileName":"PlaceCommand.java","id":"sourceFile"}
{"fileName":"PlaySoundCommand.java","id":"sourceFile"}
{"fileName":"PublishCommand.java","id":"sourceFile"}
{"fileName":"RaidCommand.java","id":"sourceFile"}
{"fileName":"RandomCommand.java","id":"sourceFile"}
{"fileName":"RecipeCommand.java","id":"sourceFile"}
{"fileName":"ReloadCommand.java","id":"sourceFile"}
{"fileName":"ResetChunksCommand.java","id":"sourceFile"}
{"fileName":"ReturnCommand.java","id":"sourceFile"}
{"fileName":"ReturnCommand.java","id":"sourceFile"}
{"fileName":"ReturnCommand.java","id":"sourceFile"}
{"fileName":"ReturnCommand.java","id":"sourceFile"}
{"fileName":"RideCommand.java","id":"sourceFile"}
{"fileName":"SaveAllCommand.java","id":"sourceFile"}
{"fileName":"SaveOffCommand.java","id":"sourceFile"}
{"fileName":"SaveOnCommand.java","id":"sourceFile"}
{"fileName":"SayCommand.java","id":"sourceFile"}
{"fileName":"ScheduleCommand.java","id":"sourceFile"}
{"fileName":"ScoreboardCommand.java","id":"sourceFile"}
{"fileName":"ScoreboardCommand.java","id":"sourceFile"}
{"fileName":"SeedCommand.java","id":"sourceFile"}
{"fileName":"ServerPackCommand.java","id":"sourceFile"}
{"fileName":"SetBlockCommand.java","id":"sourceFile"}
{"fileName":"SetBlockCommand.java","id":"sourceFile"}
{"fileName":"SetBlockCommand.java","id":"sourceFile"}
{"fileName":"SetPlayerIdleTimeoutCommand.java","id":"sourceFile"}
{"fileName":"SetSpawnCommand.java","id":"sourceFile"}
{"fileName":"SetWorldSpawnCommand.java","id":"sourceFile"}
{"fileName":"SpawnArmorTrimsCommand.java","id":"sourceFile"}
{"fileName":"SpectateCommand.java","id":"sourceFile"}
{"fileName":"SpreadPlayersCommand.java","id":"sourceFile"}
{"fileName":"SpreadPlayersCommand.java","id":"sourceFile"}
{"fileName":"StopCommand.java","id":"sourceFile"}
{"fileName":"StopSoundCommand.java","id":"sourceFile"}
{"fileName":"SummonCommand.java","id":"sourceFile"}
{"fileName":"TagCommand.java","id":"sourceFile"}
{"fileName":"TeamCommand.java","id":"sourceFile"}
{"fileName":"TeamMsgCommand.java","id":"sourceFile"}
{"fileName":"TeleportCommand.java","id":"sourceFile"}
{"fileName":"TeleportCommand.java","id":"sourceFile"}
{"fileName":"TellRawCommand.java","id":"sourceFile"}
{"fileName":"TickCommand.java","id":"sourceFile"}
{"fileName":"TimeCommand.java","id":"sourceFile"}
{"fileName":"TitleCommand.java","id":"sourceFile"}
{"fileName":"TriggerCommand.java","id":"sourceFile"}
{"fileName":"WardenSpawnTrackerCommand.java","id":"sourceFile"}
{"fileName":"WeatherCommand.java","id":"sourceFile"}
{"fileName":"WhitelistCommand.java","id":"sourceFile"}
{"fileName":"WorldBorderCommand.java","id":"sourceFile"}
{"fileName":"BlockDataAccessor.java","id":"sourceFile"}
{"fileName":"BlockDataAccessor.java","id":"sourceFile"}
{"fileName":"DataAccessor.java","id":"sourceFile"}
{"fileName":"DataCommands.java","id":"sourceFile"}
{"fileName":"DataCommands.java","id":"sourceFile"}
{"fileName":"DataCommands.java","id":"sourceFile"}
{"fileName":"DataCommands.java","id":"sourceFile"}
{"fileName":"DataCommands.java","id":"sourceFile"}
{"fileName":"EntityDataAccessor.java","id":"sourceFile"}
{"fileName":"EntityDataAccessor.java","id":"sourceFile"}
{"fileName":"StorageDataAccessor.java","id":"sourceFile"}
{"fileName":"StorageDataAccessor.java","id":"sourceFile"}
{"fileName":"package-info.java","id":"sourceFile"}
{"fileName":"package-info.java","id":"sourceFile"}
{"fileName":"DedicatedPlayerList.java","id":"sourceFile"}
{"fileName":"DedicatedServer.java","id":"sourceFile"}
{"fileName":"DedicatedServer.java","id":"sourceFile"}
{"fileName":"DedicatedServerProperties.java","id":"sourceFile"}
{"fileName":"DedicatedServerProperties.java","id":"sourceFile"}
{"fileName":"DedicatedServerSettings.java","id":"sourceFile"}
{"fileName":"ServerWatchdog.java","id":"sourceFile"}
{"fileName":"ServerWatchdog.java","id":"sourceFile"}
{"fileName":"Settings.java","id":"sourceFile"}
{"fileName":"Settings.java","id":"sourceFile"}
{"fileName":"package-info.java","id":"sourceFile"}
{"fileName":"MinecraftServerGui.java","id":"sourceFile"}
{"fileName":"MinecraftServerGui.java","id":"sourceFile"}
{"fileName":"MinecraftServerGui.java","id":"sourceFile"}
{"fileName":"PlayerListComponent.java","id":"sourceFile"}
{"fileName":"StatsComponent.java","id":"sourceFile"}
{"fileName":"package-info.java","id":"sourceFile"}
{"fileName":"BlockDestructionProgress.java","id":"sourceFile"}
{"fileName":"ChunkHolder.java","id":"sourceFile"}
{"fileName":"ChunkHolder.java","id":"sourceFile"}
{"fileName":"ChunkHolder.java","id":"sourceFile"}
{"fileName":"ChunkHolder.java","id":"sourceFile"}
{"fileName":"ChunkHolder.java","id":"sourceFile"}
{"fileName":"ChunkHolder.java","id":"sourceFile"}
{"fileName":"ChunkHolder.java","id":"sourceFile"}
{"fileName":"ChunkLevel.java","id":"sourceFile"}
{"fileName":"ChunkLevel.java","id":"sourceFile"}
{"fileName":"ChunkMap.java","id":"sourceFile"}
{"fileName":"ChunkMap.java","id":"sourceFile"}
{"fileName":"ChunkMap.java","id":"sourceFile"}
{"fileName":"ChunkMap.java","id":"sourceFile"}
{"fileName":"ChunkMap.java","id":"sourceFile"}
{"fileName":"ChunkTaskPriorityQueue.java","id":"sourceFile"}
{"fileName":"ChunkTaskPriorityQueueSorter.java","id":"sourceFile"}
{"fileName":"ChunkTaskPriorityQueueSorter.java","id":"sourceFile"}
{"fileName":"ChunkTaskPriorityQueueSorter.java","id":"sourceFile"}
{"fileName":"ChunkTracker.java","id":"sourceFile"}
{"fileName":"ChunkTrackingView.java","id":"sourceFile"}
{"fileName":"ChunkTrackingView.java","id":"sourceFile"}
{"fileName":"ChunkTrackingView.java","id":"sourceFile"}
{"fileName":"ClientInformation.java","id":"sourceFile"}
{"fileName":"ColumnPos.java","id":"sourceFile"}
{"fileName":"DemoMode.java","id":"sourceFile"}
{"fileName":"DistanceManager.java","id":"sourceFile"}
{"fileName":"DistanceManager.java","id":"sourceFile"}
{"fileName":"DistanceManager.java","id":"sourceFile"}
{"fileName":"DistanceManager.java","id":"sourceFile"}
{"fileName":"FullChunkStatus.java","id":"sourceFile"}
{"fileName":"PlayerMap.java","id":"sourceFile"}
{"fileName":"PlayerRespawnLogic.java","id":"sourceFile"}
{"fileName":"SectionTracker.java","id":"sourceFile"}
{"fileName":"ServerBossEvent.java","id":"sourceFile"}
{"fileName":"ServerChunkCache.java","id":"sourceFile"}
{"fileName":"ServerChunkCache.java","id":"sourceFile"}
{"fileName":"ServerChunkCache.java","id":"sourceFile"}
{"fileName":"ServerEntity.java","id":"sourceFile"}
{"fileName":"ServerLevel.java","id":"sourceFile"}
{"fileName":"ServerLevel.java","id":"sourceFile"}
{"fileName":"ServerPlayer.java","id":"sourceFile"}
{"fileName":"ServerPlayer.java","id":"sourceFile"}
{"fileName":"ServerPlayer.java","id":"sourceFile"}
{"fileName":"ServerPlayerGameMode.java","id":"sourceFile"}
{"fileName":"ThreadedLevelLightEngine.java","id":"sourceFile"}
{"fileName":"ThreadedLevelLightEngine.java","id":"sourceFile"}
{"fileName":"Ticket.java","id":"sourceFile"}
{"fileName":"TicketType.java","id":"sourceFile"}
{"fileName":"TickingTracker.java","id":"sourceFile"}
{"fileName":"WorldGenRegion.java","id":"sourceFile"}
{"fileName":"package-info.java","id":"sourceFile"}
{"fileName":"ChunkProgressListener.java","id":"sourceFile"}
{"fileName":"ChunkProgressListenerFactory.java","id":"sourceFile"}
{"fileName":"LoggerChunkProgressListener.java","id":"sourceFile"}
{"fileName":"ProcessorChunkProgressListener.java","id":"sourceFile"}
{"fileName":"StoringChunkProgressListener.java","id":"sourceFile"}
{"fileName":"package-info.java","id":"sourceFile"}
{"fileName":"CommonListenerCookie.java","id":"sourceFile"}
{"fileName":"ConfigurationTask.java","id":"sourceFile"}
{"fileName":"ConfigurationTask.java","id":"sourceFile"}
{"fileName":"FilteredText.java","id":"sourceFile"}
{"fileName":"LegacyProtocolUtils.java","id":"sourceFile"}
{"fileName":"LegacyQueryHandler.java","id":"sourceFile"}
{"fileName":"MemoryServerHandshakePacketListenerImpl.java","id":"sourceFile"}
{"fileName":"PlayerChunkSender.java","id":"sourceFile"}
{"fileName":"ServerCommonPacketListenerImpl.java","id":"sourceFile"}
{"fileName":"ServerConfigurationPacketListenerImpl.java","id":"sourceFile"}
{"fileName":"ServerConnectionListener.java","id":"sourceFile"}
{"fileName":"ServerConnectionListener.java","id":"sourceFile"}
{"fileName":"ServerConnectionListener.java","id":"sourceFile"}
{"fileName":"ServerConnectionListener.java","id":"sourceFile"}
{"fileName":"ServerConnectionListener.java","id":"sourceFile"}
{"fileName":"ServerGamePacketListenerImpl.java","id":"sourceFile"}
{"fileName":"ServerGamePacketListenerImpl.java","id":"sourceFile"}
{"fileName":"ServerGamePacketListenerImpl.java","id":"sourceFile"}
{"fileName":"ServerGamePacketListenerImpl.java","id":"sourceFile"}
{"fileName":"ServerHandshakePacketListenerImpl.java","id":"sourceFile"}
{"fileName":"ServerHandshakePacketListenerImpl.java","id":"sourceFile"}
{"fileName":"ServerLoginPacketListenerImpl.java","id":"sourceFile"}
{"fileName":"ServerLoginPacketListenerImpl.java","id":"sourceFile"}
{"fileName":"ServerLoginPacketListenerImpl.java","id":"sourceFile"}
{"fileName":"ServerPlayerConnection.java","id":"sourceFile"}
{"fileName":"ServerStatusPacketListenerImpl.java","id":"sourceFile"}
{"fileName":"TextFilter.java","id":"sourceFile"}
{"fileName":"TextFilter.java","id":"sourceFile"}
{"fileName":"TextFilterClient.java","id":"sourceFile"}
{"fileName":"TextFilterClient.java","id":"sourceFile"}
{"fileName":"TextFilterClient.java","id":"sourceFile"}
{"fileName":"TextFilterClient.java","id":"sourceFile"}
{"fileName":"TextFilterClient.java","id":"sourceFile"}
{"fileName":"TextFilterClient.java","id":"sourceFile"}
{"fileName":"JoinWorldTask.java","id":"sourceFile"}
{"fileName":"ServerResourcePackConfigurationTask.java","id":"sourceFile"}
{"fileName":"package-info.java","id":"sourceFile"}
{"fileName":"package-info.java","id":"sourceFile"}
{"fileName":"package-info.java","id":"sourceFile"}
{"fileName":"AbstractPackResources.java","id":"sourceFile"}
{"fileName":"BuiltInMetadata.java","id":"sourceFile"}
{"fileName":"CompositePackResources.java","id":"sourceFile"}
{"fileName":"DownloadCacheCleaner.java","id":"sourceFile"}
{"fileName":"DownloadCacheCleaner.java","id":"sourceFile"}
{"fileName":"DownloadCacheCleaner.java","id":"sourceFile"}
{"fileName":"DownloadCacheCleaner.java","id":"sourceFile"}
{"fileName":"DownloadQueue.java","id":"sourceFile"}
{"fileName":"DownloadQueue.java","id":"sourceFile"}
{"fileName":"DownloadQueue.java","id":"sourceFile"}
{"fileName":"DownloadQueue.java","id":"sourceFile"}
{"fileName":"DownloadQueue.java","id":"sourceFile"}
{"fileName":"DownloadQueue.java","id":"sourceFile"}
{"fileName":"FeatureFlagsMetadataSection.java","id":"sourceFile"}
{"fileName":"FilePackResources.java","id":"sourceFile"}
{"fileName":"FilePackResources.java","id":"sourceFile"}
{"fileName":"FilePackResources.java","id":"sourceFile"}
{"fileName":"OverlayMetadataSection.java","id":"sourceFile"}
{"fileName":"OverlayMetadataSection.java","id":"sourceFile"}
{"fileName":"PackResources.java","id":"sourceFile"}
{"fileName":"PackResources.java","id":"sourceFile"}
{"fileName":"PackType.java","id":"sourceFile"}
{"fileName":"PathPackResources.java","id":"sourceFile"}
{"fileName":"PathPackResources.java","id":"sourceFile"}
{"fileName":"VanillaPackResources.java","id":"sourceFile"}
{"fileName":"VanillaPackResourcesBuilder.java","id":"sourceFile"}
{"fileName":"DummyFileAttributes.java","id":"sourceFile"}
{"fileName":"LinkFSFileStore.java","id":"sourceFile"}
{"fileName":"LinkFSPath.java","id":"sourceFile"}
{"fileName":"LinkFSPath.java","id":"sourceFile"}
{"fileName":"LinkFSPath.java","id":"sourceFile"}
{"fileName":"LinkFSPath.java","id":"sourceFile"}
{"fileName":"LinkFSProvider.java","id":"sourceFile"}
{"fileName":"LinkFSProvider.java","id":"sourceFile"}
{"fileName":"LinkFSProvider.java","id":"sourceFile"}
{"fileName":"LinkFileSystem.java","id":"sourceFile"}
{"fileName":"LinkFileSystem.java","id":"sourceFile"}
{"fileName":"LinkFileSystem.java","id":"sourceFile"}
{"fileName":"PathContents.java","id":"sourceFile"}
{"fileName":"PathContents.java","id":"sourceFile"}
{"fileName":"PathContents.java","id":"sourceFile"}
{"fileName":"PathContents.java","id":"sourceFile"}
{"fileName":"PathContents.java","id":"sourceFile"}
{"fileName":"package-info.java","id":"sourceFile"}
{"fileName":"MetadataSectionSerializer.java","id":"sourceFile"}
{"fileName":"MetadataSectionType.java","id":"sourceFile"}
{"fileName":"MetadataSectionType.java","id":"sourceFile"}
{"fileName":"PackMetadataSection.java","id":"sourceFile"}
{"fileName":"package-info.java","id":"sourceFile"}
{"fileName":"package-info.java","id":"sourceFile"}
{"fileName":"package-info.java","id":"sourceFile"}
{"fileName":"BuiltInPackSource.java","id":"sourceFile"}
{"fileName":"BuiltInPackSource.java","id":"sourceFile"}
{"fileName":"FolderRepositorySource.java","id":"sourceFile"}
{"fileName":"FolderRepositorySource.java","id":"sourceFile"}
{"fileName":"Pack.java","id":"sourceFile"}
{"fileName":"Pack.java","id":"sourceFile"}
{"fileName":"Pack.java","id":"sourceFile"}
{"fileName":"Pack.java","id":"sourceFile"}
{"fileName":"PackCompatibility.java","id":"sourceFile"}
{"fileName":"PackDetector.java","id":"sourceFile"}
{"fileName":"PackRepository.java","id":"sourceFile"}
{"fileName":"PackSource.java","id":"sourceFile"}
{"fileName":"PackSource.java","id":"sourceFile"}
{"fileName":"RepositorySource.java","id":"sourceFile"}
{"fileName":"ServerPacksSource.java","id":"sourceFile"}
{"fileName":"package-info.java","id":"sourceFile"}
{"fileName":"CloseableResourceManager.java","id":"sourceFile"}
{"fileName":"FallbackResourceManager.java","id":"sourceFile"}
{"fileName":"FallbackResourceManager.java","id":"sourceFile"}
{"fileName":"FallbackResourceManager.java","id":"sourceFile"}
{"fileName":"FallbackResourceManager.java","id":"sourceFile"}
{"fileName":"FallbackResourceManager.java","id":"sourceFile"}
{"fileName":"FallbackResourceManager.java","id":"sourceFile"}
{"fileName":"IoSupplier.java","id":"sourceFile"}
{"fileName":"MultiPackResourceManager.java","id":"sourceFile"}
{"fileName":"PreparableReloadListener.java","id":"sourceFile"}
{"fileName":"PreparableReloadListener.java","id":"sourceFile"}
{"fileName":"ProfiledReloadInstance.java","id":"sourceFile"}
{"fileName":"ProfiledReloadInstance.java","id":"sourceFile"}
{"fileName":"ReloadInstance.java","id":"sourceFile"}
{"fileName":"ReloadableResourceManager.java","id":"sourceFile"}
{"fileName":"Resource.java","id":"sourceFile"}
{"fileName":"ResourceFilterSection.java","id":"sourceFile"}
{"fileName":"ResourceManager.java","id":"sourceFile"}
{"fileName":"ResourceManager.java","id":"sourceFile"}
{"fileName":"ResourceManagerReloadListener.java","id":"sourceFile"}
{"fileName":"ResourceMetadata.java","id":"sourceFile"}
{"fileName":"ResourceMetadata.java","id":"sourceFile"}
{"fileName":"ResourceMetadata.java","id":"sourceFile"}
{"fileName":"ResourceMetadata.java","id":"sourceFile"}
{"fileName":"ResourceMetadata.java","id":"sourceFile"}
{"fileName":"ResourceProvider.java","id":"sourceFile"}
{"fileName":"SimpleJsonResourceReloadListener.java","id":"sourceFile"}
{"fileName":"SimplePreparableReloadListener.java","id":"sourceFile"}
{"fileName":"SimpleReloadInstance.java","id":"sourceFile"}
{"fileName":"SimpleReloadInstance.java","id":"sourceFile"}
{"fileName":"SimpleReloadInstance.java","id":"sourceFile"}
{"fileName":"package-info.java","id":"sourceFile"}
{"fileName":"BanListEntry.java","id":"sourceFile"}
{"fileName":"GameProfileCache.java","id":"sourceFile"}
{"fileName":"GameProfileCache.java","id":"sourceFile"}
{"fileName":"GameProfileCache.java","id":"sourceFile"}
{"fileName":"IpBanList.java","id":"sourceFile"}
{"fileName":"IpBanListEntry.java","id":"sourceFile"}
{"fileName":"OldUsersConverter.java","id":"sourceFile"}
{"fileName":"OldUsersConverter.java","id":"sourceFile"}
{"fileName":"OldUsersConverter.java","id":"sourceFile"}
{"fileName":"OldUsersConverter.java","id":"sourceFile"}
{"fileName":"OldUsersConverter.java","id":"sourceFile"}
{"fileName":"OldUsersConverter.java","id":"sourceFile"}
{"fileName":"OldUsersConverter.java","id":"sourceFile"}
{"fileName":"PlayerList.java","id":"sourceFile"}
{"fileName":"PlayerList.java","id":"sourceFile"}
{"fileName":"ServerOpList.java","id":"sourceFile"}
{"fileName":"ServerOpListEntry.java","id":"sourceFile"}
{"fileName":"SleepStatus.java","id":"sourceFile"}
{"fileName":"StoredUserEntry.java","id":"sourceFile"}
{"fileName":"StoredUserList.java","id":"sourceFile"}
{"fileName":"UserBanList.java","id":"sourceFile"}
{"fileName":"UserBanListEntry.java","id":"sourceFile"}
{"fileName":"UserWhiteList.java","id":"sourceFile"}
{"fileName":"UserWhiteListEntry.java","id":"sourceFile"}
{"fileName":"package-info.java","id":"sourceFile"}
{"fileName":"NetworkDataOutputStream.java","id":"sourceFile"}
{"fileName":"PktUtils.java","id":"sourceFile"}
{"fileName":"RconConsoleSource.java","id":"sourceFile"}
{"fileName":"package-info.java","id":"sourceFile"}
{"fileName":"GenericThread.java","id":"sourceFile"}
{"fileName":"QueryThreadGs4.java","id":"sourceFile"}
{"fileName":"QueryThreadGs4.java","id":"sourceFile"}
{"fileName":"RconClient.java","id":"sourceFile"}
{"fileName":"RconThread.java","id":"sourceFile"}
{"fileName":"package-info.java","id":"sourceFile"}
{"fileName":"Music.java","id":"sourceFile"}
{"fileName":"Musics.java","id":"sourceFile"}
{"fileName":"SoundEvent.java","id":"sourceFile"}
{"fileName":"SoundEvents.java","id":"sourceFile"}
{"fileName":"SoundSource.java","id":"sourceFile"}
{"fileName":"package-info.java","id":"sourceFile"}
{"fileName":"RecipeBook.java","id":"sourceFile"}
{"fileName":"RecipeBookSettings.java","id":"sourceFile"}
{"fileName":"RecipeBookSettings.java","id":"sourceFile"}
{"fileName":"ServerRecipeBook.java","id":"sourceFile"}
{"fileName":"ServerStatsCounter.java","id":"sourceFile"}
{"fileName":"Stat.java","id":"sourceFile"}
{"fileName":"StatFormatter.java","id":"sourceFile"}
{"fileName":"StatType.java","id":"sourceFile"}
{"fileName":"Stats.java","id":"sourceFile"}
{"fileName":"StatsCounter.java","id":"sourceFile"}
{"fileName":"package-info.java","id":"sourceFile"}
{"fileName":"BannerPatternTags.java","id":"sourceFile"}
{"fileName":"BiomeTags.java","id":"sourceFile"}
{"fileName":"BlockTags.java","id":"sourceFile"}
{"fileName":"CatVariantTags.java","id":"sourceFile"}
{"fileName":"DamageTypeTags.java","id":"sourceFile"}
{"fileName":"EntityTypeTags.java","id":"sourceFile"}
{"fileName":"FlatLevelGeneratorPresetTags.java","id":"sourceFile"}
{"fileName":"FluidTags.java","id":"sourceFile"}
{"fileName":"GameEventTags.java","id":"sourceFile"}
{"fileName":"InstrumentTags.java","id":"sourceFile"}
{"fileName":"ItemTags.java","id":"sourceFile"}
{"fileName":"PaintingVariantTags.java","id":"sourceFile"}
{"fileName":"PoiTypeTags.java","id":"sourceFile"}
{"fileName":"StructureTags.java","id":"sourceFile"}
{"fileName":"TagBuilder.java","id":"sourceFile"}
{"fileName":"TagEntry.java","id":"sourceFile"}
{"fileName":"TagEntry.java","id":"sourceFile"}
{"fileName":"TagFile.java","id":"sourceFile"}
{"fileName":"TagKey.java","id":"sourceFile"}
{"fileName":"TagLoader.java","id":"sourceFile"}
{"fileName":"TagLoader.java","id":"sourceFile"}
{"fileName":"TagLoader.java","id":"sourceFile"}
{"fileName":"TagLoader.java","id":"sourceFile"}
{"fileName":"TagManager.java","id":"sourceFile"}
{"fileName":"TagManager.java","id":"sourceFile"}
{"fileName":"TagNetworkSerialization.java","id":"sourceFile"}
{"fileName":"TagNetworkSerialization.java","id":"sourceFile"}
{"fileName":"TagNetworkSerialization.java","id":"sourceFile"}
{"fileName":"WorldPresetTags.java","id":"sourceFile"}
{"fileName":"package-info.java","id":"sourceFile"}
{"fileName":"AbortableIterationConsumer.java","id":"sourceFile"}
{"fileName":"AbortableIterationConsumer.java","id":"sourceFile"}
{"fileName":"ArrayListDeque.java","id":"sourceFile"}
{"fileName":"ArrayListDeque.java","id":"sourceFile"}
{"fileName":"BitStorage.java","id":"sourceFile"}
{"fileName":"Brightness.java","id":"sourceFile"}
{"fileName":"ByIdMap.java","id":"sourceFile"}
{"fileName":"ByIdMap.java","id":"sourceFile"}
{"fileName":"ByIdMap.java","id":"sourceFile"}
{"fileName":"ClassInstanceMultiMap.java","id":"sourceFile"}
{"fileName":"ColorRGBA.java","id":"sourceFile"}
{"fileName":"CommonColors.java","id":"sourceFile"}
{"fileName":"CommonLinks.java","id":"sourceFile"}
{"fileName":"CrudeIncrementalIntIdentityHashBiMap.java","id":"sourceFile"}
{"fileName":"Crypt.java","id":"sourceFile"}
{"fileName":"Crypt.java","id":"sourceFile"}
{"fileName":"Crypt.java","id":"sourceFile"}
{"fileName":"Crypt.java","id":"sourceFile"}
{"fileName":"CryptException.java","id":"sourceFile"}
{"fileName":"CsvOutput.java","id":"sourceFile"}
{"fileName":"CsvOutput.java","id":"sourceFile"}
{"fileName":"CubicSampler.java","id":"sourceFile"}
{"fileName":"CubicSampler.java","id":"sourceFile"}
{"fileName":"CubicSpline.java","id":"sourceFile"}
{"fileName":"CubicSpline.java","id":"sourceFile"}
{"fileName":"CubicSpline.java","id":"sourceFile"}
{"fileName":"CubicSpline.java","id":"sourceFile"}
{"fileName":"CubicSpline.java","id":"sourceFile"}
{"fileName":"CubicSpline.java","id":"sourceFile"}
{"fileName":"DebugBuffer.java","id":"sourceFile"}
{"fileName":"DelegateDataOutput.java","id":"sourceFile"}
{"fileName":"DependencySorter.java","id":"sourceFile"}
{"fileName":"DependencySorter.java","id":"sourceFile"}
{"fileName":"DirectoryLock.java","id":"sourceFile"}
{"fileName":"DirectoryLock.java","id":"sourceFile"}
{"fileName":"ExceptionCollector.java","id":"sourceFile"}
{"fileName":"ExtraCodecs.java","id":"sourceFile"}
{"fileName":"ExtraCodecs.java","id":"sourceFile"}
{"fileName":"ExtraCodecs.java","id":"sourceFile"}
{"fileName":"ExtraCodecs.java","id":"sourceFile"}
{"fileName":"ExtraCodecs.java","id":"sourceFile"}
{"fileName":"ExtraCodecs.java","id":"sourceFile"}
{"fileName":"ExtraCodecs.java","id":"sourceFile"}
{"fileName":"ExtraCodecs.java","id":"sourceFile"}
{"fileName":"ExtraCodecs.java","id":"sourceFile"}
{"fileName":"ExtraCodecs.java","id":"sourceFile"}
{"fileName":"ExtraCodecs.java","id":"sourceFile"}
{"fileName":"ExtraCodecs.java","id":"sourceFile"}
{"fileName":"ExtraCodecs.java","id":"sourceFile"}
{"fileName":"ExtraCodecs.java","id":"sourceFile"}
{"fileName":"FastBufferedInputStream.java","id":"sourceFile"}
{"fileName":"FastColor.java","id":"sourceFile"}
{"fileName":"FastColor.java","id":"sourceFile"}
{"fileName":"FastColor.java","id":"sourceFile"}
{"fileName":"FileZipper.java","id":"sourceFile"}
{"fileName":"FormattedCharSequence.java","id":"sourceFile"}
{"fileName":"FormattedCharSink.java","id":"sourceFile"}
{"fileName":"FutureChain.java","id":"sourceFile"}
{"fileName":"Graph.java","id":"sourceFile"}
{"fileName":"GsonHelper.java","id":"sourceFile"}
{"fileName":"HttpUtil.java","id":"sourceFile"}
{"fileName":"HttpUtil.java","id":"sourceFile"}
{"fileName":"InclusiveRange.java","id":"sourceFile"}
{"fileName":"JavaOps.java","id":"sourceFile"}
{"fileName":"JavaOps.java","id":"sourceFile"}
{"fileName":"JavaOps.java","id":"sourceFile"}
{"fileName":"KeyDispatchDataCodec.java","id":"sourceFile"}
{"fileName":"LazyLoadedValue.java","id":"sourceFile"}
{"fileName":"LinearCongruentialGenerator.java","id":"sourceFile"}
{"fileName":"LowerCaseEnumTypeAdapterFactory.java","id":"sourceFile"}
{"fileName":"LowerCaseEnumTypeAdapterFactory.java","id":"sourceFile"}
{"fileName":"MemoryReserve.java","id":"sourceFile"}
{"fileName":"ModCheck.java","id":"sourceFile"}
{"fileName":"ModCheck.java","id":"sourceFile"}
{"fileName":"Mth.java","id":"sourceFile"}
{"fileName":"NativeModuleLister.java","id":"sourceFile"}
{"fileName":"NativeModuleLister.java","id":"sourceFile"}
{"fileName":"NativeModuleLister.java","id":"sourceFile"}
{"fileName":"OptionEnum.java","id":"sourceFile"}
{"fileName":"ParticleUtils.java","id":"sourceFile"}
{"fileName":"PngInfo.java","id":"sourceFile"}
{"fileName":"ProblemReporter.java","id":"sourceFile"}
{"fileName":"ProblemReporter.java","id":"sourceFile"}
{"fileName":"ProgressListener.java","id":"sourceFile"}
{"fileName":"RandomSource.java","id":"sourceFile"}
{"fileName":"ResourceLocationPattern.java","id":"sourceFile"}
{"fileName":"SampleLogger.java","id":"sourceFile"}
{"fileName":"SegmentedAnglePrecision.java","id":"sourceFile"}
{"fileName":"SequencedPriorityIterator.java","id":"sourceFile"}
{"fileName":"SignatureUpdater.java","id":"sourceFile"}
{"fileName":"SignatureUpdater.java","id":"sourceFile"}
{"fileName":"SignatureValidator.java","id":"sourceFile"}
{"fileName":"Signer.java","id":"sourceFile"}
{"fileName":"SimpleBitStorage.java","id":"sourceFile"}
{"fileName":"SimpleBitStorage.java","id":"sourceFile"}
{"fileName":"SingleKeyCache.java","id":"sourceFile"}
{"fileName":"SmoothDouble.java","id":"sourceFile"}
{"fileName":"SortedArraySet.java","id":"sourceFile"}
{"fileName":"SortedArraySet.java","id":"sourceFile"}
{"fileName":"SpawnUtil.java","id":"sourceFile"}
{"fileName":"SpawnUtil.java","id":"sourceFile"}
{"fileName":"StringDecomposer.java","id":"sourceFile"}
{"fileName":"StringRepresentable.java","id":"sourceFile"}
{"fileName":"StringRepresentable.java","id":"sourceFile"}
{"fileName":"StringRepresentable.java","id":"sourceFile"}
{"fileName":"StringRepresentable.java","id":"sourceFile"}
{"fileName":"StringUtil.java","id":"sourceFile"}
{"fileName":"TaskChainer.java","id":"sourceFile"}
{"fileName":"TaskChainer.java","id":"sourceFile"}
{"fileName":"ThreadingDetector.java","id":"sourceFile"}
{"fileName":"TimeSource.java","id":"sourceFile"}
{"fileName":"TimeSource.java","id":"sourceFile"}
{"fileName":"TimeUtil.java","id":"sourceFile"}
{"fileName":"ToFloatFunction.java","id":"sourceFile"}
{"fileName":"ToFloatFunction.java","id":"sourceFile"}
{"fileName":"ToFloatFunction.java","id":"sourceFile"}
{"fileName":"Tuple.java","id":"sourceFile"}
{"fileName":"Unit.java","id":"sourceFile"}
{"fileName":"VisibleForDebug.java","id":"sourceFile"}
{"fileName":"ZeroBitStorage.java","id":"sourceFile"}
{"fileName":"ComponentDataFixUtils.java","id":"sourceFile"}
{"fileName":"DataFixTypes.java","id":"sourceFile"}
{"fileName":"DataFixTypes.java","id":"sourceFile"}
{"fileName":"DataFixers.java","id":"sourceFile"}
{"fileName":"DataFixers.java","id":"sourceFile"}
{"fileName":"DataFixers.java","id":"sourceFile"}
{"fileName":"PackedBitStorage.java","id":"sourceFile"}
{"fileName":"AbstractArrowPickupFix.java","id":"sourceFile"}
{"fileName":"AbstractPoiSectionFix.java","id":"sourceFile"}
{"fileName":"AbstractUUIDFix.java","id":"sourceFile"}
{"fileName":"AddFlagIfNotPresentFix.java","id":"sourceFile"}
{"fileName":"AddNewChoices.java","id":"sourceFile"}
{"fileName":"AdvancementsFix.java","id":"sourceFile"}
{"fileName":"AdvancementsRenameFix.java","id":"sourceFile"}
{"fileName":"AttributesRename.java","id":"sourceFile"}
{"fileName":"BedItemColorFix.java","id":"sourceFile"}
{"fileName":"BiomeFix.java","id":"sourceFile"}
{"fileName":"BitStorageAlignFix.java","id":"sourceFile"}
{"fileName":"BlendingDataFix.java","id":"sourceFile"}
{"fileName":"BlendingDataRemoveFromNetherEndFix.java","id":"sourceFile"}
{"fileName":"BlockEntityBannerColorFix.java","id":"sourceFile"}
{"fileName":"BlockEntityBlockStateFix.java","id":"sourceFile"}
{"fileName":"BlockEntityCustomNameToComponentFix.java","id":"sourceFile"}
{"fileName":"BlockEntityIdFix.java","id":"sourceFile"}
{"fileName":"BlockEntityJukeboxFix.java","id":"sourceFile"}
{"fileName":"BlockEntityKeepPacked.java","id":"sourceFile"}
{"fileName":"BlockEntityRenameFix.java","id":"sourceFile"}
{"fileName":"BlockEntityShulkerBoxColorFix.java","id":"sourceFile"}
{"fileName":"BlockEntitySignDoubleSidedEditableTextFix.java","id":"sourceFile"}
{"fileName":"BlockEntitySignTextStrictJsonFix.java","id":"sourceFile"}
{"fileName":"BlockEntitySignTextStrictJsonFix.java","id":"sourceFile"}
{"fileName":"BlockEntityUUIDFix.java","id":"sourceFile"}
{"fileName":"BlockNameFlatteningFix.java","id":"sourceFile"}
{"fileName":"BlockRenameFix.java","id":"sourceFile"}
{"fileName":"BlockRenameFix.java","id":"sourceFile"}
{"fileName":"BlockRenameFixWithJigsaw.java","id":"sourceFile"}
{"fileName":"BlockRenameFixWithJigsaw.java","id":"sourceFile"}
{"fileName":"BlockStateData.java","id":"sourceFile"}
{"fileName":"BlockStateStructureTemplateFix.java","id":"sourceFile"}
{"fileName":"CatTypeFix.java","id":"sourceFile"}
{"fileName":"CauldronRenameFix.java","id":"sourceFile"}
{"fileName":"CavesAndCliffsRenames.java","id":"sourceFile"}
{"fileName":"ChunkBedBlockEntityInjecterFix.java","id":"sourceFile"}
{"fileName":"ChunkBiomeFix.java","id":"sourceFile"}
{"fileName":"ChunkDeleteIgnoredLightDataFix.java","id":"sourceFile"}
{"fileName":"ChunkDeleteLightFix.java","id":"sourceFile"}
{"fileName":"ChunkHeightAndBiomeFix.java","id":"sourceFile"}
{"fileName":"ChunkLightRemoveFix.java","id":"sourceFile"}
{"fileName":"ChunkPalettedStorageFix.java","id":"sourceFile"}
{"fileName":"ChunkPalettedStorageFix.java","id":"sourceFile"}
{"fileName":"ChunkPalettedStorageFix.java","id":"sourceFile"}
{"fileName":"ChunkPalettedStorageFix.java","id":"sourceFile"}
{"fileName":"ChunkPalettedStorageFix.java","id":"sourceFile"}
{"fileName":"ChunkPalettedStorageFix.java","id":"sourceFile"}
{"fileName":"ChunkPalettedStorageFix.java","id":"sourceFile"}
{"fileName":"ChunkPalettedStorageFix.java","id":"sourceFile"}
{"fileName":"ChunkProtoTickListFix.java","id":"sourceFile"}
{"fileName":"ChunkProtoTickListFix.java","id":"sourceFile"}
{"fileName":"ChunkRenamesFix.java","id":"sourceFile"}
{"fileName":"ChunkStatusFix.java","id":"sourceFile"}
{"fileName":"ChunkStatusFix2.java","id":"sourceFile"}
{"fileName":"ChunkStructuresTemplateRenameFix.java","id":"sourceFile"}
{"fileName":"ChunkToProtochunkFix.java","id":"sourceFile"}
{"fileName":"ColorlessShulkerEntityFix.java","id":"sourceFile"}
{"fileName":"CriteriaRenameFix.java","id":"sourceFile"}
{"fileName":"DecoratedPotFieldRenameFix.java","id":"sourceFile"}
{"fileName":"DropInvalidSignDataFix.java","id":"sourceFile"}
{"fileName":"DyeItemRenameFix.java","id":"sourceFile"}
{"fileName":"EffectDurationFix.java","id":"sourceFile"}
{"fileName":"EntityArmorStandSilentFix.java","id":"sourceFile"}
{"fileName":"EntityBlockStateFix.java","id":"sourceFile"}
{"fileName":"EntityBrushableBlockFieldsRenameFix.java","id":"sourceFile"}
{"fileName":"EntityCatSplitFix.java","id":"sourceFile"}
{"fileName":"EntityCodSalmonFix.java","id":"sourceFile"}
{"fileName":"EntityCustomNameToComponentFix.java","id":"sourceFile"}
{"fileName":"EntityElderGuardianSplitFix.java","id":"sourceFile"}
{"fileName":"EntityEquipmentToArmorAndHandFix.java","id":"sourceFile"}
{"fileName":"EntityGoatMissingStateFix.java","id":"sourceFile"}
{"fileName":"EntityHealthFix.java","id":"sourceFile"}
{"fileName":"EntityHorseSaddleFix.java","id":"sourceFile"}
{"fileName":"EntityHorseSplitFix.java","id":"sourceFile"}
{"fileName":"EntityIdFix.java","id":"sourceFile"}
{"fileName":"EntityItemFrameDirectionFix.java","id":"sourceFile"}
{"fileName":"EntityMinecartIdentifiersFix.java","id":"sourceFile"}
{"fileName":"EntityPaintingFieldsRenameFix.java","id":"sourceFile"}
{"fileName":"EntityPaintingItemFrameDirectionFix.java","id":"sourceFile"}
{"fileName":"EntityPaintingMotiveFix.java","id":"sourceFile"}
{"fileName":"EntityProjectileOwnerFix.java","id":"sourceFile"}
{"fileName":"EntityPufferfishRenameFix.java","id":"sourceFile"}
{"fileName":"EntityRavagerRenameFix.java","id":"sourceFile"}
{"fileName":"EntityRedundantChanceTagsFix.java","id":"sourceFile"}
{"fileName":"EntityRenameFix.java","id":"sourceFile"}
{"fileName":"EntityRidingToPassengersFix.java","id":"sourceFile"}
{"fileName":"EntityShulkerColorFix.java","id":"sourceFile"}
{"fileName":"EntityShulkerRotationFix.java","id":"sourceFile"}
{"fileName":"EntitySkeletonSplitFix.java","id":"sourceFile"}
{"fileName":"EntityStringUuidFix.java","id":"sourceFile"}
{"fileName":"EntityTheRenameningFix.java","id":"sourceFile"}
{"fileName":"EntityTippedArrowFix.java","id":"sourceFile"}
{"fileName":"EntityUUIDFix.java","id":"sourceFile"}
{"fileName":"EntityVariantFix.java","id":"sourceFile"}
{"fileName":"EntityWolfColorFix.java","id":"sourceFile"}
{"fileName":"EntityZombieSplitFix.java","id":"sourceFile"}
{"fileName":"EntityZombieVillagerTypeFix.java","id":"sourceFile"}
{"fileName":"EntityZombifiedPiglinRenameFix.java","id":"sourceFile"}
{"fileName":"FeatureFlagRemoveFix.java","id":"sourceFile"}
{"fileName":"FilteredBooksFix.java","id":"sourceFile"}
{"fileName":"FilteredSignsFix.java","id":"sourceFile"}
{"fileName":"FixProjectileStoredItem.java","id":"sourceFile"}
{"fileName":"FixProjectileStoredItem.java","id":"sourceFile"}
{"fileName":"ForcePoiRebuild.java","id":"sourceFile"}
{"fileName":"FurnaceRecipeFix.java","id":"sourceFile"}
{"fileName":"GoatHornIdFix.java","id":"sourceFile"}
{"fileName":"GossipUUIDFix.java","id":"sourceFile"}
{"fileName":"HeightmapRenamingFix.java","id":"sourceFile"}
{"fileName":"IglooMetadataRemovalFix.java","id":"sourceFile"}
{"fileName":"ItemBannerColorFix.java","id":"sourceFile"}
{"fileName":"ItemCustomNameToComponentFix.java","id":"sourceFile"}
{"fileName":"ItemIdFix.java","id":"sourceFile"}
{"fileName":"ItemLoreFix.java","id":"sourceFile"}
{"fileName":"ItemPotionFix.java","id":"sourceFile"}
{"fileName":"ItemRemoveBlockEntityTagFix.java","id":"sourceFile"}
{"fileName":"ItemRenameFix.java","id":"sourceFile"}
{"fileName":"ItemRenameFix.java","id":"sourceFile"}
{"fileName":"ItemShulkerBoxColorFix.java","id":"sourceFile"}
{"fileName":"ItemSpawnEggFix.java","id":"sourceFile"}
{"fileName":"ItemStackEnchantmentNamesFix.java","id":"sourceFile"}
{"fileName":"ItemStackMapIdFix.java","id":"sourceFile"}
{"fileName":"ItemStackSpawnEggFix.java","id":"sourceFile"}
{"fileName":"ItemStackTagFix.java","id":"sourceFile"}
{"fileName":"ItemStackTheFlatteningFix.java","id":"sourceFile"}
{"fileName":"ItemStackUUIDFix.java","id":"sourceFile"}
{"fileName":"ItemWaterPotionFix.java","id":"sourceFile"}
{"fileName":"ItemWrittenBookPagesStrictJsonFix.java","id":"sourceFile"}
{"fileName":"JigsawPropertiesFix.java","id":"sourceFile"}
{"fileName":"JigsawRotationFix.java","id":"sourceFile"}
{"fileName":"LeavesFix.java","id":"sourceFile"}
{"fileName":"LeavesFix.java","id":"sourceFile"}
{"fileName":"LeavesFix.java","id":"sourceFile"}
{"fileName":"LegacyDragonFightFix.java","id":"sourceFile"}
{"fileName":"LevelDataGeneratorOptionsFix.java","id":"sourceFile"}
{"fileName":"LevelFlatGeneratorInfoFix.java","id":"sourceFile"}
{"fileName":"LevelLegacyWorldGenSettingsFix.java","id":"sourceFile"}
{"fileName":"LevelUUIDFix.java","id":"sourceFile"}
{"fileName":"MapIdFix.java","id":"sourceFile"}
{"fileName":"MemoryExpiryDataFix.java","id":"sourceFile"}
{"fileName":"MissingDimensionFix.java","id":"sourceFile"}
{"fileName":"MobEffectIdFix.java","id":"sourceFile"}
{"fileName":"MobSpawnerEntityIdentifiersFix.java","id":"sourceFile"}
{"fileName":"NamedEntityFix.java","id":"sourceFile"}
{"fileName":"NamedEntityWriteReadFix.java","id":"sourceFile"}
{"fileName":"NamespacedTypeRenameFix.java","id":"sourceFile"}
{"fileName":"NewVillageFix.java","id":"sourceFile"}
{"fileName":"ObjectiveDisplayNameFix.java","id":"sourceFile"}
{"fileName":"ObjectiveRenderTypeFix.java","id":"sourceFile"}
{"fileName":"OminousBannerBlockEntityRenameFix.java","id":"sourceFile"}
{"fileName":"OminousBannerRenameFix.java","id":"sourceFile"}
{"fileName":"OptionsAccessibilityOnboardFix.java","id":"sourceFile"}
{"fileName":"OptionsAddTextBackgroundFix.java","id":"sourceFile"}
{"fileName":"OptionsAmbientOcclusionFix.java","id":"sourceFile"}
{"fileName":"OptionsForceVBOFix.java","id":"sourceFile"}
{"fileName":"OptionsKeyLwjgl3Fix.java","id":"sourceFile"}
{"fileName":"OptionsKeyTranslationFix.java","id":"sourceFile"}
{"fileName":"OptionsLowerCaseLanguageFix.java","id":"sourceFile"}
{"fileName":"OptionsProgrammerArtFix.java","id":"sourceFile"}
{"fileName":"OptionsRenameFieldFix.java","id":"sourceFile"}
{"fileName":"OverreachingTickFix.java","id":"sourceFile"}
{"fileName":"PlayerUUIDFix.java","id":"sourceFile"}
{"fileName":"PoiTypeRemoveFix.java","id":"sourceFile"}
{"fileName":"PoiTypeRenameFix.java","id":"sourceFile"}
{"fileName":"PrimedTntBlockStateFixer.java","id":"sourceFile"}
{"fileName":"RandomSequenceSettingsFix.java","id":"sourceFile"}
{"fileName":"RecipesFix.java","id":"sourceFile"}
{"fileName":"RecipesRenameningFix.java","id":"sourceFile"}
{"fileName":"RedstoneWireConnectionsFix.java","id":"sourceFile"}
{"fileName":"References.java","id":"sourceFile"}
{"fileName":"RemapChunkStatusFix.java","id":"sourceFile"}
{"fileName":"RemoveGolemGossipFix.java","id":"sourceFile"}
{"fileName":"RenamedCoralFansFix.java","id":"sourceFile"}
{"fileName":"RenamedCoralFix.java","id":"sourceFile"}
{"fileName":"ReorganizePoi.java","id":"sourceFile"}
{"fileName":"SavedDataFeaturePoolElementFix.java","id":"sourceFile"}
{"fileName":"SavedDataUUIDFix.java","id":"sourceFile"}
{"fileName":"ScoreboardDisplaySlotFix.java","id":"sourceFile"}
{"fileName":"SimpleEntityRenameFix.java","id":"sourceFile"}
{"fileName":"SimplestEntityRenameFix.java","id":"sourceFile"}
{"fileName":"SpawnerDataFix.java","id":"sourceFile"}
{"fileName":"StatsCounterFix.java","id":"sourceFile"}
{"fileName":"StatsCounterFix.java","id":"sourceFile"}
{"fileName":"StatsRenameFix.java","id":"sourceFile"}
{"fileName":"StriderGravityFix.java","id":"sourceFile"}
{"fileName":"StructureReferenceCountFix.java","id":"sourceFile"}
{"fileName":"StructureSettingsFlattenFix.java","id":"sourceFile"}
{"fileName":"StructuresBecomeConfiguredFix.java","id":"sourceFile"}
{"fileName":"StructuresBecomeConfiguredFix.java","id":"sourceFile"}
{"fileName":"TeamDisplayNameFix.java","id":"sourceFile"}
{"fileName":"TrappedChestBlockEntityFix.java","id":"sourceFile"}
{"fileName":"TrappedChestBlockEntityFix.java","id":"sourceFile"}
{"fileName":"VariantRenameFix.java","id":"sourceFile"}
{"fileName":"VillagerDataFix.java","id":"sourceFile"}
{"fileName":"VillagerFollowRangeFix.java","id":"sourceFile"}
{"fileName":"VillagerRebuildLevelAndXpFix.java","id":"sourceFile"}
{"fileName":"VillagerTradeFix.java","id":"sourceFile"}
{"fileName":"WallPropertyFix.java","id":"sourceFile"}
{"fileName":"WeaponSmithChestLootTableFix.java","id":"sourceFile"}
{"fileName":"WorldGenSettingsDisallowOldCustomWorldsFix.java","id":"sourceFile"}
{"fileName":"WorldGenSettingsFix.java","id":"sourceFile"}
{"fileName":"WorldGenSettingsFix.java","id":"sourceFile"}
{"fileName":"WorldGenSettingsHeightAndBiomeFix.java","id":"sourceFile"}
{"fileName":"WriteAndReadFix.java","id":"sourceFile"}
{"fileName":"ZombieVillagerRebuildXpFix.java","id":"sourceFile"}
{"fileName":"package-info.java","id":"sourceFile"}
{"fileName":"package-info.java","id":"sourceFile"}
{"fileName":"NamespacedSchema.java","id":"sourceFile"}
{"fileName":"NamespacedSchema.java","id":"sourceFile"}
{"fileName":"V100.java","id":"sourceFile"}
{"fileName":"V102.java","id":"sourceFile"}
{"fileName":"V1022.java","id":"sourceFile"}
{"fileName":"V106.java","id":"sourceFile"}
{"fileName":"V107.java","id":"sourceFile"}
{"fileName":"V1125.java","id":"sourceFile"}
{"fileName":"V135.java","id":"sourceFile"}
{"fileName":"V143.java","id":"sourceFile"}
{"fileName":"V1451.java","id":"sourceFile"}
{"fileName":"V1451_1.java","id":"sourceFile"}
{"fileName":"V1451_2.java","id":"sourceFile"}
{"fileName":"V1451_3.java","id":"sourceFile"}
{"fileName":"V1451_4.java","id":"sourceFile"}
{"fileName":"V1451_5.java","id":"sourceFile"}
{"fileName":"V1451_6.java","id":"sourceFile"}
{"fileName":"V1451_6.java","id":"sourceFile"}
{"fileName":"V1451_6.java","id":"sourceFile"}
{"fileName":"V1460.java","id":"sourceFile"}
{"fileName":"V1466.java","id":"sourceFile"}
{"fileName":"V1470.java","id":"sourceFile"}
{"fileName":"V1481.java","id":"sourceFile"}
{"fileName":"V1483.java","id":"sourceFile"}
{"fileName":"V1486.java","id":"sourceFile"}
{"fileName":"V1510.java","id":"sourceFile"}
{"fileName":"V1800.java","id":"sourceFile"}
{"fileName":"V1801.java","id":"sourceFile"}
{"fileName":"V1904.java","id":"sourceFile"}
{"fileName":"V1906.java","id":"sourceFile"}
{"fileName":"V1909.java","id":"sourceFile"}
{"fileName":"V1920.java","id":"sourceFile"}
{"fileName":"V1928.java","id":"sourceFile"}
{"fileName":"V1929.java","id":"sourceFile"}
{"fileName":"V1931.java","id":"sourceFile"}
{"fileName":"V2100.java","id":"sourceFile"}
{"fileName":"V2501.java","id":"sourceFile"}
{"fileName":"V2502.java","id":"sourceFile"}
{"fileName":"V2505.java","id":"sourceFile"}
{"fileName":"V2509.java","id":"sourceFile"}
{"fileName":"V2519.java","id":"sourceFile"}
{"fileName":"V2522.java","id":"sourceFile"}
{"fileName":"V2551.java","id":"sourceFile"}
{"fileName":"V2568.java","id":"sourceFile"}
{"fileName":"V2571.java","id":"sourceFile"}
{"fileName":"V2684.java","id":"sourceFile"}
{"fileName":"V2686.java","id":"sourceFile"}
{"fileName":"V2688.java","id":"sourceFile"}
{"fileName":"V2704.java","id":"sourceFile"}
{"fileName":"V2707.java","id":"sourceFile"}
{"fileName":"V2831.java","id":"sourceFile"}
{"fileName":"V2832.java","id":"sourceFile"}
{"fileName":"V2842.java","id":"sourceFile"}
{"fileName":"V3076.java","id":"sourceFile"}
{"fileName":"V3078.java","id":"sourceFile"}
{"fileName":"V3081.java","id":"sourceFile"}
{"fileName":"V3082.java","id":"sourceFile"}
{"fileName":"V3083.java","id":"sourceFile"}
{"fileName":"V3202.java","id":"sourceFile"}
{"fileName":"V3203.java","id":"sourceFile"}
{"fileName":"V3204.java","id":"sourceFile"}
{"fileName":"V3325.java","id":"sourceFile"}
{"fileName":"V3326.java","id":"sourceFile"}
{"fileName":"V3327.java","id":"sourceFile"}
{"fileName":"V3328.java","id":"sourceFile"}
{"fileName":"V3438.java","id":"sourceFile"}
{"fileName":"V3448.java","id":"sourceFile"}
{"fileName":"V3682.java","id":"sourceFile"}
{"fileName":"V3683.java","id":"sourceFile"}
{"fileName":"V3685.java","id":"sourceFile"}
{"fileName":"V3689.java","id":"sourceFile"}
{"fileName":"V501.java","id":"sourceFile"}
{"fileName":"V700.java","id":"sourceFile"}
{"fileName":"V701.java","id":"sourceFile"}
{"fileName":"V702.java","id":"sourceFile"}
{"fileName":"V703.java","id":"sourceFile"}
{"fileName":"V704.java","id":"sourceFile"}
{"fileName":"V704.java","id":"sourceFile"}
{"fileName":"V705.java","id":"sourceFile"}
{"fileName":"V705.java","id":"sourceFile"}
{"fileName":"V808.java","id":"sourceFile"}
{"fileName":"V99.java","id":"sourceFile"}
{"fileName":"V99.java","id":"sourceFile"}
{"fileName":"package-info.java","id":"sourceFile"}
{"fileName":"EventLogDirectory.java","id":"sourceFile"}
{"fileName":"EventLogDirectory.java","id":"sourceFile"}
{"fileName":"EventLogDirectory.java","id":"sourceFile"}
{"fileName":"EventLogDirectory.java","id":"sourceFile"}
{"fileName":"EventLogDirectory.java","id":"sourceFile"}
{"fileName":"EventLogDirectory.java","id":"sourceFile"}
{"fileName":"JsonEventLog.java","id":"sourceFile"}
{"fileName":"JsonEventLog.java","id":"sourceFile"}
{"fileName":"JsonEventLogReader.java","id":"sourceFile"}
{"fileName":"JsonEventLogReader.java","id":"sourceFile"}
{"fileName":"package-info.java","id":"sourceFile"}
{"fileName":"MinecraftServerStatistics.java","id":"sourceFile"}
{"fileName":"MinecraftServerStatistics.java","id":"sourceFile"}
{"fileName":"package-info.java","id":"sourceFile"}
{"fileName":"package-info.java","id":"sourceFile"}
{"fileName":"ActiveProfiler.java","id":"sourceFile"}
{"fileName":"ActiveProfiler.java","id":"sourceFile"}
{"fileName":"ContinuousProfiler.java","id":"sourceFile"}
{"fileName":"EmptyProfileResults.java","id":"sourceFile"}
{"fileName":"FilledProfileResults.java","id":"sourceFile"}
{"fileName":"FilledProfileResults.java","id":"sourceFile"}
{"fileName":"FilledProfileResults.java","id":"sourceFile"}
{"fileName":"InactiveProfiler.java","id":"sourceFile"}
{"fileName":"ProfileCollector.java","id":"sourceFile"}
{"fileName":"ProfileResults.java","id":"sourceFile"}
{"fileName":"ProfilerFiller.java","id":"sourceFile"}
{"fileName":"ProfilerFiller.java","id":"sourceFile"}
{"fileName":"ProfilerPathEntry.java","id":"sourceFile"}
{"fileName":"ResultField.java","id":"sourceFile"}
{"fileName":"SingleTickProfiler.java","id":"sourceFile"}
{"fileName":"Environment.java","id":"sourceFile"}
{"fileName":"JfrProfiler.java","id":"sourceFile"}
{"fileName":"JfrProfiler.java","id":"sourceFile"}
{"fileName":"JvmProfiler.java","id":"sourceFile"}
{"fileName":"JvmProfiler.java","id":"sourceFile"}
{"fileName":"Percentiles.java","id":"sourceFile"}
{"fileName":"SummaryReporter.java","id":"sourceFile"}
{"fileName":"ProfiledDuration.java","id":"sourceFile"}
{"fileName":"package-info.java","id":"sourceFile"}
{"fileName":"ChunkGenerationEvent.java","id":"sourceFile"}
{"fileName":"ChunkGenerationEvent.java","id":"sourceFile"}
{"fileName":"NetworkSummaryEvent.java","id":"sourceFile"}
{"fileName":"NetworkSummaryEvent.java","id":"sourceFile"}
{"fileName":"NetworkSummaryEvent.java","id":"sourceFile"}
{"fileName":"PacketEvent.java","id":"sourceFile"}
{"fileName":"PacketEvent.java","id":"sourceFile"}
{"fileName":"PacketReceivedEvent.java","id":"sourceFile"}
{"fileName":"PacketSentEvent.java","id":"sourceFile"}
{"fileName":"ServerTickTimeEvent.java","id":"sourceFile"}
{"fileName":"ServerTickTimeEvent.java","id":"sourceFile"}
{"fileName":"WorldLoadFinishedEvent.java","id":"sourceFile"}
{"fileName":"package-info.java","id":"sourceFile"}
{"fileName":"package-info.java","id":"sourceFile"}
{"fileName":"JfrStatsParser.java","id":"sourceFile"}
{"fileName":"JfrStatsParser.java","id":"sourceFile"}
{"fileName":"JfrStatsParser.java","id":"sourceFile"}
{"fileName":"JfrStatsResult.java","id":"sourceFile"}
{"fileName":"package-info.java","id":"sourceFile"}
{"fileName":"JfrResultJsonSerializer.java","id":"sourceFile"}
{"fileName":"package-info.java","id":"sourceFile"}
{"fileName":"ChunkGenStat.java","id":"sourceFile"}
{"fileName":"CpuLoadStat.java","id":"sourceFile"}
{"fileName":"FileIOStat.java","id":"sourceFile"}
{"fileName":"FileIOStat.java","id":"sourceFile"}
{"fileName":"GcHeapStat.java","id":"sourceFile"}
{"fileName":"GcHeapStat.java","id":"sourceFile"}
{"fileName":"GcHeapStat.java","id":"sourceFile"}
{"fileName":"NetworkPacketSummary.java","id":"sourceFile"}
{"fileName":"NetworkPacketSummary.java","id":"sourceFile"}
{"fileName":"NetworkPacketSummary.java","id":"sourceFile"}
{"fileName":"ThreadAllocationStat.java","id":"sourceFile"}
{"fileName":"ThreadAllocationStat.java","id":"sourceFile"}
{"fileName":"TickTimeStat.java","id":"sourceFile"}
{"fileName":"TimedStat.java","id":"sourceFile"}
{"fileName":"TimedStatSummary.java","id":"sourceFile"}
{"fileName":"package-info.java","id":"sourceFile"}
{"fileName":"MetricCategory.java","id":"sourceFile"}
{"fileName":"MetricSampler.java","id":"sourceFile"}
{"fileName":"MetricSampler.java","id":"sourceFile"}
{"fileName":"MetricSampler.java","id":"sourceFile"}
{"fileName":"MetricSampler.java","id":"sourceFile"}
{"fileName":"MetricSampler.java","id":"sourceFile"}
{"fileName":"MetricsRegistry.java","id":"sourceFile"}
{"fileName":"MetricsRegistry.java","id":"sourceFile"}
{"fileName":"MetricsSamplerProvider.java","id":"sourceFile"}
{"fileName":"ProfilerMeasured.java","id":"sourceFile"}
{"fileName":"package-info.java","id":"sourceFile"}
{"fileName":"ActiveMetricsRecorder.java","id":"sourceFile"}
{"fileName":"InactiveMetricsRecorder.java","id":"sourceFile"}
{"fileName":"MetricsRecorder.java","id":"sourceFile"}
{"fileName":"ProfilerSamplerAdapter.java","id":"sourceFile"}
{"fileName":"ServerMetricsSamplersProvider.java","id":"sourceFile"}
{"fileName":"ServerMetricsSamplersProvider.java","id":"sourceFile"}
{"fileName":"ServerMetricsSamplersProvider.java","id":"sourceFile"}
{"fileName":"package-info.java","id":"sourceFile"}
{"fileName":"MetricsPersister.java","id":"sourceFile"}
{"fileName":"RecordedDeviation.java","id":"sourceFile"}
{"fileName":"package-info.java","id":"sourceFile"}
{"fileName":"package-info.java","id":"sourceFile"}
{"fileName":"SimpleWeightedRandomList.java","id":"sourceFile"}
{"fileName":"SimpleWeightedRandomList.java","id":"sourceFile"}
{"fileName":"Weight.java","id":"sourceFile"}
{"fileName":"WeightedEntry.java","id":"sourceFile"}
{"fileName":"WeightedEntry.java","id":"sourceFile"}
{"fileName":"WeightedEntry.java","id":"sourceFile"}
{"fileName":"WeightedRandom.java","id":"sourceFile"}
{"fileName":"WeightedRandomList.java","id":"sourceFile"}
{"fileName":"package-info.java","id":"sourceFile"}
{"fileName":"BlockableEventLoop.java","id":"sourceFile"}
{"fileName":"NamedThreadFactory.java","id":"sourceFile"}
{"fileName":"ProcessorHandle.java","id":"sourceFile"}
{"fileName":"ProcessorHandle.java","id":"sourceFile"}
{"fileName":"ProcessorMailbox.java","id":"sourceFile"}
{"fileName":"ReentrantBlockableEventLoop.java","id":"sourceFile"}
{"fileName":"StrictQueue.java","id":"sourceFile"}
{"fileName":"StrictQueue.java","id":"sourceFile"}
{"fileName":"StrictQueue.java","id":"sourceFile"}
{"fileName":"StrictQueue.java","id":"sourceFile"}
{"fileName":"package-info.java","id":"sourceFile"}
{"fileName":"BiasedToBottomInt.java","id":"sourceFile"}
{"fileName":"ClampedInt.java","id":"sourceFile"}
{"fileName":"ClampedNormalFloat.java","id":"sourceFile"}
{"fileName":"ClampedNormalInt.java","id":"sourceFile"}
{"fileName":"ConstantFloat.java","id":"sourceFile"}
{"fileName":"ConstantInt.java","id":"sourceFile"}
{"fileName":"FloatProvider.java","id":"sourceFile"}
{"fileName":"FloatProviderType.java","id":"sourceFile"}
{"fileName":"IntProvider.java","id":"sourceFile"}
{"fileName":"IntProviderType.java","id":"sourceFile"}
{"fileName":"MultipliedFloats.java","id":"sourceFile"}
{"fileName":"SampledFloat.java","id":"sourceFile"}
{"fileName":"TrapezoidFloat.java","id":"sourceFile"}
{"fileName":"UniformFloat.java","id":"sourceFile"}
{"fileName":"UniformInt.java","id":"sourceFile"}
{"fileName":"WeightedListInt.java","id":"sourceFile"}
{"fileName":"package-info.java","id":"sourceFile"}
{"fileName":"WorldUpgrader.java","id":"sourceFile"}
{"fileName":"package-info.java","id":"sourceFile"}
{"fileName":"BossEvent.java","id":"sourceFile"}
{"fileName":"BossEvent.java","id":"sourceFile"}
{"fileName":"BossEvent.java","id":"sourceFile"}
{"fileName":"Clearable.java","id":"sourceFile"}
{"fileName":"CompoundContainer.java","id":"sourceFile"}
{"fileName":"Container.java","id":"sourceFile"}
{"fileName":"ContainerHelper.java","id":"sourceFile"}
{"fileName":"ContainerListener.java","id":"sourceFile"}
{"fileName":"Containers.java","id":"sourceFile"}
{"fileName":"Difficulty.java","id":"sourceFile"}
{"fileName":"DifficultyInstance.java","id":"sourceFile"}
{"fileName":"InteractionHand.java","id":"sourceFile"}
{"fileName":"InteractionResult.java","id":"sourceFile"}
{"fileName":"InteractionResultHolder.java","id":"sourceFile"}
{"fileName":"LockCode.java","id":"sourceFile"}
{"fileName":"MenuProvider.java","id":"sourceFile"}
{"fileName":"Nameable.java","id":"sourceFile"}
{"fileName":"RandomSequence.java","id":"sourceFile"}
{"fileName":"RandomSequences.java","id":"sourceFile"}
{"fileName":"RandomSequences.java","id":"sourceFile"}
{"fileName":"RandomizableContainer.java","id":"sourceFile"}
{"fileName":"SimpleContainer.java","id":"sourceFile"}
{"fileName":"SimpleMenuProvider.java","id":"sourceFile"}
{"fileName":"TickRateManager.java","id":"sourceFile"}
{"fileName":"WorldlyContainer.java","id":"sourceFile"}
{"fileName":"WorldlyContainerHolder.java","id":"sourceFile"}
{"fileName":"CombatEntry.java","id":"sourceFile"}
{"fileName":"CombatRules.java","id":"sourceFile"}
{"fileName":"CombatTracker.java","id":"sourceFile"}
{"fileName":"DamageEffects.java","id":"sourceFile"}
{"fileName":"DamageScaling.java","id":"sourceFile"}
{"fileName":"DamageSource.java","id":"sourceFile"}
{"fileName":"DamageSource.java","id":"sourceFile"}
{"fileName":"DamageSources.java","id":"sourceFile"}
{"fileName":"DamageType.java","id":"sourceFile"}
{"fileName":"DamageTypes.java","id":"sourceFile"}
{"fileName":"DeathMessageType.java","id":"sourceFile"}
{"fileName":"FallLocation.java","id":"sourceFile"}
{"fileName":"package-info.java","id":"sourceFile"}
{"fileName":"AbsorptionMobEffect.java","id":"sourceFile"}
{"fileName":"AttributeModifierTemplate.java","id":"sourceFile"}
{"fileName":"BadOmenMobEffect.java","id":"sourceFile"}
{"fileName":"HealOrHarmMobEffect.java","id":"sourceFile"}
{"fileName":"HungerMobEffect.java","id":"sourceFile"}
{"fileName":"InstantenousMobEffect.java","id":"sourceFile"}
{"fileName":"MobEffect.java","id":"sourceFile"}
{"fileName":"MobEffect.java","id":"sourceFile"}
{"fileName":"MobEffectCategory.java","id":"sourceFile"}
{"fileName":"MobEffectInstance.java","id":"sourceFile"}
{"fileName":"MobEffectInstance.java","id":"sourceFile"}
{"fileName":"MobEffectUtil.java","id":"sourceFile"}
{"fileName":"MobEffects.java","id":"sourceFile"}
{"fileName":"PoisonMobEffect.java","id":"sourceFile"}
{"fileName":"RegenerationMobEffect.java","id":"sourceFile"}
{"fileName":"SaturationMobEffect.java","id":"sourceFile"}
{"fileName":"WitherMobEffect.java","id":"sourceFile"}
{"fileName":"package-info.java","id":"sourceFile"}
{"fileName":"AgeableMob.java","id":"sourceFile"}
{"fileName":"AgeableMob.java","id":"sourceFile"}
{"fileName":"AnimationState.java","id":"sourceFile"}
{"fileName":"AreaEffectCloud.java","id":"sourceFile"}
{"fileName":"Attackable.java","id":"sourceFile"}
{"fileName":"Display.java","id":"sourceFile"}
{"fileName":"Display.java","id":"sourceFile"}
{"fileName":"Display.java","id":"sourceFile"}
{"fileName":"Display.java","id":"sourceFile"}
{"fileName":"Display.java","id":"sourceFile"}
{"fileName":"Display.java","id":"sourceFile"}
{"fileName":"Display.java","id":"sourceFile"}
{"fileName":"Display.java","id":"sourceFile"}
{"fileName":"Display.java","id":"sourceFile"}
{"fileName":"Display.java","id":"sourceFile"}
{"fileName":"Display.java","id":"sourceFile"}
{"fileName":"Display.java","id":"sourceFile"}
{"fileName":"Display.java","id":"sourceFile"}
{"fileName":"Display.java","id":"sourceFile"}
{"fileName":"Display.java","id":"sourceFile"}
{"fileName":"Display.java","id":"sourceFile"}
{"fileName":"Display.java","id":"sourceFile"}
{"fileName":"Display.java","id":"sourceFile"}
{"fileName":"Display.java","id":"sourceFile"}
{"fileName":"Display.java","id":"sourceFile"}
{"fileName":"Display.java","id":"sourceFile"}
{"fileName":"Display.java","id":"sourceFile"}
{"fileName":"Display.java","id":"sourceFile"}
{"fileName":"Entity.java","id":"sourceFile"}
{"fileName":"Entity.java","id":"sourceFile"}
{"fileName":"Entity.java","id":"sourceFile"}
{"fileName":"Entity.java","id":"sourceFile"}
{"fileName":"Entity.java","id":"sourceFile"}
{"fileName":"EntityDimensions.java","id":"sourceFile"}
{"fileName":"EntityEvent.java","id":"sourceFile"}
{"fileName":"EntitySelector.java","id":"sourceFile"}
{"fileName":"EntitySelector.java","id":"sourceFile"}
{"fileName":"EntityType.java","id":"sourceFile"}
{"fileName":"EntityType.java","id":"sourceFile"}
{"fileName":"EntityType.java","id":"sourceFile"}
{"fileName":"EntityType.java","id":"sourceFile"}
{"fileName":"EquipmentSlot.java","id":"sourceFile"}
{"fileName":"EquipmentSlot.java","id":"sourceFile"}
{"fileName":"ExperienceOrb.java","id":"sourceFile"}
{"fileName":"FlyingMob.java","id":"sourceFile"}
{"fileName":"GlowSquid.java","id":"sourceFile"}
{"fileName":"HasCustomInventoryScreen.java","id":"sourceFile"}
{"fileName":"HumanoidArm.java","id":"sourceFile"}
{"fileName":"Interaction.java","id":"sourceFile"}
{"fileName":"Interaction.java","id":"sourceFile"}
{"fileName":"ItemBasedSteering.java","id":"sourceFile"}
{"fileName":"ItemSteerable.java","id":"sourceFile"}
{"fileName":"LerpingModel.java","id":"sourceFile"}
{"fileName":"LightningBolt.java","id":"sourceFile"}
{"fileName":"LivingEntity.java","id":"sourceFile"}
{"fileName":"LivingEntity.java","id":"sourceFile"}
{"fileName":"LivingEntity.java","id":"sourceFile"}
{"fileName":"Marker.java","id":"sourceFile"}
{"fileName":"Mob.java","id":"sourceFile"}
{"fileName":"Mob.java","id":"sourceFile"}
{"fileName":"MobCategory.java","id":"sourceFile"}
{"fileName":"MobSpawnType.java","id":"sourceFile"}
{"fileName":"MobType.java","id":"sourceFile"}
{"fileName":"MoverType.java","id":"sourceFile"}
{"fileName":"NeutralMob.java","id":"sourceFile"}
{"fileName":"OwnableEntity.java","id":"sourceFile"}
{"fileName":"PathfinderMob.java","id":"sourceFile"}
{"fileName":"PlayerRideable.java","id":"sourceFile"}
{"fileName":"PlayerRideableJumping.java","id":"sourceFile"}
{"fileName":"Pose.java","id":"sourceFile"}
{"fileName":"PowerableMob.java","id":"sourceFile"}
{"fileName":"RelativeMovement.java","id":"sourceFile"}
{"fileName":"ReputationEventHandler.java","id":"sourceFile"}
{"fileName":"Saddleable.java","id":"sourceFile"}
{"fileName":"Shearable.java","id":"sourceFile"}
{"fileName":"SlotAccess.java","id":"sourceFile"}
{"fileName":"SlotAccess.java","id":"sourceFile"}
{"fileName":"SlotAccess.java","id":"sourceFile"}
{"fileName":"SlotAccess.java","id":"sourceFile"}
{"fileName":"SpawnGroupData.java","id":"sourceFile"}
{"fileName":"SpawnPlacements.java","id":"sourceFile"}
{"fileName":"SpawnPlacements.java","id":"sourceFile"}
{"fileName":"SpawnPlacements.java","id":"sourceFile"}
{"fileName":"SpawnPlacements.java","id":"sourceFile"}
{"fileName":"TamableAnimal.java","id":"sourceFile"}
{"fileName":"Targeting.java","id":"sourceFile"}
{"fileName":"TraceableEntity.java","id":"sourceFile"}
{"fileName":"VariantHolder.java","id":"sourceFile"}
{"fileName":"WalkAnimationState.java","id":"sourceFile"}
{"fileName":"Brain.java","id":"sourceFile"}
{"fileName":"Brain.java","id":"sourceFile"}
{"fileName":"Brain.java","id":"sourceFile"}
{"fileName":"Brain.java","id":"sourceFile"}
{"fileName":"Attribute.java","id":"sourceFile"}
{"fileName":"AttributeInstance.java","id":"sourceFile"}
{"fileName":"AttributeMap.java","id":"sourceFile"}
{"fileName":"AttributeModifier.java","id":"sourceFile"}
{"fileName":"AttributeModifier.java","id":"sourceFile"}
{"fileName":"AttributeSupplier.java","id":"sourceFile"}
{"fileName":"AttributeSupplier.java","id":"sourceFile"}
{"fileName":"Attributes.java","id":"sourceFile"}
{"fileName":"DefaultAttributes.java","id":"sourceFile"}
{"fileName":"RangedAttribute.java","id":"sourceFile"}
{"fileName":"package-info.java","id":"sourceFile"}
{"fileName":"AcquirePoi.java","id":"sourceFile"}
{"fileName":"AcquirePoi.java","id":"sourceFile"}
{"fileName":"AnimalMakeLove.java","id":"sourceFile"}
{"fileName":"AnimalPanic.java","id":"sourceFile"}
{"fileName":"AssignProfessionFromJobSite.java","id":"sourceFile"}
{"fileName":"BabyFollowAdult.java","id":"sourceFile"}
{"fileName":"BackUpIfTooClose.java","id":"sourceFile"}
{"fileName":"BecomePassiveIfMemoryPresent.java","id":"sourceFile"}
{"fileName":"Behavior.java","id":"sourceFile"}
{"fileName":"Behavior.java","id":"sourceFile"}
{"fileName":"BehaviorControl.java","id":"sourceFile"}
{"fileName":"BehaviorUtils.java","id":"sourceFile"}
{"fileName":"BlockPosTracker.java","id":"sourceFile"}
{"fileName":"CelebrateVillagersSurvivedRaid.java","id":"sourceFile"}
{"fileName":"CopyMemoryWithExpiry.java","id":"sourceFile"}
{"fileName":"CountDownCooldownTicks.java","id":"sourceFile"}
{"fileName":"Croak.java","id":"sourceFile"}
{"fileName":"CrossbowAttack.java","id":"sourceFile"}
{"fileName":"CrossbowAttack.java","id":"sourceFile"}
{"fileName":"DismountOrSkipMounting.java","id":"sourceFile"}
{"fileName":"DoNothing.java","id":"sourceFile"}
{"fileName":"EntityTracker.java","id":"sourceFile"}
{"fileName":"EraseMemoryIf.java","id":"sourceFile"}
{"fileName":"FollowTemptation.java","id":"sourceFile"}
{"fileName":"GateBehavior.java","id":"sourceFile"}
{"fileName":"GateBehavior.java","id":"sourceFile"}
{"fileName":"GateBehavior.java","id":"sourceFile"}
{"fileName":"GateBehavior.java","id":"sourceFile"}
{"fileName":"GateBehavior.java","id":"sourceFile"}
{"fileName":"GiveGiftToHero.java","id":"sourceFile"}
{"fileName":"GoAndGiveItemsToTarget.java","id":"sourceFile"}
{"fileName":"GoToClosestVillage.java","id":"sourceFile"}
{"fileName":"GoToPotentialJobSite.java","id":"sourceFile"}
{"fileName":"GoToTargetLocation.java","id":"sourceFile"}
{"fileName":"GoToWantedItem.java","id":"sourceFile"}
{"fileName":"HarvestFarmland.java","id":"sourceFile"}
{"fileName":"InsideBrownianWalk.java","id":"sourceFile"}
{"fileName":"InteractWith.java","id":"sourceFile"}
{"fileName":"InteractWithDoor.java","id":"sourceFile"}
{"fileName":"JumpOnBed.java","id":"sourceFile"}
{"fileName":"LocateHidingPlace.java","id":"sourceFile"}
{"fileName":"LongJumpMidJump.java","id":"sourceFile"}
{"fileName":"LongJumpToPreferredBlock.java","id":"sourceFile"}
{"fileName":"LongJumpToRandomPos.java","id":"sourceFile"}
{"fileName":"LongJumpToRandomPos.java","id":"sourceFile"}
{"fileName":"LongJumpUtil.java","id":"sourceFile"}
{"fileName":"LookAndFollowTradingPlayerSink.java","id":"sourceFile"}
{"fileName":"LookAtTargetSink.java","id":"sourceFile"}
{"fileName":"MeleeAttack.java","id":"sourceFile"}
{"fileName":"Mount.java","id":"sourceFile"}
{"fileName":"MoveToSkySeeingSpot.java","id":"sourceFile"}
{"fileName":"MoveToTargetSink.java","id":"sourceFile"}
{"fileName":"OneShot.java","id":"sourceFile"}
{"fileName":"PlayTagWithOtherKids.java","id":"sourceFile"}
{"fileName":"PoiCompetitorScan.java","id":"sourceFile"}
{"fileName":"PositionTracker.java","id":"sourceFile"}
{"fileName":"PrepareRamNearestTarget.java","id":"sourceFile"}
{"fileName":"PrepareRamNearestTarget.java","id":"sourceFile"}
{"fileName":"RamTarget.java","id":"sourceFile"}
{"fileName":"RandomLookAround.java","id":"sourceFile"}
{"fileName":"RandomStroll.java","id":"sourceFile"}
{"fileName":"ReactToBell.java","id":"sourceFile"}
{"fileName":"ResetProfession.java","id":"sourceFile"}
{"fileName":"ResetRaidStatus.java","id":"sourceFile"}
{"fileName":"RingBell.java","id":"sourceFile"}
{"fileName":"RunOne.java","id":"sourceFile"}
{"fileName":"SetClosestHomeAsWalkTarget.java","id":"sourceFile"}
{"fileName":"SetEntityLookTarget.java","id":"sourceFile"}
{"fileName":"SetEntityLookTargetSometimes.java","id":"sourceFile"}
{"fileName":"SetEntityLookTargetSometimes.java","id":"sourceFile"}
{"fileName":"SetHiddenState.java","id":"sourceFile"}
{"fileName":"SetLookAndInteract.java","id":"sourceFile"}
{"fileName":"SetRaidStatus.java","id":"sourceFile"}
{"fileName":"SetWalkTargetAwayFrom.java","id":"sourceFile"}
{"fileName":"SetWalkTargetFromAttackTargetIfTargetOutOfReach.java","id":"sourceFile"}
{"fileName":"SetWalkTargetFromBlockMemory.java","id":"sourceFile"}
{"fileName":"SetWalkTargetFromLookTarget.java","id":"sourceFile"}
{"fileName":"ShowTradesToPlayer.java","id":"sourceFile"}
{"fileName":"ShufflingList.java","id":"sourceFile"}
{"fileName":"ShufflingList.java","id":"sourceFile"}
{"fileName":"ShufflingList.java","id":"sourceFile"}
{"fileName":"SleepInBed.java","id":"sourceFile"}
{"fileName":"SocializeAtBell.java","id":"sourceFile"}
{"fileName":"StartAttacking.java","id":"sourceFile"}
{"fileName":"StartCelebratingIfTargetDead.java","id":"sourceFile"}
{"fileName":"StayCloseToTarget.java","id":"sourceFile"}
{"fileName":"StopAttackingIfTargetInvalid.java","id":"sourceFile"}
{"fileName":"StopBeingAngryIfTargetDead.java","id":"sourceFile"}
{"fileName":"StrollAroundPoi.java","id":"sourceFile"}
{"fileName":"StrollToPoi.java","id":"sourceFile"}
{"fileName":"StrollToPoiList.java","id":"sourceFile"}
{"fileName":"Swim.java","id":"sourceFile"}
{"fileName":"TradeWithVillager.java","id":"sourceFile"}
{"fileName":"TriggerGate.java","id":"sourceFile"}
{"fileName":"TryFindLand.java","id":"sourceFile"}
{"fileName":"TryFindLandNearWater.java","id":"sourceFile"}
{"fileName":"TryFindWater.java","id":"sourceFile"}
{"fileName":"TryLaySpawnOnWaterNearLand.java","id":"sourceFile"}
{"fileName":"UpdateActivityFromSchedule.java","id":"sourceFile"}
{"fileName":"UseBonemeal.java","id":"sourceFile"}
{"fileName":"ValidateNearbyPoi.java","id":"sourceFile"}
{"fileName":"VillageBoundRandomStroll.java","id":"sourceFile"}
{"fileName":"VillagerCalmDown.java","id":"sourceFile"}
{"fileName":"VillagerGoalPackages.java","id":"sourceFile"}
{"fileName":"VillagerMakeLove.java","id":"sourceFile"}
{"fileName":"VillagerPanicTrigger.java","id":"sourceFile"}
{"fileName":"WakeUp.java","id":"sourceFile"}
{"fileName":"WorkAtComposter.java","id":"sourceFile"}
{"fileName":"WorkAtPoi.java","id":"sourceFile"}
{"fileName":"YieldJobSite.java","id":"sourceFile"}
{"fileName":"BehaviorBuilder.java","id":"sourceFile"}
{"fileName":"BehaviorBuilder.java","id":"sourceFile"}
{"fileName":"BehaviorBuilder.java","id":"sourceFile"}
{"fileName":"BehaviorBuilder.java","id":"sourceFile"}
{"fileName":"BehaviorBuilder.java","id":"sourceFile"}
{"fileName":"BehaviorBuilder.java","id":"sourceFile"}
{"fileName":"BehaviorBuilder.java","id":"sourceFile"}
{"fileName":"BehaviorBuilder.java","id":"sourceFile"}
{"fileName":"BehaviorBuilder.java","id":"sourceFile"}
{"fileName":"BehaviorBuilder.java","id":"sourceFile"}
{"fileName":"BehaviorBuilder.java","id":"sourceFile"}
{"fileName":"BehaviorBuilder.java","id":"sourceFile"}
{"fileName":"BehaviorBuilder.java","id":"sourceFile"}
{"fileName":"BehaviorBuilder.java","id":"sourceFile"}
{"fileName":"BehaviorBuilder.java","id":"sourceFile"}
{"fileName":"BehaviorBuilder.java","id":"sourceFile"}
{"fileName":"BehaviorBuilder.java","id":"sourceFile"}
{"fileName":"MemoryAccessor.java","id":"sourceFile"}
{"fileName":"MemoryCondition.java","id":"sourceFile"}
{"fileName":"MemoryCondition.java","id":"sourceFile"}
{"fileName":"MemoryCondition.java","id":"sourceFile"}
{"fileName":"MemoryCondition.java","id":"sourceFile"}
{"fileName":"Trigger.java","id":"sourceFile"}
{"fileName":"package-info.java","id":"sourceFile"}
{"fileName":"package-info.java","id":"sourceFile"}
{"fileName":"Digging.java","id":"sourceFile"}
{"fileName":"Emerging.java","id":"sourceFile"}
{"fileName":"ForceUnmount.java","id":"sourceFile"}
{"fileName":"Roar.java","id":"sourceFile"}
{"fileName":"SetRoarTarget.java","id":"sourceFile"}
{"fileName":"SetWardenLookTarget.java","id":"sourceFile"}
{"fileName":"Sniffing.java","id":"sourceFile"}
{"fileName":"SonicBoom.java","id":"sourceFile"}
{"fileName":"TryToSniff.java","id":"sourceFile"}
{"fileName":"package-info.java","id":"sourceFile"}
{"fileName":"BodyRotationControl.java","id":"sourceFile"}
{"fileName":"Control.java","id":"sourceFile"}
{"fileName":"FlyingMoveControl.java","id":"sourceFile"}
{"fileName":"JumpControl.java","id":"sourceFile"}
{"fileName":"LookControl.java","id":"sourceFile"}
{"fileName":"MoveControl.java","id":"sourceFile"}
{"fileName":"MoveControl.java","id":"sourceFile"}
{"fileName":"SmoothSwimmingLookControl.java","id":"sourceFile"}
{"fileName":"SmoothSwimmingMoveControl.java","id":"sourceFile"}
{"fileName":"package-info.java","id":"sourceFile"}
{"fileName":"AvoidEntityGoal.java","id":"sourceFile"}
{"fileName":"BegGoal.java","id":"sourceFile"}
{"fileName":"FollowBoatGoal.java","id":"sourceFile"}
{"fileName":"BreakDoorGoal.java","id":"sourceFile"}
{"fileName":"BreathAirGoal.java","id":"sourceFile"}
{"fileName":"BreedGoal.java","id":"sourceFile"}
{"fileName":"CatLieOnBedGoal.java","id":"sourceFile"}
{"fileName":"CatSitOnBlockGoal.java","id":"sourceFile"}
{"fileName":"ClimbOnTopOfPowderSnowGoal.java","id":"sourceFile"}
{"fileName":"DolphinJumpGoal.java","id":"sourceFile"}
{"fileName":"DoorInteractGoal.java","id":"sourceFile"}
{"fileName":"EatBlockGoal.java","id":"sourceFile"}
{"fileName":"FleeSunGoal.java","id":"sourceFile"}
{"fileName":"FloatGoal.java","id":"sourceFile"}
{"fileName":"FollowBoatGoal.java","id":"sourceFile"}
{"fileName":"FollowFlockLeaderGoal.java","id":"sourceFile"}
{"fileName":"FollowMobGoal.java","id":"sourceFile"}
{"fileName":"FollowOwnerGoal.java","id":"sourceFile"}
{"fileName":"FollowParentGoal.java","id":"sourceFile"}
{"fileName":"Goal.java","id":"sourceFile"}
{"fileName":"Goal.java","id":"sourceFile"}
{"fileName":"GoalSelector.java","id":"sourceFile"}
{"fileName":"GoalSelector.java","id":"sourceFile"}
{"fileName":"GoalSelector.java","id":"sourceFile"}
{"fileName":"GolemRandomStrollInVillageGoal.java","id":"sourceFile"}
{"fileName":"InteractGoal.java","id":"sourceFile"}
{"fileName":"JumpGoal.java","id":"sourceFile"}
{"fileName":"LandOnOwnersShoulderGoal.java","id":"sourceFile"}
{"fileName":"LeapAtTargetGoal.java","id":"sourceFile"}
{"fileName":"LlamaFollowCaravanGoal.java","id":"sourceFile"}
{"fileName":"LookAtPlayerGoal.java","id":"sourceFile"}
{"fileName":"LookAtTradingPlayerGoal.java","id":"sourceFile"}
{"fileName":"MeleeAttackGoal.java","id":"sourceFile"}
{"fileName":"MoveBackToVillageGoal.java","id":"sourceFile"}
{"fileName":"MoveThroughVillageGoal.java","id":"sourceFile"}
{"fileName":"MoveToBlockGoal.java","id":"sourceFile"}
{"fileName":"MoveTowardsRestrictionGoal.java","id":"sourceFile"}
{"fileName":"MoveTowardsTargetGoal.java","id":"sourceFile"}
{"fileName":"OcelotAttackGoal.java","id":"sourceFile"}
{"fileName":"OfferFlowerGoal.java","id":"sourceFile"}
{"fileName":"OpenDoorGoal.java","id":"sourceFile"}
{"fileName":"PanicGoal.java","id":"sourceFile"}
{"fileName":"PathfindToRaidGoal.java","id":"sourceFile"}
{"fileName":"RandomLookAroundGoal.java","id":"sourceFile"}
{"fileName":"RandomStandGoal.java","id":"sourceFile"}
{"fileName":"RandomStrollGoal.java","id":"sourceFile"}
{"fileName":"RandomSwimmingGoal.java","id":"sourceFile"}
{"fileName":"RangedAttackGoal.java","id":"sourceFile"}
{"fileName":"RangedBowAttackGoal.java","id":"sourceFile"}
{"fileName":"RangedCrossbowAttackGoal.java","id":"sourceFile"}
{"fileName":"RangedCrossbowAttackGoal.java","id":"sourceFile"}
{"fileName":"RemoveBlockGoal.java","id":"sourceFile"}
{"fileName":"RestrictSunGoal.java","id":"sourceFile"}
{"fileName":"RunAroundLikeCrazyGoal.java","id":"sourceFile"}
{"fileName":"SitWhenOrderedToGoal.java","id":"sourceFile"}
{"fileName":"StrollThroughVillageGoal.java","id":"sourceFile"}
{"fileName":"SwellGoal.java","id":"sourceFile"}
{"fileName":"TemptGoal.java","id":"sourceFile"}
{"fileName":"TradeWithPlayerGoal.java","id":"sourceFile"}
{"fileName":"TryFindWaterGoal.java","id":"sourceFile"}
{"fileName":"UseItemGoal.java","id":"sourceFile"}
{"fileName":"WaterAvoidingRandomFlyingGoal.java","id":"sourceFile"}
{"fileName":"WaterAvoidingRandomStrollGoal.java","id":"sourceFile"}
{"fileName":"WrappedGoal.java","id":"sourceFile"}
{"fileName":"ZombieAttackGoal.java","id":"sourceFile"}
{"fileName":"package-info.java","id":"sourceFile"}
{"fileName":"DefendVillageTargetGoal.java","id":"sourceFile"}
{"fileName":"HurtByTargetGoal.java","id":"sourceFile"}
{"fileName":"NearestAttackableTargetGoal.java","id":"sourceFile"}
{"fileName":"NearestAttackableWitchTargetGoal.java","id":"sourceFile"}
{"fileName":"NearestHealableRaiderTargetGoal.java","id":"sourceFile"}
{"fileName":"NonTameRandomTargetGoal.java","id":"sourceFile"}
{"fileName":"OwnerHurtByTargetGoal.java","id":"sourceFile"}
{"fileName":"OwnerHurtTargetGoal.java","id":"sourceFile"}
{"fileName":"ResetUniversalAngerTargetGoal.java","id":"sourceFile"}
{"fileName":"TargetGoal.java","id":"sourceFile"}
{"fileName":"package-info.java","id":"sourceFile"}
{"fileName":"GossipContainer.java","id":"sourceFile"}
{"fileName":"GossipContainer.java","id":"sourceFile"}
{"fileName":"GossipContainer.java","id":"sourceFile"}
{"fileName":"GossipType.java","id":"sourceFile"}
{"fileName":"package-info.java","id":"sourceFile"}
{"fileName":"ExpirableValue.java","id":"sourceFile"}
{"fileName":"MemoryModuleType.java","id":"sourceFile"}
{"fileName":"MemoryStatus.java","id":"sourceFile"}
{"fileName":"NearestVisibleLivingEntities.java","id":"sourceFile"}
{"fileName":"WalkTarget.java","id":"sourceFile"}
{"fileName":"package-info.java","id":"sourceFile"}
{"fileName":"AmphibiousPathNavigation.java","id":"sourceFile"}
{"fileName":"FlyingPathNavigation.java","id":"sourceFile"}
{"fileName":"GroundPathNavigation.java","id":"sourceFile"}
{"fileName":"PathNavigation.java","id":"sourceFile"}
{"fileName":"WallClimberNavigation.java","id":"sourceFile"}
{"fileName":"WaterBoundPathNavigation.java","id":"sourceFile"}
{"fileName":"package-info.java","id":"sourceFile"}
{"fileName":"package-info.java","id":"sourceFile"}
{"fileName":"AdultSensor.java","id":"sourceFile"}
{"fileName":"AxolotlAttackablesSensor.java","id":"sourceFile"}
{"fileName":"BreezeAttackEntitySensor.java","id":"sourceFile"}
{"fileName":"DummySensor.java","id":"sourceFile"}
{"fileName":"FrogAttackablesSensor.java","id":"sourceFile"}
{"fileName":"GolemSensor.java","id":"sourceFile"}
{"fileName":"HoglinSpecificSensor.java","id":"sourceFile"}
{"fileName":"HurtBySensor.java","id":"sourceFile"}
{"fileName":"IsInWaterSensor.java","id":"sourceFile"}
{"fileName":"NearestBedSensor.java","id":"sourceFile"}
{"fileName":"NearestItemSensor.java","id":"sourceFile"}
{"fileName":"NearestLivingEntitySensor.java","id":"sourceFile"}
{"fileName":"NearestVisibleLivingEntitySensor.java","id":"sourceFile"}
{"fileName":"PiglinBruteSpecificSensor.java","id":"sourceFile"}
{"fileName":"PiglinSpecificSensor.java","id":"sourceFile"}
{"fileName":"PlayerSensor.java","id":"sourceFile"}
{"fileName":"SecondaryPoiSensor.java","id":"sourceFile"}
{"fileName":"Sensing.java","id":"sourceFile"}
{"fileName":"Sensor.java","id":"sourceFile"}
{"fileName":"SensorType.java","id":"sourceFile"}
{"fileName":"TemptingSensor.java","id":"sourceFile"}
{"fileName":"VillagerBabiesSensor.java","id":"sourceFile"}
{"fileName":"VillagerHostilesSensor.java","id":"sourceFile"}
{"fileName":"WardenEntitySensor.java","id":"sourceFile"}
{"fileName":"package-info.java","id":"sourceFile"}
{"fileName":"TargetingConditions.java","id":"sourceFile"}
{"fileName":"package-info.java","id":"sourceFile"}
{"fileName":"AirAndWaterRandomPos.java","id":"sourceFile"}
{"fileName":"AirRandomPos.java","id":"sourceFile"}
{"fileName":"DefaultRandomPos.java","id":"sourceFile"}
{"fileName":"GoalUtils.java","id":"sourceFile"}
{"fileName":"HoverRandomPos.java","id":"sourceFile"}
{"fileName":"LandRandomPos.java","id":"sourceFile"}
{"fileName":"RandomPos.java","id":"sourceFile"}
{"fileName":"package-info.java","id":"sourceFile"}
{"fileName":"ReputationEventType.java","id":"sourceFile"}
{"fileName":"ReputationEventType.java","id":"sourceFile"}
{"fileName":"VillageSiege.java","id":"sourceFile"}
{"fileName":"VillageSiege.java","id":"sourceFile"}
{"fileName":"package-info.java","id":"sourceFile"}
{"fileName":"PoiManager.java","id":"sourceFile"}
{"fileName":"PoiManager.java","id":"sourceFile"}
{"fileName":"PoiManager.java","id":"sourceFile"}
{"fileName":"PoiRecord.java","id":"sourceFile"}
{"fileName":"PoiSection.java","id":"sourceFile"}
{"fileName":"PoiType.java","id":"sourceFile"}
{"fileName":"PoiTypes.java","id":"sourceFile"}
{"fileName":"package-info.java","id":"sourceFile"}
{"fileName":"AmbientCreature.java","id":"sourceFile"}
{"fileName":"Bat.java","id":"sourceFile"}
{"fileName":"package-info.java","id":"sourceFile"}
{"fileName":"AbstractFish.java","id":"sourceFile"}
{"fileName":"AbstractFish.java","id":"sourceFile"}
{"fileName":"AbstractFish.java","id":"sourceFile"}
{"fileName":"AbstractGolem.java","id":"sourceFile"}
{"fileName":"AbstractSchoolingFish.java","id":"sourceFile"}
{"fileName":"AbstractSchoolingFish.java","id":"sourceFile"}
{"fileName":"Animal.java","id":"sourceFile"}
{"fileName":"Bee.java","id":"sourceFile"}
{"fileName":"Bee.java","id":"sourceFile"}
{"fileName":"Bee.java","id":"sourceFile"}
{"fileName":"Bee.java","id":"sourceFile"}
{"fileName":"Bee.java","id":"sourceFile"}
{"fileName":"Bee.java","id":"sourceFile"}
{"fileName":"Bee.java","id":"sourceFile"}
{"fileName":"Bee.java","id":"sourceFile"}
{"fileName":"Bee.java","id":"sourceFile"}
{"fileName":"Bee.java","id":"sourceFile"}
{"fileName":"Bee.java","id":"sourceFile"}
{"fileName":"Bee.java","id":"sourceFile"}
{"fileName":"Bee.java","id":"sourceFile"}
{"fileName":"Bee.java","id":"sourceFile"}
{"fileName":"Bucketable.java","id":"sourceFile"}
{"fileName":"Cat.java","id":"sourceFile"}
{"fileName":"Cat.java","id":"sourceFile"}
{"fileName":"Cat.java","id":"sourceFile"}
{"fileName":"Cat.java","id":"sourceFile"}
{"fileName":"CatVariant.java","id":"sourceFile"}
{"fileName":"Chicken.java","id":"sourceFile"}
{"fileName":"Cod.java","id":"sourceFile"}
{"fileName":"Cow.java","id":"sourceFile"}
{"fileName":"Dolphin.java","id":"sourceFile"}
{"fileName":"Dolphin.java","id":"sourceFile"}
{"fileName":"Dolphin.java","id":"sourceFile"}
{"fileName":"Dolphin.java","id":"sourceFile"}
{"fileName":"FlyingAnimal.java","id":"sourceFile"}
{"fileName":"Fox.java","id":"sourceFile"}
{"fileName":"Fox.java","id":"sourceFile"}
{"fileName":"Fox.java","id":"sourceFile"}
{"fileName":"Fox.java","id":"sourceFile"}
{"fileName":"Fox.java","id":"sourceFile"}
{"fileName":"Fox.java","id":"sourceFile"}
{"fileName":"Fox.java","id":"sourceFile"}
{"fileName":"Fox.java","id":"sourceFile"}
{"fileName":"Fox.java","id":"sourceFile"}
{"fileName":"Fox.java","id":"sourceFile"}
{"fileName":"Fox.java","id":"sourceFile"}
{"fileName":"Fox.java","id":"sourceFile"}
{"fileName":"Fox.java","id":"sourceFile"}
{"fileName":"Fox.java","id":"sourceFile"}
{"fileName":"Fox.java","id":"sourceFile"}
{"fileName":"Fox.java","id":"sourceFile"}
{"fileName":"Fox.java","id":"sourceFile"}
{"fileName":"Fox.java","id":"sourceFile"}
{"fileName":"Fox.java","id":"sourceFile"}
{"fileName":"Fox.java","id":"sourceFile"}
{"fileName":"Fox.java","id":"sourceFile"}
{"fileName":"Fox.java","id":"sourceFile"}
{"fileName":"Fox.java","id":"sourceFile"}
{"fileName":"FrogVariant.java","id":"sourceFile"}
{"fileName":"IronGolem.java","id":"sourceFile"}
{"fileName":"IronGolem.java","id":"sourceFile"}
{"fileName":"MushroomCow.java","id":"sourceFile"}
{"fileName":"MushroomCow.java","id":"sourceFile"}
{"fileName":"Ocelot.java","id":"sourceFile"}
{"fileName":"Ocelot.java","id":"sourceFile"}
{"fileName":"Ocelot.java","id":"sourceFile"}
{"fileName":"Panda.java","id":"sourceFile"}
{"fileName":"Panda.java","id":"sourceFile"}
{"fileName":"Panda.java","id":"sourceFile"}
{"fileName":"Panda.java","id":"sourceFile"}
{"fileName":"Panda.java","id":"sourceFile"}
{"fileName":"Panda.java","id":"sourceFile"}
{"fileName":"Panda.java","id":"sourceFile"}
{"fileName":"Panda.java","id":"sourceFile"}
{"fileName":"Panda.java","id":"sourceFile"}
{"fileName":"Panda.java","id":"sourceFile"}
{"fileName":"Panda.java","id":"sourceFile"}
{"fileName":"Panda.java","id":"sourceFile"}
{"fileName":"Panda.java","id":"sourceFile"}
{"fileName":"Parrot.java","id":"sourceFile"}
{"fileName":"Parrot.java","id":"sourceFile"}
{"fileName":"Parrot.java","id":"sourceFile"}
{"fileName":"Parrot.java","id":"sourceFile"}
{"fileName":"Pig.java","id":"sourceFile"}
{"fileName":"PolarBear.java","id":"sourceFile"}
{"fileName":"PolarBear.java","id":"sourceFile"}
{"fileName":"PolarBear.java","id":"sourceFile"}
{"fileName":"PolarBear.java","id":"sourceFile"}
{"fileName":"PolarBear.java","id":"sourceFile"}
{"fileName":"Pufferfish.java","id":"sourceFile"}
{"fileName":"Pufferfish.java","id":"sourceFile"}
{"fileName":"Rabbit.java","id":"sourceFile"}
{"fileName":"Rabbit.java","id":"sourceFile"}
{"fileName":"Rabbit.java","id":"sourceFile"}
{"fileName":"Rabbit.java","id":"sourceFile"}
{"fileName":"Rabbit.java","id":"sourceFile"}
{"fileName":"Rabbit.java","id":"sourceFile"}
{"fileName":"Rabbit.java","id":"sourceFile"}
{"fileName":"Rabbit.java","id":"sourceFile"}
{"fileName":"Salmon.java","id":"sourceFile"}
{"fileName":"Sheep.java","id":"sourceFile"}
{"fileName":"Sheep.java","id":"sourceFile"}
{"fileName":"Sheep.java","id":"sourceFile"}
{"fileName":"ShoulderRidingEntity.java","id":"sourceFile"}
{"fileName":"SnowGolem.java","id":"sourceFile"}
{"fileName":"Squid.java","id":"sourceFile"}
{"fileName":"Squid.java","id":"sourceFile"}
{"fileName":"Squid.java","id":"sourceFile"}
{"fileName":"TropicalFish.java","id":"sourceFile"}
{"fileName":"TropicalFish.java","id":"sourceFile"}
{"fileName":"TropicalFish.java","id":"sourceFile"}
{"fileName":"TropicalFish.java","id":"sourceFile"}
{"fileName":"TropicalFish.java","id":"sourceFile"}
{"fileName":"Turtle.java","id":"sourceFile"}
{"fileName":"Turtle.java","id":"sourceFile"}
{"fileName":"Turtle.java","id":"sourceFile"}
{"fileName":"Turtle.java","id":"sourceFile"}
{"fileName":"Turtle.java","id":"sourceFile"}
{"fileName":"Turtle.java","id":"sourceFile"}
{"fileName":"Turtle.java","id":"sourceFile"}
{"fileName":"Turtle.java","id":"sourceFile"}
{"fileName":"Turtle.java","id":"sourceFile"}
{"fileName":"Turtle.java","id":"sourceFile"}
{"fileName":"WaterAnimal.java","id":"sourceFile"}
{"fileName":"Wolf.java","id":"sourceFile"}
{"fileName":"Wolf.java","id":"sourceFile"}
{"fileName":"Wolf.java","id":"sourceFile"}
{"fileName":"Allay.java","id":"sourceFile"}
{"fileName":"Allay.java","id":"sourceFile"}
{"fileName":"Allay.java","id":"sourceFile"}
{"fileName":"AllayAi.java","id":"sourceFile"}
{"fileName":"package-info.java","id":"sourceFile"}
{"fileName":"Axolotl.java","id":"sourceFile"}
{"fileName":"Axolotl.java","id":"sourceFile"}
{"fileName":"Axolotl.java","id":"sourceFile"}
{"fileName":"Axolotl.java","id":"sourceFile"}
{"fileName":"Axolotl.java","id":"sourceFile"}
{"fileName":"AxolotlAi.java","id":"sourceFile"}
{"fileName":"PlayDead.java","id":"sourceFile"}
{"fileName":"ValidatePlayDead.java","id":"sourceFile"}
{"fileName":"package-info.java","id":"sourceFile"}
{"fileName":"Camel.java","id":"sourceFile"}
{"fileName":"Camel.java","id":"sourceFile"}
{"fileName":"Camel.java","id":"sourceFile"}
{"fileName":"Camel.java","id":"sourceFile"}
{"fileName":"CamelAi.java","id":"sourceFile"}
{"fileName":"CamelAi.java","id":"sourceFile"}
{"fileName":"CamelAi.java","id":"sourceFile"}
{"fileName":"package-info.java","id":"sourceFile"}
{"fileName":"Frog.java","id":"sourceFile"}
{"fileName":"Frog.java","id":"sourceFile"}
{"fileName":"Frog.java","id":"sourceFile"}
{"fileName":"Frog.java","id":"sourceFile"}
{"fileName":"FrogAi.java","id":"sourceFile"}
{"fileName":"ShootTongue.java","id":"sourceFile"}
{"fileName":"ShootTongue.java","id":"sourceFile"}
{"fileName":"ShootTongue.java","id":"sourceFile"}
{"fileName":"Tadpole.java","id":"sourceFile"}
{"fileName":"TadpoleAi.java","id":"sourceFile"}
{"fileName":"package-info.java","id":"sourceFile"}
{"fileName":"Goat.java","id":"sourceFile"}
{"fileName":"GoatAi.java","id":"sourceFile"}
{"fileName":"package-info.java","id":"sourceFile"}
{"fileName":"AbstractChestedHorse.java","id":"sourceFile"}
{"fileName":"AbstractChestedHorse.java","id":"sourceFile"}
{"fileName":"AbstractHorse.java","id":"sourceFile"}
{"fileName":"AbstractHorse.java","id":"sourceFile"}
{"fileName":"Donkey.java","id":"sourceFile"}
{"fileName":"Horse.java","id":"sourceFile"}
{"fileName":"Horse.java","id":"sourceFile"}
{"fileName":"Llama.java","id":"sourceFile"}
{"fileName":"Llama.java","id":"sourceFile"}
{"fileName":"Llama.java","id":"sourceFile"}
{"fileName":"Llama.java","id":"sourceFile"}
{"fileName":"Llama.java","id":"sourceFile"}
{"fileName":"Markings.java","id":"sourceFile"}
{"fileName":"Mule.java","id":"sourceFile"}
{"fileName":"SkeletonHorse.java","id":"sourceFile"}
{"fileName":"SkeletonTrapGoal.java","id":"sourceFile"}
{"fileName":"TraderLlama.java","id":"sourceFile"}
{"fileName":"TraderLlama.java","id":"sourceFile"}
{"fileName":"Variant.java","id":"sourceFile"}
{"fileName":"ZombieHorse.java","id":"sourceFile"}
{"fileName":"package-info.java","id":"sourceFile"}
{"fileName":"package-info.java","id":"sourceFile"}
{"fileName":"Sniffer.java","id":"sourceFile"}
{"fileName":"Sniffer.java","id":"sourceFile"}
{"fileName":"Sniffer.java","id":"sourceFile"}
{"fileName":"SnifferAi.java","id":"sourceFile"}
{"fileName":"SnifferAi.java","id":"sourceFile"}
{"fileName":"SnifferAi.java","id":"sourceFile"}
{"fileName":"SnifferAi.java","id":"sourceFile"}
{"fileName":"SnifferAi.java","id":"sourceFile"}
{"fileName":"SnifferAi.java","id":"sourceFile"}
{"fileName":"SnifferAi.java","id":"sourceFile"}
{"fileName":"SnifferAi.java","id":"sourceFile"}
{"fileName":"SnifferAi.java","id":"sourceFile"}
{"fileName":"SnifferAi.java","id":"sourceFile"}
{"fileName":"EnderDragonPart.java","id":"sourceFile"}
{"fileName":"EndCrystal.java","id":"sourceFile"}
{"fileName":"EnderDragon.java","id":"sourceFile"}
{"fileName":"package-info.java","id":"sourceFile"}
{"fileName":"AbstractDragonPhaseInstance.java","id":"sourceFile"}
{"fileName":"AbstractDragonSittingPhase.java","id":"sourceFile"}
{"fileName":"DragonChargePlayerPhase.java","id":"sourceFile"}
{"fileName":"DragonDeathPhase.java","id":"sourceFile"}
{"fileName":"DragonHoldingPatternPhase.java","id":"sourceFile"}
{"fileName":"DragonHoverPhase.java","id":"sourceFile"}
{"fileName":"DragonLandingApproachPhase.java","id":"sourceFile"}
{"fileName":"DragonLandingPhase.java","id":"sourceFile"}
{"fileName":"DragonPhaseInstance.java","id":"sourceFile"}
{"fileName":"DragonSittingAttackingPhase.java","id":"sourceFile"}
{"fileName":"DragonSittingFlamingPhase.java","id":"sourceFile"}
{"fileName":"DragonSittingScanningPhase.java","id":"sourceFile"}
{"fileName":"DragonStrafePlayerPhase.java","id":"sourceFile"}
{"fileName":"DragonTakeoffPhase.java","id":"sourceFile"}
{"fileName":"EnderDragonPhase.java","id":"sourceFile"}
{"fileName":"EnderDragonPhaseManager.java","id":"sourceFile"}
{"fileName":"package-info.java","id":"sourceFile"}
{"fileName":"package-info.java","id":"sourceFile"}
{"fileName":"WitherBoss.java","id":"sourceFile"}
{"fileName":"WitherBoss.java","id":"sourceFile"}
{"fileName":"package-info.java","id":"sourceFile"}
{"fileName":"ArmorStand.java","id":"sourceFile"}
{"fileName":"ArmorStand.java","id":"sourceFile"}
{"fileName":"GlowItemFrame.java","id":"sourceFile"}
{"fileName":"HangingEntity.java","id":"sourceFile"}
{"fileName":"HangingEntity.java","id":"sourceFile"}
{"fileName":"ItemFrame.java","id":"sourceFile"}
{"fileName":"ItemFrame.java","id":"sourceFile"}
{"fileName":"ItemFrame.java","id":"sourceFile"}
{"fileName":"LeashFenceKnotEntity.java","id":"sourceFile"}
{"fileName":"Painting.java","id":"sourceFile"}
{"fileName":"PaintingVariant.java","id":"sourceFile"}
{"fileName":"PaintingVariants.java","id":"sourceFile"}
{"fileName":"package-info.java","id":"sourceFile"}
{"fileName":"FallingBlockEntity.java","id":"sourceFile"}
{"fileName":"ItemEntity.java","id":"sourceFile"}
{"fileName":"PrimedTnt.java","id":"sourceFile"}
{"fileName":"package-info.java","id":"sourceFile"}
{"fileName":"AbstractIllager.java","id":"sourceFile"}
{"fileName":"AbstractIllager.java","id":"sourceFile"}
{"fileName":"AbstractIllager.java","id":"sourceFile"}
{"fileName":"AbstractSkeleton.java","id":"sourceFile"}
{"fileName":"AbstractSkeleton.java","id":"sourceFile"}
{"fileName":"Blaze.java","id":"sourceFile"}
{"fileName":"Blaze.java","id":"sourceFile"}
{"fileName":"CaveSpider.java","id":"sourceFile"}
{"fileName":"Creeper.java","id":"sourceFile"}
{"fileName":"CrossbowAttackMob.java","id":"sourceFile"}
{"fileName":"Drowned.java","id":"sourceFile"}
{"fileName":"Drowned.java","id":"sourceFile"}
{"fileName":"Drowned.java","id":"sourceFile"}
{"fileName":"Drowned.java","id":"sourceFile"}
{"fileName":"Drowned.java","id":"sourceFile"}
{"fileName":"Drowned.java","id":"sourceFile"}
{"fileName":"Drowned.java","id":"sourceFile"}
{"fileName":"ElderGuardian.java","id":"sourceFile"}
{"fileName":"EnderMan.java","id":"sourceFile"}
{"fileName":"EnderMan.java","id":"sourceFile"}
{"fileName":"EnderMan.java","id":"sourceFile"}
{"fileName":"EnderMan.java","id":"sourceFile"}
{"fileName":"EnderMan.java","id":"sourceFile"}
{"fileName":"Endermite.java","id":"sourceFile"}
{"fileName":"Enemy.java","id":"sourceFile"}
{"fileName":"Evoker.java","id":"sourceFile"}
{"fileName":"Evoker.java","id":"sourceFile"}
{"fileName":"Evoker.java","id":"sourceFile"}
{"fileName":"Evoker.java","id":"sourceFile"}
{"fileName":"Evoker.java","id":"sourceFile"}
{"fileName":"Ghast.java","id":"sourceFile"}
{"fileName":"Ghast.java","id":"sourceFile"}
{"fileName":"Ghast.java","id":"sourceFile"}
{"fileName":"Ghast.java","id":"sourceFile"}
{"fileName":"Ghast.java","id":"sourceFile"}
{"fileName":"Giant.java","id":"sourceFile"}
{"fileName":"Guardian.java","id":"sourceFile"}
{"fileName":"Guardian.java","id":"sourceFile"}
{"fileName":"Guardian.java","id":"sourceFile"}
{"fileName":"Guardian.java","id":"sourceFile"}
{"fileName":"Husk.java","id":"sourceFile"}
{"fileName":"Illusioner.java","id":"sourceFile"}
{"fileName":"Illusioner.java","id":"sourceFile"}
{"fileName":"Illusioner.java","id":"sourceFile"}
{"fileName":"MagmaCube.java","id":"sourceFile"}
{"fileName":"Monster.java","id":"sourceFile"}
{"fileName":"PatrollingMonster.java","id":"sourceFile"}
{"fileName":"PatrollingMonster.java","id":"sourceFile"}
{"fileName":"Phantom.java","id":"sourceFile"}
{"fileName":"Phantom.java","id":"sourceFile"}
{"fileName":"Phantom.java","id":"sourceFile"}
{"fileName":"Phantom.java","id":"sourceFile"}
{"fileName":"Phantom.java","id":"sourceFile"}
{"fileName":"Phantom.java","id":"sourceFile"}
{"fileName":"Phantom.java","id":"sourceFile"}
{"fileName":"Phantom.java","id":"sourceFile"}
{"fileName":"Phantom.java","id":"sourceFile"}
{"fileName":"Phantom.java","id":"sourceFile"}
{"fileName":"Pillager.java","id":"sourceFile"}
{"fileName":"RangedAttackMob.java","id":"sourceFile"}
{"fileName":"Ravager.java","id":"sourceFile"}
{"fileName":"Shulker.java","id":"sourceFile"}
{"fileName":"Shulker.java","id":"sourceFile"}
{"fileName":"Shulker.java","id":"sourceFile"}
{"fileName":"Shulker.java","id":"sourceFile"}
{"fileName":"Shulker.java","id":"sourceFile"}
{"fileName":"Shulker.java","id":"sourceFile"}
{"fileName":"Shulker.java","id":"sourceFile"}
{"fileName":"Silverfish.java","id":"sourceFile"}
{"fileName":"Silverfish.java","id":"sourceFile"}
{"fileName":"Silverfish.java","id":"sourceFile"}
{"fileName":"Skeleton.java","id":"sourceFile"}
{"fileName":"Slime.java","id":"sourceFile"}
{"fileName":"Slime.java","id":"sourceFile"}
{"fileName":"Slime.java","id":"sourceFile"}
{"fileName":"Slime.java","id":"sourceFile"}
{"fileName":"Slime.java","id":"sourceFile"}
{"fileName":"Slime.java","id":"sourceFile"}
{"fileName":"SpellcasterIllager.java","id":"sourceFile"}
{"fileName":"SpellcasterIllager.java","id":"sourceFile"}
{"fileName":"SpellcasterIllager.java","id":"sourceFile"}
{"fileName":"SpellcasterIllager.java","id":"sourceFile"}
{"fileName":"Spider.java","id":"sourceFile"}
{"fileName":"Spider.java","id":"sourceFile"}
{"fileName":"Spider.java","id":"sourceFile"}
{"fileName":"Spider.java","id":"sourceFile"}
{"fileName":"Stray.java","id":"sourceFile"}
{"fileName":"Strider.java","id":"sourceFile"}
{"fileName":"Strider.java","id":"sourceFile"}
{"fileName":"Strider.java","id":"sourceFile"}
{"fileName":"Vex.java","id":"sourceFile"}
{"fileName":"Vex.java","id":"sourceFile"}
{"fileName":"Vex.java","id":"sourceFile"}
{"fileName":"Vex.java","id":"sourceFile"}
{"fileName":"Vex.java","id":"sourceFile"}
{"fileName":"Vindicator.java","id":"sourceFile"}
{"fileName":"Vindicator.java","id":"sourceFile"}
{"fileName":"Vindicator.java","id":"sourceFile"}
{"fileName":"Witch.java","id":"sourceFile"}
{"fileName":"WitherSkeleton.java","id":"sourceFile"}
{"fileName":"Zoglin.java","id":"sourceFile"}
{"fileName":"Zombie.java","id":"sourceFile"}
{"fileName":"Zombie.java","id":"sourceFile"}
{"fileName":"Zombie.java","id":"sourceFile"}
{"fileName":"ZombieVillager.java","id":"sourceFile"}
{"fileName":"ZombifiedPiglin.java","id":"sourceFile"}
{"fileName":"Breeze.java","id":"sourceFile"}
{"fileName":"Breeze.java","id":"sourceFile"}
{"fileName":"BreezeAi.java","id":"sourceFile"}
{"fileName":"BreezeAi.java","id":"sourceFile"}
{"fileName":"LongJump.java","id":"sourceFile"}
{"fileName":"Shoot.java","id":"sourceFile"}
{"fileName":"ShootWhenStuck.java","id":"sourceFile"}
{"fileName":"Slide.java","id":"sourceFile"}
{"fileName":"package-info.java","id":"sourceFile"}
{"fileName":"Hoglin.java","id":"sourceFile"}
{"fileName":"HoglinAi.java","id":"sourceFile"}
{"fileName":"HoglinBase.java","id":"sourceFile"}
{"fileName":"package-info.java","id":"sourceFile"}
{"fileName":"package-info.java","id":"sourceFile"}
{"fileName":"AbstractPiglin.java","id":"sourceFile"}
{"fileName":"Piglin.java","id":"sourceFile"}
{"fileName":"PiglinAi.java","id":"sourceFile"}
{"fileName":"PiglinArmPose.java","id":"sourceFile"}
{"fileName":"PiglinBrute.java","id":"sourceFile"}
{"fileName":"PiglinBruteAi.java","id":"sourceFile"}
{"fileName":"RememberIfHoglinWasKilled.java","id":"sourceFile"}
{"fileName":"StartAdmiringItemIfSeen.java","id":"sourceFile"}
{"fileName":"StartHuntingHoglin.java","id":"sourceFile"}
{"fileName":"StopAdmiringIfItemTooFarAway.java","id":"sourceFile"}
{"fileName":"StopAdmiringIfTiredOfTryingToReachItem.java","id":"sourceFile"}
{"fileName":"StopHoldingItemIfNoLongerAdmiring.java","id":"sourceFile"}
{"fileName":"package-info.java","id":"sourceFile"}
{"fileName":"AngerLevel.java","id":"sourceFile"}
{"fileName":"AngerManagement.java","id":"sourceFile"}
{"fileName":"AngerManagement.java","id":"sourceFile"}
{"fileName":"AngerManagement.java","id":"sourceFile"}
{"fileName":"Warden.java","id":"sourceFile"}
{"fileName":"Warden.java","id":"sourceFile"}
{"fileName":"Warden.java","id":"sourceFile"}
{"fileName":"Warden.java","id":"sourceFile"}
{"fileName":"Warden.java","id":"sourceFile"}
{"fileName":"WardenAi.java","id":"sourceFile"}
{"fileName":"WardenSpawnTracker.java","id":"sourceFile"}
{"fileName":"package-info.java","id":"sourceFile"}
{"fileName":"AbstractVillager.java","id":"sourceFile"}
{"fileName":"CatSpawner.java","id":"sourceFile"}
{"fileName":"ClientSideMerchant.java","id":"sourceFile"}
{"fileName":"InventoryCarrier.java","id":"sourceFile"}
{"fileName":"Npc.java","id":"sourceFile"}
{"fileName":"Villager.java","id":"sourceFile"}
{"fileName":"VillagerData.java","id":"sourceFile"}
{"fileName":"VillagerDataHolder.java","id":"sourceFile"}
{"fileName":"VillagerProfession.java","id":"sourceFile"}
{"fileName":"VillagerTrades.java","id":"sourceFile"}
{"fileName":"VillagerTrades.java","id":"sourceFile"}
{"fileName":"VillagerTrades.java","id":"sourceFile"}
{"fileName":"VillagerTrades.java","id":"sourceFile"}
{"fileName":"VillagerTrades.java","id":"sourceFile"}
{"fileName":"VillagerTrades.java","id":"sourceFile"}
{"fileName":"VillagerTrades.java","id":"sourceFile"}
{"fileName":"VillagerTrades.java","id":"sourceFile"}
{"fileName":"VillagerTrades.java","id":"sourceFile"}
{"fileName":"VillagerTrades.java","id":"sourceFile"}
{"fileName":"VillagerTrades.java","id":"sourceFile"}
{"fileName":"VillagerTrades.java","id":"sourceFile"}
{"fileName":"VillagerTrades.java","id":"sourceFile"}
{"fileName":"VillagerTrades.java","id":"sourceFile"}
{"fileName":"VillagerType.java","id":"sourceFile"}
{"fileName":"WanderingTrader.java","id":"sourceFile"}
{"fileName":"WanderingTrader.java","id":"sourceFile"}
{"fileName":"WanderingTraderSpawner.java","id":"sourceFile"}
{"fileName":"package-info.java","id":"sourceFile"}
{"fileName":"package-info.java","id":"sourceFile"}
{"fileName":"Abilities.java","id":"sourceFile"}
{"fileName":"ChatVisiblity.java","id":"sourceFile"}
{"fileName":"Inventory.java","id":"sourceFile"}
{"fileName":"Player.java","id":"sourceFile"}
{"fileName":"Player.java","id":"sourceFile"}
{"fileName":"Player.java","id":"sourceFile"}
{"fileName":"PlayerModelPart.java","id":"sourceFile"}
{"fileName":"ProfileKeyPair.java","id":"sourceFile"}
{"fileName":"ProfilePublicKey.java","id":"sourceFile"}
{"fileName":"ProfilePublicKey.java","id":"sourceFile"}
{"fileName":"ProfilePublicKey.java","id":"sourceFile"}
{"fileName":"StackedContents.java","id":"sourceFile"}
{"fileName":"StackedContents.java","id":"sourceFile"}
{"fileName":"package-info.java","id":"sourceFile"}
{"fileName":"AbstractArrow.java","id":"sourceFile"}
{"fileName":"AbstractArrow.java","id":"sourceFile"}
{"fileName":"AbstractArrow.java","id":"sourceFile"}
{"fileName":"AbstractHurtingProjectile.java","id":"sourceFile"}
{"fileName":"Arrow.java","id":"sourceFile"}
{"fileName":"DragonFireball.java","id":"sourceFile"}
{"fileName":"EvokerFangs.java","id":"sourceFile"}
{"fileName":"EyeOfEnder.java","id":"sourceFile"}
{"fileName":"Fireball.java","id":"sourceFile"}
{"fileName":"FireworkRocketEntity.java","id":"sourceFile"}
{"fileName":"FishingHook.java","id":"sourceFile"}
{"fileName":"FishingHook.java","id":"sourceFile"}
{"fileName":"FishingHook.java","id":"sourceFile"}
{"fileName":"FishingHook.java","id":"sourceFile"}
{"fileName":"ItemSupplier.java","id":"sourceFile"}
{"fileName":"LargeFireball.java","id":"sourceFile"}
{"fileName":"LlamaSpit.java","id":"sourceFile"}
{"fileName":"Projectile.java","id":"sourceFile"}
{"fileName":"ProjectileUtil.java","id":"sourceFile"}
{"fileName":"ShulkerBullet.java","id":"sourceFile"}
{"fileName":"SmallFireball.java","id":"sourceFile"}
{"fileName":"Snowball.java","id":"sourceFile"}
{"fileName":"SpectralArrow.java","id":"sourceFile"}
{"fileName":"ThrowableItemProjectile.java","id":"sourceFile"}
{"fileName":"ThrowableProjectile.java","id":"sourceFile"}
{"fileName":"ThrownEgg.java","id":"sourceFile"}
{"fileName":"ThrownEnderpearl.java","id":"sourceFile"}
{"fileName":"ThrownExperienceBottle.java","id":"sourceFile"}
{"fileName":"ThrownPotion.java","id":"sourceFile"}
{"fileName":"ThrownTrident.java","id":"sourceFile"}
{"fileName":"WindCharge.java","id":"sourceFile"}
{"fileName":"WindCharge.java","id":"sourceFile"}
{"fileName":"WitherSkull.java","id":"sourceFile"}
{"fileName":"package-info.java","id":"sourceFile"}
{"fileName":"Raid.java","id":"sourceFile"}
{"fileName":"Raid.java","id":"sourceFile"}
{"fileName":"Raid.java","id":"sourceFile"}
{"fileName":"Raid.java","id":"sourceFile"}
{"fileName":"Raider.java","id":"sourceFile"}
{"fileName":"Raider.java","id":"sourceFile"}
{"fileName":"Raider.java","id":"sourceFile"}
{"fileName":"Raider.java","id":"sourceFile"}
{"fileName":"Raider.java","id":"sourceFile"}
{"fileName":"Raids.java","id":"sourceFile"}
{"fileName":"package-info.java","id":"sourceFile"}
{"fileName":"Activity.java","id":"sourceFile"}
{"fileName":"Keyframe.java","id":"sourceFile"}
{"fileName":"Schedule.java","id":"sourceFile"}
{"fileName":"ScheduleBuilder.java","id":"sourceFile"}
{"fileName":"ScheduleBuilder.java","id":"sourceFile"}
{"fileName":"Timeline.java","id":"sourceFile"}
{"fileName":"package-info.java","id":"sourceFile"}
{"fileName":"AbstractMinecart.java","id":"sourceFile"}
{"fileName":"AbstractMinecart.java","id":"sourceFile"}
{"fileName":"AbstractMinecart.java","id":"sourceFile"}
{"fileName":"AbstractMinecartContainer.java","id":"sourceFile"}
{"fileName":"Boat.java","id":"sourceFile"}
{"fileName":"Boat.java","id":"sourceFile"}
{"fileName":"Boat.java","id":"sourceFile"}
{"fileName":"Boat.java","id":"sourceFile"}
{"fileName":"ChestBoat.java","id":"sourceFile"}
{"fileName":"ChestBoat.java","id":"sourceFile"}
{"fileName":"ContainerEntity.java","id":"sourceFile"}
{"fileName":"ContainerEntity.java","id":"sourceFile"}
{"fileName":"DismountHelper.java","id":"sourceFile"}
{"fileName":"Minecart.java","id":"sourceFile"}
{"fileName":"MinecartChest.java","id":"sourceFile"}
{"fileName":"MinecartCommandBlock.java","id":"sourceFile"}
{"fileName":"MinecartCommandBlock.java","id":"sourceFile"}
{"fileName":"MinecartFurnace.java","id":"sourceFile"}
{"fileName":"MinecartHopper.java","id":"sourceFile"}
{"fileName":"MinecartSpawner.java","id":"sourceFile"}
{"fileName":"MinecartSpawner.java","id":"sourceFile"}
{"fileName":"MinecartTNT.java","id":"sourceFile"}
{"fileName":"VehicleEntity.java","id":"sourceFile"}
{"fileName":"package-info.java","id":"sourceFile"}
{"fileName":"FeatureElement.java","id":"sourceFile"}
{"fileName":"FeatureFlag.java","id":"sourceFile"}
{"fileName":"FeatureFlagRegistry.java","id":"sourceFile"}
{"fileName":"FeatureFlagRegistry.java","id":"sourceFile"}
{"fileName":"FeatureFlagSet.java","id":"sourceFile"}
{"fileName":"FeatureFlagUniverse.java","id":"sourceFile"}
{"fileName":"FeatureFlags.java","id":"sourceFile"}
{"fileName":"package-info.java","id":"sourceFile"}
{"fileName":"FoodConstants.java","id":"sourceFile"}
{"fileName":"FoodData.java","id":"sourceFile"}
{"fileName":"FoodProperties.java","id":"sourceFile"}
{"fileName":"FoodProperties.java","id":"sourceFile"}
{"fileName":"Foods.java","id":"sourceFile"}
{"fileName":"package-info.java","id":"sourceFile"}
{"fileName":"AbstractContainerMenu.java","id":"sourceFile"}
{"fileName":"AbstractContainerMenu.java","id":"sourceFile"}
{"fileName":"AbstractFurnaceMenu.java","id":"sourceFile"}
{"fileName":"AnvilMenu.java","id":"sourceFile"}
{"fileName":"AnvilMenu.java","id":"sourceFile"}
{"fileName":"BeaconMenu.java","id":"sourceFile"}
{"fileName":"BeaconMenu.java","id":"sourceFile"}
{"fileName":"BeaconMenu.java","id":"sourceFile"}
{"fileName":"BlastFurnaceMenu.java","id":"sourceFile"}
{"fileName":"BrewingStandMenu.java","id":"sourceFile"}
{"fileName":"BrewingStandMenu.java","id":"sourceFile"}
{"fileName":"BrewingStandMenu.java","id":"sourceFile"}
{"fileName":"BrewingStandMenu.java","id":"sourceFile"}
{"fileName":"CartographyTableMenu.java","id":"sourceFile"}
{"fileName":"CartographyTableMenu.java","id":"sourceFile"}
{"fileName":"CartographyTableMenu.java","id":"sourceFile"}
{"fileName":"CartographyTableMenu.java","id":"sourceFile"}
{"fileName":"CartographyTableMenu.java","id":"sourceFile"}
{"fileName":"CartographyTableMenu.java","id":"sourceFile"}
{"fileName":"ChestMenu.java","id":"sourceFile"}
{"fileName":"ClickAction.java","id":"sourceFile"}
{"fileName":"ClickType.java","id":"sourceFile"}
{"fileName":"ContainerData.java","id":"sourceFile"}
{"fileName":"ContainerLevelAccess.java","id":"sourceFile"}
{"fileName":"ContainerLevelAccess.java","id":"sourceFile"}
{"fileName":"ContainerLevelAccess.java","id":"sourceFile"}
{"fileName":"ContainerListener.java","id":"sourceFile"}
{"fileName":"ContainerSynchronizer.java","id":"sourceFile"}
{"fileName":"CrafterMenu.java","id":"sourceFile"}
{"fileName":"CrafterSlot.java","id":"sourceFile"}
{"fileName":"CraftingContainer.java","id":"sourceFile"}
{"fileName":"CraftingMenu.java","id":"sourceFile"}
{"fileName":"DataSlot.java","id":"sourceFile"}
{"fileName":"DataSlot.java","id":"sourceFile"}
{"fileName":"DataSlot.java","id":"sourceFile"}
{"fileName":"DataSlot.java","id":"sourceFile"}
{"fileName":"DispenserMenu.java","id":"sourceFile"}
{"fileName":"EnchantmentMenu.java","id":"sourceFile"}
{"fileName":"EnchantmentMenu.java","id":"sourceFile"}
{"fileName":"EnchantmentMenu.java","id":"sourceFile"}
{"fileName":"EnchantmentMenu.java","id":"sourceFile"}
{"fileName":"FurnaceFuelSlot.java","id":"sourceFile"}
{"fileName":"FurnaceMenu.java","id":"sourceFile"}
{"fileName":"FurnaceResultSlot.java","id":"sourceFile"}
{"fileName":"GrindstoneMenu.java","id":"sourceFile"}
{"fileName":"GrindstoneMenu.java","id":"sourceFile"}
{"fileName":"GrindstoneMenu.java","id":"sourceFile"}
{"fileName":"GrindstoneMenu.java","id":"sourceFile"}
{"fileName":"GrindstoneMenu.java","id":"sourceFile"}
{"fileName":"HopperMenu.java","id":"sourceFile"}
{"fileName":"HorseInventoryMenu.java","id":"sourceFile"}
{"fileName":"HorseInventoryMenu.java","id":"sourceFile"}
{"fileName":"HorseInventoryMenu.java","id":"sourceFile"}
{"fileName":"InventoryMenu.java","id":"sourceFile"}
{"fileName":"InventoryMenu.java","id":"sourceFile"}
{"fileName":"InventoryMenu.java","id":"sourceFile"}
{"fileName":"ItemCombinerMenu.java","id":"sourceFile"}
{"fileName":"ItemCombinerMenu.java","id":"sourceFile"}
{"fileName":"ItemCombinerMenu.java","id":"sourceFile"}
{"fileName":"ItemCombinerMenu.java","id":"sourceFile"}
{"fileName":"ItemCombinerMenuSlotDefinition.java","id":"sourceFile"}
{"fileName":"ItemCombinerMenuSlotDefinition.java","id":"sourceFile"}
{"fileName":"ItemCombinerMenuSlotDefinition.java","id":"sourceFile"}
{"fileName":"LecternMenu.java","id":"sourceFile"}
{"fileName":"LecternMenu.java","id":"sourceFile"}
{"fileName":"LoomMenu.java","id":"sourceFile"}
{"fileName":"LoomMenu.java","id":"sourceFile"}
{"fileName":"LoomMenu.java","id":"sourceFile"}
{"fileName":"LoomMenu.java","id":"sourceFile"}
{"fileName":"LoomMenu.java","id":"sourceFile"}
{"fileName":"LoomMenu.java","id":"sourceFile"}
{"fileName":"LoomMenu.java","id":"sourceFile"}
{"fileName":"MenuConstructor.java","id":"sourceFile"}
{"fileName":"MenuType.java","id":"sourceFile"}
{"fileName":"MenuType.java","id":"sourceFile"}
{"fileName":"MerchantContainer.java","id":"sourceFile"}
{"fileName":"MerchantMenu.java","id":"sourceFile"}
{"fileName":"MerchantResultSlot.java","id":"sourceFile"}
{"fileName":"NonInteractiveResultSlot.java","id":"sourceFile"}
{"fileName":"PlayerEnderChestContainer.java","id":"sourceFile"}
{"fileName":"RecipeBookMenu.java","id":"sourceFile"}
{"fileName":"RecipeBookType.java","id":"sourceFile"}
{"fileName":"RecipeCraftingHolder.java","id":"sourceFile"}
{"fileName":"ResultContainer.java","id":"sourceFile"}
{"fileName":"ResultSlot.java","id":"sourceFile"}
{"fileName":"ShulkerBoxMenu.java","id":"sourceFile"}
{"fileName":"ShulkerBoxSlot.java","id":"sourceFile"}
{"fileName":"SimpleContainerData.java","id":"sourceFile"}
{"fileName":"Slot.java","id":"sourceFile"}
{"fileName":"SmithingMenu.java","id":"sourceFile"}
{"fileName":"SmokerMenu.java","id":"sourceFile"}
{"fileName":"StackedContentsCompatible.java","id":"sourceFile"}
{"fileName":"StonecutterMenu.java","id":"sourceFile"}
{"fileName":"StonecutterMenu.java","id":"sourceFile"}
{"fileName":"StonecutterMenu.java","id":"sourceFile"}
{"fileName":"TransientCraftingContainer.java","id":"sourceFile"}
{"fileName":"package-info.java","id":"sourceFile"}
{"fileName":"BundleTooltip.java","id":"sourceFile"}
{"fileName":"TooltipComponent.java","id":"sourceFile"}
{"fileName":"package-info.java","id":"sourceFile"}
{"fileName":"AdventureModeCheck.java","id":"sourceFile"}
{"fileName":"AirItem.java","id":"sourceFile"}
{"fileName":"ArmorItem.java","id":"sourceFile"}
{"fileName":"ArmorItem.java","id":"sourceFile"}
{"fileName":"ArmorItem.java","id":"sourceFile"}
{"fileName":"ArmorMaterial.java","id":"sourceFile"}
{"fileName":"ArmorMaterials.java","id":"sourceFile"}
{"fileName":"ArmorStandItem.java","id":"sourceFile"}
{"fileName":"ArrowItem.java","id":"sourceFile"}
{"fileName":"AxeItem.java","id":"sourceFile"}
{"fileName":"BannerItem.java","id":"sourceFile"}
{"fileName":"BannerPatternItem.java","id":"sourceFile"}
{"fileName":"BedItem.java","id":"sourceFile"}
{"fileName":"BlockItem.java","id":"sourceFile"}
{"fileName":"BoatItem.java","id":"sourceFile"}
{"fileName":"BoneMealItem.java","id":"sourceFile"}
{"fileName":"BookItem.java","id":"sourceFile"}
{"fileName":"BottleItem.java","id":"sourceFile"}
{"fileName":"BowItem.java","id":"sourceFile"}
{"fileName":"BowlFoodItem.java","id":"sourceFile"}
{"fileName":"BrushItem.java","id":"sourceFile"}
{"fileName":"BrushItem.java","id":"sourceFile"}
{"fileName":"BrushItem.java","id":"sourceFile"}
{"fileName":"BucketItem.java","id":"sourceFile"}
{"fileName":"BundleItem.java","id":"sourceFile"}
{"fileName":"ChorusFruitItem.java","id":"sourceFile"}
{"fileName":"CompassItem.java","id":"sourceFile"}
{"fileName":"ComplexItem.java","id":"sourceFile"}
{"fileName":"CreativeModeTab.java","id":"sourceFile"}
{"fileName":"CreativeModeTab.java","id":"sourceFile"}
{"fileName":"CreativeModeTab.java","id":"sourceFile"}
{"fileName":"CreativeModeTab.java","id":"sourceFile"}
{"fileName":"CreativeModeTab.java","id":"sourceFile"}
{"fileName":"CreativeModeTab.java","id":"sourceFile"}
{"fileName":"CreativeModeTab.java","id":"sourceFile"}
{"fileName":"CreativeModeTab.java","id":"sourceFile"}
{"fileName":"CreativeModeTab.java","id":"sourceFile"}
{"fileName":"CreativeModeTab.java","id":"sourceFile"}
{"fileName":"CreativeModeTabs.java","id":"sourceFile"}
{"fileName":"CrossbowItem.java","id":"sourceFile"}
{"fileName":"DebugStickItem.java","id":"sourceFile"}
{"fileName":"DiggerItem.java","id":"sourceFile"}
{"fileName":"DiscFragmentItem.java","id":"sourceFile"}
{"fileName":"DispensibleContainerItem.java","id":"sourceFile"}
{"fileName":"DoubleHighBlockItem.java","id":"sourceFile"}
{"fileName":"DyeColor.java","id":"sourceFile"}
{"fileName":"DyeItem.java","id":"sourceFile"}
{"fileName":"DyeableArmorItem.java","id":"sourceFile"}
{"fileName":"DyeableHorseArmorItem.java","id":"sourceFile"}
{"fileName":"DyeableLeatherItem.java","id":"sourceFile"}
{"fileName":"EggItem.java","id":"sourceFile"}
{"fileName":"ElytraItem.java","id":"sourceFile"}
{"fileName":"EmptyMapItem.java","id":"sourceFile"}
{"fileName":"EnchantedBookItem.java","id":"sourceFile"}
{"fileName":"EnchantedGoldenAppleItem.java","id":"sourceFile"}
{"fileName":"EndCrystalItem.java","id":"sourceFile"}
{"fileName":"EnderEyeItem.java","id":"sourceFile"}
{"fileName":"EnderpearlItem.java","id":"sourceFile"}
{"fileName":"Equipable.java","id":"sourceFile"}
{"fileName":"ExperienceBottleItem.java","id":"sourceFile"}
{"fileName":"FireChargeItem.java","id":"sourceFile"}
{"fileName":"FireworkRocketItem.java","id":"sourceFile"}
{"fileName":"FireworkRocketItem.java","id":"sourceFile"}
{"fileName":"FireworkStarItem.java","id":"sourceFile"}
{"fileName":"FishingRodItem.java","id":"sourceFile"}
{"fileName":"FlintAndSteelItem.java","id":"sourceFile"}
{"fileName":"FoodOnAStickItem.java","id":"sourceFile"}
{"fileName":"GameMasterBlockItem.java","id":"sourceFile"}
{"fileName":"GlowInkSacItem.java","id":"sourceFile"}
{"fileName":"HangingEntityItem.java","id":"sourceFile"}
{"fileName":"HangingSignItem.java","id":"sourceFile"}
{"fileName":"HoeItem.java","id":"sourceFile"}
{"fileName":"HoneyBottleItem.java","id":"sourceFile"}
{"fileName":"HoneycombItem.java","id":"sourceFile"}
{"fileName":"HorseArmorItem.java","id":"sourceFile"}
{"fileName":"InkSacItem.java","id":"sourceFile"}
{"fileName":"Instrument.java","id":"sourceFile"}
{"fileName":"InstrumentItem.java","id":"sourceFile"}
{"fileName":"Instruments.java","id":"sourceFile"}
{"fileName":"Item.java","id":"sourceFile"}
{"fileName":"Item.java","id":"sourceFile"}
{"fileName":"Item.java","id":"sourceFile"}
{"fileName":"ItemCooldowns.java","id":"sourceFile"}
{"fileName":"ItemCooldowns.java","id":"sourceFile"}
{"fileName":"ItemDisplayContext.java","id":"sourceFile"}
{"fileName":"ItemFrameItem.java","id":"sourceFile"}
{"fileName":"ItemNameBlockItem.java","id":"sourceFile"}
{"fileName":"ItemStack.java","id":"sourceFile"}
{"fileName":"ItemStack.java","id":"sourceFile"}
{"fileName":"ItemStackLinkedSet.java","id":"sourceFile"}
{"fileName":"ItemStackLinkedSet.java","id":"sourceFile"}
{"fileName":"ItemUtils.java","id":"sourceFile"}
{"fileName":"Items.java","id":"sourceFile"}
{"fileName":"KnowledgeBookItem.java","id":"sourceFile"}
{"fileName":"LeadItem.java","id":"sourceFile"}
{"fileName":"LingeringPotionItem.java","id":"sourceFile"}
{"fileName":"MapItem.java","id":"sourceFile"}
{"fileName":"MilkBucketItem.java","id":"sourceFile"}
{"fileName":"MinecartItem.java","id":"sourceFile"}
{"fileName":"MinecartItem.java","id":"sourceFile"}
{"fileName":"MobBucketItem.java","id":"sourceFile"}
{"fileName":"NameTagItem.java","id":"sourceFile"}
{"fileName":"PickaxeItem.java","id":"sourceFile"}
{"fileName":"PlaceOnWaterBlockItem.java","id":"sourceFile"}
{"fileName":"PlayerHeadItem.java","id":"sourceFile"}
{"fileName":"PotionItem.java","id":"sourceFile"}
{"fileName":"ProjectileWeaponItem.java","id":"sourceFile"}
{"fileName":"Rarity.java","id":"sourceFile"}
{"fileName":"RecordItem.java","id":"sourceFile"}
{"fileName":"SaddleItem.java","id":"sourceFile"}
{"fileName":"ScaffoldingBlockItem.java","id":"sourceFile"}
{"fileName":"ServerItemCooldowns.java","id":"sourceFile"}
{"fileName":"ShearsItem.java","id":"sourceFile"}
{"fileName":"ShieldItem.java","id":"sourceFile"}
{"fileName":"ShovelItem.java","id":"sourceFile"}
{"fileName":"SignApplicator.java","id":"sourceFile"}
{"fileName":"SignItem.java","id":"sourceFile"}
{"fileName":"SimpleFoiledItem.java","id":"sourceFile"}
{"fileName":"SmithingTemplateItem.java","id":"sourceFile"}
{"fileName":"SnowballItem.java","id":"sourceFile"}
{"fileName":"SolidBucketItem.java","id":"sourceFile"}
{"fileName":"SpawnEggItem.java","id":"sourceFile"}
{"fileName":"SpectralArrowItem.java","id":"sourceFile"}
{"fileName":"SplashPotionItem.java","id":"sourceFile"}
{"fileName":"SpyglassItem.java","id":"sourceFile"}
{"fileName":"StandingAndWallBlockItem.java","id":"sourceFile"}
{"fileName":"SuspiciousStewItem.java","id":"sourceFile"}
{"fileName":"SwordItem.java","id":"sourceFile"}
{"fileName":"ThrowablePotionItem.java","id":"sourceFile"}
{"fileName":"Tier.java","id":"sourceFile"}
{"fileName":"TieredItem.java","id":"sourceFile"}
{"fileName":"Tiers.java","id":"sourceFile"}
{"fileName":"TippedArrowItem.java","id":"sourceFile"}
{"fileName":"TooltipFlag.java","id":"sourceFile"}
{"fileName":"TooltipFlag.java","id":"sourceFile"}
{"fileName":"TridentItem.java","id":"sourceFile"}
{"fileName":"UseAnim.java","id":"sourceFile"}
{"fileName":"Vanishable.java","id":"sourceFile"}
{"fileName":"WritableBookItem.java","id":"sourceFile"}
{"fileName":"WrittenBookItem.java","id":"sourceFile"}
{"fileName":"Potion.java","id":"sourceFile"}
{"fileName":"PotionBrewing.java","id":"sourceFile"}
{"fileName":"PotionBrewing.java","id":"sourceFile"}
{"fileName":"PotionUtils.java","id":"sourceFile"}
{"fileName":"Potions.java","id":"sourceFile"}
{"fileName":"package-info.java","id":"sourceFile"}
{"fileName":"ArmorTrim.java","id":"sourceFile"}
{"fileName":"TrimMaterial.java","id":"sourceFile"}
{"fileName":"TrimMaterials.java","id":"sourceFile"}
{"fileName":"TrimPattern.java","id":"sourceFile"}
{"fileName":"TrimPatterns.java","id":"sourceFile"}
{"fileName":"package-info.java","id":"sourceFile"}
{"fileName":"BlockPlaceContext.java","id":"sourceFile"}
{"fileName":"DirectionalPlaceContext.java","id":"sourceFile"}
{"fileName":"DirectionalPlaceContext.java","id":"sourceFile"}
{"fileName":"UseOnContext.java","id":"sourceFile"}
{"fileName":"package-info.java","id":"sourceFile"}
{"fileName":"AbstractCookingRecipe.java","id":"sourceFile"}
{"fileName":"AbstractCookingRecipe.java","id":"sourceFile"}
{"fileName":"ArmorDyeRecipe.java","id":"sourceFile"}
{"fileName":"BannerDuplicateRecipe.java","id":"sourceFile"}
{"fileName":"BlastingRecipe.java","id":"sourceFile"}
{"fileName":"BookCloningRecipe.java","id":"sourceFile"}
{"fileName":"CampfireCookingRecipe.java","id":"sourceFile"}
{"fileName":"CookingBookCategory.java","id":"sourceFile"}
{"fileName":"CraftingBookCategory.java","id":"sourceFile"}
{"fileName":"CraftingRecipe.java","id":"sourceFile"}
{"fileName":"CustomRecipe.java","id":"sourceFile"}
{"fileName":"DecoratedPotRecipe.java","id":"sourceFile"}
{"fileName":"FireworkRocketRecipe.java","id":"sourceFile"}
{"fileName":"FireworkStarFadeRecipe.java","id":"sourceFile"}
{"fileName":"FireworkStarRecipe.java","id":"sourceFile"}
{"fileName":"Ingredient.java","id":"sourceFile"}
{"fileName":"Ingredient.java","id":"sourceFile"}
{"fileName":"Ingredient.java","id":"sourceFile"}
{"fileName":"Ingredient.java","id":"sourceFile"}
{"fileName":"MapCloningRecipe.java","id":"sourceFile"}
{"fileName":"MapExtendingRecipe.java","id":"sourceFile"}
{"fileName":"Recipe.java","id":"sourceFile"}
{"fileName":"RecipeCache.java","id":"sourceFile"}
{"fileName":"RecipeCache.java","id":"sourceFile"}
{"fileName":"RecipeHolder.java","id":"sourceFile"}
{"fileName":"RecipeManager.java","id":"sourceFile"}
{"fileName":"RecipeManager.java","id":"sourceFile"}
{"fileName":"RecipeManager.java","id":"sourceFile"}
{"fileName":"RecipeSerializer.java","id":"sourceFile"}
{"fileName":"RecipeType.java","id":"sourceFile"}
{"fileName":"RecipeType.java","id":"sourceFile"}
{"fileName":"RepairItemRecipe.java","id":"sourceFile"}
{"fileName":"ShapedRecipe.java","id":"sourceFile"}
{"fileName":"ShapedRecipe.java","id":"sourceFile"}
{"fileName":"ShapedRecipePattern.java","id":"sourceFile"}
{"fileName":"ShapedRecipePattern.java","id":"sourceFile"}
{"fileName":"ShapelessRecipe.java","id":"sourceFile"}
{"fileName":"ShapelessRecipe.java","id":"sourceFile"}
{"fileName":"ShieldDecorationRecipe.java","id":"sourceFile"}
{"fileName":"ShulkerBoxColoring.java","id":"sourceFile"}
{"fileName":"SimpleCookingSerializer.java","id":"sourceFile"}
{"fileName":"SimpleCraftingRecipeSerializer.java","id":"sourceFile"}
{"fileName":"SimpleCraftingRecipeSerializer.java","id":"sourceFile"}
{"fileName":"SingleItemRecipe.java","id":"sourceFile"}
{"fileName":"SingleItemRecipe.java","id":"sourceFile"}
{"fileName":"SingleItemRecipe.java","id":"sourceFile"}
{"fileName":"SmeltingRecipe.java","id":"sourceFile"}
{"fileName":"SmithingRecipe.java","id":"sourceFile"}
{"fileName":"SmithingTransformRecipe.java","id":"sourceFile"}
{"fileName":"SmithingTransformRecipe.java","id":"sourceFile"}
{"fileName":"SmithingTrimRecipe.java","id":"sourceFile"}
{"fileName":"SmithingTrimRecipe.java","id":"sourceFile"}
{"fileName":"SmokingRecipe.java","id":"sourceFile"}
{"fileName":"StonecutterRecipe.java","id":"sourceFile"}
{"fileName":"SuspiciousStewRecipe.java","id":"sourceFile"}
{"fileName":"TippedArrowRecipe.java","id":"sourceFile"}
{"fileName":"package-info.java","id":"sourceFile"}
{"fileName":"ArrowDamageEnchantment.java","id":"sourceFile"}
{"fileName":"ArrowFireEnchantment.java","id":"sourceFile"}
{"fileName":"ArrowInfiniteEnchantment.java","id":"sourceFile"}
{"fileName":"ArrowKnockbackEnchantment.java","id":"sourceFile"}
{"fileName":"ArrowPiercingEnchantment.java","id":"sourceFile"}
{"fileName":"BindingCurseEnchantment.java","id":"sourceFile"}
{"fileName":"DamageEnchantment.java","id":"sourceFile"}
{"fileName":"DigDurabilityEnchantment.java","id":"sourceFile"}
{"fileName":"DiggingEnchantment.java","id":"sourceFile"}
{"fileName":"Enchantment.java","id":"sourceFile"}
{"fileName":"Enchantment.java","id":"sourceFile"}
{"fileName":"EnchantmentCategory.java","id":"sourceFile"}
{"fileName":"EnchantmentCategory.java","id":"sourceFile"}
{"fileName":"EnchantmentCategory.java","id":"sourceFile"}
{"fileName":"EnchantmentCategory.java","id":"sourceFile"}
{"fileName":"EnchantmentCategory.java","id":"sourceFile"}
{"fileName":"EnchantmentCategory.java","id":"sourceFile"}
{"fileName":"EnchantmentCategory.java","id":"sourceFile"}
{"fileName":"EnchantmentCategory.java","id":"sourceFile"}
{"fileName":"EnchantmentCategory.java","id":"sourceFile"}
{"fileName":"EnchantmentCategory.java","id":"sourceFile"}
{"fileName":"EnchantmentCategory.java","id":"sourceFile"}
{"fileName":"EnchantmentCategory.java","id":"sourceFile"}
{"fileName":"EnchantmentCategory.java","id":"sourceFile"}
{"fileName":"EnchantmentCategory.java","id":"sourceFile"}
{"fileName":"EnchantmentCategory.java","id":"sourceFile"}
{"fileName":"EnchantmentHelper.java","id":"sourceFile"}
{"fileName":"EnchantmentHelper.java","id":"sourceFile"}
{"fileName":"EnchantmentInstance.java","id":"sourceFile"}
{"fileName":"Enchantments.java","id":"sourceFile"}
{"fileName":"FireAspectEnchantment.java","id":"sourceFile"}
{"fileName":"FishingSpeedEnchantment.java","id":"sourceFile"}
{"fileName":"FrostWalkerEnchantment.java","id":"sourceFile"}
{"fileName":"KnockbackEnchantment.java","id":"sourceFile"}
{"fileName":"LootBonusEnchantment.java","id":"sourceFile"}
{"fileName":"MendingEnchantment.java","id":"sourceFile"}
{"fileName":"MultiShotEnchantment.java","id":"sourceFile"}
{"fileName":"OxygenEnchantment.java","id":"sourceFile"}
{"fileName":"ProtectionEnchantment.java","id":"sourceFile"}
{"fileName":"ProtectionEnchantment.java","id":"sourceFile"}
{"fileName":"QuickChargeEnchantment.java","id":"sourceFile"}
{"fileName":"SoulSpeedEnchantment.java","id":"sourceFile"}
{"fileName":"SweepingEdgeEnchantment.java","id":"sourceFile"}
{"fileName":"SwiftSneakEnchantment.java","id":"sourceFile"}
{"fileName":"ThornsEnchantment.java","id":"sourceFile"}
{"fileName":"TridentChannelingEnchantment.java","id":"sourceFile"}
{"fileName":"TridentImpalerEnchantment.java","id":"sourceFile"}
{"fileName":"TridentLoyaltyEnchantment.java","id":"sourceFile"}
{"fileName":"TridentRiptideEnchantment.java","id":"sourceFile"}
{"fileName":"UntouchingEnchantment.java","id":"sourceFile"}
{"fileName":"VanishingCurseEnchantment.java","id":"sourceFile"}
{"fileName":"WaterWalkerEnchantment.java","id":"sourceFile"}
{"fileName":"WaterWorkerEnchantment.java","id":"sourceFile"}
{"fileName":"package-info.java","id":"sourceFile"}
{"fileName":"package-info.java","id":"sourceFile"}
{"fileName":"Merchant.java","id":"sourceFile"}
{"fileName":"MerchantOffer.java","id":"sourceFile"}
{"fileName":"MerchantOffers.java","id":"sourceFile"}
{"fileName":"package-info.java","id":"sourceFile"}
{"fileName":"BaseCommandBlock.java","id":"sourceFile"}
{"fileName":"BaseSpawner.java","id":"sourceFile"}
{"fileName":"BlockAndTintGetter.java","id":"sourceFile"}
{"fileName":"BlockCollisions.java","id":"sourceFile"}
{"fileName":"BlockEventData.java","id":"sourceFile"}
{"fileName":"BlockGetter.java","id":"sourceFile"}
{"fileName":"ChunkPos.java","id":"sourceFile"}
{"fileName":"ChunkPos.java","id":"sourceFile"}
{"fileName":"ClipBlockStateContext.java","id":"sourceFile"}
{"fileName":"ClipContext.java","id":"sourceFile"}
{"fileName":"ClipContext.java","id":"sourceFile"}
{"fileName":"ClipContext.java","id":"sourceFile"}
{"fileName":"ClipContext.java","id":"sourceFile"}
{"fileName":"CollisionGetter.java","id":"sourceFile"}
{"fileName":"ColorResolver.java","id":"sourceFile"}
{"fileName":"CommonLevelAccessor.java","id":"sourceFile"}
{"fileName":"CustomSpawner.java","id":"sourceFile"}
{"fileName":"DataPackConfig.java","id":"sourceFile"}
{"fileName":"EmptyBlockGetter.java","id":"sourceFile"}
{"fileName":"EntityBasedExplosionDamageCalculator.java","id":"sourceFile"}
{"fileName":"EntityGetter.java","id":"sourceFile"}
{"fileName":"Explosion.java","id":"sourceFile"}
{"fileName":"Explosion.java","id":"sourceFile"}
{"fileName":"ExplosionDamageCalculator.java","id":"sourceFile"}
{"fileName":"FoliageColor.java","id":"sourceFile"}
{"fileName":"ForcedChunksSavedData.java","id":"sourceFile"}
{"fileName":"GameRules.java","id":"sourceFile"}
{"fileName":"GameRules.java","id":"sourceFile"}
{"fileName":"GameRules.java","id":"sourceFile"}
{"fileName":"GameRules.java","id":"sourceFile"}
{"fileName":"GameRules.java","id":"sourceFile"}
{"fileName":"GameRules.java","id":"sourceFile"}
{"fileName":"GameRules.java","id":"sourceFile"}
{"fileName":"GameRules.java","id":"sourceFile"}
{"fileName":"GameRules.java","id":"sourceFile"}
{"fileName":"GameType.java","id":"sourceFile"}
{"fileName":"GrassColor.java","id":"sourceFile"}
{"fileName":"ItemLike.java","id":"sourceFile"}
{"fileName":"Level.java","id":"sourceFile"}
{"fileName":"Level.java","id":"sourceFile"}
{"fileName":"Level.java","id":"sourceFile"}
{"fileName":"Level.java","id":"sourceFile"}
{"fileName":"LevelAccessor.java","id":"sourceFile"}
{"fileName":"LevelHeightAccessor.java","id":"sourceFile"}
{"fileName":"LevelHeightAccessor.java","id":"sourceFile"}
{"fileName":"LevelReader.java","id":"sourceFile"}
{"fileName":"LevelSettings.java","id":"sourceFile"}
{"fileName":"LevelSimulatedRW.java","id":"sourceFile"}
{"fileName":"LevelSimulatedReader.java","id":"sourceFile"}
{"fileName":"LevelTimeAccess.java","id":"sourceFile"}
{"fileName":"LevelWriter.java","id":"sourceFile"}
{"fileName":"LightLayer.java","id":"sourceFile"}
{"fileName":"LocalMobCapCalculator.java","id":"sourceFile"}
{"fileName":"LocalMobCapCalculator.java","id":"sourceFile"}
{"fileName":"NaturalSpawner.java","id":"sourceFile"}
{"fileName":"NaturalSpawner.java","id":"sourceFile"}
{"fileName":"NaturalSpawner.java","id":"sourceFile"}
{"fileName":"NaturalSpawner.java","id":"sourceFile"}
{"fileName":"NaturalSpawner.java","id":"sourceFile"}
{"fileName":"NaturalSpawner.java","id":"sourceFile"}
{"fileName":"NoiseColumn.java","id":"sourceFile"}
{"fileName":"PathNavigationRegion.java","id":"sourceFile"}
{"fileName":"PotentialCalculator.java","id":"sourceFile"}
{"fileName":"PotentialCalculator.java","id":"sourceFile"}
{"fileName":"ServerLevelAccessor.java","id":"sourceFile"}
{"fileName":"SignalGetter.java","id":"sourceFile"}
{"fileName":"SpawnData.java","id":"sourceFile"}
{"fileName":"SpawnData.java","id":"sourceFile"}
{"fileName":"Spawner.java","id":"sourceFile"}
{"fileName":"StructureManager.java","id":"sourceFile"}
{"fileName":"WorldDataConfiguration.java","id":"sourceFile"}
{"fileName":"WorldGenLevel.java","id":"sourceFile"}
{"fileName":"AmbientAdditionsSettings.java","id":"sourceFile"}
{"fileName":"AmbientMoodSettings.java","id":"sourceFile"}
{"fileName":"AmbientParticleSettings.java","id":"sourceFile"}
{"fileName":"Biome.java","id":"sourceFile"}
{"fileName":"Biome.java","id":"sourceFile"}
{"fileName":"Biome.java","id":"sourceFile"}
{"fileName":"Biome.java","id":"sourceFile"}
{"fileName":"Biome.java","id":"sourceFile"}
{"fileName":"Biome.java","id":"sourceFile"}
{"fileName":"Biome.java","id":"sourceFile"}
{"fileName":"Biome.java","id":"sourceFile"}
{"fileName":"BiomeGenerationSettings.java","id":"sourceFile"}
{"fileName":"BiomeGenerationSettings.java","id":"sourceFile"}
{"fileName":"BiomeGenerationSettings.java","id":"sourceFile"}
{"fileName":"BiomeManager.java","id":"sourceFile"}
{"fileName":"BiomeManager.java","id":"sourceFile"}
{"fileName":"BiomeResolver.java","id":"sourceFile"}
{"fileName":"BiomeSource.java","id":"sourceFile"}
{"fileName":"BiomeSources.java","id":"sourceFile"}
{"fileName":"BiomeSpecialEffects.java","id":"sourceFile"}
{"fileName":"BiomeSpecialEffects.java","id":"sourceFile"}
{"fileName":"BiomeSpecialEffects.java","id":"sourceFile"}
{"fileName":"BiomeSpecialEffects.java","id":"sourceFile"}
{"fileName":"BiomeSpecialEffects.java","id":"sourceFile"}
{"fileName":"BiomeSpecialEffects.java","id":"sourceFile"}
{"fileName":"Biomes.java","id":"sourceFile"}
{"fileName":"CheckerboardColumnBiomeSource.java","id":"sourceFile"}
{"fileName":"Climate.java","id":"sourceFile"}
{"fileName":"Climate.java","id":"sourceFile"}
{"fileName":"Climate.java","id":"sourceFile"}
{"fileName":"Climate.java","id":"sourceFile"}
{"fileName":"Climate.java","id":"sourceFile"}
{"fileName":"Climate.java","id":"sourceFile"}
{"fileName":"Climate.java","id":"sourceFile"}
{"fileName":"Climate.java","id":"sourceFile"}
{"fileName":"Climate.java","id":"sourceFile"}
{"fileName":"Climate.java","id":"sourceFile"}
{"fileName":"Climate.java","id":"sourceFile"}
{"fileName":"Climate.java","id":"sourceFile"}
{"fileName":"Climate.java","id":"sourceFile"}
{"fileName":"FeatureSorter.java","id":"sourceFile"}
{"fileName":"FeatureSorter.java","id":"sourceFile"}
{"fileName":"FeatureSorter.java","id":"sourceFile"}
{"fileName":"FixedBiomeSource.java","id":"sourceFile"}
{"fileName":"MobSpawnSettings.java","id":"sourceFile"}
{"fileName":"MobSpawnSettings.java","id":"sourceFile"}
{"fileName":"MobSpawnSettings.java","id":"sourceFile"}
{"fileName":"MobSpawnSettings.java","id":"sourceFile"}
{"fileName":"MultiNoiseBiomeSource.java","id":"sourceFile"}
{"fileName":"MultiNoiseBiomeSourceParameterList.java","id":"sourceFile"}
{"fileName":"MultiNoiseBiomeSourceParameterList.java","id":"sourceFile"}
{"fileName":"MultiNoiseBiomeSourceParameterList.java","id":"sourceFile"}
{"fileName":"MultiNoiseBiomeSourceParameterList.java","id":"sourceFile"}
{"fileName":"MultiNoiseBiomeSourceParameterList.java","id":"sourceFile"}
{"fileName":"MultiNoiseBiomeSourceParameterLists.java","id":"sourceFile"}
{"fileName":"OverworldBiomeBuilder.java","id":"sourceFile"}
{"fileName":"TheEndBiomeSource.java","id":"sourceFile"}
{"fileName":"package-info.java","id":"sourceFile"}
{"fileName":"AbstractBannerBlock.java","id":"sourceFile"}
{"fileName":"AbstractCandleBlock.java","id":"sourceFile"}
{"fileName":"AbstractCauldronBlock.java","id":"sourceFile"}
{"fileName":"AbstractChestBlock.java","id":"sourceFile"}
{"fileName":"AbstractFurnaceBlock.java","id":"sourceFile"}
{"fileName":"AbstractSkullBlock.java","id":"sourceFile"}
{"fileName":"AirBlock.java","id":"sourceFile"}
{"fileName":"AmethystBlock.java","id":"sourceFile"}
{"fileName":"AmethystClusterBlock.java","id":"sourceFile"}
{"fileName":"AmethystClusterBlock.java","id":"sourceFile"}
{"fileName":"AnvilBlock.java","id":"sourceFile"}
{"fileName":"AttachedStemBlock.java","id":"sourceFile"}
{"fileName":"AzaleaBlock.java","id":"sourceFile"}
{"fileName":"BambooSaplingBlock.java","id":"sourceFile"}
{"fileName":"BambooStalkBlock.java","id":"sourceFile"}
{"fileName":"BannerBlock.java","id":"sourceFile"}
{"fileName":"BarrelBlock.java","id":"sourceFile"}
{"fileName":"BarrierBlock.java","id":"sourceFile"}
{"fileName":"BaseCoralFanBlock.java","id":"sourceFile"}
{"fileName":"BaseCoralPlantBlock.java","id":"sourceFile"}
{"fileName":"BaseCoralPlantTypeBlock.java","id":"sourceFile"}
{"fileName":"BaseCoralWallFanBlock.java","id":"sourceFile"}
{"fileName":"BaseEntityBlock.java","id":"sourceFile"}
{"fileName":"BaseFireBlock.java","id":"sourceFile"}
{"fileName":"BasePressurePlateBlock.java","id":"sourceFile"}
{"fileName":"BaseRailBlock.java","id":"sourceFile"}
{"fileName":"BaseRailBlock.java","id":"sourceFile"}
{"fileName":"BaseTorchBlock.java","id":"sourceFile"}
{"fileName":"BeaconBeamBlock.java","id":"sourceFile"}
{"fileName":"BeaconBlock.java","id":"sourceFile"}
{"fileName":"BedBlock.java","id":"sourceFile"}
{"fileName":"BedBlock.java","id":"sourceFile"}
{"fileName":"BeehiveBlock.java","id":"sourceFile"}
{"fileName":"BeetrootBlock.java","id":"sourceFile"}
{"fileName":"BellBlock.java","id":"sourceFile"}
{"fileName":"BellBlock.java","id":"sourceFile"}
{"fileName":"BigDripleafBlock.java","id":"sourceFile"}
{"fileName":"BigDripleafStemBlock.java","id":"sourceFile"}
{"fileName":"BigDripleafStemBlock.java","id":"sourceFile"}
{"fileName":"BlastFurnaceBlock.java","id":"sourceFile"}
{"fileName":"Block.java","id":"sourceFile"}
{"fileName":"Block.java","id":"sourceFile"}
{"fileName":"Block.java","id":"sourceFile"}
{"fileName":"Block.java","id":"sourceFile"}
{"fileName":"BlockTypes.java","id":"sourceFile"}
{"fileName":"Blocks.java","id":"sourceFile"}
{"fileName":"BonemealableBlock.java","id":"sourceFile"}
{"fileName":"BrewingStandBlock.java","id":"sourceFile"}
{"fileName":"BrushableBlock.java","id":"sourceFile"}
{"fileName":"BubbleColumnBlock.java","id":"sourceFile"}
{"fileName":"BucketPickup.java","id":"sourceFile"}
{"fileName":"BuddingAmethystBlock.java","id":"sourceFile"}
{"fileName":"BushBlock.java","id":"sourceFile"}
{"fileName":"ButtonBlock.java","id":"sourceFile"}
{"fileName":"ButtonBlock.java","id":"sourceFile"}
{"fileName":"CactusBlock.java","id":"sourceFile"}
{"fileName":"CakeBlock.java","id":"sourceFile"}
{"fileName":"CalibratedSculkSensorBlock.java","id":"sourceFile"}
{"fileName":"CampfireBlock.java","id":"sourceFile"}
{"fileName":"CandleBlock.java","id":"sourceFile"}
{"fileName":"CandleCakeBlock.java","id":"sourceFile"}
{"fileName":"CarpetBlock.java","id":"sourceFile"}
{"fileName":"CarrotBlock.java","id":"sourceFile"}
{"fileName":"CartographyTableBlock.java","id":"sourceFile"}
{"fileName":"CarvedPumpkinBlock.java","id":"sourceFile"}
{"fileName":"CauldronBlock.java","id":"sourceFile"}
{"fileName":"CaveVines.java","id":"sourceFile"}
{"fileName":"CaveVinesBlock.java","id":"sourceFile"}
{"fileName":"CaveVinesPlantBlock.java","id":"sourceFile"}
{"fileName":"CeilingHangingSignBlock.java","id":"sourceFile"}
{"fileName":"ChainBlock.java","id":"sourceFile"}
{"fileName":"ChainBlock.java","id":"sourceFile"}
{"fileName":"ChangeOverTimeBlock.java","id":"sourceFile"}
{"fileName":"CherryLeavesBlock.java","id":"sourceFile"}
{"fileName":"ChestBlock.java","id":"sourceFile"}
{"fileName":"ChestBlock.java","id":"sourceFile"}
{"fileName":"ChestBlock.java","id":"sourceFile"}
{"fileName":"ChestBlock.java","id":"sourceFile"}
{"fileName":"ChestBlock.java","id":"sourceFile"}
{"fileName":"ChestBlock.java","id":"sourceFile"}
{"fileName":"ChiseledBookShelfBlock.java","id":"sourceFile"}
{"fileName":"ChiseledBookShelfBlock.java","id":"sourceFile"}
{"fileName":"ChorusFlowerBlock.java","id":"sourceFile"}
{"fileName":"ChorusPlantBlock.java","id":"sourceFile"}
{"fileName":"CocoaBlock.java","id":"sourceFile"}
{"fileName":"CocoaBlock.java","id":"sourceFile"}
{"fileName":"ColoredFallingBlock.java","id":"sourceFile"}
{"fileName":"CommandBlock.java","id":"sourceFile"}
{"fileName":"ComparatorBlock.java","id":"sourceFile"}
{"fileName":"ComposterBlock.java","id":"sourceFile"}
{"fileName":"ComposterBlock.java","id":"sourceFile"}
{"fileName":"ComposterBlock.java","id":"sourceFile"}
{"fileName":"ComposterBlock.java","id":"sourceFile"}
{"fileName":"ConcretePowderBlock.java","id":"sourceFile"}
{"fileName":"ConduitBlock.java","id":"sourceFile"}
{"fileName":"CopperBulbBlock.java","id":"sourceFile"}
{"fileName":"CoralBlock.java","id":"sourceFile"}
{"fileName":"CoralFanBlock.java","id":"sourceFile"}
{"fileName":"CoralPlantBlock.java","id":"sourceFile"}
{"fileName":"CoralWallFanBlock.java","id":"sourceFile"}
{"fileName":"CrafterBlock.java","id":"sourceFile"}
{"fileName":"CrafterBlock.java","id":"sourceFile"}
{"fileName":"CraftingTableBlock.java","id":"sourceFile"}
{"fileName":"CropBlock.java","id":"sourceFile"}
{"fileName":"CrossCollisionBlock.java","id":"sourceFile"}
{"fileName":"CrossCollisionBlock.java","id":"sourceFile"}
{"fileName":"CryingObsidianBlock.java","id":"sourceFile"}
{"fileName":"DaylightDetectorBlock.java","id":"sourceFile"}
{"fileName":"DeadBushBlock.java","id":"sourceFile"}
{"fileName":"DecoratedPotBlock.java","id":"sourceFile"}
{"fileName":"DetectorRailBlock.java","id":"sourceFile"}
{"fileName":"DetectorRailBlock.java","id":"sourceFile"}
{"fileName":"DiodeBlock.java","id":"sourceFile"}
{"fileName":"DirectionalBlock.java","id":"sourceFile"}
{"fileName":"DirtPathBlock.java","id":"sourceFile"}
{"fileName":"DispenserBlock.java","id":"sourceFile"}
{"fileName":"DoorBlock.java","id":"sourceFile"}
{"fileName":"DoorBlock.java","id":"sourceFile"}
{"fileName":"DoubleBlockCombiner.java","id":"sourceFile"}
{"fileName":"DoubleBlockCombiner.java","id":"sourceFile"}
{"fileName":"DoubleBlockCombiner.java","id":"sourceFile"}
{"fileName":"DoubleBlockCombiner.java","id":"sourceFile"}
{"fileName":"DoubleBlockCombiner.java","id":"sourceFile"}
{"fileName":"DoubleBlockCombiner.java","id":"sourceFile"}
{"fileName":"DoublePlantBlock.java","id":"sourceFile"}
{"fileName":"DragonEggBlock.java","id":"sourceFile"}
{"fileName":"DropExperienceBlock.java","id":"sourceFile"}
{"fileName":"DropperBlock.java","id":"sourceFile"}
{"fileName":"EnchantmentTableBlock.java","id":"sourceFile"}
{"fileName":"EndGatewayBlock.java","id":"sourceFile"}
{"fileName":"EndPortalBlock.java","id":"sourceFile"}
{"fileName":"EndPortalFrameBlock.java","id":"sourceFile"}
{"fileName":"EndRodBlock.java","id":"sourceFile"}
{"fileName":"EnderChestBlock.java","id":"sourceFile"}
{"fileName":"EntityBlock.java","id":"sourceFile"}
{"fileName":"EquipableCarvedPumpkinBlock.java","id":"sourceFile"}
{"fileName":"FaceAttachedHorizontalDirectionalBlock.java","id":"sourceFile"}
{"fileName":"FaceAttachedHorizontalDirectionalBlock.java","id":"sourceFile"}
{"fileName":"Fallable.java","id":"sourceFile"}
{"fileName":"FallingBlock.java","id":"sourceFile"}
{"fileName":"FarmBlock.java","id":"sourceFile"}
{"fileName":"FenceBlock.java","id":"sourceFile"}
{"fileName":"FenceGateBlock.java","id":"sourceFile"}
{"fileName":"FenceGateBlock.java","id":"sourceFile"}
{"fileName":"FireBlock.java","id":"sourceFile"}
{"fileName":"FletchingTableBlock.java","id":"sourceFile"}
{"fileName":"FlowerBlock.java","id":"sourceFile"}
{"fileName":"FlowerPotBlock.java","id":"sourceFile"}
{"fileName":"FrogspawnBlock.java","id":"sourceFile"}
{"fileName":"FrostedIceBlock.java","id":"sourceFile"}
{"fileName":"FungusBlock.java","id":"sourceFile"}
{"fileName":"FurnaceBlock.java","id":"sourceFile"}
{"fileName":"GameMasterBlock.java","id":"sourceFile"}
{"fileName":"GlazedTerracottaBlock.java","id":"sourceFile"}
{"fileName":"GlowLichenBlock.java","id":"sourceFile"}
{"fileName":"GrassBlock.java","id":"sourceFile"}
{"fileName":"GrindstoneBlock.java","id":"sourceFile"}
{"fileName":"GrindstoneBlock.java","id":"sourceFile"}
{"fileName":"GrowingPlantBlock.java","id":"sourceFile"}
{"fileName":"GrowingPlantBodyBlock.java","id":"sourceFile"}
{"fileName":"GrowingPlantHeadBlock.java","id":"sourceFile"}
{"fileName":"HalfTransparentBlock.java","id":"sourceFile"}
{"fileName":"HangingRootsBlock.java","id":"sourceFile"}
{"fileName":"HayBlock.java","id":"sourceFile"}
{"fileName":"HoneyBlock.java","id":"sourceFile"}
{"fileName":"HopperBlock.java","id":"sourceFile"}
{"fileName":"HopperBlock.java","id":"sourceFile"}
{"fileName":"HorizontalDirectionalBlock.java","id":"sourceFile"}
{"fileName":"HugeMushroomBlock.java","id":"sourceFile"}
{"fileName":"IceBlock.java","id":"sourceFile"}
{"fileName":"InfestedBlock.java","id":"sourceFile"}
{"fileName":"InfestedRotatedPillarBlock.java","id":"sourceFile"}
{"fileName":"IronBarsBlock.java","id":"sourceFile"}
{"fileName":"JigsawBlock.java","id":"sourceFile"}
{"fileName":"JukeboxBlock.java","id":"sourceFile"}
{"fileName":"KelpBlock.java","id":"sourceFile"}
{"fileName":"KelpPlantBlock.java","id":"sourceFile"}
{"fileName":"LadderBlock.java","id":"sourceFile"}
{"fileName":"LadderBlock.java","id":"sourceFile"}
{"fileName":"LanternBlock.java","id":"sourceFile"}
{"fileName":"LavaCauldronBlock.java","id":"sourceFile"}
{"fileName":"LayeredCauldronBlock.java","id":"sourceFile"}
{"fileName":"LeavesBlock.java","id":"sourceFile"}
{"fileName":"LecternBlock.java","id":"sourceFile"}
{"fileName":"LecternBlock.java","id":"sourceFile"}
{"fileName":"LevelEvent.java","id":"sourceFile"}
{"fileName":"LeverBlock.java","id":"sourceFile"}
{"fileName":"LeverBlock.java","id":"sourceFile"}
{"fileName":"LightBlock.java","id":"sourceFile"}
{"fileName":"LightningRodBlock.java","id":"sourceFile"}
{"fileName":"LiquidBlock.java","id":"sourceFile"}
{"fileName":"LiquidBlockContainer.java","id":"sourceFile"}
{"fileName":"LoomBlock.java","id":"sourceFile"}
{"fileName":"MagmaBlock.java","id":"sourceFile"}
{"fileName":"MangroveLeavesBlock.java","id":"sourceFile"}
{"fileName":"MangrovePropaguleBlock.java","id":"sourceFile"}
{"fileName":"MangroveRootsBlock.java","id":"sourceFile"}
{"fileName":"Mirror.java","id":"sourceFile"}
{"fileName":"Mirror.java","id":"sourceFile"}
{"fileName":"MossBlock.java","id":"sourceFile"}
{"fileName":"MudBlock.java","id":"sourceFile"}
{"fileName":"MultifaceBlock.java","id":"sourceFile"}
{"fileName":"MultifaceSpreader.java","id":"sourceFile"}
{"fileName":"MultifaceSpreader.java","id":"sourceFile"}
{"fileName":"MultifaceSpreader.java","id":"sourceFile"}
{"fileName":"MultifaceSpreader.java","id":"sourceFile"}
{"fileName":"MultifaceSpreader.java","id":"sourceFile"}
{"fileName":"MultifaceSpreader.java","id":"sourceFile"}
{"fileName":"MultifaceSpreader.java","id":"sourceFile"}
{"fileName":"MultifaceSpreader.java","id":"sourceFile"}
{"fileName":"MultifaceSpreader.java","id":"sourceFile"}
{"fileName":"MushroomBlock.java","id":"sourceFile"}
{"fileName":"MyceliumBlock.java","id":"sourceFile"}
{"fileName":"NetherPortalBlock.java","id":"sourceFile"}
{"fileName":"NetherPortalBlock.java","id":"sourceFile"}
{"fileName":"NetherSproutsBlock.java","id":"sourceFile"}
{"fileName":"NetherVines.java","id":"sourceFile"}
{"fileName":"NetherWartBlock.java","id":"sourceFile"}
{"fileName":"NetherrackBlock.java","id":"sourceFile"}
{"fileName":"NoteBlock.java","id":"sourceFile"}
{"fileName":"NyliumBlock.java","id":"sourceFile"}
{"fileName":"ObserverBlock.java","id":"sourceFile"}
{"fileName":"PiglinWallSkullBlock.java","id":"sourceFile"}
{"fileName":"PinkPetalsBlock.java","id":"sourceFile"}
{"fileName":"PipeBlock.java","id":"sourceFile"}
{"fileName":"PitcherCropBlock.java","id":"sourceFile"}
{"fileName":"PitcherCropBlock.java","id":"sourceFile"}
{"fileName":"PlayerHeadBlock.java","id":"sourceFile"}
{"fileName":"PlayerWallHeadBlock.java","id":"sourceFile"}
{"fileName":"PointedDripstoneBlock.java","id":"sourceFile"}
{"fileName":"PointedDripstoneBlock.java","id":"sourceFile"}
{"fileName":"PotatoBlock.java","id":"sourceFile"}
{"fileName":"PowderSnowBlock.java","id":"sourceFile"}
{"fileName":"PoweredBlock.java","id":"sourceFile"}
{"fileName":"PoweredRailBlock.java","id":"sourceFile"}
{"fileName":"PoweredRailBlock.java","id":"sourceFile"}
{"fileName":"PressurePlateBlock.java","id":"sourceFile"}
{"fileName":"PressurePlateBlock.java","id":"sourceFile"}
{"fileName":"PumpkinBlock.java","id":"sourceFile"}
{"fileName":"RailBlock.java","id":"sourceFile"}
{"fileName":"RailBlock.java","id":"sourceFile"}
{"fileName":"RailState.java","id":"sourceFile"}
{"fileName":"RailState.java","id":"sourceFile"}
{"fileName":"RedStoneOreBlock.java","id":"sourceFile"}
{"fileName":"RedStoneWireBlock.java","id":"sourceFile"}
{"fileName":"RedStoneWireBlock.java","id":"sourceFile"}
{"fileName":"RedstoneLampBlock.java","id":"sourceFile"}
{"fileName":"RedstoneTorchBlock.java","id":"sourceFile"}
{"fileName":"RedstoneTorchBlock.java","id":"sourceFile"}
{"fileName":"RedstoneWallTorchBlock.java","id":"sourceFile"}
{"fileName":"RenderShape.java","id":"sourceFile"}
{"fileName":"RepeaterBlock.java","id":"sourceFile"}
{"fileName":"RespawnAnchorBlock.java","id":"sourceFile"}
{"fileName":"RespawnAnchorBlock.java","id":"sourceFile"}
{"fileName":"RodBlock.java","id":"sourceFile"}
{"fileName":"RodBlock.java","id":"sourceFile"}
{"fileName":"RootedDirtBlock.java","id":"sourceFile"}
{"fileName":"RootsBlock.java","id":"sourceFile"}
{"fileName":"RotatedPillarBlock.java","id":"sourceFile"}
{"fileName":"RotatedPillarBlock.java","id":"sourceFile"}
{"fileName":"Rotation.java","id":"sourceFile"}
{"fileName":"Rotation.java","id":"sourceFile"}
{"fileName":"SaplingBlock.java","id":"sourceFile"}
{"fileName":"ScaffoldingBlock.java","id":"sourceFile"}
{"fileName":"SculkBehaviour.java","id":"sourceFile"}
{"fileName":"SculkBehaviour.java","id":"sourceFile"}
{"fileName":"SculkBlock.java","id":"sourceFile"}
{"fileName":"SculkCatalystBlock.java","id":"sourceFile"}
{"fileName":"SculkSensorBlock.java","id":"sourceFile"}
{"fileName":"SculkShriekerBlock.java","id":"sourceFile"}
{"fileName":"SculkSpreader.java","id":"sourceFile"}
{"fileName":"SculkSpreader.java","id":"sourceFile"}
{"fileName":"SculkVeinBlock.java","id":"sourceFile"}
{"fileName":"SculkVeinBlock.java","id":"sourceFile"}
{"fileName":"SeaPickleBlock.java","id":"sourceFile"}
{"fileName":"SeagrassBlock.java","id":"sourceFile"}
{"fileName":"ShulkerBoxBlock.java","id":"sourceFile"}
{"fileName":"ShulkerBoxBlock.java","id":"sourceFile"}
{"fileName":"SignBlock.java","id":"sourceFile"}
{"fileName":"SimpleWaterloggedBlock.java","id":"sourceFile"}
{"fileName":"SkullBlock.java","id":"sourceFile"}
{"fileName":"SkullBlock.java","id":"sourceFile"}
{"fileName":"SkullBlock.java","id":"sourceFile"}
{"fileName":"SlabBlock.java","id":"sourceFile"}
{"fileName":"SlabBlock.java","id":"sourceFile"}
{"fileName":"SlimeBlock.java","id":"sourceFile"}
{"fileName":"SmallDripleafBlock.java","id":"sourceFile"}
{"fileName":"SmithingTableBlock.java","id":"sourceFile"}
{"fileName":"SmokerBlock.java","id":"sourceFile"}
{"fileName":"SnifferEggBlock.java","id":"sourceFile"}
{"fileName":"SnowLayerBlock.java","id":"sourceFile"}
{"fileName":"SnowLayerBlock.java","id":"sourceFile"}
{"fileName":"SnowyDirtBlock.java","id":"sourceFile"}
{"fileName":"SoulFireBlock.java","id":"sourceFile"}
{"fileName":"SoulSandBlock.java","id":"sourceFile"}
{"fileName":"SoundType.java","id":"sourceFile"}
{"fileName":"SpawnerBlock.java","id":"sourceFile"}
{"fileName":"SpongeBlock.java","id":"sourceFile"}
{"fileName":"SporeBlossomBlock.java","id":"sourceFile"}
{"fileName":"SpreadingSnowyDirtBlock.java","id":"sourceFile"}
{"fileName":"StainedGlassBlock.java","id":"sourceFile"}
{"fileName":"StainedGlassPaneBlock.java","id":"sourceFile"}
{"fileName":"StairBlock.java","id":"sourceFile"}
{"fileName":"StairBlock.java","id":"sourceFile"}
{"fileName":"StandingSignBlock.java","id":"sourceFile"}
{"fileName":"StemBlock.java","id":"sourceFile"}
{"fileName":"StonecutterBlock.java","id":"sourceFile"}
{"fileName":"StructureBlock.java","id":"sourceFile"}
{"fileName":"StructureBlock.java","id":"sourceFile"}
{"fileName":"StructureVoidBlock.java","id":"sourceFile"}
{"fileName":"SugarCaneBlock.java","id":"sourceFile"}
{"fileName":"SupportType.java","id":"sourceFile"}
{"fileName":"SupportType.java","id":"sourceFile"}
{"fileName":"SupportType.java","id":"sourceFile"}
{"fileName":"SupportType.java","id":"sourceFile"}
{"fileName":"SuspiciousEffectHolder.java","id":"sourceFile"}
{"fileName":"SuspiciousEffectHolder.java","id":"sourceFile"}
{"fileName":"SweetBerryBushBlock.java","id":"sourceFile"}
{"fileName":"TallFlowerBlock.java","id":"sourceFile"}
{"fileName":"TallGrassBlock.java","id":"sourceFile"}
{"fileName":"TallSeagrassBlock.java","id":"sourceFile"}
{"fileName":"TargetBlock.java","id":"sourceFile"}
{"fileName":"TintedGlassBlock.java","id":"sourceFile"}
{"fileName":"TntBlock.java","id":"sourceFile"}
{"fileName":"TorchBlock.java","id":"sourceFile"}
{"fileName":"TorchflowerCropBlock.java","id":"sourceFile"}
{"fileName":"TransparentBlock.java","id":"sourceFile"}
{"fileName":"TrapDoorBlock.java","id":"sourceFile"}
{"fileName":"TrapDoorBlock.java","id":"sourceFile"}
{"fileName":"TrappedChestBlock.java","id":"sourceFile"}
{"fileName":"TrialSpawnerBlock.java","id":"sourceFile"}
{"fileName":"TripWireBlock.java","id":"sourceFile"}
{"fileName":"TripWireBlock.java","id":"sourceFile"}
{"fileName":"TripWireHookBlock.java","id":"sourceFile"}
{"fileName":"TripWireHookBlock.java","id":"sourceFile"}
{"fileName":"TurtleEggBlock.java","id":"sourceFile"}
{"fileName":"TwistingVinesBlock.java","id":"sourceFile"}
{"fileName":"TwistingVinesPlantBlock.java","id":"sourceFile"}
{"fileName":"VineBlock.java","id":"sourceFile"}
{"fileName":"VineBlock.java","id":"sourceFile"}
{"fileName":"WallBannerBlock.java","id":"sourceFile"}
{"fileName":"WallBlock.java","id":"sourceFile"}
{"fileName":"WallBlock.java","id":"sourceFile"}
{"fileName":"WallHangingSignBlock.java","id":"sourceFile"}
{"fileName":"WallHangingSignBlock.java","id":"sourceFile"}
{"fileName":"WallSignBlock.java","id":"sourceFile"}
{"fileName":"WallSkullBlock.java","id":"sourceFile"}
{"fileName":"WallTorchBlock.java","id":"sourceFile"}
{"fileName":"WaterlilyBlock.java","id":"sourceFile"}
{"fileName":"WaterloggedTransparentBlock.java","id":"sourceFile"}
{"fileName":"WeatheringCopper.java","id":"sourceFile"}
{"fileName":"WeatheringCopper.java","id":"sourceFile"}
{"fileName":"WeatheringCopperBulbBlock.java","id":"sourceFile"}
{"fileName":"WeatheringCopperDoorBlock.java","id":"sourceFile"}
{"fileName":"WeatheringCopperFullBlock.java","id":"sourceFile"}
{"fileName":"WeatheringCopperGrateBlock.java","id":"sourceFile"}
{"fileName":"WeatheringCopperSlabBlock.java","id":"sourceFile"}
{"fileName":"WeatheringCopperStairBlock.java","id":"sourceFile"}
{"fileName":"WeatheringCopperTrapDoorBlock.java","id":"sourceFile"}
{"fileName":"WebBlock.java","id":"sourceFile"}
{"fileName":"WeepingVinesBlock.java","id":"sourceFile"}
{"fileName":"WeepingVinesPlantBlock.java","id":"sourceFile"}
{"fileName":"WeightedPressurePlateBlock.java","id":"sourceFile"}
{"fileName":"WetSpongeBlock.java","id":"sourceFile"}
{"fileName":"WitherRoseBlock.java","id":"sourceFile"}
{"fileName":"WitherSkullBlock.java","id":"sourceFile"}
{"fileName":"WitherWallSkullBlock.java","id":"sourceFile"}
{"fileName":"WoolCarpetBlock.java","id":"sourceFile"}
{"fileName":"AbstractFurnaceBlockEntity.java","id":"sourceFile"}
{"fileName":"AbstractFurnaceBlockEntity.java","id":"sourceFile"}
{"fileName":"BannerBlockEntity.java","id":"sourceFile"}
{"fileName":"BannerPattern.java","id":"sourceFile"}
{"fileName":"BannerPattern.java","id":"sourceFile"}
{"fileName":"BannerPatterns.java","id":"sourceFile"}
{"fileName":"BarrelBlockEntity.java","id":"sourceFile"}
{"fileName":"BarrelBlockEntity.java","id":"sourceFile"}
{"fileName":"BaseContainerBlockEntity.java","id":"sourceFile"}
{"fileName":"BeaconBlockEntity.java","id":"sourceFile"}
{"fileName":"BeaconBlockEntity.java","id":"sourceFile"}
{"fileName":"BeaconBlockEntity.java","id":"sourceFile"}
{"fileName":"BedBlockEntity.java","id":"sourceFile"}
{"fileName":"BeehiveBlockEntity.java","id":"sourceFile"}
{"fileName":"BeehiveBlockEntity.java","id":"sourceFile"}
{"fileName":"BeehiveBlockEntity.java","id":"sourceFile"}
{"fileName":"BellBlockEntity.java","id":"sourceFile"}
{"fileName":"BellBlockEntity.java","id":"sourceFile"}
{"fileName":"BlastFurnaceBlockEntity.java","id":"sourceFile"}
{"fileName":"BlockEntity.java","id":"sourceFile"}
{"fileName":"BlockEntityTicker.java","id":"sourceFile"}
{"fileName":"BlockEntityType.java","id":"sourceFile"}
{"fileName":"BlockEntityType.java","id":"sourceFile"}
{"fileName":"BlockEntityType.java","id":"sourceFile"}
{"fileName":"BrewingStandBlockEntity.java","id":"sourceFile"}
{"fileName":"BrewingStandBlockEntity.java","id":"sourceFile"}
{"fileName":"BrushableBlockEntity.java","id":"sourceFile"}
{"fileName":"CalibratedSculkSensorBlockEntity.java","id":"sourceFile"}
{"fileName":"CalibratedSculkSensorBlockEntity.java","id":"sourceFile"}
{"fileName":"CampfireBlockEntity.java","id":"sourceFile"}
{"fileName":"ChestBlockEntity.java","id":"sourceFile"}
{"fileName":"ChestBlockEntity.java","id":"sourceFile"}
{"fileName":"ChestLidController.java","id":"sourceFile"}
{"fileName":"ChiseledBookShelfBlockEntity.java","id":"sourceFile"}
{"fileName":"CommandBlockEntity.java","id":"sourceFile"}
{"fileName":"CommandBlockEntity.java","id":"sourceFile"}
{"fileName":"CommandBlockEntity.java","id":"sourceFile"}
{"fileName":"ComparatorBlockEntity.java","id":"sourceFile"}
{"fileName":"ConduitBlockEntity.java","id":"sourceFile"}
{"fileName":"ContainerOpenersCounter.java","id":"sourceFile"}
{"fileName":"CrafterBlockEntity.java","id":"sourceFile"}
{"fileName":"CrafterBlockEntity.java","id":"sourceFile"}
{"fileName":"DaylightDetectorBlockEntity.java","id":"sourceFile"}
{"fileName":"DecoratedPotBlockEntity.java","id":"sourceFile"}
{"fileName":"DecoratedPotBlockEntity.java","id":"sourceFile"}
{"fileName":"DecoratedPotBlockEntity.java","id":"sourceFile"}
{"fileName":"DecoratedPotPatterns.java","id":"sourceFile"}
{"fileName":"DispenserBlockEntity.java","id":"sourceFile"}
{"fileName":"DropperBlockEntity.java","id":"sourceFile"}
{"fileName":"EnchantmentTableBlockEntity.java","id":"sourceFile"}
{"fileName":"EnderChestBlockEntity.java","id":"sourceFile"}
{"fileName":"EnderChestBlockEntity.java","id":"sourceFile"}
{"fileName":"FurnaceBlockEntity.java","id":"sourceFile"}
{"fileName":"HangingSignBlockEntity.java","id":"sourceFile"}
{"fileName":"Hopper.java","id":"sourceFile"}
{"fileName":"HopperBlockEntity.java","id":"sourceFile"}
{"fileName":"JigsawBlockEntity.java","id":"sourceFile"}
{"fileName":"JigsawBlockEntity.java","id":"sourceFile"}
{"fileName":"JukeboxBlockEntity.java","id":"sourceFile"}
{"fileName":"LecternBlockEntity.java","id":"sourceFile"}
{"fileName":"LecternBlockEntity.java","id":"sourceFile"}
{"fileName":"LecternBlockEntity.java","id":"sourceFile"}
{"fileName":"LidBlockEntity.java","id":"sourceFile"}
{"fileName":"RandomizableContainerBlockEntity.java","id":"sourceFile"}
{"fileName":"SculkCatalystBlockEntity.java","id":"sourceFile"}
{"fileName":"SculkCatalystBlockEntity.java","id":"sourceFile"}
{"fileName":"SculkSensorBlockEntity.java","id":"sourceFile"}
{"fileName":"SculkSensorBlockEntity.java","id":"sourceFile"}
{"fileName":"SculkShriekerBlockEntity.java","id":"sourceFile"}
{"fileName":"SculkShriekerBlockEntity.java","id":"sourceFile"}
{"fileName":"ShulkerBoxBlockEntity.java","id":"sourceFile"}
{"fileName":"ShulkerBoxBlockEntity.java","id":"sourceFile"}
{"fileName":"ShulkerBoxBlockEntity.java","id":"sourceFile"}
{"fileName":"SignBlockEntity.java","id":"sourceFile"}
{"fileName":"SignText.java","id":"sourceFile"}
{"fileName":"SkullBlockEntity.java","id":"sourceFile"}
{"fileName":"SkullBlockEntity.java","id":"sourceFile"}
{"fileName":"SmokerBlockEntity.java","id":"sourceFile"}
{"fileName":"SpawnerBlockEntity.java","id":"sourceFile"}
{"fileName":"SpawnerBlockEntity.java","id":"sourceFile"}
{"fileName":"StructureBlockEntity.java","id":"sourceFile"}
{"fileName":"StructureBlockEntity.java","id":"sourceFile"}
{"fileName":"TheEndGatewayBlockEntity.java","id":"sourceFile"}
{"fileName":"TheEndPortalBlockEntity.java","id":"sourceFile"}
{"fileName":"TickingBlockEntity.java","id":"sourceFile"}
{"fileName":"TrappedChestBlockEntity.java","id":"sourceFile"}
{"fileName":"TrialSpawnerBlockEntity.java","id":"sourceFile"}
{"fileName":"package-info.java","id":"sourceFile"}
{"fileName":"PlayerDetector.java","id":"sourceFile"}
{"fileName":"TrialSpawner.java","id":"sourceFile"}
{"fileName":"TrialSpawner.java","id":"sourceFile"}
{"fileName":"TrialSpawnerConfig.java","id":"sourceFile"}
{"fileName":"TrialSpawnerData.java","id":"sourceFile"}
{"fileName":"TrialSpawnerState.java","id":"sourceFile"}
{"fileName":"TrialSpawnerState.java","id":"sourceFile"}
{"fileName":"TrialSpawnerState.java","id":"sourceFile"}
{"fileName":"TrialSpawnerState.java","id":"sourceFile"}
{"fileName":"TrialSpawnerState.java","id":"sourceFile"}
{"fileName":"package-info.java","id":"sourceFile"}
{"fileName":"TreeGrower.java","id":"sourceFile"}
{"fileName":"package-info.java","id":"sourceFile"}
{"fileName":"package-info.java","id":"sourceFile"}
{"fileName":"MovingPistonBlock.java","id":"sourceFile"}
{"fileName":"PistonBaseBlock.java","id":"sourceFile"}
{"fileName":"PistonBaseBlock.java","id":"sourceFile"}
{"fileName":"PistonHeadBlock.java","id":"sourceFile"}
{"fileName":"PistonHeadBlock.java","id":"sourceFile"}
{"fileName":"PistonMath.java","id":"sourceFile"}
{"fileName":"PistonMath.java","id":"sourceFile"}
{"fileName":"PistonMovingBlockEntity.java","id":"sourceFile"}
{"fileName":"PistonMovingBlockEntity.java","id":"sourceFile"}
{"fileName":"PistonStructureResolver.java","id":"sourceFile"}
{"fileName":"package-info.java","id":"sourceFile"}
{"fileName":"BlockBehaviour.java","id":"sourceFile"}
{"fileName":"BlockBehaviour.java","id":"sourceFile"}
{"fileName":"BlockBehaviour.java","id":"sourceFile"}
{"fileName":"BlockBehaviour.java","id":"sourceFile"}
{"fileName":"BlockBehaviour.java","id":"sourceFile"}
{"fileName":"BlockBehaviour.java","id":"sourceFile"}
{"fileName":"BlockBehaviour.java","id":"sourceFile"}
{"fileName":"BlockBehaviour.java","id":"sourceFile"}
{"fileName":"BlockBehaviour.java","id":"sourceFile"}
{"fileName":"BlockState.java","id":"sourceFile"}
{"fileName":"StateDefinition.java","id":"sourceFile"}
{"fileName":"StateDefinition.java","id":"sourceFile"}
{"fileName":"StateDefinition.java","id":"sourceFile"}
{"fileName":"StateHolder.java","id":"sourceFile"}
{"fileName":"StateHolder.java","id":"sourceFile"}
{"fileName":"package-info.java","id":"sourceFile"}
{"fileName":"BlockInWorld.java","id":"sourceFile"}
{"fileName":"BlockPattern.java","id":"sourceFile"}
{"fileName":"BlockPattern.java","id":"sourceFile"}
{"fileName":"BlockPattern.java","id":"sourceFile"}
{"fileName":"BlockPatternBuilder.java","id":"sourceFile"}
{"fileName":"package-info.java","id":"sourceFile"}
{"fileName":"BlockPredicate.java","id":"sourceFile"}
{"fileName":"BlockStatePredicate.java","id":"sourceFile"}
{"fileName":"package-info.java","id":"sourceFile"}
{"fileName":"AttachFace.java","id":"sourceFile"}
{"fileName":"BambooLeaves.java","id":"sourceFile"}
{"fileName":"BedPart.java","id":"sourceFile"}
{"fileName":"BellAttachType.java","id":"sourceFile"}
{"fileName":"BlockSetType.java","id":"sourceFile"}
{"fileName":"BlockSetType.java","id":"sourceFile"}
{"fileName":"BlockStateProperties.java","id":"sourceFile"}
{"fileName":"BooleanProperty.java","id":"sourceFile"}
{"fileName":"ChestType.java","id":"sourceFile"}
{"fileName":"ChestType.java","id":"sourceFile"}
{"fileName":"ComparatorMode.java","id":"sourceFile"}
{"fileName":"DirectionProperty.java","id":"sourceFile"}
{"fileName":"DoorHingeSide.java","id":"sourceFile"}
{"fileName":"DoubleBlockHalf.java","id":"sourceFile"}
{"fileName":"DripstoneThickness.java","id":"sourceFile"}
{"fileName":"EnumProperty.java","id":"sourceFile"}
{"fileName":"Half.java","id":"sourceFile"}
{"fileName":"IntegerProperty.java","id":"sourceFile"}
{"fileName":"NoteBlockInstrument.java","id":"sourceFile"}
{"fileName":"NoteBlockInstrument.java","id":"sourceFile"}
{"fileName":"PistonType.java","id":"sourceFile"}
{"fileName":"Property.java","id":"sourceFile"}
{"fileName":"Property.java","id":"sourceFile"}
{"fileName":"RailShape.java","id":"sourceFile"}
{"fileName":"RedstoneSide.java","id":"sourceFile"}
{"fileName":"RotationSegment.java","id":"sourceFile"}
{"fileName":"SculkSensorPhase.java","id":"sourceFile"}
{"fileName":"SlabType.java","id":"sourceFile"}
{"fileName":"StairsShape.java","id":"sourceFile"}
{"fileName":"StructureMode.java","id":"sourceFile"}
{"fileName":"Tilt.java","id":"sourceFile"}
{"fileName":"WallSide.java","id":"sourceFile"}
{"fileName":"WoodType.java","id":"sourceFile"}
{"fileName":"package-info.java","id":"sourceFile"}
{"fileName":"BorderChangeListener.java","id":"sourceFile"}
{"fileName":"BorderChangeListener.java","id":"sourceFile"}
{"fileName":"BorderStatus.java","id":"sourceFile"}
{"fileName":"WorldBorder.java","id":"sourceFile"}
{"fileName":"WorldBorder.java","id":"sourceFile"}
{"fileName":"WorldBorder.java","id":"sourceFile"}
{"fileName":"WorldBorder.java","id":"sourceFile"}
{"fileName":"WorldBorder.java","id":"sourceFile"}
{"fileName":"package-info.java","id":"sourceFile"}
{"fileName":"BlockColumn.java","id":"sourceFile"}
{"fileName":"BulkSectionAccess.java","id":"sourceFile"}
{"fileName":"CarvingMask.java","id":"sourceFile"}
{"fileName":"CarvingMask.java","id":"sourceFile"}
{"fileName":"ChunkAccess.java","id":"sourceFile"}
{"fileName":"ChunkAccess.java","id":"sourceFile"}
{"fileName":"ChunkGenerator.java","id":"sourceFile"}
{"fileName":"ChunkGeneratorStructureState.java","id":"sourceFile"}
{"fileName":"ChunkGenerators.java","id":"sourceFile"}
{"fileName":"ChunkSource.java","id":"sourceFile"}
{"fileName":"ChunkStatus.java","id":"sourceFile"}
{"fileName":"ChunkStatus.java","id":"sourceFile"}
{"fileName":"ChunkStatus.java","id":"sourceFile"}
{"fileName":"ChunkStatus.java","id":"sourceFile"}
{"fileName":"ChunkStatus.java","id":"sourceFile"}
{"fileName":"DataLayer.java","id":"sourceFile"}
{"fileName":"EmptyLevelChunk.java","id":"sourceFile"}
{"fileName":"GlobalPalette.java","id":"sourceFile"}
{"fileName":"HashMapPalette.java","id":"sourceFile"}
{"fileName":"ImposterProtoChunk.java","id":"sourceFile"}
{"fileName":"LevelChunk.java","id":"sourceFile"}
{"fileName":"LevelChunk.java","id":"sourceFile"}
{"fileName":"LevelChunk.java","id":"sourceFile"}
{"fileName":"LevelChunk.java","id":"sourceFile"}
{"fileName":"LevelChunk.java","id":"sourceFile"}
{"fileName":"LevelChunk.java","id":"sourceFile"}
{"fileName":"LevelChunkSection.java","id":"sourceFile"}
{"fileName":"LevelChunkSection.java","id":"sourceFile"}
{"fileName":"LightChunk.java","id":"sourceFile"}
{"fileName":"LightChunkGetter.java","id":"sourceFile"}
{"fileName":"LinearPalette.java","id":"sourceFile"}
{"fileName":"MissingPaletteEntryException.java","id":"sourceFile"}
{"fileName":"Palette.java","id":"sourceFile"}
{"fileName":"Palette.java","id":"sourceFile"}
{"fileName":"PaletteResize.java","id":"sourceFile"}
{"fileName":"PalettedContainer.java","id":"sourceFile"}
{"fileName":"PalettedContainer.java","id":"sourceFile"}
{"fileName":"PalettedContainer.java","id":"sourceFile"}
{"fileName":"PalettedContainer.java","id":"sourceFile"}
{"fileName":"PalettedContainer.java","id":"sourceFile"}
{"fileName":"PalettedContainer.java","id":"sourceFile"}
{"fileName":"PalettedContainer.java","id":"sourceFile"}
{"fileName":"PalettedContainerRO.java","id":"sourceFile"}
{"fileName":"PalettedContainerRO.java","id":"sourceFile"}
{"fileName":"PalettedContainerRO.java","id":"sourceFile"}
{"fileName":"ProtoChunk.java","id":"sourceFile"}
{"fileName":"SingleValuePalette.java","id":"sourceFile"}
{"fileName":"StructureAccess.java","id":"sourceFile"}
{"fileName":"UpgradeData.java","id":"sourceFile"}
{"fileName":"UpgradeData.java","id":"sourceFile"}
{"fileName":"UpgradeData.java","id":"sourceFile"}
{"fileName":"UpgradeData.java","id":"sourceFile"}
{"fileName":"UpgradeData.java","id":"sourceFile"}
{"fileName":"UpgradeData.java","id":"sourceFile"}
{"fileName":"UpgradeData.java","id":"sourceFile"}
{"fileName":"UpgradeData.java","id":"sourceFile"}
{"fileName":"package-info.java","id":"sourceFile"}
{"fileName":"ChunkScanAccess.java","id":"sourceFile"}
{"fileName":"ChunkSerializer.java","id":"sourceFile"}
{"fileName":"ChunkStorage.java","id":"sourceFile"}
{"fileName":"EntityStorage.java","id":"sourceFile"}
{"fileName":"IOWorker.java","id":"sourceFile"}
{"fileName":"IOWorker.java","id":"sourceFile"}
{"fileName":"IOWorker.java","id":"sourceFile"}
{"fileName":"RegionBitmap.java","id":"sourceFile"}
{"fileName":"RegionFile.java","id":"sourceFile"}
{"fileName":"RegionFile.java","id":"sourceFile"}
{"fileName":"RegionFile.java","id":"sourceFile"}
{"fileName":"RegionFileStorage.java","id":"sourceFile"}
{"fileName":"RegionFileVersion.java","id":"sourceFile"}
{"fileName":"RegionFileVersion.java","id":"sourceFile"}
{"fileName":"SectionStorage.java","id":"sourceFile"}
{"fileName":"package-info.java","id":"sourceFile"}
{"fileName":"BuiltinDimensionTypes.java","id":"sourceFile"}
{"fileName":"DimensionDefaults.java","id":"sourceFile"}
{"fileName":"DimensionType.java","id":"sourceFile"}
{"fileName":"DimensionType.java","id":"sourceFile"}
{"fileName":"LevelStem.java","id":"sourceFile"}
{"fileName":"DragonRespawnAnimation.java","id":"sourceFile"}
{"fileName":"DragonRespawnAnimation.java","id":"sourceFile"}
{"fileName":"DragonRespawnAnimation.java","id":"sourceFile"}
{"fileName":"DragonRespawnAnimation.java","id":"sourceFile"}
{"fileName":"DragonRespawnAnimation.java","id":"sourceFile"}
{"fileName":"DragonRespawnAnimation.java","id":"sourceFile"}
{"fileName":"EndDragonFight.java","id":"sourceFile"}
{"fileName":"EndDragonFight.java","id":"sourceFile"}
{"fileName":"package-info.java","id":"sourceFile"}
{"fileName":"package-info.java","id":"sourceFile"}
{"fileName":"ChunkEntities.java","id":"sourceFile"}
{"fileName":"ChunkStatusUpdateListener.java","id":"sourceFile"}
{"fileName":"EntityAccess.java","id":"sourceFile"}
{"fileName":"EntityInLevelCallback.java","id":"sourceFile"}
{"fileName":"EntityInLevelCallback.java","id":"sourceFile"}
{"fileName":"EntityLookup.java","id":"sourceFile"}
{"fileName":"EntityPersistentStorage.java","id":"sourceFile"}
{"fileName":"EntitySection.java","id":"sourceFile"}
{"fileName":"EntitySectionStorage.java","id":"sourceFile"}
{"fileName":"EntityTickList.java","id":"sourceFile"}
{"fileName":"EntityTypeTest.java","id":"sourceFile"}
{"fileName":"EntityTypeTest.java","id":"sourceFile"}
{"fileName":"EntityTypeTest.java","id":"sourceFile"}
{"fileName":"LevelCallback.java","id":"sourceFile"}
{"fileName":"LevelEntityGetter.java","id":"sourceFile"}
{"fileName":"LevelEntityGetterAdapter.java","id":"sourceFile"}
{"fileName":"PersistentEntitySectionManager.java","id":"sourceFile"}
{"fileName":"PersistentEntitySectionManager.java","id":"sourceFile"}
{"fileName":"PersistentEntitySectionManager.java","id":"sourceFile"}
{"fileName":"TransientEntitySectionManager.java","id":"sourceFile"}
{"fileName":"TransientEntitySectionManager.java","id":"sourceFile"}
{"fileName":"Visibility.java","id":"sourceFile"}
{"fileName":"package-info.java","id":"sourceFile"}
{"fileName":"BlockPositionSource.java","id":"sourceFile"}
{"fileName":"BlockPositionSource.java","id":"sourceFile"}
{"fileName":"DynamicGameEventListener.java","id":"sourceFile"}
{"fileName":"EntityPositionSource.java","id":"sourceFile"}
{"fileName":"EntityPositionSource.java","id":"sourceFile"}
{"fileName":"EuclideanGameEventListenerRegistry.java","id":"sourceFile"}
{"fileName":"EuclideanGameEventListenerRegistry.java","id":"sourceFile"}
{"fileName":"GameEvent.java","id":"sourceFile"}
{"fileName":"GameEvent.java","id":"sourceFile"}
{"fileName":"GameEvent.java","id":"sourceFile"}
{"fileName":"GameEventDispatcher.java","id":"sourceFile"}
{"fileName":"GameEventListener.java","id":"sourceFile"}
{"fileName":"GameEventListener.java","id":"sourceFile"}
{"fileName":"GameEventListener.java","id":"sourceFile"}
{"fileName":"GameEventListenerRegistry.java","id":"sourceFile"}
{"fileName":"GameEventListenerRegistry.java","id":"sourceFile"}
{"fileName":"GameEventListenerRegistry.java","id":"sourceFile"}
{"fileName":"PositionSource.java","id":"sourceFile"}
{"fileName":"PositionSourceType.java","id":"sourceFile"}
{"fileName":"package-info.java","id":"sourceFile"}
{"fileName":"VibrationInfo.java","id":"sourceFile"}
{"fileName":"VibrationSelector.java","id":"sourceFile"}
{"fileName":"VibrationSystem.java","id":"sourceFile"}
{"fileName":"VibrationSystem.java","id":"sourceFile"}
{"fileName":"VibrationSystem.java","id":"sourceFile"}
{"fileName":"VibrationSystem.java","id":"sourceFile"}
{"fileName":"VibrationSystem.java","id":"sourceFile"}
{"fileName":"package-info.java","id":"sourceFile"}
{"fileName":"Aquifer.java","id":"sourceFile"}
{"fileName":"Aquifer.java","id":"sourceFile"}
{"fileName":"Aquifer.java","id":"sourceFile"}
{"fileName":"Aquifer.java","id":"sourceFile"}
{"fileName":"Aquifer.java","id":"sourceFile"}
{"fileName":"Beardifier.java","id":"sourceFile"}
{"fileName":"Beardifier.java","id":"sourceFile"}
{"fileName":"Beardifier.java","id":"sourceFile"}
{"fileName":"BelowZeroRetrogen.java","id":"sourceFile"}
{"fileName":"BelowZeroRetrogen.java","id":"sourceFile"}
{"fileName":"BitRandomSource.java","id":"sourceFile"}
{"fileName":"Column.java","id":"sourceFile"}
{"fileName":"Column.java","id":"sourceFile"}
{"fileName":"Column.java","id":"sourceFile"}
{"fileName":"Column.java","id":"sourceFile"}
{"fileName":"DebugLevelSource.java","id":"sourceFile"}
{"fileName":"Density.java","id":"sourceFile"}
{"fileName":"DensityFunction.java","id":"sourceFile"}
{"fileName":"DensityFunction.java","id":"sourceFile"}
{"fileName":"DensityFunction.java","id":"sourceFile"}
{"fileName":"DensityFunction.java","id":"sourceFile"}
{"fileName":"DensityFunction.java","id":"sourceFile"}
{"fileName":"DensityFunction.java","id":"sourceFile"}
{"fileName":"DensityFunction.java","id":"sourceFile"}
{"fileName":"DensityFunctions.java","id":"sourceFile"}
{"fileName":"DensityFunctions.java","id":"sourceFile"}
{"fileName":"DensityFunctions.java","id":"sourceFile"}
{"fileName":"DensityFunctions.java","id":"sourceFile"}
{"fileName":"DensityFunctions.java","id":"sourceFile"}
{"fileName":"DensityFunctions.java","id":"sourceFile"}
{"fileName":"DensityFunctions.java","id":"sourceFile"}
{"fileName":"DensityFunctions.java","id":"sourceFile"}
{"fileName":"DensityFunctions.java","id":"sourceFile"}
{"fileName":"DensityFunctions.java","id":"sourceFile"}
{"fileName":"DensityFunctions.java","id":"sourceFile"}
{"fileName":"DensityFunctions.java","id":"sourceFile"}
{"fileName":"DensityFunctions.java","id":"sourceFile"}
{"fileName":"DensityFunctions.java","id":"sourceFile"}
{"fileName":"DensityFunctions.java","id":"sourceFile"}
{"fileName":"DensityFunctions.java","id":"sourceFile"}
{"fileName":"DensityFunctions.java","id":"sourceFile"}
{"fileName":"DensityFunctions.java","id":"sourceFile"}
{"fileName":"DensityFunctions.java","id":"sourceFile"}
{"fileName":"DensityFunctions.java","id":"sourceFile"}
{"fileName":"DensityFunctions.java","id":"sourceFile"}
{"fileName":"DensityFunctions.java","id":"sourceFile"}
{"fileName":"DensityFunctions.java","id":"sourceFile"}
{"fileName":"DensityFunctions.java","id":"sourceFile"}
{"fileName":"DensityFunctions.java","id":"sourceFile"}
{"fileName":"DensityFunctions.java","id":"sourceFile"}
{"fileName":"DensityFunctions.java","id":"sourceFile"}
{"fileName":"DensityFunctions.java","id":"sourceFile"}
{"fileName":"DensityFunctions.java","id":"sourceFile"}
{"fileName":"DensityFunctions.java","id":"sourceFile"}
{"fileName":"DensityFunctions.java","id":"sourceFile"}
{"fileName":"DensityFunctions.java","id":"sourceFile"}
{"fileName":"DensityFunctions.java","id":"sourceFile"}
{"fileName":"DensityFunctions.java","id":"sourceFile"}
{"fileName":"DensityFunctions.java","id":"sourceFile"}
{"fileName":"DensityFunctions.java","id":"sourceFile"}
{"fileName":"FlatLevelSource.java","id":"sourceFile"}
{"fileName":"GenerationStep.java","id":"sourceFile"}
{"fileName":"GenerationStep.java","id":"sourceFile"}
{"fileName":"GenerationStep.java","id":"sourceFile"}
{"fileName":"GeodeBlockSettings.java","id":"sourceFile"}
{"fileName":"GeodeCrackSettings.java","id":"sourceFile"}
{"fileName":"GeodeLayerSettings.java","id":"sourceFile"}
{"fileName":"Heightmap.java","id":"sourceFile"}
{"fileName":"Heightmap.java","id":"sourceFile"}
{"fileName":"Heightmap.java","id":"sourceFile"}
{"fileName":"LegacyRandomSource.java","id":"sourceFile"}
{"fileName":"LegacyRandomSource.java","id":"sourceFile"}
{"fileName":"MarsagliaPolarGaussian.java","id":"sourceFile"}
{"fileName":"NoiseBasedChunkGenerator.java","id":"sourceFile"}
{"fileName":"NoiseChunk.java","id":"sourceFile"}
{"fileName":"NoiseChunk.java","id":"sourceFile"}
{"fileName":"NoiseChunk.java","id":"sourceFile"}
{"fileName":"NoiseChunk.java","id":"sourceFile"}
{"fileName":"NoiseChunk.java","id":"sourceFile"}
{"fileName":"NoiseChunk.java","id":"sourceFile"}
{"fileName":"NoiseChunk.java","id":"sourceFile"}
{"fileName":"NoiseChunk.java","id":"sourceFile"}
{"fileName":"NoiseChunk.java","id":"sourceFile"}
{"fileName":"NoiseChunk.java","id":"sourceFile"}
{"fileName":"NoiseChunk.java","id":"sourceFile"}
{"fileName":"NoiseChunk.java","id":"sourceFile"}
{"fileName":"NoiseGeneratorSettings.java","id":"sourceFile"}
{"fileName":"NoiseRouter.java","id":"sourceFile"}
{"fileName":"NoiseRouterData.java","id":"sourceFile"}
{"fileName":"NoiseRouterData.java","id":"sourceFile"}
{"fileName":"NoiseSettings.java","id":"sourceFile"}
{"fileName":"Noises.java","id":"sourceFile"}
{"fileName":"OreVeinifier.java","id":"sourceFile"}
{"fileName":"OreVeinifier.java","id":"sourceFile"}
{"fileName":"PatrolSpawner.java","id":"sourceFile"}
{"fileName":"PhantomSpawner.java","id":"sourceFile"}
{"fileName":"PositionalRandomFactory.java","id":"sourceFile"}
{"fileName":"RandomState.java","id":"sourceFile"}
{"fileName":"RandomState.java","id":"sourceFile"}
{"fileName":"RandomState.java","id":"sourceFile"}
{"fileName":"RandomSupport.java","id":"sourceFile"}
{"fileName":"RandomSupport.java","id":"sourceFile"}
{"fileName":"SingleThreadedRandomSource.java","id":"sourceFile"}
{"fileName":"SurfaceRules.java","id":"sourceFile"}
{"fileName":"SurfaceRules.java","id":"sourceFile"}
{"fileName":"SurfaceRules.java","id":"sourceFile"}
{"fileName":"SurfaceRules.java","id":"sourceFile"}
{"fileName":"SurfaceRules.java","id":"sourceFile"}
{"fileName":"SurfaceRules.java","id":"sourceFile"}
{"fileName":"SurfaceRules.java","id":"sourceFile"}
{"fileName":"SurfaceRules.java","id":"sourceFile"}
{"fileName":"SurfaceRules.java","id":"sourceFile"}
{"fileName":"SurfaceRules.java","id":"sourceFile"}
{"fileName":"SurfaceRules.java","id":"sourceFile"}
{"fileName":"SurfaceRules.java","id":"sourceFile"}
{"fileName":"SurfaceRules.java","id":"sourceFile"}
{"fileName":"SurfaceRules.java","id":"sourceFile"}
{"fileName":"SurfaceRules.java","id":"sourceFile"}
{"fileName":"SurfaceRules.java","id":"sourceFile"}
{"fileName":"SurfaceRules.java","id":"sourceFile"}
{"fileName":"SurfaceRules.java","id":"sourceFile"}
{"fileName":"SurfaceRules.java","id":"sourceFile"}
{"fileName":"SurfaceRules.java","id":"sourceFile"}
{"fileName":"SurfaceRules.java","id":"sourceFile"}
{"fileName":"SurfaceRules.java","id":"sourceFile"}
{"fileName":"SurfaceRules.java","id":"sourceFile"}
{"fileName":"SurfaceRules.java","id":"sourceFile"}
{"fileName":"SurfaceRules.java","id":"sourceFile"}
{"fileName":"SurfaceRules.java","id":"sourceFile"}
{"fileName":"SurfaceRules.java","id":"sourceFile"}
{"fileName":"SurfaceRules.java","id":"sourceFile"}
{"fileName":"SurfaceRules.java","id":"sourceFile"}
{"fileName":"SurfaceRules.java","id":"sourceFile"}
{"fileName":"SurfaceRules.java","id":"sourceFile"}
{"fileName":"SurfaceRules.java","id":"sourceFile"}
{"fileName":"SurfaceRules.java","id":"sourceFile"}
{"fileName":"SurfaceRules.java","id":"sourceFile"}
{"fileName":"SurfaceRules.java","id":"sourceFile"}
{"fileName":"SurfaceRules.java","id":"sourceFile"}
{"fileName":"SurfaceRules.java","id":"sourceFile"}
{"fileName":"SurfaceRules.java","id":"sourceFile"}
{"fileName":"SurfaceSystem.java","id":"sourceFile"}
{"fileName":"SurfaceSystem.java","id":"sourceFile"}
{"fileName":"ThreadSafeLegacyRandomSource.java","id":"sourceFile"}
{"fileName":"VerticalAnchor.java","id":"sourceFile"}
{"fileName":"VerticalAnchor.java","id":"sourceFile"}
{"fileName":"VerticalAnchor.java","id":"sourceFile"}
{"fileName":"VerticalAnchor.java","id":"sourceFile"}
{"fileName":"WorldDimensions.java","id":"sourceFile"}
{"fileName":"WorldDimensions.java","id":"sourceFile"}
{"fileName":"WorldDimensions.java","id":"sourceFile"}
{"fileName":"WorldGenSettings.java","id":"sourceFile"}
{"fileName":"WorldGenerationContext.java","id":"sourceFile"}
{"fileName":"WorldOptions.java","id":"sourceFile"}
{"fileName":"WorldgenRandom.java","id":"sourceFile"}
{"fileName":"WorldgenRandom.java","id":"sourceFile"}
{"fileName":"Xoroshiro128PlusPlus.java","id":"sourceFile"}
{"fileName":"XoroshiroRandomSource.java","id":"sourceFile"}
{"fileName":"XoroshiroRandomSource.java","id":"sourceFile"}
{"fileName":"Blender.java","id":"sourceFile"}
{"fileName":"Blender.java","id":"sourceFile"}
{"fileName":"Blender.java","id":"sourceFile"}
{"fileName":"Blender.java","id":"sourceFile"}
{"fileName":"Blender.java","id":"sourceFile"}
{"fileName":"BlendingData.java","id":"sourceFile"}
{"fileName":"BlendingData.java","id":"sourceFile"}
{"fileName":"BlendingData.java","id":"sourceFile"}
{"fileName":"BlendingData.java","id":"sourceFile"}
{"fileName":"package-info.java","id":"sourceFile"}
{"fileName":"AllOfPredicate.java","id":"sourceFile"}
{"fileName":"AnyOfPredicate.java","id":"sourceFile"}
{"fileName":"BlockPredicate.java","id":"sourceFile"}
{"fileName":"BlockPredicateType.java","id":"sourceFile"}
{"fileName":"CombiningPredicate.java","id":"sourceFile"}
{"fileName":"HasSturdyFacePredicate.java","id":"sourceFile"}
{"fileName":"InsideWorldBoundsPredicate.java","id":"sourceFile"}
{"fileName":"MatchingBlockTagPredicate.java","id":"sourceFile"}
{"fileName":"MatchingBlocksPredicate.java","id":"sourceFile"}
{"fileName":"MatchingFluidsPredicate.java","id":"sourceFile"}
{"fileName":"NotPredicate.java","id":"sourceFile"}
{"fileName":"ReplaceablePredicate.java","id":"sourceFile"}
{"fileName":"SolidPredicate.java","id":"sourceFile"}
{"fileName":"StateTestingPredicate.java","id":"sourceFile"}
{"fileName":"TruePredicate.java","id":"sourceFile"}
{"fileName":"WouldSurvivePredicate.java","id":"sourceFile"}
{"fileName":"package-info.java","id":"sourceFile"}
{"fileName":"CanyonCarverConfiguration.java","id":"sourceFile"}
{"fileName":"CanyonCarverConfiguration.java","id":"sourceFile"}
{"fileName":"CanyonWorldCarver.java","id":"sourceFile"}
{"fileName":"CarverConfiguration.java","id":"sourceFile"}
{"fileName":"CarverDebugSettings.java","id":"sourceFile"}
{"fileName":"CarvingContext.java","id":"sourceFile"}
{"fileName":"CaveCarverConfiguration.java","id":"sourceFile"}
{"fileName":"CaveWorldCarver.java","id":"sourceFile"}
{"fileName":"ConfiguredWorldCarver.java","id":"sourceFile"}
{"fileName":"NetherWorldCarver.java","id":"sourceFile"}
{"fileName":"WorldCarver.java","id":"sourceFile"}
{"fileName":"WorldCarver.java","id":"sourceFile"}
{"fileName":"package-info.java","id":"sourceFile"}
{"fileName":"AbstractHugeMushroomFeature.java","id":"sourceFile"}
{"fileName":"BambooFeature.java","id":"sourceFile"}
{"fileName":"BasaltColumnsFeature.java","id":"sourceFile"}
{"fileName":"BasaltPillarFeature.java","id":"sourceFile"}
{"fileName":"BlockBlobFeature.java","id":"sourceFile"}
{"fileName":"BlockColumnFeature.java","id":"sourceFile"}
{"fileName":"BlockPileFeature.java","id":"sourceFile"}
{"fileName":"BlueIceFeature.java","id":"sourceFile"}
{"fileName":"BonusChestFeature.java","id":"sourceFile"}
{"fileName":"ChorusPlantFeature.java","id":"sourceFile"}
{"fileName":"ConfiguredFeature.java","id":"sourceFile"}
{"fileName":"CoralClawFeature.java","id":"sourceFile"}
{"fileName":"CoralFeature.java","id":"sourceFile"}
{"fileName":"CoralMushroomFeature.java","id":"sourceFile"}
{"fileName":"CoralTreeFeature.java","id":"sourceFile"}
{"fileName":"DeltaFeature.java","id":"sourceFile"}
{"fileName":"DesertWellFeature.java","id":"sourceFile"}
{"fileName":"DiskFeature.java","id":"sourceFile"}
{"fileName":"DripstoneClusterFeature.java","id":"sourceFile"}
{"fileName":"DripstoneUtils.java","id":"sourceFile"}
{"fileName":"EndGatewayFeature.java","id":"sourceFile"}
{"fileName":"EndIslandFeature.java","id":"sourceFile"}
{"fileName":"EndPodiumFeature.java","id":"sourceFile"}
{"fileName":"Feature.java","id":"sourceFile"}
{"fileName":"FeatureCountTracker.java","id":"sourceFile"}
{"fileName":"FeatureCountTracker.java","id":"sourceFile"}
{"fileName":"FeatureCountTracker.java","id":"sourceFile"}
{"fileName":"FeatureCountTracker.java","id":"sourceFile"}
{"fileName":"FeaturePlaceContext.java","id":"sourceFile"}
{"fileName":"FillLayerFeature.java","id":"sourceFile"}
{"fileName":"FossilFeature.java","id":"sourceFile"}
{"fileName":"FossilFeatureConfiguration.java","id":"sourceFile"}
{"fileName":"GeodeFeature.java","id":"sourceFile"}
{"fileName":"GlowstoneFeature.java","id":"sourceFile"}
{"fileName":"HugeBrownMushroomFeature.java","id":"sourceFile"}
{"fileName":"HugeFungusConfiguration.java","id":"sourceFile"}
{"fileName":"HugeFungusFeature.java","id":"sourceFile"}
{"fileName":"HugeRedMushroomFeature.java","id":"sourceFile"}
{"fileName":"IceSpikeFeature.java","id":"sourceFile"}
{"fileName":"IcebergFeature.java","id":"sourceFile"}
{"fileName":"KelpFeature.java","id":"sourceFile"}
{"fileName":"LakeFeature.java","id":"sourceFile"}
{"fileName":"LakeFeature.java","id":"sourceFile"}
{"fileName":"LargeDripstoneFeature.java","id":"sourceFile"}
{"fileName":"LargeDripstoneFeature.java","id":"sourceFile"}
{"fileName":"LargeDripstoneFeature.java","id":"sourceFile"}
{"fileName":"MonsterRoomFeature.java","id":"sourceFile"}
{"fileName":"MultifaceGrowthFeature.java","id":"sourceFile"}
{"fileName":"NetherForestVegetationFeature.java","id":"sourceFile"}
{"fileName":"NoOpFeature.java","id":"sourceFile"}
{"fileName":"OreFeature.java","id":"sourceFile"}
{"fileName":"PointedDripstoneFeature.java","id":"sourceFile"}
{"fileName":"RandomBooleanSelectorFeature.java","id":"sourceFile"}
{"fileName":"RandomPatchFeature.java","id":"sourceFile"}
{"fileName":"RandomSelectorFeature.java","id":"sourceFile"}
{"fileName":"ReplaceBlobsFeature.java","id":"sourceFile"}
{"fileName":"ReplaceBlockFeature.java","id":"sourceFile"}
{"fileName":"RootSystemFeature.java","id":"sourceFile"}
{"fileName":"ScatteredOreFeature.java","id":"sourceFile"}
{"fileName":"SculkPatchFeature.java","id":"sourceFile"}
{"fileName":"SeaPickleFeature.java","id":"sourceFile"}
{"fileName":"SeagrassFeature.java","id":"sourceFile"}
{"fileName":"SimpleBlockFeature.java","id":"sourceFile"}
{"fileName":"SimpleRandomSelectorFeature.java","id":"sourceFile"}
{"fileName":"SnowAndFreezeFeature.java","id":"sourceFile"}
{"fileName":"SpikeFeature.java","id":"sourceFile"}
{"fileName":"SpikeFeature.java","id":"sourceFile"}
{"fileName":"SpikeFeature.java","id":"sourceFile"}
{"fileName":"SpringFeature.java","id":"sourceFile"}
{"fileName":"TreeFeature.java","id":"sourceFile"}
{"fileName":"TreeFeature.java","id":"sourceFile"}
{"fileName":"TwistingVinesFeature.java","id":"sourceFile"}
{"fileName":"UnderwaterMagmaFeature.java","id":"sourceFile"}
{"fileName":"VegetationPatchFeature.java","id":"sourceFile"}
{"fileName":"VinesFeature.java","id":"sourceFile"}
{"fileName":"VoidStartPlatformFeature.java","id":"sourceFile"}
{"fileName":"WaterloggedVegetationPatchFeature.java","id":"sourceFile"}
{"fileName":"WeepingVinesFeature.java","id":"sourceFile"}
{"fileName":"WeightedPlacedFeature.java","id":"sourceFile"}
{"fileName":"BlockColumnConfiguration.java","id":"sourceFile"}
{"fileName":"BlockColumnConfiguration.java","id":"sourceFile"}
{"fileName":"BlockPileConfiguration.java","id":"sourceFile"}
{"fileName":"BlockStateConfiguration.java","id":"sourceFile"}
{"fileName":"ColumnFeatureConfiguration.java","id":"sourceFile"}
{"fileName":"CountConfiguration.java","id":"sourceFile"}
{"fileName":"DeltaFeatureConfiguration.java","id":"sourceFile"}
{"fileName":"DiskConfiguration.java","id":"sourceFile"}
{"fileName":"DripstoneClusterConfiguration.java","id":"sourceFile"}
{"fileName":"EndGatewayConfiguration.java","id":"sourceFile"}
{"fileName":"FeatureConfiguration.java","id":"sourceFile"}
{"fileName":"GeodeConfiguration.java","id":"sourceFile"}
{"fileName":"HugeMushroomFeatureConfiguration.java","id":"sourceFile"}
{"fileName":"LargeDripstoneConfiguration.java","id":"sourceFile"}
{"fileName":"LayerConfiguration.java","id":"sourceFile"}
{"fileName":"MultifaceGrowthConfiguration.java","id":"sourceFile"}
{"fileName":"NetherForestVegetationConfig.java","id":"sourceFile"}
{"fileName":"NoneFeatureConfiguration.java","id":"sourceFile"}
{"fileName":"OreConfiguration.java","id":"sourceFile"}
{"fileName":"OreConfiguration.java","id":"sourceFile"}
{"fileName":"PointedDripstoneConfiguration.java","id":"sourceFile"}
{"fileName":"ProbabilityFeatureConfiguration.java","id":"sourceFile"}
{"fileName":"RandomBooleanFeatureConfiguration.java","id":"sourceFile"}
{"fileName":"RandomFeatureConfiguration.java","id":"sourceFile"}
{"fileName":"RandomPatchConfiguration.java","id":"sourceFile"}
{"fileName":"ReplaceBlockConfiguration.java","id":"sourceFile"}
{"fileName":"ReplaceSphereConfiguration.java","id":"sourceFile"}
{"fileName":"RootSystemConfiguration.java","id":"sourceFile"}
{"fileName":"SculkPatchConfiguration.java","id":"sourceFile"}
{"fileName":"SimpleBlockConfiguration.java","id":"sourceFile"}
{"fileName":"SimpleRandomFeatureConfiguration.java","id":"sourceFile"}
{"fileName":"SpikeConfiguration.java","id":"sourceFile"}
{"fileName":"SpringConfiguration.java","id":"sourceFile"}
{"fileName":"TreeConfiguration.java","id":"sourceFile"}
{"fileName":"TreeConfiguration.java","id":"sourceFile"}
{"fileName":"TwistingVinesConfig.java","id":"sourceFile"}
{"fileName":"UnderwaterMagmaConfiguration.java","id":"sourceFile"}
{"fileName":"VegetationPatchConfiguration.java","id":"sourceFile"}
{"fileName":"package-info.java","id":"sourceFile"}
{"fileName":"FeatureSize.java","id":"sourceFile"}
{"fileName":"FeatureSizeType.java","id":"sourceFile"}
{"fileName":"ThreeLayersFeatureSize.java","id":"sourceFile"}
{"fileName":"TwoLayersFeatureSize.java","id":"sourceFile"}
{"fileName":"package-info.java","id":"sourceFile"}
{"fileName":"AcaciaFoliagePlacer.java","id":"sourceFile"}
{"fileName":"BlobFoliagePlacer.java","id":"sourceFile"}
{"fileName":"BushFoliagePlacer.java","id":"sourceFile"}
{"fileName":"CherryFoliagePlacer.java","id":"sourceFile"}
{"fileName":"DarkOakFoliagePlacer.java","id":"sourceFile"}
{"fileName":"FancyFoliagePlacer.java","id":"sourceFile"}
{"fileName":"FoliagePlacer.java","id":"sourceFile"}
{"fileName":"FoliagePlacer.java","id":"sourceFile"}
{"fileName":"FoliagePlacer.java","id":"sourceFile"}
{"fileName":"FoliagePlacerType.java","id":"sourceFile"}
{"fileName":"MegaJungleFoliagePlacer.java","id":"sourceFile"}
{"fileName":"MegaPineFoliagePlacer.java","id":"sourceFile"}
{"fileName":"PineFoliagePlacer.java","id":"sourceFile"}
{"fileName":"RandomSpreadFoliagePlacer.java","id":"sourceFile"}
{"fileName":"SpruceFoliagePlacer.java","id":"sourceFile"}
{"fileName":"package-info.java","id":"sourceFile"}
{"fileName":"package-info.java","id":"sourceFile"}
{"fileName":"AboveRootPlacement.java","id":"sourceFile"}
{"fileName":"MangroveRootPlacement.java","id":"sourceFile"}
{"fileName":"MangroveRootPlacer.java","id":"sourceFile"}
{"fileName":"RootPlacer.java","id":"sourceFile"}
{"fileName":"RootPlacerType.java","id":"sourceFile"}
{"fileName":"package-info.java","id":"sourceFile"}
{"fileName":"BlockStateProvider.java","id":"sourceFile"}
{"fileName":"BlockStateProviderType.java","id":"sourceFile"}
{"fileName":"DualNoiseProvider.java","id":"sourceFile"}
{"fileName":"NoiseBasedStateProvider.java","id":"sourceFile"}
{"fileName":"NoiseProvider.java","id":"sourceFile"}
{"fileName":"NoiseThresholdProvider.java","id":"sourceFile"}
{"fileName":"RandomizedIntStateProvider.java","id":"sourceFile"}
{"fileName":"RotatedBlockProvider.java","id":"sourceFile"}
{"fileName":"RuleBasedBlockStateProvider.java","id":"sourceFile"}
{"fileName":"RuleBasedBlockStateProvider.java","id":"sourceFile"}
{"fileName":"SimpleStateProvider.java","id":"sourceFile"}
{"fileName":"WeightedStateProvider.java","id":"sourceFile"}
{"fileName":"package-info.java","id":"sourceFile"}
{"fileName":"AlterGroundDecorator.java","id":"sourceFile"}
{"fileName":"AttachedToLeavesDecorator.java","id":"sourceFile"}
{"fileName":"BeehiveDecorator.java","id":"sourceFile"}
{"fileName":"CocoaDecorator.java","id":"sourceFile"}
{"fileName":"LeaveVineDecorator.java","id":"sourceFile"}
{"fileName":"TreeDecorator.java","id":"sourceFile"}
{"fileName":"TreeDecorator.java","id":"sourceFile"}
{"fileName":"TreeDecoratorType.java","id":"sourceFile"}
{"fileName":"TrunkVineDecorator.java","id":"sourceFile"}
{"fileName":"package-info.java","id":"sourceFile"}
{"fileName":"BendingTrunkPlacer.java","id":"sourceFile"}
{"fileName":"CherryTrunkPlacer.java","id":"sourceFile"}
{"fileName":"DarkOakTrunkPlacer.java","id":"sourceFile"}
{"fileName":"FancyTrunkPlacer.java","id":"sourceFile"}
{"fileName":"FancyTrunkPlacer.java","id":"sourceFile"}
{"fileName":"ForkingTrunkPlacer.java","id":"sourceFile"}
{"fileName":"GiantTrunkPlacer.java","id":"sourceFile"}
{"fileName":"MegaJungleTrunkPlacer.java","id":"sourceFile"}
{"fileName":"StraightTrunkPlacer.java","id":"sourceFile"}
{"fileName":"TrunkPlacer.java","id":"sourceFile"}
{"fileName":"TrunkPlacerType.java","id":"sourceFile"}
{"fileName":"UpwardsBranchingTrunkPlacer.java","id":"sourceFile"}
{"fileName":"package-info.java","id":"sourceFile"}
{"fileName":"FlatLayerInfo.java","id":"sourceFile"}
{"fileName":"FlatLevelGeneratorPreset.java","id":"sourceFile"}
{"fileName":"FlatLevelGeneratorPresets.java","id":"sourceFile"}
{"fileName":"FlatLevelGeneratorPresets.java","id":"sourceFile"}
{"fileName":"FlatLevelGeneratorSettings.java","id":"sourceFile"}
{"fileName":"package-info.java","id":"sourceFile"}
{"fileName":"BiasedToBottomHeight.java","id":"sourceFile"}
{"fileName":"ConstantHeight.java","id":"sourceFile"}
{"fileName":"HeightProvider.java","id":"sourceFile"}
{"fileName":"HeightProviderType.java","id":"sourceFile"}
{"fileName":"TrapezoidHeight.java","id":"sourceFile"}
{"fileName":"UniformHeight.java","id":"sourceFile"}
{"fileName":"VeryBiasedToBottomHeight.java","id":"sourceFile"}
{"fileName":"WeightedListHeight.java","id":"sourceFile"}
{"fileName":"package-info.java","id":"sourceFile"}
{"fileName":"MaterialRuleList.java","id":"sourceFile"}
{"fileName":"WorldGenMaterialRule.java","id":"sourceFile"}
{"fileName":"package-info.java","id":"sourceFile"}
{"fileName":"package-info.java","id":"sourceFile"}
{"fileName":"BiomeFilter.java","id":"sourceFile"}
{"fileName":"BlockPredicateFilter.java","id":"sourceFile"}
{"fileName":"CarvingMaskPlacement.java","id":"sourceFile"}
{"fileName":"CaveSurface.java","id":"sourceFile"}
{"fileName":"CountOnEveryLayerPlacement.java","id":"sourceFile"}
{"fileName":"CountPlacement.java","id":"sourceFile"}
{"fileName":"EnvironmentScanPlacement.java","id":"sourceFile"}
{"fileName":"HeightRangePlacement.java","id":"sourceFile"}
{"fileName":"HeightmapPlacement.java","id":"sourceFile"}
{"fileName":"InSquarePlacement.java","id":"sourceFile"}
{"fileName":"NoiseBasedCountPlacement.java","id":"sourceFile"}
{"fileName":"NoiseThresholdCountPlacement.java","id":"sourceFile"}
{"fileName":"PlacedFeature.java","id":"sourceFile"}
{"fileName":"PlacementContext.java","id":"sourceFile"}
{"fileName":"PlacementFilter.java","id":"sourceFile"}
{"fileName":"PlacementModifier.java","id":"sourceFile"}
{"fileName":"PlacementModifierType.java","id":"sourceFile"}
{"fileName":"RandomOffsetPlacement.java","id":"sourceFile"}
{"fileName":"RarityFilter.java","id":"sourceFile"}
{"fileName":"RepeatingPlacement.java","id":"sourceFile"}
{"fileName":"SurfaceRelativeThresholdFilter.java","id":"sourceFile"}
{"fileName":"SurfaceWaterDepthFilter.java","id":"sourceFile"}
{"fileName":"package-info.java","id":"sourceFile"}
{"fileName":"WorldPreset.java","id":"sourceFile"}
{"fileName":"WorldPresets.java","id":"sourceFile"}
{"fileName":"WorldPresets.java","id":"sourceFile"}
{"fileName":"package-info.java","id":"sourceFile"}
{"fileName":"BoundingBox.java","id":"sourceFile"}
{"fileName":"BoundingBox.java","id":"sourceFile"}
{"fileName":"BuiltinStructureSets.java","id":"sourceFile"}
{"fileName":"BuiltinStructures.java","id":"sourceFile"}
{"fileName":"LegacyStructureDataHandler.java","id":"sourceFile"}
{"fileName":"PoolElementStructurePiece.java","id":"sourceFile"}
{"fileName":"PostPlacementProcessor.java","id":"sourceFile"}
{"fileName":"ScatteredFeaturePiece.java","id":"sourceFile"}
{"fileName":"SinglePieceStructure.java","id":"sourceFile"}
{"fileName":"SinglePieceStructure.java","id":"sourceFile"}
{"fileName":"Structure.java","id":"sourceFile"}
{"fileName":"Structure.java","id":"sourceFile"}
{"fileName":"Structure.java","id":"sourceFile"}
{"fileName":"Structure.java","id":"sourceFile"}
{"fileName":"StructureCheck.java","id":"sourceFile"}
{"fileName":"StructureCheckResult.java","id":"sourceFile"}
{"fileName":"StructureFeatureIndexSavedData.java","id":"sourceFile"}
{"fileName":"StructurePiece.java","id":"sourceFile"}
{"fileName":"StructurePiece.java","id":"sourceFile"}
{"fileName":"StructurePiece.java","id":"sourceFile"}
{"fileName":"StructurePieceAccessor.java","id":"sourceFile"}
{"fileName":"StructureSet.java","id":"sourceFile"}
{"fileName":"StructureSet.java","id":"sourceFile"}
{"fileName":"StructureSpawnOverride.java","id":"sourceFile"}
{"fileName":"StructureSpawnOverride.java","id":"sourceFile"}
{"fileName":"StructureStart.java","id":"sourceFile"}
{"fileName":"StructureType.java","id":"sourceFile"}
{"fileName":"TemplateStructurePiece.java","id":"sourceFile"}
{"fileName":"TerrainAdjustment.java","id":"sourceFile"}
{"fileName":"package-info.java","id":"sourceFile"}
{"fileName":"PieceGenerator.java","id":"sourceFile"}
{"fileName":"PieceGenerator.java","id":"sourceFile"}
{"fileName":"PieceGeneratorSupplier.java","id":"sourceFile"}
{"fileName":"PieceGeneratorSupplier.java","id":"sourceFile"}
{"fileName":"PiecesContainer.java","id":"sourceFile"}
{"fileName":"StructurePieceSerializationContext.java","id":"sourceFile"}
{"fileName":"StructurePieceType.java","id":"sourceFile"}
{"fileName":"StructurePieceType.java","id":"sourceFile"}
{"fileName":"StructurePieceType.java","id":"sourceFile"}
{"fileName":"StructurePiecesBuilder.java","id":"sourceFile"}
{"fileName":"package-info.java","id":"sourceFile"}
{"fileName":"ConcentricRingsStructurePlacement.java","id":"sourceFile"}
{"fileName":"RandomSpreadStructurePlacement.java","id":"sourceFile"}
{"fileName":"RandomSpreadType.java","id":"sourceFile"}
{"fileName":"RandomSpreadType.java","id":"sourceFile"}
{"fileName":"StructurePlacement.java","id":"sourceFile"}
{"fileName":"StructurePlacement.java","id":"sourceFile"}
{"fileName":"StructurePlacement.java","id":"sourceFile"}
{"fileName":"StructurePlacement.java","id":"sourceFile"}
{"fileName":"StructurePlacementType.java","id":"sourceFile"}
{"fileName":"package-info.java","id":"sourceFile"}
{"fileName":"EmptyPoolElement.java","id":"sourceFile"}
{"fileName":"FeaturePoolElement.java","id":"sourceFile"}
{"fileName":"JigsawJunction.java","id":"sourceFile"}
{"fileName":"JigsawPlacement.java","id":"sourceFile"}
{"fileName":"JigsawPlacement.java","id":"sourceFile"}
{"fileName":"JigsawPlacement.java","id":"sourceFile"}
{"fileName":"LegacySinglePoolElement.java","id":"sourceFile"}
{"fileName":"ListPoolElement.java","id":"sourceFile"}
{"fileName":"SinglePoolElement.java","id":"sourceFile"}
{"fileName":"StructurePoolElement.java","id":"sourceFile"}
{"fileName":"StructurePoolElementType.java","id":"sourceFile"}
{"fileName":"StructureTemplatePool.java","id":"sourceFile"}
{"fileName":"StructureTemplatePool.java","id":"sourceFile"}
{"fileName":"Direct.java","id":"sourceFile"}
{"fileName":"PoolAliasBinding.java","id":"sourceFile"}
{"fileName":"PoolAliasBindings.java","id":"sourceFile"}
{"fileName":"PoolAliasLookup.java","id":"sourceFile"}
{"fileName":"Random.java","id":"sourceFile"}
{"fileName":"RandomGroup.java","id":"sourceFile"}
{"fileName":"package-info.java","id":"sourceFile"}
{"fileName":"package-info.java","id":"sourceFile"}
{"fileName":"BuriedTreasurePieces.java","id":"sourceFile"}
{"fileName":"BuriedTreasurePieces.java","id":"sourceFile"}
{"fileName":"BuriedTreasureStructure.java","id":"sourceFile"}
{"fileName":"DesertPyramidPiece.java","id":"sourceFile"}
{"fileName":"DesertPyramidStructure.java","id":"sourceFile"}
{"fileName":"EndCityPieces.java","id":"sourceFile"}
{"fileName":"EndCityPieces.java","id":"sourceFile"}
{"fileName":"EndCityPieces.java","id":"sourceFile"}
{"fileName":"EndCityPieces.java","id":"sourceFile"}
{"fileName":"EndCityPieces.java","id":"sourceFile"}
{"fileName":"EndCityPieces.java","id":"sourceFile"}
{"fileName":"EndCityPieces.java","id":"sourceFile"}
{"fileName":"EndCityStructure.java","id":"sourceFile"}
{"fileName":"IglooPieces.java","id":"sourceFile"}
{"fileName":"IglooPieces.java","id":"sourceFile"}
{"fileName":"IglooStructure.java","id":"sourceFile"}
{"fileName":"JigsawStructure.java","id":"sourceFile"}
{"fileName":"JigsawStructure.java","id":"sourceFile"}
{"fileName":"JungleTemplePiece.java","id":"sourceFile"}
{"fileName":"JungleTemplePiece.java","id":"sourceFile"}
{"fileName":"JungleTempleStructure.java","id":"sourceFile"}
{"fileName":"MineshaftPieces.java","id":"sourceFile"}
{"fileName":"MineshaftPieces.java","id":"sourceFile"}
{"fileName":"MineshaftPieces.java","id":"sourceFile"}
{"fileName":"MineshaftPieces.java","id":"sourceFile"}
{"fileName":"MineshaftPieces.java","id":"sourceFile"}
{"fileName":"MineshaftPieces.java","id":"sourceFile"}
{"fileName":"MineshaftPieces.java","id":"sourceFile"}
{"fileName":"MineshaftStructure.java","id":"sourceFile"}
{"fileName":"MineshaftStructure.java","id":"sourceFile"}
{"fileName":"NetherFortressPieces.java","id":"sourceFile"}
{"fileName":"NetherFortressPieces.java","id":"sourceFile"}
{"fileName":"NetherFortressPieces.java","id":"sourceFile"}
{"fileName":"NetherFortressPieces.java","id":"sourceFile"}
{"fileName":"NetherFortressPieces.java","id":"sourceFile"}
{"fileName":"NetherFortressPieces.java","id":"sourceFile"}
{"fileName":"NetherFortressPieces.java","id":"sourceFile"}
{"fileName":"NetherFortressPieces.java","id":"sourceFile"}
{"fileName":"NetherFortressPieces.java","id":"sourceFile"}
{"fileName":"NetherFortressPieces.java","id":"sourceFile"}
{"fileName":"NetherFortressPieces.java","id":"sourceFile"}
{"fileName":"NetherFortressPieces.java","id":"sourceFile"}
{"fileName":"NetherFortressPieces.java","id":"sourceFile"}
{"fileName":"NetherFortressPieces.java","id":"sourceFile"}
{"fileName":"NetherFortressPieces.java","id":"sourceFile"}
{"fileName":"NetherFortressPieces.java","id":"sourceFile"}
{"fileName":"NetherFortressPieces.java","id":"sourceFile"}
{"fileName":"NetherFortressPieces.java","id":"sourceFile"}
{"fileName":"NetherFortressPieces.java","id":"sourceFile"}
{"fileName":"NetherFortressStructure.java","id":"sourceFile"}
{"fileName":"NetherFossilPieces.java","id":"sourceFile"}
{"fileName":"NetherFossilPieces.java","id":"sourceFile"}
{"fileName":"NetherFossilStructure.java","id":"sourceFile"}
{"fileName":"OceanMonumentPieces.java","id":"sourceFile"}
{"fileName":"OceanMonumentPieces.java","id":"sourceFile"}
{"fileName":"OceanMonumentPieces.java","id":"sourceFile"}
{"fileName":"OceanMonumentPieces.java","id":"sourceFile"}
{"fileName":"OceanMonumentPieces.java","id":"sourceFile"}
{"fileName":"OceanMonumentPieces.java","id":"sourceFile"}
{"fileName":"OceanMonumentPieces.java","id":"sourceFile"}
{"fileName":"OceanMonumentPieces.java","id":"sourceFile"}
{"fileName":"OceanMonumentPieces.java","id":"sourceFile"}
{"fileName":"OceanMonumentPieces.java","id":"sourceFile"}
{"fileName":"OceanMonumentPieces.java","id":"sourceFile"}
{"fileName":"OceanMonumentPieces.java","id":"sourceFile"}
{"fileName":"OceanMonumentPieces.java","id":"sourceFile"}
{"fileName":"OceanMonumentPieces.java","id":"sourceFile"}
{"fileName":"OceanMonumentPieces.java","id":"sourceFile"}
{"fileName":"OceanMonumentPieces.java","id":"sourceFile"}
{"fileName":"OceanMonumentPieces.java","id":"sourceFile"}
{"fileName":"OceanMonumentPieces.java","id":"sourceFile"}
{"fileName":"OceanMonumentPieces.java","id":"sourceFile"}
{"fileName":"OceanMonumentPieces.java","id":"sourceFile"}
{"fileName":"OceanMonumentPieces.java","id":"sourceFile"}
{"fileName":"OceanMonumentPieces.java","id":"sourceFile"}
{"fileName":"OceanMonumentPieces.java","id":"sourceFile"}
{"fileName":"OceanMonumentPieces.java","id":"sourceFile"}
{"fileName":"OceanMonumentStructure.java","id":"sourceFile"}
{"fileName":"OceanRuinPieces.java","id":"sourceFile"}
{"fileName":"OceanRuinPieces.java","id":"sourceFile"}
{"fileName":"OceanRuinPieces.java","id":"sourceFile"}
{"fileName":"OceanRuinStructure.java","id":"sourceFile"}
{"fileName":"OceanRuinStructure.java","id":"sourceFile"}
{"fileName":"RuinedPortalPiece.java","id":"sourceFile"}
{"fileName":"RuinedPortalPiece.java","id":"sourceFile"}
{"fileName":"RuinedPortalPiece.java","id":"sourceFile"}
{"fileName":"RuinedPortalStructure.java","id":"sourceFile"}
{"fileName":"RuinedPortalStructure.java","id":"sourceFile"}
{"fileName":"ShipwreckPieces.java","id":"sourceFile"}
{"fileName":"ShipwreckPieces.java","id":"sourceFile"}
{"fileName":"ShipwreckStructure.java","id":"sourceFile"}
{"fileName":"StrongholdPieces.java","id":"sourceFile"}
{"fileName":"StrongholdPieces.java","id":"sourceFile"}
{"fileName":"StrongholdPieces.java","id":"sourceFile"}
{"fileName":"StrongholdPieces.java","id":"sourceFile"}
{"fileName":"StrongholdPieces.java","id":"sourceFile"}
{"fileName":"StrongholdPieces.java","id":"sourceFile"}
{"fileName":"StrongholdPieces.java","id":"sourceFile"}
{"fileName":"StrongholdPieces.java","id":"sourceFile"}
{"fileName":"StrongholdPieces.java","id":"sourceFile"}
{"fileName":"StrongholdPieces.java","id":"sourceFile"}
{"fileName":"StrongholdPieces.java","id":"sourceFile"}
{"fileName":"StrongholdPieces.java","id":"sourceFile"}
{"fileName":"StrongholdPieces.java","id":"sourceFile"}
{"fileName":"StrongholdPieces.java","id":"sourceFile"}
{"fileName":"StrongholdPieces.java","id":"sourceFile"}
{"fileName":"StrongholdPieces.java","id":"sourceFile"}
{"fileName":"StrongholdPieces.java","id":"sourceFile"}
{"fileName":"StrongholdPieces.java","id":"sourceFile"}
{"fileName":"StrongholdPieces.java","id":"sourceFile"}
{"fileName":"StrongholdPieces.java","id":"sourceFile"}
{"fileName":"StrongholdPieces.java","id":"sourceFile"}
{"fileName":"StrongholdPieces.java","id":"sourceFile"}
{"fileName":"StrongholdStructure.java","id":"sourceFile"}
{"fileName":"SwampHutPiece.java","id":"sourceFile"}
{"fileName":"SwampHutStructure.java","id":"sourceFile"}
{"fileName":"WoodlandMansionPieces.java","id":"sourceFile"}
{"fileName":"WoodlandMansionPieces.java","id":"sourceFile"}
{"fileName":"WoodlandMansionPieces.java","id":"sourceFile"}
{"fileName":"WoodlandMansionPieces.java","id":"sourceFile"}
{"fileName":"WoodlandMansionPieces.java","id":"sourceFile"}
{"fileName":"WoodlandMansionPieces.java","id":"sourceFile"}
{"fileName":"WoodlandMansionPieces.java","id":"sourceFile"}
{"fileName":"WoodlandMansionPieces.java","id":"sourceFile"}
{"fileName":"WoodlandMansionPieces.java","id":"sourceFile"}
{"fileName":"WoodlandMansionPieces.java","id":"sourceFile"}
{"fileName":"WoodlandMansionStructure.java","id":"sourceFile"}
{"fileName":"package-info.java","id":"sourceFile"}
{"fileName":"AlwaysTrueTest.java","id":"sourceFile"}
{"fileName":"AxisAlignedLinearPosTest.java","id":"sourceFile"}
{"fileName":"BlackstoneReplaceProcessor.java","id":"sourceFile"}
{"fileName":"BlockAgeProcessor.java","id":"sourceFile"}
{"fileName":"BlockIgnoreProcessor.java","id":"sourceFile"}
{"fileName":"BlockMatchTest.java","id":"sourceFile"}
{"fileName":"BlockRotProcessor.java","id":"sourceFile"}
{"fileName":"BlockStateMatchTest.java","id":"sourceFile"}
{"fileName":"CappedProcessor.java","id":"sourceFile"}
{"fileName":"GravityProcessor.java","id":"sourceFile"}
{"fileName":"JigsawReplacementProcessor.java","id":"sourceFile"}
{"fileName":"LavaSubmergedBlockProcessor.java","id":"sourceFile"}
{"fileName":"LinearPosTest.java","id":"sourceFile"}
{"fileName":"NopProcessor.java","id":"sourceFile"}
{"fileName":"PosAlwaysTrueTest.java","id":"sourceFile"}
{"fileName":"PosRuleTest.java","id":"sourceFile"}
{"fileName":"PosRuleTestType.java","id":"sourceFile"}
{"fileName":"ProcessorRule.java","id":"sourceFile"}
{"fileName":"ProtectedBlockProcessor.java","id":"sourceFile"}
{"fileName":"RandomBlockMatchTest.java","id":"sourceFile"}
{"fileName":"RandomBlockStateMatchTest.java","id":"sourceFile"}
{"fileName":"RuleProcessor.java","id":"sourceFile"}
{"fileName":"RuleTest.java","id":"sourceFile"}
{"fileName":"RuleTestType.java","id":"sourceFile"}
{"fileName":"StructurePlaceSettings.java","id":"sourceFile"}
{"fileName":"StructureProcessor.java","id":"sourceFile"}
{"fileName":"StructureProcessorList.java","id":"sourceFile"}
{"fileName":"StructureProcessorType.java","id":"sourceFile"}
{"fileName":"StructureTemplate.java","id":"sourceFile"}
{"fileName":"StructureTemplate.java","id":"sourceFile"}
{"fileName":"StructureTemplate.java","id":"sourceFile"}
{"fileName":"StructureTemplate.java","id":"sourceFile"}
{"fileName":"StructureTemplate.java","id":"sourceFile"}
{"fileName":"StructureTemplate.java","id":"sourceFile"}
{"fileName":"StructureTemplateManager.java","id":"sourceFile"}
{"fileName":"StructureTemplateManager.java","id":"sourceFile"}
{"fileName":"StructureTemplateManager.java","id":"sourceFile"}
{"fileName":"TagMatchTest.java","id":"sourceFile"}
{"fileName":"package-info.java","id":"sourceFile"}
{"fileName":"AppendLoot.java","id":"sourceFile"}
{"fileName":"AppendStatic.java","id":"sourceFile"}
{"fileName":"Clear.java","id":"sourceFile"}
{"fileName":"Passthrough.java","id":"sourceFile"}
{"fileName":"RuleBlockEntityModifier.java","id":"sourceFile"}
{"fileName":"RuleBlockEntityModifierType.java","id":"sourceFile"}
{"fileName":"package-info.java","id":"sourceFile"}
{"fileName":"BlendedNoise.java","id":"sourceFile"}
{"fileName":"ImprovedNoise.java","id":"sourceFile"}
{"fileName":"NoiseUtils.java","id":"sourceFile"}
{"fileName":"NormalNoise.java","id":"sourceFile"}
{"fileName":"NormalNoise.java","id":"sourceFile"}
{"fileName":"PerlinNoise.java","id":"sourceFile"}
{"fileName":"PerlinSimplexNoise.java","id":"sourceFile"}
{"fileName":"SimplexNoise.java","id":"sourceFile"}
{"fileName":"package-info.java","id":"sourceFile"}
{"fileName":"BlockLightEngine.java","id":"sourceFile"}
{"fileName":"BlockLightSectionStorage.java","id":"sourceFile"}
{"fileName":"BlockLightSectionStorage.java","id":"sourceFile"}
{"fileName":"ChunkSkyLightSources.java","id":"sourceFile"}
{"fileName":"DataLayerStorageMap.java","id":"sourceFile"}
{"fileName":"DynamicGraphMinFixedPoint.java","id":"sourceFile"}
{"fileName":"DynamicGraphMinFixedPoint.java","id":"sourceFile"}
{"fileName":"LayerLightEventListener.java","id":"sourceFile"}
{"fileName":"LayerLightEventListener.java","id":"sourceFile"}
{"fileName":"LayerLightSectionStorage.java","id":"sourceFile"}
{"fileName":"LayerLightSectionStorage.java","id":"sourceFile"}
{"fileName":"LayerLightSectionStorage.java","id":"sourceFile"}
{"fileName":"LevelLightEngine.java","id":"sourceFile"}
{"fileName":"LeveledPriorityQueue.java","id":"sourceFile"}
{"fileName":"LeveledPriorityQueue.java","id":"sourceFile"}
{"fileName":"LightEngine.java","id":"sourceFile"}
{"fileName":"LightEngine.java","id":"sourceFile"}
{"fileName":"LightEventListener.java","id":"sourceFile"}
{"fileName":"SkyLightEngine.java","id":"sourceFile"}
{"fileName":"SkyLightEngine.java","id":"sourceFile"}
{"fileName":"SkyLightSectionStorage.java","id":"sourceFile"}
{"fileName":"SkyLightSectionStorage.java","id":"sourceFile"}
{"fileName":"SpatialLongSet.java","id":"sourceFile"}
{"fileName":"SpatialLongSet.java","id":"sourceFile"}
{"fileName":"package-info.java","id":"sourceFile"}
{"fileName":"EmptyFluid.java","id":"sourceFile"}
{"fileName":"FlowingFluid.java","id":"sourceFile"}
{"fileName":"FlowingFluid.java","id":"sourceFile"}
{"fileName":"Fluid.java","id":"sourceFile"}
{"fileName":"FluidState.java","id":"sourceFile"}
{"fileName":"Fluids.java","id":"sourceFile"}
{"fileName":"FogType.java","id":"sourceFile"}
{"fileName":"LavaFluid.java","id":"sourceFile"}
{"fileName":"LavaFluid.java","id":"sourceFile"}
{"fileName":"LavaFluid.java","id":"sourceFile"}
{"fileName":"MapColor.java","id":"sourceFile"}
{"fileName":"MapColor.java","id":"sourceFile"}
{"fileName":"PushReaction.java","id":"sourceFile"}
{"fileName":"WaterFluid.java","id":"sourceFile"}
{"fileName":"WaterFluid.java","id":"sourceFile"}
{"fileName":"WaterFluid.java","id":"sourceFile"}
{"fileName":"package-info.java","id":"sourceFile"}
{"fileName":"package-info.java","id":"sourceFile"}
{"fileName":"AmphibiousNodeEvaluator.java","id":"sourceFile"}
{"fileName":"BinaryHeap.java","id":"sourceFile"}
{"fileName":"BlockPathTypes.java","id":"sourceFile"}
{"fileName":"FlyNodeEvaluator.java","id":"sourceFile"}
{"fileName":"Node.java","id":"sourceFile"}
{"fileName":"NodeEvaluator.java","id":"sourceFile"}
{"fileName":"Path.java","id":"sourceFile"}
{"fileName":"Path.java","id":"sourceFile"}
{"fileName":"PathComputationType.java","id":"sourceFile"}
{"fileName":"PathFinder.java","id":"sourceFile"}
{"fileName":"SwimNodeEvaluator.java","id":"sourceFile"}
{"fileName":"Target.java","id":"sourceFile"}
{"fileName":"WalkNodeEvaluator.java","id":"sourceFile"}
{"fileName":"WalkNodeEvaluator.java","id":"sourceFile"}
{"fileName":"package-info.java","id":"sourceFile"}
{"fileName":"PortalForcer.java","id":"sourceFile"}
{"fileName":"PortalInfo.java","id":"sourceFile"}
{"fileName":"PortalShape.java","id":"sourceFile"}
{"fileName":"package-info.java","id":"sourceFile"}
{"fileName":"CollectingNeighborUpdater.java","id":"sourceFile"}
{"fileName":"CollectingNeighborUpdater.java","id":"sourceFile"}
{"fileName":"CollectingNeighborUpdater.java","id":"sourceFile"}
{"fileName":"CollectingNeighborUpdater.java","id":"sourceFile"}
{"fileName":"CollectingNeighborUpdater.java","id":"sourceFile"}
{"fileName":"CollectingNeighborUpdater.java","id":"sourceFile"}
{"fileName":"InstantNeighborUpdater.java","id":"sourceFile"}
{"fileName":"NeighborUpdater.java","id":"sourceFile"}
{"fileName":"Redstone.java","id":"sourceFile"}
{"fileName":"package-info.java","id":"sourceFile"}
{"fileName":"SavedData.java","id":"sourceFile"}
{"fileName":"SavedData.java","id":"sourceFile"}
{"fileName":"MapBanner.java","id":"sourceFile"}
{"fileName":"MapBanner.java","id":"sourceFile"}
{"fileName":"MapDecoration.java","id":"sourceFile"}
{"fileName":"MapDecoration.java","id":"sourceFile"}
{"fileName":"MapFrame.java","id":"sourceFile"}
{"fileName":"MapIndex.java","id":"sourceFile"}
{"fileName":"MapItemSavedData.java","id":"sourceFile"}
{"fileName":"MapItemSavedData.java","id":"sourceFile"}
{"fileName":"MapItemSavedData.java","id":"sourceFile"}
{"fileName":"package-info.java","id":"sourceFile"}
{"fileName":"package-info.java","id":"sourceFile"}
{"fileName":"CommandStorage.java","id":"sourceFile"}
{"fileName":"CommandStorage.java","id":"sourceFile"}
{"fileName":"DataVersion.java","id":"sourceFile"}
{"fileName":"DerivedLevelData.java","id":"sourceFile"}
{"fileName":"DimensionDataStorage.java","id":"sourceFile"}
{"fileName":"LevelData.java","id":"sourceFile"}
{"fileName":"LevelDataAndDimensions.java","id":"sourceFile"}
{"fileName":"LevelResource.java","id":"sourceFile"}
{"fileName":"LevelStorageException.java","id":"sourceFile"}
{"fileName":"LevelStorageSource.java","id":"sourceFile"}
{"fileName":"LevelStorageSource.java","id":"sourceFile"}
{"fileName":"LevelStorageSource.java","id":"sourceFile"}
{"fileName":"LevelStorageSource.java","id":"sourceFile"}
{"fileName":"LevelStorageSource.java","id":"sourceFile"}
{"fileName":"LevelStorageSource.java","id":"sourceFile"}
{"fileName":"LevelSummary.java","id":"sourceFile"}
{"fileName":"LevelSummary.java","id":"sourceFile"}
{"fileName":"LevelSummary.java","id":"sourceFile"}
{"fileName":"LevelSummary.java","id":"sourceFile"}
{"fileName":"LevelVersion.java","id":"sourceFile"}
{"fileName":"PlayerDataStorage.java","id":"sourceFile"}
{"fileName":"PrimaryLevelData.java","id":"sourceFile"}
{"fileName":"PrimaryLevelData.java","id":"sourceFile"}
{"fileName":"ServerLevelData.java","id":"sourceFile"}
{"fileName":"WorldData.java","id":"sourceFile"}
{"fileName":"WritableLevelData.java","id":"sourceFile"}
{"fileName":"BuiltInLootTables.java","id":"sourceFile"}
{"fileName":"IntRange.java","id":"sourceFile"}
{"fileName":"IntRange.java","id":"sourceFile"}
{"fileName":"IntRange.java","id":"sourceFile"}
{"fileName":"LootContext.java","id":"sourceFile"}
{"fileName":"LootContext.java","id":"sourceFile"}
{"fileName":"LootContext.java","id":"sourceFile"}
{"fileName":"LootContext.java","id":"sourceFile"}
{"fileName":"LootContextUser.java","id":"sourceFile"}
{"fileName":"LootDataId.java","id":"sourceFile"}
{"fileName":"LootDataManager.java","id":"sourceFile"}
{"fileName":"LootDataManager.java","id":"sourceFile"}
{"fileName":"LootDataResolver.java","id":"sourceFile"}
{"fileName":"LootDataType.java","id":"sourceFile"}
{"fileName":"LootDataType.java","id":"sourceFile"}
{"fileName":"LootParams.java","id":"sourceFile"}
{"fileName":"LootParams.java","id":"sourceFile"}
{"fileName":"LootParams.java","id":"sourceFile"}
{"fileName":"LootPool.java","id":"sourceFile"}
{"fileName":"LootPool.java","id":"sourceFile"}
{"fileName":"LootTable.java","id":"sourceFile"}
{"fileName":"LootTable.java","id":"sourceFile"}
{"fileName":"ValidationContext.java","id":"sourceFile"}
{"fileName":"AlternativesEntry.java","id":"sourceFile"}
{"fileName":"AlternativesEntry.java","id":"sourceFile"}
{"fileName":"ComposableEntryContainer.java","id":"sourceFile"}
{"fileName":"CompositeEntryBase.java","id":"sourceFile"}
{"fileName":"CompositeEntryBase.java","id":"sourceFile"}
{"fileName":"DynamicLoot.java","id":"sourceFile"}
{"fileName":"EmptyLootItem.java","id":"sourceFile"}
{"fileName":"EntryGroup.java","id":"sourceFile"}
{"fileName":"EntryGroup.java","id":"sourceFile"}
{"fileName":"LootItem.java","id":"sourceFile"}
{"fileName":"LootPoolEntries.java","id":"sourceFile"}
{"fileName":"LootPoolEntry.java","id":"sourceFile"}
{"fileName":"LootPoolEntryContainer.java","id":"sourceFile"}
{"fileName":"LootPoolEntryContainer.java","id":"sourceFile"}
{"fileName":"LootPoolEntryType.java","id":"sourceFile"}
{"fileName":"LootPoolSingletonContainer.java","id":"sourceFile"}
{"fileName":"LootPoolSingletonContainer.java","id":"sourceFile"}
{"fileName":"LootPoolSingletonContainer.java","id":"sourceFile"}
{"fileName":"LootPoolSingletonContainer.java","id":"sourceFile"}
{"fileName":"LootPoolSingletonContainer.java","id":"sourceFile"}
{"fileName":"LootPoolSingletonContainer.java","id":"sourceFile"}
{"fileName":"LootTableReference.java","id":"sourceFile"}
{"fileName":"SequentialEntry.java","id":"sourceFile"}
{"fileName":"SequentialEntry.java","id":"sourceFile"}
{"fileName":"TagEntry.java","id":"sourceFile"}
{"fileName":"TagEntry.java","id":"sourceFile"}
{"fileName":"package-info.java","id":"sourceFile"}
{"fileName":"ApplyBonusCount.java","id":"sourceFile"}
{"fileName":"ApplyBonusCount.java","id":"sourceFile"}
{"fileName":"ApplyBonusCount.java","id":"sourceFile"}
{"fileName":"ApplyBonusCount.java","id":"sourceFile"}
{"fileName":"ApplyBonusCount.java","id":"sourceFile"}
{"fileName":"ApplyBonusCount.java","id":"sourceFile"}
{"fileName":"ApplyExplosionDecay.java","id":"sourceFile"}
{"fileName":"CopyBlockState.java","id":"sourceFile"}
{"fileName":"CopyBlockState.java","id":"sourceFile"}
{"fileName":"CopyNameFunction.java","id":"sourceFile"}
{"fileName":"CopyNameFunction.java","id":"sourceFile"}
{"fileName":"CopyNbtFunction.java","id":"sourceFile"}
{"fileName":"CopyNbtFunction.java","id":"sourceFile"}
{"fileName":"CopyNbtFunction.java","id":"sourceFile"}
{"fileName":"CopyNbtFunction.java","id":"sourceFile"}
{"fileName":"CopyNbtFunction.java","id":"sourceFile"}
{"fileName":"CopyNbtFunction.java","id":"sourceFile"}
{"fileName":"CopyNbtFunction.java","id":"sourceFile"}
{"fileName":"CopyNbtFunction.java","id":"sourceFile"}
{"fileName":"EnchantRandomlyFunction.java","id":"sourceFile"}
{"fileName":"EnchantRandomlyFunction.java","id":"sourceFile"}
{"fileName":"EnchantWithLevelsFunction.java","id":"sourceFile"}
{"fileName":"EnchantWithLevelsFunction.java","id":"sourceFile"}
{"fileName":"ExplorationMapFunction.java","id":"sourceFile"}
{"fileName":"ExplorationMapFunction.java","id":"sourceFile"}
{"fileName":"FillPlayerHead.java","id":"sourceFile"}
{"fileName":"FunctionReference.java","id":"sourceFile"}
{"fileName":"FunctionUserBuilder.java","id":"sourceFile"}
{"fileName":"LimitCount.java","id":"sourceFile"}
{"fileName":"LootItemConditionalFunction.java","id":"sourceFile"}
{"fileName":"LootItemConditionalFunction.java","id":"sourceFile"}
{"fileName":"LootItemConditionalFunction.java","id":"sourceFile"}
{"fileName":"LootItemFunction.java","id":"sourceFile"}
{"fileName":"LootItemFunction.java","id":"sourceFile"}
{"fileName":"LootItemFunctionType.java","id":"sourceFile"}
{"fileName":"LootItemFunctions.java","id":"sourceFile"}
{"fileName":"LootingEnchantFunction.java","id":"sourceFile"}
{"fileName":"LootingEnchantFunction.java","id":"sourceFile"}
{"fileName":"SequenceFunction.java","id":"sourceFile"}
{"fileName":"SetAttributesFunction.java","id":"sourceFile"}
{"fileName":"SetAttributesFunction.java","id":"sourceFile"}
{"fileName":"SetAttributesFunction.java","id":"sourceFile"}
{"fileName":"SetAttributesFunction.java","id":"sourceFile"}
{"fileName":"SetBannerPatternFunction.java","id":"sourceFile"}
{"fileName":"SetBannerPatternFunction.java","id":"sourceFile"}
{"fileName":"SetContainerContents.java","id":"sourceFile"}
{"fileName":"SetContainerContents.java","id":"sourceFile"}
{"fileName":"SetContainerLootTable.java","id":"sourceFile"}
{"fileName":"SetEnchantmentsFunction.java","id":"sourceFile"}
{"fileName":"SetEnchantmentsFunction.java","id":"sourceFile"}
{"fileName":"SetInstrumentFunction.java","id":"sourceFile"}
{"fileName":"SetItemCountFunction.java","id":"sourceFile"}
{"fileName":"SetItemDamageFunction.java","id":"sourceFile"}
{"fileName":"SetLoreFunction.java","id":"sourceFile"}
{"fileName":"SetLoreFunction.java","id":"sourceFile"}
{"fileName":"SetNameFunction.java","id":"sourceFile"}
{"fileName":"SetNbtFunction.java","id":"sourceFile"}
{"fileName":"SetPotionFunction.java","id":"sourceFile"}
{"fileName":"SetStewEffectFunction.java","id":"sourceFile"}
{"fileName":"SetStewEffectFunction.java","id":"sourceFile"}
{"fileName":"SetStewEffectFunction.java","id":"sourceFile"}
{"fileName":"SmeltItemFunction.java","id":"sourceFile"}
{"fileName":"package-info.java","id":"sourceFile"}
{"fileName":"package-info.java","id":"sourceFile"}
{"fileName":"LootContextParam.java","id":"sourceFile"}
{"fileName":"LootContextParamSet.java","id":"sourceFile"}
{"fileName":"LootContextParamSet.java","id":"sourceFile"}
{"fileName":"LootContextParamSets.java","id":"sourceFile"}
{"fileName":"LootContextParams.java","id":"sourceFile"}
{"fileName":"package-info.java","id":"sourceFile"}
{"fileName":"AllOfCondition.java","id":"sourceFile"}
{"fileName":"AllOfCondition.java","id":"sourceFile"}
{"fileName":"AnyOfCondition.java","id":"sourceFile"}
{"fileName":"AnyOfCondition.java","id":"sourceFile"}
{"fileName":"BonusLevelTableCondition.java","id":"sourceFile"}
{"fileName":"CompositeLootItemCondition.java","id":"sourceFile"}
{"fileName":"CompositeLootItemCondition.java","id":"sourceFile"}
{"fileName":"ConditionReference.java","id":"sourceFile"}
{"fileName":"ConditionUserBuilder.java","id":"sourceFile"}
{"fileName":"DamageSourceCondition.java","id":"sourceFile"}
{"fileName":"EntityHasScoreCondition.java","id":"sourceFile"}
{"fileName":"EntityHasScoreCondition.java","id":"sourceFile"}
{"fileName":"ExplosionCondition.java","id":"sourceFile"}
{"fileName":"InvertedLootItemCondition.java","id":"sourceFile"}
{"fileName":"LocationCheck.java","id":"sourceFile"}
{"fileName":"LootItemBlockStatePropertyCondition.java","id":"sourceFile"}
{"fileName":"LootItemBlockStatePropertyCondition.java","id":"sourceFile"}
{"fileName":"LootItemCondition.java","id":"sourceFile"}
{"fileName":"LootItemCondition.java","id":"sourceFile"}
{"fileName":"LootItemConditionType.java","id":"sourceFile"}
{"fileName":"LootItemConditions.java","id":"sourceFile"}
{"fileName":"LootItemEntityPropertyCondition.java","id":"sourceFile"}
{"fileName":"LootItemKilledByPlayerCondition.java","id":"sourceFile"}
{"fileName":"LootItemRandomChanceCondition.java","id":"sourceFile"}
{"fileName":"LootItemRandomChanceWithLootingCondition.java","id":"sourceFile"}
{"fileName":"MatchTool.java","id":"sourceFile"}
{"fileName":"TimeCheck.java","id":"sourceFile"}
{"fileName":"TimeCheck.java","id":"sourceFile"}
{"fileName":"ValueCheckCondition.java","id":"sourceFile"}
{"fileName":"WeatherCheck.java","id":"sourceFile"}
{"fileName":"WeatherCheck.java","id":"sourceFile"}
{"fileName":"package-info.java","id":"sourceFile"}
{"fileName":"ContextNbtProvider.java","id":"sourceFile"}
{"fileName":"ContextNbtProvider.java","id":"sourceFile"}
{"fileName":"ContextNbtProvider.java","id":"sourceFile"}
{"fileName":"ContextNbtProvider.java","id":"sourceFile"}
{"fileName":"LootNbtProviderType.java","id":"sourceFile"}
{"fileName":"NbtProvider.java","id":"sourceFile"}
{"fileName":"NbtProviders.java","id":"sourceFile"}
{"fileName":"StorageNbtProvider.java","id":"sourceFile"}
{"fileName":"package-info.java","id":"sourceFile"}
{"fileName":"BinomialDistributionGenerator.java","id":"sourceFile"}
{"fileName":"ConstantValue.java","id":"sourceFile"}
{"fileName":"LootNumberProviderType.java","id":"sourceFile"}
{"fileName":"NumberProvider.java","id":"sourceFile"}
{"fileName":"NumberProviders.java","id":"sourceFile"}
{"fileName":"ScoreboardValue.java","id":"sourceFile"}
{"fileName":"UniformGenerator.java","id":"sourceFile"}
{"fileName":"package-info.java","id":"sourceFile"}
{"fileName":"ContextScoreboardNameProvider.java","id":"sourceFile"}
{"fileName":"FixedScoreboardNameProvider.java","id":"sourceFile"}
{"fileName":"LootScoreProviderType.java","id":"sourceFile"}
{"fileName":"ScoreboardNameProvider.java","id":"sourceFile"}
{"fileName":"ScoreboardNameProviders.java","id":"sourceFile"}
{"fileName":"package-info.java","id":"sourceFile"}
{"fileName":"package-info.java","id":"sourceFile"}
{"fileName":"FunctionCallback.java","id":"sourceFile"}
{"fileName":"FunctionCallback.java","id":"sourceFile"}
{"fileName":"FunctionTagCallback.java","id":"sourceFile"}
{"fileName":"FunctionTagCallback.java","id":"sourceFile"}
{"fileName":"TimerCallback.java","id":"sourceFile"}
{"fileName":"TimerCallback.java","id":"sourceFile"}
{"fileName":"TimerCallbacks.java","id":"sourceFile"}
{"fileName":"TimerQueue.java","id":"sourceFile"}
{"fileName":"TimerQueue.java","id":"sourceFile"}
{"fileName":"package-info.java","id":"sourceFile"}
{"fileName":"ContentValidationException.java","id":"sourceFile"}
{"fileName":"DirectoryValidator.java","id":"sourceFile"}
{"fileName":"DirectoryValidator.java","id":"sourceFile"}
{"fileName":"ForbiddenSymlinkInfo.java","id":"sourceFile"}
{"fileName":"PathAllowList.java","id":"sourceFile"}
{"fileName":"PathAllowList.java","id":"sourceFile"}
{"fileName":"PathAllowList.java","id":"sourceFile"}
{"fileName":"package-info.java","id":"sourceFile"}
{"fileName":"package-info.java","id":"sourceFile"}
{"fileName":"AABB.java","id":"sourceFile"}
{"fileName":"BlockHitResult.java","id":"sourceFile"}
{"fileName":"EntityHitResult.java","id":"sourceFile"}
{"fileName":"HitResult.java","id":"sourceFile"}
{"fileName":"HitResult.java","id":"sourceFile"}
{"fileName":"Vec2.java","id":"sourceFile"}
{"fileName":"Vec3.java","id":"sourceFile"}
{"fileName":"package-info.java","id":"sourceFile"}
{"fileName":"ArrayVoxelShape.java","id":"sourceFile"}
{"fileName":"ArrayVoxelShape.java","id":"sourceFile"}
{"fileName":"BitSetDiscreteVoxelShape.java","id":"sourceFile"}
{"fileName":"BooleanOp.java","id":"sourceFile"}
{"fileName":"CollisionContext.java","id":"sourceFile"}
{"fileName":"CubePointRange.java","id":"sourceFile"}
{"fileName":"CubeVoxelShape.java","id":"sourceFile"}
{"fileName":"DiscreteCubeMerger.java","id":"sourceFile"}
{"fileName":"DiscreteVoxelShape.java","id":"sourceFile"}
{"fileName":"DiscreteVoxelShape.java","id":"sourceFile"}
{"fileName":"DiscreteVoxelShape.java","id":"sourceFile"}
{"fileName":"EntityCollisionContext.java","id":"sourceFile"}
{"fileName":"EntityCollisionContext.java","id":"sourceFile"}
{"fileName":"IdenticalMerger.java","id":"sourceFile"}
{"fileName":"IndexMerger.java","id":"sourceFile"}
{"fileName":"IndexMerger.java","id":"sourceFile"}
{"fileName":"IndirectMerger.java","id":"sourceFile"}
{"fileName":"NonOverlappingMerger.java","id":"sourceFile"}
{"fileName":"OffsetDoubleList.java","id":"sourceFile"}
{"fileName":"Shapes.java","id":"sourceFile"}
{"fileName":"Shapes.java","id":"sourceFile"}
{"fileName":"SliceShape.java","id":"sourceFile"}
{"fileName":"SubShape.java","id":"sourceFile"}
{"fileName":"VoxelShape.java","id":"sourceFile"}
{"fileName":"package-info.java","id":"sourceFile"}
{"fileName":"DisplaySlot.java","id":"sourceFile"}
{"fileName":"DisplaySlot.java","id":"sourceFile"}
{"fileName":"Objective.java","id":"sourceFile"}
{"fileName":"PlayerScoreEntry.java","id":"sourceFile"}
{"fileName":"PlayerScores.java","id":"sourceFile"}
{"fileName":"PlayerTeam.java","id":"sourceFile"}
{"fileName":"ReadOnlyScoreInfo.java","id":"sourceFile"}
{"fileName":"Score.java","id":"sourceFile"}
{"fileName":"ScoreAccess.java","id":"sourceFile"}
{"fileName":"ScoreHolder.java","id":"sourceFile"}
{"fileName":"ScoreHolder.java","id":"sourceFile"}
{"fileName":"ScoreHolder.java","id":"sourceFile"}
{"fileName":"ScoreHolder.java","id":"sourceFile"}
{"fileName":"Scoreboard.java","id":"sourceFile"}
{"fileName":"Scoreboard.java","id":"sourceFile"}
{"fileName":"ScoreboardSaveData.java","id":"sourceFile"}
{"fileName":"Team.java","id":"sourceFile"}
{"fileName":"Team.java","id":"sourceFile"}
{"fileName":"Team.java","id":"sourceFile"}
{"fileName":"ObjectiveCriteria.java","id":"sourceFile"}
{"fileName":"ObjectiveCriteria.java","id":"sourceFile"}
{"fileName":"package-info.java","id":"sourceFile"}
{"fileName":"package-info.java","id":"sourceFile"}
{"fileName":"BlackholeTickAccess.java","id":"sourceFile"}
{"fileName":"BlackholeTickAccess.java","id":"sourceFile"}
{"fileName":"BlackholeTickAccess.java","id":"sourceFile"}
{"fileName":"ContainerSingleItem.java","id":"sourceFile"}
{"fileName":"LevelChunkTicks.java","id":"sourceFile"}
{"fileName":"LevelTickAccess.java","id":"sourceFile"}
{"fileName":"LevelTicks.java","id":"sourceFile"}
{"fileName":"LevelTicks.java","id":"sourceFile"}
{"fileName":"ProtoChunkTicks.java","id":"sourceFile"}
{"fileName":"SavedTick.java","id":"sourceFile"}
{"fileName":"SavedTick.java","id":"sourceFile"}
{"fileName":"ScheduledTick.java","id":"sourceFile"}
{"fileName":"ScheduledTick.java","id":"sourceFile"}
{"fileName":"SerializableTickContainer.java","id":"sourceFile"}
{"fileName":"TickAccess.java","id":"sourceFile"}
{"fileName":"TickContainerAccess.java","id":"sourceFile"}
{"fileName":"TickPriority.java","id":"sourceFile"}
{"fileName":"WorldGenTickAccess.java","id":"sourceFile"}
{"fileName":"package-info.java","id":"sourceFile"}

> Task :compileJava FAILED
D:\AI_Workbench\integrations\minecraft\forge-mod\src\main\java\com\aiworkbench\companion\AICompanionMod.java:13: 错误: 程序包net.minecraftforge.forge.event.lifecycle不存在
import net.minecraftforge.forge.event.lifecycle.AttributeRegistryEvent;
                                               ^
D:\AI_Workbench\integrations\minecraft\forge-mod\src\main\java\com\aiworkbench\companion\AICompanionMod.java:90: 错误: 找不到符号
    public void onAttributeRegistry(AttributeRegistryEvent event) {
                                    ^
  符号:   类 AttributeRegistryEvent
  位置: 类 AICompanionMod
D:\AI_Workbench\integrations\minecraft\forge-mod\src\main\java\com\aiworkbench\companion\entity\AutomatonEntity.java:18: 错误: 找不到符号
import net.minecraft.world.entity.ai.navigation.Pathfinder;
                                               ^
  符号:   类 Pathfinder
  位置: 程序包 net.minecraft.world.entity.ai.navigation
D:\AI_Workbench\integrations\minecraft\forge-mod\src\main\java\com\aiworkbench\companion\entity\AutomatonEntity.java:33: 错误: 找不到符号
public class AutomatonEntity extends PathfinderMob {
                                     ^
  符号: 类 PathfinderMob
D:\AI_Workbench\integrations\minecraft\forge-mod\src\main\java\com\aiworkbench\companion\entity\AutomatonEntity.java:74: 错误: 找不到符号
    protected void defineSynchedData(SynchedEntityData.Builder builder) {
                                                      ^
  符号:   类 Builder
  位置: 类 SynchedEntityData
D:\AI_Workbench\integrations\minecraft\forge-mod\src\main\java\com\aiworkbench\companion\entity\AutomatonEntity.java:146: 错误: 找不到符号
    public static AutomatonEntity create(ServerLevel level, String characterId, @Nullable Player owner) {
                                                                                          ^
  符号:   类 Player
  位置: 类 AutomatonEntity
D:\AI_Workbench\integrations\minecraft\forge-mod\src\main\java\com\aiworkbench\companion\manager\CompanionManager.java:27: 错误: 找不到符号
        playerToCompanionMap.put(playerUUID, companion.getUUID());
                                                      ^
  符号:   方法 getUUID()
  位置: 类型为AutomatonEntity的变量 companion
D:\AI_Workbench\integrations\minecraft\forge-mod\src\main\java\com\aiworkbench\companion\manager\CompanionManager.java:28: 错误: 找不到符号
        AICompanionMod.LOGGER.info("Registered companion {} for player {}", companion.getName().getString(), playerUUID);
                                                                                     ^
  符号:   方法 getName()
  位置: 类型为AutomatonEntity的变量 companion
D:\AI_Workbench\integrations\minecraft\forge-mod\src\main\java\com\aiworkbench\companion\manager\CompanionManager.java:49: 错误: 找不到符号
        if (AICompanionMod.server == null) return null;
                          ^
  符号:   变量 server
  位置: 类 AICompanionMod
D:\AI_Workbench\integrations\minecraft\forge-mod\src\main\java\com\aiworkbench\companion\manager\CompanionManager.java:51: 错误: 找不到符号
        for (ServerLevel level : AICompanionMod.server.getAllLevels()) {
                                               ^
  符号:   变量 server
  位置: 类 AICompanionMod
D:\AI_Workbench\integrations\minecraft\forge-mod\src\main\java\com\aiworkbench\companion\manager\CompanionManager.java:53: 错误: 不兼容的类型: Entity无法转换为AutomatonEntity
                if (entity.getUUID().equals(companionUUID) && entity instanceof AutomatonEntity) {
                                                              ^
D:\AI_Workbench\integrations\minecraft\forge-mod\src\main\java\com\aiworkbench\companion\manager\CompanionManager.java:54: 错误: 不兼容的类型: Entity无法转换为AutomatonEntity
                    return (AutomatonEntity) entity;
                                             ^
D:\AI_Workbench\integrations\minecraft\forge-mod\src\main\java\com\aiworkbench\companion\entity\AutomatonEntity.java:37: 错误: 不兼容的类型: Class<AutomatonEntity>无法转换为Class<? extends Entity>
        SynchedEntityData.defineId(AutomatonEntity.class, EntityDataSerializers.STRING);
                                                  ^
D:\AI_Workbench\integrations\minecraft\forge-mod\src\main\java\com\aiworkbench\companion\entity\AutomatonEntity.java:39: 错误: 不兼容的类型: Class<AutomatonEntity>无法转换为Class<? extends Entity>
        SynchedEntityData.defineId(AutomatonEntity.class, EntityDataSerializers.BOOLEAN);
                                                  ^
D:\AI_Workbench\integrations\minecraft\forge-mod\src\main\java\com\aiworkbench\companion\entity\AutomatonEntity.java:41: 错误: 不兼容的类型: Class<AutomatonEntity>无法转换为Class<? extends Entity>
        SynchedEntityData.defineId(AutomatonEntity.class, EntityDataSerializers.STRING);
                                                  ^
D:\AI_Workbench\integrations\minecraft\forge-mod\src\main\java\com\aiworkbench\companion\entity\AutomatonEntity.java:43: 错误: 不兼容的类型: Class<AutomatonEntity>无法转换为Class<? extends Entity>
        SynchedEntityData.defineId(AutomatonEntity.class, EntityDataSerializers.STRING);
                                                  ^
D:\AI_Workbench\integrations\minecraft\forge-mod\src\main\java\com\aiworkbench\companion\entity\AutomatonEntity.java:45: 错误: 不兼容的类型: Class<AutomatonEntity>无法转换为Class<? extends Entity>
        SynchedEntityData.defineId(AutomatonEntity.class, EntityDataSerializers.STRING);
                                                  ^
D:\AI_Workbench\integrations\minecraft\forge-mod\src\main\java\com\aiworkbench\companion\entity\AutomatonEntity.java:61: 错误: 类型参数? extends AutomatonEntity不在类型变量T的范围内
    public AutomatonEntity(EntityType<? extends AutomatonEntity> type, Level level) {
                                      ^
  其中, T是类型变量:
    T扩展已在类 EntityType中声明的Entity
D:\AI_Workbench\integrations\minecraft\forge-mod\src\main\java\com\aiworkbench\companion\entity\AutomatonEntity.java:64: 错误: 找不到符号
            this.getType().getRegistryName());
                ^
  符号: 方法 getType()
D:\AI_Workbench\integrations\minecraft\forge-mod\src\main\java\com\aiworkbench\companion\entity\AutomatonEntity.java:66: 错误: 找不到符号
            this.getAttribute(Attributes.MAX_HEALTH).getBaseValue());
                ^
  符号: 方法 getAttribute(Attribute)
D:\AI_Workbench\integrations\minecraft\forge-mod\src\main\java\com\aiworkbench\companion\entity\AutomatonEntity.java:68: 错误: 找不到符号
            this.getAttribute(Attributes.MOVEMENT_SPEED).getBaseValue());
                ^
  符号: 方法 getAttribute(Attribute)
D:\AI_Workbench\integrations\minecraft\forge-mod\src\main\java\com\aiworkbench\companion\entity\AutomatonEntity.java:73: 错误: 方法不会覆盖或实现超类型的方法
    @Override
    ^
D:\AI_Workbench\integrations\minecraft\forge-mod\src\main\java\com\aiworkbench\companion\entity\AutomatonEntity.java:75: 错误: 找不到符号
        super.defineSynchedData(builder);
        ^
  符号:   变量 super
  位置: 类 AutomatonEntity
D:\AI_Workbench\integrations\minecraft\forge-mod\src\main\java\com\aiworkbench\companion\entity\AutomatonEntity.java:91: 错误: 方法不会覆盖或实现超类型的方法
    @Override
    ^
D:\AI_Workbench\integrations\minecraft\forge-mod\src\main\java\com\aiworkbench\companion\entity\AutomatonEntity.java:93: 错误: 找不到符号
        super.registerAttributes();
        ^
  符号:   变量 super
  位置: 类 AutomatonEntity
D:\AI_Workbench\integrations\minecraft\forge-mod\src\main\java\com\aiworkbench\companion\entity\AutomatonEntity.java:96: 错误: 找不到符号
        this.getAttribute(Attributes.MAX_HEALTH).setBaseValue(20.0D);
            ^
  符号: 方法 getAttribute(Attribute)
D:\AI_Workbench\integrations\minecraft\forge-mod\src\main\java\com\aiworkbench\companion\entity\AutomatonEntity.java:97: 错误: 找不到符号
        this.getAttribute(Attributes.MOVEMENT_SPEED).setBaseValue(0.3D);
            ^
  符号: 方法 getAttribute(Attribute)
D:\AI_Workbench\integrations\minecraft\forge-mod\src\main\java\com\aiworkbench\companion\entity\AutomatonEntity.java:98: 错误: 找不到符号
        this.getAttribute(Attributes.ARMOR_TOUGHNESS).setBaseValue(0.0D);
            ^
  符号: 方法 getAttribute(Attribute)
D:\AI_Workbench\integrations\minecraft\forge-mod\src\main\java\com\aiworkbench\companion\entity\AutomatonEntity.java:99: 错误: 找不到符号
        this.getAttribute(Attributes.KNOCKBACK_RESISTANCE).setBaseValue(0.0D);
            ^
  符号: 方法 getAttribute(Attribute)
D:\AI_Workbench\integrations\minecraft\forge-mod\src\main\java\com\aiworkbench\companion\entity\AutomatonEntity.java:100: 错误: 找不到符号
        this.getAttribute(Attributes.GENERIC_FOLLOW_RANGE).setBaseValue(16.0D);
                                    ^
  符号:   变量 GENERIC_FOLLOW_RANGE
  位置: 类 Attributes
D:\AI_Workbench\integrations\minecraft\forge-mod\src\main\java\com\aiworkbench\companion\entity\AutomatonEntity.java:101: 错误: 找不到符号
        this.getAttribute(Attributes.GENERIC_ATTACK_DAMAGE).setBaseValue(0.0D);
                                    ^
  符号:   变量 GENERIC_ATTACK_DAMAGE
  位置: 类 Attributes
D:\AI_Workbench\integrations\minecraft\forge-mod\src\main\java\com\aiworkbench\companion\entity\AutomatonEntity.java:102: 错误: 找不到符号
        this.getAttribute(Attributes.GENERIC_ARMOR).setBaseValue(0.0D);
                                    ^
  符号:   变量 GENERIC_ARMOR
  位置: 类 Attributes
D:\AI_Workbench\integrations\minecraft\forge-mod\src\main\java\com\aiworkbench\companion\entity\AutomatonEntity.java:105: 错误: 找不到符号
        AICompanionMod.LOGGER.info("[AutomatonEntity]   MAX_HEALTH: {}", this.getAttribute(Attributes.MAX_HEALTH).getBaseValue());
                                                                             ^
  符号: 方法 getAttribute(Attribute)
D:\AI_Workbench\integrations\minecraft\forge-mod\src\main\java\com\aiworkbench\companion\entity\AutomatonEntity.java:106: 错误: 找不到符号
        AICompanionMod.LOGGER.info("[AutomatonEntity]   MOVEMENT_SPEED: {}", this.getAttribute(Attributes.MOVEMENT_SPEED).getBaseValue());
                                                                                 ^
  符号: 方法 getAttribute(Attribute)
D:\AI_Workbench\integrations\minecraft\forge-mod\src\main\java\com\aiworkbench\companion\entity\AutomatonEntity.java:107: 错误: 找不到符号
        AICompanionMod.LOGGER.info("[AutomatonEntity]   FOLLOW_RANGE: {}", this.getAttribute(Attributes.GENERIC_FOLLOW_RANGE).getBaseValue());
                                                                                                       ^
  符号:   变量 GENERIC_FOLLOW_RANGE
  位置: 类 Attributes
D:\AI_Workbench\integrations\minecraft\forge-mod\src\main\java\com\aiworkbench\companion\entity\AutomatonEntity.java:112: 错误: 方法不会覆盖或实现超类型的方法
    @Override
    ^
D:\AI_Workbench\integrations\minecraft\forge-mod\src\main\java\com\aiworkbench\companion\entity\AutomatonEntity.java:121: 错误: 方法不会覆盖或实现超类型的方法
    @Override
    ^
D:\AI_Workbench\integrations\minecraft\forge-mod\src\main\java\com\aiworkbench\companion\entity\AutomatonEntity.java:126: 错误: 方法不会覆盖或实现超类型的方法
    @Override
    ^
D:\AI_Workbench\integrations\minecraft\forge-mod\src\main\java\com\aiworkbench\companion\entity\AutomatonEntity.java:131: 错误: 方法不会覆盖或实现超类型的方法
    @Override
    ^
D:\AI_Workbench\integrations\minecraft\forge-mod\src\main\java\com\aiworkbench\companion\entity\AutomatonEntity.java:133: 错误: 找不到符号
        super.tick();
        ^
  符号:   变量 super
  位置: 类 AutomatonEntity
D:\AI_Workbench\integrations\minecraft\forge-mod\src\main\java\com\aiworkbench\companion\entity\AutomatonEntity.java:138: 错误: 找不到符号
            Vec3 pos = this.position();
                           ^
  符号: 方法 position()
D:\AI_Workbench\integrations\minecraft\forge-mod\src\main\java\com\aiworkbench\companion\entity\AutomatonEntity.java:153: 错误: 找不到符号
                owner.getName().getString(), entity.getX(), entity.getY(), entity.getZ());
                                                   ^
  符号:   方法 getX()
  位置: 类型为AutomatonEntity的变量 entity
D:\AI_Workbench\integrations\minecraft\forge-mod\src\main\java\com\aiworkbench\companion\entity\AutomatonEntity.java:153: 错误: 找不到符号
                owner.getName().getString(), entity.getX(), entity.getY(), entity.getZ());
                                                                  ^
  符号:   方法 getY()
  位置: 类型为AutomatonEntity的变量 entity
D:\AI_Workbench\integrations\minecraft\forge-mod\src\main\java\com\aiworkbench\companion\entity\AutomatonEntity.java:153: 错误: 找不到符号
                owner.getName().getString(), entity.getX(), entity.getY(), entity.getZ());
                                                                                 ^
  符号:   方法 getZ()
  位置: 类型为AutomatonEntity的变量 entity
D:\AI_Workbench\integrations\minecraft\forge-mod\src\main\java\com\aiworkbench\companion\entity\AutomatonEntity.java:160: 错误: 方法不会覆盖或实现超类型的方法
    @Override
    ^
D:\AI_Workbench\integrations\minecraft\forge-mod\src\main\java\com\aiworkbench\companion\entity\AutomatonEntity.java:162: 错误: 找不到符号
        super.readAdditionalSaveData(tag);
        ^
  符号:   变量 super
  位置: 类 AutomatonEntity
D:\AI_Workbench\integrations\minecraft\forge-mod\src\main\java\com\aiworkbench\companion\entity\AutomatonEntity.java:198: 错误: 方法不会覆盖或实现超类型的方法
    @Override
    ^
D:\AI_Workbench\integrations\minecraft\forge-mod\src\main\java\com\aiworkbench\companion\entity\AutomatonEntity.java:200: 错误: 找不到符号
        super.addAdditionalSaveData(tag);
        ^
  符号:   变量 super
  位置: 类 AutomatonEntity
D:\AI_Workbench\integrations\minecraft\forge-mod\src\main\java\com\aiworkbench\companion\client\AICompanionClient.java:28: 错误: 无法将类 RegisterRenderers中的方法 registerEntityRenderer应用到给定类型;
        event.registerEntityRenderer(EntityInit.AUTOMATON.get(), RenderAutomaton::new);
             ^
  需要: EntityType<? extends T>,EntityRendererProvider<T>
  找到:    EntityType<AutomatonEntity>,RenderAuto[...]::new
  原因: 推论变量 T 具有不兼容的上限
    下限：Entity
    下限：AutomatonEntity
  其中, T是类型变量:
    T扩展已在方法 <T>registerEntityRenderer(EntityType<? extends T>,EntityRendererProvider<T>)中声明的Entity
D:\AI_Workbench\integrations\minecraft\forge-mod\src\main\java\com\aiworkbench\companion\client\render\RenderAutomaton.java:14: 错误: 类型参数AutomatonEntity不在类型变量T的范围内
public class RenderAutomaton extends LivingEntityRenderer<AutomatonEntity, HumanoidModel<AutomatonEntity>> {
                                                          ^
  其中, T是类型变量:
    T扩展已在类 LivingEntityRenderer中声明的LivingEntity
D:\AI_Workbench\integrations\minecraft\forge-mod\src\main\java\com\aiworkbench\companion\client\render\RenderAutomaton.java:14: 错误: 类型参数AutomatonEntity不在类型变量T的范围内
public class RenderAutomaton extends LivingEntityRenderer<AutomatonEntity, HumanoidModel<AutomatonEntity>> {
                                                                                         ^
  其中, T是类型变量:
    T扩展已在类 HumanoidModel中声明的LivingEntity
D:\AI_Workbench\integrations\minecraft\forge-mod\src\main\java\com\aiworkbench\companion\client\render\RenderAutomaton.java:20: 错误: 不兼容的类型: 无法推断HumanoidModel<>的类型参数
        super(context, new HumanoidModel<>(context.bakeLayer(ModelLayers.PLAYER)), 0.5f);
                                        ^
    原因: 推论变量 T 具有不兼容的上限
      等式约束条件：AutomatonEntity
      下限：LivingEntity
  其中, T是类型变量:
    T扩展已在类 HumanoidModel中声明的LivingEntity
D:\AI_Workbench\integrations\minecraft\forge-mod\src\main\java\com\aiworkbench\companion\entity\EntityInit.java:15: 错误: 类型参数AutomatonEntity不在类型变量T的范围内
    public static final RegistryObject<EntityType<AutomatonEntity>> AUTOMATON =
                                                  ^
  其中, T是类型变量:
    T扩展已在类 EntityType中声明的Entity
D:\AI_Workbench\integrations\minecraft\forge-mod\src\main\java\com\aiworkbench\companion\entity\EntityInit.java:17: 错误: 无法将类 Builder<T#2>中的方法 of应用到给定类型;
            EntityType.Builder.of(AutomatonEntity::new, MobCategory.CREATURE)
                              ^
  需要: EntityFactory<T#1>,MobCategory
  找到:    AutomatonE[...]::new,MobCategory
  原因: 推论变量 T#1 具有不兼容的上限
    下限：AutomatonEntity,Entity
    下限：AutomatonEntity
  其中, T#1,T#2是类型变量:
    T#1扩展已在方法 <T#1>of(EntityFactory<T#1>,MobCategory)中声明的Entity
    T#2扩展已在类 Builder中声明的Entity
D:\AI_Workbench\integrations\minecraft\forge-mod\src\main\java\com\aiworkbench\companion\event\PlayerEventHandler.java:107: 错误: 不兼容的类型: AutomatonEntity无法转换为Entity
            boolean success = level.addFreshEntity(companion);
                                                   ^
D:\AI_Workbench\integrations\minecraft\forge-mod\src\main\java\com\aiworkbench\companion\event\PlayerEventHandler.java:109: 错误: 找不到符号
            AICompanionMod.LOGGER.info("addFreshEntity result: {}, companion pos: {}", success, companion.position());
                                                                                                         ^
  符号:   方法 position()
  位置: 类型为AutomatonEntity的变量 companion
注: 某些消息已经过简化; 请使用 -Xdiags:verbose 重新编译以获得完整输出
56 个错误

FAILURE: Build failed with an exception.

* What went wrong:
Execution failed for task ':compileJava'.
> Compilation failed; see the compiler error output for details.

* Try:
> Run with --stacktrace option to get the stack trace.
> Run with --info or --debug option to get more log output.
> Run with --scan to get full insights.

* Get more help at https://help.gradle.org

BUILD FAILED in 2s
1 actionable task: 1 executed
